2026-06-12T10:42:45.221613355Z time="2026-06-12T10:42:45Z" level=info msg="Starting harvester-load-balancer-webhook version v1.8.1-rc1"
2026-06-12T10:42:45.476750519Z E0612 10:42:45.476600       1 reflector.go:200] "Failed to watch" err="failed to list *v1.VirtualMachineInstance: the server could not find the requested resource (get virtualmachineinstances.meta.k8s.io)" logger="UnhandledError" reflector="github.com/rancher/lasso/pkg/cache/cache.go:145" type="*v1.VirtualMachineInstance"
2026-06-12T10:42:45.477609628Z E0612 10:42:45.477502       1 reflector.go:200] "Failed to watch" err="failed to list *v1.VirtualMachine: the server could not find the requested resource (get virtualmachines.meta.k8s.io)" logger="UnhandledError" reflector="github.com/rancher/lasso/pkg/cache/cache.go:145" type="*v1.VirtualMachine"
2026-06-12T10:42:46.388828200Z E0612 10:42:46.388723       1 reflector.go:200] "Failed to watch" err="failed to list *v1.VirtualMachine: the server could not find the requested resource (get virtualmachines.meta.k8s.io)" logger="UnhandledError" reflector="github.com/rancher/lasso/pkg/cache/cache.go:145" type="*v1.VirtualMachine"
2026-06-12T10:42:46.503807227Z E0612 10:42:46.503662       1 reflector.go:200] "Failed to watch" err="failed to list *v1.VirtualMachineInstance: the server could not find the requested resource (get virtualmachineinstances.meta.k8s.io)" logger="UnhandledError" reflector="github.com/rancher/lasso/pkg/cache/cache.go:145" type="*v1.VirtualMachineInstance"
2026-06-12T10:42:48.152053600Z E0612 10:42:48.151936       1 reflector.go:200] "Failed to watch" err="failed to list *v1.VirtualMachine: the server could not find the requested resource (get virtualmachines.meta.k8s.io)" logger="UnhandledError" reflector="github.com/rancher/lasso/pkg/cache/cache.go:145" type="*v1.VirtualMachine"
2026-06-12T10:42:48.203664969Z E0612 10:42:48.203564       1 reflector.go:200] "Failed to watch" err="failed to list *v1.VirtualMachineInstance: the server could not find the requested resource (get virtualmachineinstances.meta.k8s.io)" logger="UnhandledError" reflector="github.com/rancher/lasso/pkg/cache/cache.go:145" type="*v1.VirtualMachineInstance"
2026-06-12T10:42:52.282822431Z E0612 10:42:52.282712       1 reflector.go:200] "Failed to watch" err="failed to list *v1.VirtualMachineInstance: the server could not find the requested resource (get virtualmachineinstances.meta.k8s.io)" logger="UnhandledError" reflector="github.com/rancher/lasso/pkg/cache/cache.go:145" type="*v1.VirtualMachineInstance"
2026-06-12T10:42:54.423356699Z E0612 10:42:54.423229       1 reflector.go:200] "Failed to watch" err="failed to list *v1.VirtualMachine: the server could not find the requested resource (get virtualmachines.meta.k8s.io)" logger="UnhandledError" reflector="github.com/rancher/lasso/pkg/cache/cache.go:145" type="*v1.VirtualMachine"
2026-06-12T10:43:01.989627216Z E0612 10:43:01.989530       1 reflector.go:200] "Failed to watch" err="failed to list *v1.VirtualMachineInstance: the server could not find the requested resource (get virtualmachineinstances.meta.k8s.io)" logger="UnhandledError" reflector="github.com/rancher/lasso/pkg/cache/cache.go:145" type="*v1.VirtualMachineInstance"
2026-06-12T10:43:03.351330001Z E0612 10:43:03.351184       1 reflector.go:200] "Failed to watch" err="failed to list *v1.VirtualMachine: the server could not find the requested resource (get virtualmachines.meta.k8s.io)" logger="UnhandledError" reflector="github.com/rancher/lasso/pkg/cache/cache.go:145" type="*v1.VirtualMachine"
2026-06-12T10:43:19.600933045Z E0612 10:43:19.600781       1 reflector.go:200] "Failed to watch" err="failed to list *v1.VirtualMachine: the server could not find the requested resource (get virtualmachines.meta.k8s.io)" logger="UnhandledError" reflector="github.com/rancher/lasso/pkg/cache/cache.go:145" type="*v1.VirtualMachine"
2026-06-12T10:44:00.212716755Z time="2026-06-12T10:44:00Z" level=info msg="Starting k8s.cni.cncf.io/v1, Kind=NetworkAttachmentDefinition controller"
2026-06-12T10:44:00.376566689Z time="2026-06-12T10:44:00Z" level=info msg="Starting loadbalancer.harvesterhci.io/v1beta1, Kind=IPPool controller"
2026-06-12T10:44:00.575727362Z time="2026-06-12T10:44:00Z" level=info msg="Starting kubevirt.io/v1, Kind=VirtualMachineInstance controller"
2026-06-12T10:44:00.575745906Z time="2026-06-12T10:44:00Z" level=info msg="Starting kubevirt.io/v1, Kind=VirtualMachine controller"
2026-06-12T10:44:00.713072581Z time="2026-06-12T10:44:00Z" level=info msg="Starting /v1, Kind=Namespace controller"
2026-06-12T10:44:00.717114519Z time="2026-06-12T10:44:00Z" level=info msg="generated self-signed CA certificate CN=dynamiclistener-ca@1781261040,O=dynamiclistener-org: notBefore=2026-06-12 10:44:00.716484551 +0000 UTC notAfter=2036-06-09 10:44:00.716484551 +0000 UTC"
2026-06-12T10:44:00.731087206Z time="2026-06-12T10:44:00Z" level=info msg="Listening on :8443"
2026-06-12T10:44:00.774613491Z time="2026-06-12T10:44:00Z" level=info msg="certificate CN=dynamic,O=dynamic signed by CN=dynamiclistener-ca@1781261040,O=dynamiclistener-org: notBefore=2026-06-12 10:44:00 +0000 UTC notAfter=2027-06-12 10:44:00 +0000 UTC"
2026-06-12T10:44:00.774635557Z time="2026-06-12T10:44:00Z" level=warning msg="dynamiclistener [::]:8443: no cached certificate available for preload - deferring certificate load until storage initialization or first client request"
2026-06-12T10:44:00.776262577Z time="2026-06-12T10:44:00Z" level=info msg="Creating new TLS secret for harvester-system/harvester-load-balancer-webhook-tls (count: 1): map[listener.cattle.io/cn-harvester-load-balancer-webhook.ha-02fc99:harvester-load-balancer-webhook.harvester-system.svc listener.cattle.io/fingerprint:SHA1=65D91B2C603324246F8FB3B4491ACA778CDC42E0]"
2026-06-12T10:44:00.811370657Z time="2026-06-12T10:44:00Z" level=info msg="Active TLS secret harvester-system/harvester-load-balancer-webhook-tls (ver=7013) (count 1): map[listener.cattle.io/cn-harvester-load-balancer-webhook.ha-02fc99:harvester-load-balancer-webhook.harvester-system.svc listener.cattle.io/fingerprint:SHA1=65D91B2C603324246F8FB3B4491ACA778CDC42E0]"
2026-06-12T10:44:12.412238485Z time="2026-06-12T10:44:12Z" level=info msg="Starting /v1, Kind=Secret controller"
2026-06-12T10:44:12.412340231Z time="2026-06-12T10:44:12Z" level=info msg="Sleeping for 15 seconds then applying webhook config"
2026-06-12T10:44:12.412455086Z time="2026-06-12T10:44:12Z" level=info msg="Starting apiextensions.k8s.io/v1, Kind=CustomResourceDefinition controller"
2026-06-12T10:44:12.474900860Z time="2026-06-12T10:44:12Z" level=info msg="Starting apiregistration.k8s.io/v1, Kind=APIService controller"
2026-06-12T10:44:12.511767570Z time="2026-06-12T10:44:12Z" level=info msg="Updating TLS secret for harvester-system/harvester-load-balancer-webhook-tls (count: 1): map[listener.cattle.io/cn-harvester-load-balancer-webhook.ha-02fc99:harvester-load-balancer-webhook.harvester-system.svc listener.cattle.io/fingerprint:SHA1=65D91B2C603324246F8FB3B4491ACA778CDC42E0]"
2026-06-12T10:44:13.277143145Z E0612 10:44:13.276968       1 gvks.go:69] failed to sync schemas: unable to retrieve the complete list of server APIs: ext.cattle.io/v1: stale GroupVersion discovery: ext.cattle.io/v1
2026-06-12T10:44:13.811949112Z E0612 10:44:13.811828       1 gvks.go:69] failed to sync schemas: unable to retrieve the complete list of server APIs: ext.cattle.io/v1: stale GroupVersion discovery: ext.cattle.io/v1
2026-06-12T10:44:14.615316573Z E0612 10:44:14.615167       1 gvks.go:69] failed to sync schemas: unable to retrieve the complete list of server APIs: ext.cattle.io/v1: stale GroupVersion discovery: ext.cattle.io/v1
2026-06-12T10:44:15.811426212Z E0612 10:44:15.811277       1 gvks.go:69] failed to sync schemas: unable to retrieve the complete list of server APIs: ext.cattle.io/v1: stale GroupVersion discovery: ext.cattle.io/v1
2026-06-12T10:44:16.574725841Z E0612 10:44:16.574576       1 gvks.go:69] failed to sync schemas: unable to retrieve the complete list of server APIs: ext.cattle.io/v1: stale GroupVersion discovery: ext.cattle.io/v1
2026-06-12T10:44:16.879306005Z E0612 10:44:16.879186       1 gvks.go:69] failed to sync schemas: unable to retrieve the complete list of server APIs: ext.cattle.io/v1: stale GroupVersion discovery: ext.cattle.io/v1
2026-06-12T10:44:17.175101744Z E0612 10:44:17.174997       1 gvks.go:69] failed to sync schemas: unable to retrieve the complete list of server APIs: ext.cattle.io/v1: stale GroupVersion discovery: ext.cattle.io/v1
2026-06-12T10:44:17.312326375Z E0612 10:44:17.312188       1 gvks.go:69] failed to sync schemas: unable to retrieve the complete list of server APIs: ext.cattle.io/v1: stale GroupVersion discovery: ext.cattle.io/v1
2026-06-12T10:44:17.476066883Z E0612 10:44:17.475957       1 gvks.go:69] failed to sync schemas: unable to retrieve the complete list of server APIs: ext.cattle.io/v1: stale GroupVersion discovery: ext.cattle.io/v1
2026-06-12T10:44:17.674715194Z E0612 10:44:17.674588       1 gvks.go:69] failed to sync schemas: unable to retrieve the complete list of server APIs: ext.cattle.io/v1: stale GroupVersion discovery: ext.cattle.io/v1
2026-06-12T10:44:17.811194164Z E0612 10:44:17.811056       1 gvks.go:69] failed to sync schemas: unable to retrieve the complete list of server APIs: ext.cattle.io/v1: stale GroupVersion discovery: ext.cattle.io/v1
2026-06-12T10:44:17.976244490Z E0612 10:44:17.976123       1 gvks.go:69] failed to sync schemas: unable to retrieve the complete list of server APIs: ext.cattle.io/v1: stale GroupVersion discovery: ext.cattle.io/v1
2026-06-12T10:44:18.114946562Z E0612 10:44:18.114781       1 gvks.go:69] failed to sync schemas: unable to retrieve the complete list of server APIs: ext.cattle.io/v1: stale GroupVersion discovery: ext.cattle.io/v1
2026-06-12T10:44:18.314045289Z E0612 10:44:18.313910       1 gvks.go:69] failed to sync schemas: unable to retrieve the complete list of server APIs: ext.cattle.io/v1: stale GroupVersion discovery: ext.cattle.io/v1
2026-06-12T10:44:18.479724923Z E0612 10:44:18.479570       1 gvks.go:69] failed to sync schemas: unable to retrieve the complete list of server APIs: ext.cattle.io/v1: stale GroupVersion discovery: ext.cattle.io/v1
2026-06-12T10:44:18.676618878Z E0612 10:44:18.676457       1 gvks.go:69] failed to sync schemas: unable to retrieve the complete list of server APIs: ext.cattle.io/v1: stale GroupVersion discovery: ext.cattle.io/v1
2026-06-12T10:44:18.875255316Z E0612 10:44:18.875101       1 gvks.go:69] failed to sync schemas: unable to retrieve the complete list of server APIs: ext.cattle.io/v1: stale GroupVersion discovery: ext.cattle.io/v1
2026-06-12T10:44:19.012588552Z E0612 10:44:19.012454       1 gvks.go:69] failed to sync schemas: unable to retrieve the complete list of server APIs: ext.cattle.io/v1: stale GroupVersion discovery: ext.cattle.io/v1
2026-06-12T10:44:19.177111780Z E0612 10:44:19.176945       1 gvks.go:69] failed to sync schemas: unable to retrieve the complete list of server APIs: ext.cattle.io/v1: stale GroupVersion discovery: ext.cattle.io/v1
2026-06-12T10:44:19.375903351Z E0612 10:44:19.375759       1 gvks.go:69] failed to sync schemas: unable to retrieve the complete list of server APIs: ext.cattle.io/v1: stale GroupVersion discovery: ext.cattle.io/v1
2026-06-12T10:44:19.512676401Z E0612 10:44:19.512534       1 gvks.go:69] failed to sync schemas: unable to retrieve the complete list of server APIs: ext.cattle.io/v1: stale GroupVersion discovery: ext.cattle.io/v1
2026-06-12T10:44:19.678670668Z E0612 10:44:19.678544       1 gvks.go:69] failed to sync schemas: unable to retrieve the complete list of server APIs: ext.cattle.io/v1: stale GroupVersion discovery: ext.cattle.io/v1
2026-06-12T10:44:19.877922369Z E0612 10:44:19.876801       1 gvks.go:69] failed to sync schemas: unable to retrieve the complete list of server APIs: ext.cattle.io/v1: stale GroupVersion discovery: ext.cattle.io/v1
2026-06-12T10:44:20.074658436Z E0612 10:44:20.074487       1 gvks.go:69] failed to sync schemas: unable to retrieve the complete list of server APIs: ext.cattle.io/v1: stale GroupVersion discovery: ext.cattle.io/v1
2026-06-12T10:44:20.212178558Z E0612 10:44:20.212050       1 gvks.go:69] failed to sync schemas: unable to retrieve the complete list of server APIs: ext.cattle.io/v1: stale GroupVersion discovery: ext.cattle.io/v1
2026-06-12T10:44:20.874415383Z E0612 10:44:20.874264       1 gvks.go:69] failed to sync schemas: unable to retrieve the complete list of server APIs: ext.cattle.io/v1: stale GroupVersion discovery: ext.cattle.io/v1
2026-06-12T10:44:21.411557569Z E0612 10:44:21.411404       1 gvks.go:69] failed to sync schemas: unable to retrieve the complete list of server APIs: ext.cattle.io/v1: stale GroupVersion discovery: ext.cattle.io/v1
2026-06-12T10:44:21.711411556Z E0612 10:44:21.711254       1 gvks.go:69] failed to sync schemas: unable to retrieve the complete list of server APIs: ext.cattle.io/v1: stale GroupVersion discovery: ext.cattle.io/v1
2026-06-12T10:44:21.877467393Z E0612 10:44:21.877330       1 gvks.go:69] failed to sync schemas: unable to retrieve the complete list of server APIs: ext.cattle.io/v1: stale GroupVersion discovery: ext.cattle.io/v1
2026-06-12T10:44:22.012841588Z E0612 10:44:22.012748       1 gvks.go:69] failed to sync schemas: unable to retrieve the complete list of server APIs: ext.cattle.io/v1: stale GroupVersion discovery: ext.cattle.io/v1
2026-06-12T10:44:22.177453035Z E0612 10:44:22.177305       1 gvks.go:69] failed to sync schemas: unable to retrieve the complete list of server APIs: ext.cattle.io/v1: stale GroupVersion discovery: ext.cattle.io/v1
2026-06-12T10:44:22.376810660Z E0612 10:44:22.376678       1 gvks.go:69] failed to sync schemas: unable to retrieve the complete list of server APIs: ext.cattle.io/v1: stale GroupVersion discovery: ext.cattle.io/v1
2026-06-12T10:44:22.483543217Z E0612 10:44:22.483438       1 gvks.go:69] failed to sync schemas: unable to retrieve the complete list of server APIs: ext.cattle.io/v1: stale GroupVersion discovery: ext.cattle.io/v1
2026-06-12T10:44:22.676259854Z E0612 10:44:22.676111       1 gvks.go:69] failed to sync schemas: unable to retrieve the complete list of server APIs: ext.cattle.io/v1: stale GroupVersion discovery: ext.cattle.io/v1
2026-06-12T10:44:22.812848611Z E0612 10:44:22.812689       1 gvks.go:69] failed to sync schemas: unable to retrieve the complete list of server APIs: ext.cattle.io/v1: stale GroupVersion discovery: ext.cattle.io/v1
2026-06-12T10:44:22.977633546Z E0612 10:44:22.977489       1 gvks.go:69] failed to sync schemas: unable to retrieve the complete list of server APIs: ext.cattle.io/v1: stale GroupVersion discovery: ext.cattle.io/v1
2026-06-12T10:44:23.116485988Z E0612 10:44:23.116299       1 gvks.go:69] failed to sync schemas: unable to retrieve the complete list of server APIs: ext.cattle.io/v1: stale GroupVersion discovery: ext.cattle.io/v1
2026-06-12T10:44:23.312383241Z E0612 10:44:23.312235       1 gvks.go:69] failed to sync schemas: unable to retrieve the complete list of server APIs: ext.cattle.io/v1: stale GroupVersion discovery: ext.cattle.io/v1
2026-06-12T10:44:23.477014642Z E0612 10:44:23.476843       1 gvks.go:69] failed to sync schemas: unable to retrieve the complete list of server APIs: ext.cattle.io/v1: stale GroupVersion discovery: ext.cattle.io/v1
2026-06-12T10:44:23.613374020Z E0612 10:44:23.613213       1 gvks.go:69] failed to sync schemas: unable to retrieve the complete list of server APIs: ext.cattle.io/v1: stale GroupVersion discovery: ext.cattle.io/v1
2026-06-12T10:44:23.778183112Z E0612 10:44:23.778006       1 gvks.go:69] failed to sync schemas: unable to retrieve the complete list of server APIs: ext.cattle.io/v1: stale GroupVersion discovery: ext.cattle.io/v1
2026-06-12T10:44:23.974451398Z E0612 10:44:23.974298       1 gvks.go:69] failed to sync schemas: unable to retrieve the complete list of server APIs: ext.cattle.io/v1: stale GroupVersion discovery: ext.cattle.io/v1
2026-06-12T10:44:24.113514912Z E0612 10:44:24.113406       1 gvks.go:69] failed to sync schemas: unable to retrieve the complete list of server APIs: ext.cattle.io/v1: stale GroupVersion discovery: ext.cattle.io/v1
2026-06-12T10:44:24.277749916Z E0612 10:44:24.277571       1 gvks.go:69] failed to sync schemas: unable to retrieve the complete list of server APIs: ext.cattle.io/v1: stale GroupVersion discovery: ext.cattle.io/v1
2026-06-12T10:44:24.413682699Z E0612 10:44:24.413501       1 gvks.go:69] failed to sync schemas: unable to retrieve the complete list of server APIs: ext.cattle.io/v1: stale GroupVersion discovery: ext.cattle.io/v1
2026-06-12T10:44:24.578190327Z E0612 10:44:24.578050       1 gvks.go:69] failed to sync schemas: unable to retrieve the complete list of server APIs: ext.cattle.io/v1: stale GroupVersion discovery: ext.cattle.io/v1
2026-06-12T10:44:24.774509265Z E0612 10:44:24.774349       1 gvks.go:69] failed to sync schemas: unable to retrieve the complete list of server APIs: ext.cattle.io/v1: stale GroupVersion discovery: ext.cattle.io/v1
2026-06-12T10:44:24.879785617Z E0612 10:44:24.879612       1 gvks.go:69] failed to sync schemas: unable to retrieve the complete list of server APIs: ext.cattle.io/v1: stale GroupVersion discovery: ext.cattle.io/v1
2026-06-12T10:44:25.015693214Z E0612 10:44:25.015523       1 gvks.go:69] failed to sync schemas: unable to retrieve the complete list of server APIs: ext.cattle.io/v1: stale GroupVersion discovery: ext.cattle.io/v1
2026-06-12T10:44:25.179571590Z E0612 10:44:25.179452       1 gvks.go:69] failed to sync schemas: unable to retrieve the complete list of server APIs: ext.cattle.io/v1: stale GroupVersion discovery: ext.cattle.io/v1
2026-06-12T10:44:25.511868036Z E0612 10:44:25.511693       1 gvks.go:69] failed to sync schemas: unable to retrieve the complete list of server APIs: ext.cattle.io/v1: stale GroupVersion discovery: ext.cattle.io/v1
2026-06-12T10:44:26.274272774Z E0612 10:44:26.274097       1 gvks.go:69] failed to sync schemas: unable to retrieve the complete list of server APIs: ext.cattle.io/v1: stale GroupVersion discovery: ext.cattle.io/v1
2026-06-12T10:44:26.477431281Z E0612 10:44:26.477313       1 gvks.go:69] failed to sync schemas: unable to retrieve the complete list of server APIs: ext.cattle.io/v1: stale GroupVersion discovery: ext.cattle.io/v1
2026-06-12T10:44:26.680821330Z E0612 10:44:26.680705       1 gvks.go:69] failed to sync schemas: unable to retrieve the complete list of server APIs: ext.cattle.io/v1: stale GroupVersion discovery: ext.cattle.io/v1
2026-06-12T10:44:26.876423417Z E0612 10:44:26.876238       1 gvks.go:69] failed to sync schemas: unable to retrieve the complete list of server APIs: ext.cattle.io/v1: stale GroupVersion discovery: ext.cattle.io/v1
2026-06-12T10:44:27.013382153Z E0612 10:44:27.013224       1 gvks.go:69] failed to sync schemas: unable to retrieve the complete list of server APIs: ext.cattle.io/v1: stale GroupVersion discovery: ext.cattle.io/v1
2026-06-12T10:44:27.211253445Z E0612 10:44:27.211090       1 gvks.go:69] failed to sync schemas: unable to retrieve the complete list of server APIs: ext.cattle.io/v1: stale GroupVersion discovery: ext.cattle.io/v1
2026-06-12T10:44:27.379133206Z E0612 10:44:27.378945       1 gvks.go:69] failed to sync schemas: unable to retrieve the complete list of server APIs: ext.cattle.io/v1: stale GroupVersion discovery: ext.cattle.io/v1
2026-06-12T10:44:27.576605465Z E0612 10:44:27.576471       1 gvks.go:69] failed to sync schemas: unable to retrieve the complete list of server APIs: ext.cattle.io/v1: stale GroupVersion discovery: ext.cattle.io/v1
2026-06-12T10:44:27.776862837Z E0612 10:44:27.776722       1 gvks.go:69] failed to sync schemas: unable to retrieve the complete list of server APIs: ext.cattle.io/v1: stale GroupVersion discovery: ext.cattle.io/v1
2026-06-12T10:44:27.975739042Z E0612 10:44:27.975601       1 gvks.go:69] failed to sync schemas: unable to retrieve the complete list of server APIs: ext.cattle.io/v1: stale GroupVersion discovery: ext.cattle.io/v1
2026-06-12T10:44:28.112375261Z E0612 10:44:28.112194       1 gvks.go:69] failed to sync schemas: unable to retrieve the complete list of server APIs: ext.cattle.io/v1: stale GroupVersion discovery: ext.cattle.io/v1
2026-06-12T10:44:28.277217932Z E0612 10:44:28.277074       1 gvks.go:69] failed to sync schemas: unable to retrieve the complete list of server APIs: ext.cattle.io/v1: stale GroupVersion discovery: ext.cattle.io/v1
2026-06-12T10:44:28.412408816Z E0612 10:44:28.412291       1 gvks.go:69] failed to sync schemas: unable to retrieve the complete list of server APIs: ext.cattle.io/v1: stale GroupVersion discovery: ext.cattle.io/v1
2026-06-12T10:44:28.577965126Z E0612 10:44:28.577847       1 gvks.go:69] failed to sync schemas: unable to retrieve the complete list of server APIs: ext.cattle.io/v1: stale GroupVersion discovery: ext.cattle.io/v1
2026-06-12T10:44:28.712397731Z E0612 10:44:28.712251       1 gvks.go:69] failed to sync schemas: unable to retrieve the complete list of server APIs: ext.cattle.io/v1: stale GroupVersion discovery: ext.cattle.io/v1
2026-06-12T10:44:28.911579434Z E0612 10:44:28.911454       1 gvks.go:69] failed to sync schemas: unable to retrieve the complete list of server APIs: ext.cattle.io/v1: stale GroupVersion discovery: ext.cattle.io/v1
2026-06-12T10:44:29.076283596Z E0612 10:44:29.076130       1 gvks.go:69] failed to sync schemas: unable to retrieve the complete list of server APIs: ext.cattle.io/v1: stale GroupVersion discovery: ext.cattle.io/v1
2026-06-12T10:44:29.214958486Z E0612 10:44:29.214818       1 gvks.go:69] failed to sync schemas: unable to retrieve the complete list of server APIs: ext.cattle.io/v1: stale GroupVersion discovery: ext.cattle.io/v1
2026-06-12T10:44:29.377144006Z E0612 10:44:29.377039       1 gvks.go:69] failed to sync schemas: unable to retrieve the complete list of server APIs: ext.cattle.io/v1: stale GroupVersion discovery: ext.cattle.io/v1
2026-06-12T10:44:29.513562473Z E0612 10:44:29.513455       1 gvks.go:69] failed to sync schemas: unable to retrieve the complete list of server APIs: ext.cattle.io/v1: stale GroupVersion discovery: ext.cattle.io/v1
2026-06-12T10:44:29.680247342Z E0612 10:44:29.680064       1 gvks.go:69] failed to sync schemas: unable to retrieve the complete list of server APIs: ext.cattle.io/v1: stale GroupVersion discovery: ext.cattle.io/v1
2026-06-12T10:44:29.874249722Z E0612 10:44:29.874079       1 gvks.go:69] failed to sync schemas: unable to retrieve the complete list of server APIs: ext.cattle.io/v1: stale GroupVersion discovery: ext.cattle.io/v1
2026-06-12T10:44:30.474816478Z E0612 10:44:30.474711       1 gvks.go:69] failed to sync schemas: unable to retrieve the complete list of server APIs: ext.cattle.io/v1: stale GroupVersion discovery: ext.cattle.io/v1
2026-06-12T10:44:31.011871486Z E0612 10:44:31.011718       1 gvks.go:69] failed to sync schemas: unable to retrieve the complete list of server APIs: ext.cattle.io/v1: stale GroupVersion discovery: ext.cattle.io/v1
2026-06-12T10:44:31.177880659Z E0612 10:44:31.177693       1 gvks.go:69] failed to sync schemas: unable to retrieve the complete list of server APIs: ext.cattle.io/v1: stale GroupVersion discovery: ext.cattle.io/v1
2026-06-12T10:44:31.374792636Z E0612 10:44:31.374705       1 gvks.go:69] failed to sync schemas: unable to retrieve the complete list of server APIs: ext.cattle.io/v1: stale GroupVersion discovery: ext.cattle.io/v1
2026-06-12T10:44:31.511744597Z E0612 10:44:31.511566       1 gvks.go:69] failed to sync schemas: unable to retrieve the complete list of server APIs: ext.cattle.io/v1: stale GroupVersion discovery: ext.cattle.io/v1
2026-06-12T10:44:31.676780841Z E0612 10:44:31.676663       1 gvks.go:69] failed to sync schemas: unable to retrieve the complete list of server APIs: ext.cattle.io/v1: stale GroupVersion discovery: ext.cattle.io/v1
2026-06-12T10:44:31.813702015Z E0612 10:44:31.813559       1 gvks.go:69] failed to sync schemas: unable to retrieve the complete list of server APIs: ext.cattle.io/v1: stale GroupVersion discovery: ext.cattle.io/v1
2026-06-12T10:44:31.978003189Z E0612 10:44:31.977852       1 gvks.go:69] failed to sync schemas: unable to retrieve the complete list of server APIs: ext.cattle.io/v1: stale GroupVersion discovery: ext.cattle.io/v1
2026-06-12T10:44:32.176621591Z E0612 10:44:32.176462       1 gvks.go:69] failed to sync schemas: unable to retrieve the complete list of server APIs: ext.cattle.io/v1: stale GroupVersion discovery: ext.cattle.io/v1
2026-06-12T10:44:32.311672767Z E0612 10:44:32.311474       1 gvks.go:69] failed to sync schemas: unable to retrieve the complete list of server APIs: ext.cattle.io/v1: stale GroupVersion discovery: ext.cattle.io/v1
2026-06-12T10:44:32.477685200Z E0612 10:44:32.477540       1 gvks.go:69] failed to sync schemas: unable to retrieve the complete list of server APIs: ext.cattle.io/v1: stale GroupVersion discovery: ext.cattle.io/v1
2026-06-12T10:44:32.614582657Z E0612 10:44:32.614352       1 gvks.go:69] failed to sync schemas: unable to retrieve the complete list of server APIs: ext.cattle.io/v1: stale GroupVersion discovery: ext.cattle.io/v1
2026-06-12T10:44:32.779377835Z E0612 10:44:32.779225       1 gvks.go:69] failed to sync schemas: unable to retrieve the complete list of server APIs: ext.cattle.io/v1: stale GroupVersion discovery: ext.cattle.io/v1
2026-06-12T10:44:32.976311036Z E0612 10:44:32.976158       1 gvks.go:69] failed to sync schemas: unable to retrieve the complete list of server APIs: ext.cattle.io/v1: stale GroupVersion discovery: ext.cattle.io/v1
2026-06-12T10:44:33.114877566Z E0612 10:44:33.114752       1 gvks.go:69] failed to sync schemas: unable to retrieve the complete list of server APIs: ext.cattle.io/v1: stale GroupVersion discovery: ext.cattle.io/v1
2026-06-12T10:44:33.277054286Z E0612 10:44:33.276900       1 gvks.go:69] failed to sync schemas: unable to retrieve the complete list of server APIs: ext.cattle.io/v1: stale GroupVersion discovery: ext.cattle.io/v1
2026-06-12T10:44:33.474240115Z E0612 10:44:33.474072       1 gvks.go:69] failed to sync schemas: unable to retrieve the complete list of server APIs: ext.cattle.io/v1: stale GroupVersion discovery: ext.cattle.io/v1
2026-06-12T10:44:33.613735193Z E0612 10:44:33.611867       1 gvks.go:69] failed to sync schemas: unable to retrieve the complete list of server APIs: ext.cattle.io/v1: stale GroupVersion discovery: ext.cattle.io/v1
2026-06-12T11:02:37.321351143Z E0612 11:02:37.321198       1 gvks.go:69] failed to sync schemas: unable to retrieve the complete list of server APIs: custom.metrics.k8s.io/v1beta1: stale GroupVersion discovery: custom.metrics.k8s.io/v1beta1
2026-06-12T11:02:37.514090295Z E0612 11:02:37.513974       1 gvks.go:69] failed to sync schemas: unable to retrieve the complete list of server APIs: custom.metrics.k8s.io/v1beta1: stale GroupVersion discovery: custom.metrics.k8s.io/v1beta1
2026-06-12T11:03:07.477752373Z E0612 11:03:07.477584       1 gvks.go:69] failed to sync schemas: unable to retrieve the complete list of server APIs: custom.metrics.k8s.io/v1beta1: stale GroupVersion discovery: custom.metrics.k8s.io/v1beta1
2026-06-12T11:03:07.678347879Z E0612 11:03:07.678202       1 gvks.go:69] failed to sync schemas: unable to retrieve the complete list of server APIs: custom.metrics.k8s.io/v1beta1: stale GroupVersion discovery: custom.metrics.k8s.io/v1beta1
2026-06-12T11:03:07.877430599Z E0612 11:03:07.877251       1 gvks.go:69] failed to sync schemas: unable to retrieve the complete list of server APIs: custom.metrics.k8s.io/v1beta1: stale GroupVersion discovery: custom.metrics.k8s.io/v1beta1
2026-06-12T11:05:24.621856018Z E0612 11:05:24.620911       1 gvks.go:69] failed to sync schemas: unable to retrieve the complete list of server APIs: ext.cattle.io/v1: stale GroupVersion discovery: ext.cattle.io/v1
2026-06-12T20:44:06.920247817Z time="2026-06-12T20:44:06Z" level=info msg="Sleeping for 15 seconds then applying webhook config"
2026-06-12T20:44:06.923128881Z time="2026-06-12T20:44:06Z" level=info msg="Updating TLS secret for harvester-system/harvester-load-balancer-webhook-tls (count: 1): map[listener.cattle.io/cn-harvester-load-balancer-webhook.ha-02fc99:harvester-load-balancer-webhook.harvester-system.svc listener.cattle.io/fingerprint:SHA1=65D91B2C603324246F8FB3B4491ACA778CDC42E0]"
