2026-06-12T10:47:22.021553015Z deployment "rancher-webhook" successfully rolled out
2026-06-12T10:47:42.755266118Z label "node-role.harvesterhci.io/witness" not found.
2026-06-12T10:47:42.823345937Z node/hp-150-tink-system not labeled
2026-06-12T10:47:42.978876277Z machine.cluster.x-k8s.io/custom-86920bbe7f61 labeled
2026-06-12T10:47:43.134389482Z machine.cluster.x-k8s.io/custom-86920bbe7f61 labeled
2026-06-12T10:47:43.243107950Z secret/custom-86920bbe7f61-machine-plan labeled
2026-06-12T10:47:43.378007193Z rkebootstrap.rke.cattle.io/custom-86920bbe7f61 labeled
2026-06-12T10:47:43.479151552Z Waiting for promotion...
2026-06-12T10:47:45.600326716Z Waiting for promotion...
2026-06-12T10:47:50.184121877Z Waiting for promotion...
2026-06-12T10:47:50.184141272Z Waiting for promotion...
2026-06-12T10:47:51.919196686Z Waiting for promotion...
2026-06-12T10:47:54.025069968Z Waiting for promotion...
2026-06-12T10:47:56.136605294Z Waiting for promotion...
2026-06-12T10:47:58.243956148Z Waiting for promotion...
2026-06-12T10:48:00.360810036Z Waiting for promotion...
2026-06-12T10:48:02.465825951Z Waiting for promotion...
2026-06-12T10:48:04.580416550Z Waiting for promotion...
2026-06-12T10:48:06.696297330Z Waiting for promotion...
2026-06-12T10:48:08.802255110Z Waiting for promotion...
2026-06-12T10:48:10.912270940Z Waiting for promotion...
2026-06-12T10:48:13.010455717Z Waiting for promotion...
2026-06-12T10:48:15.136947150Z Waiting for promotion...
2026-06-12T10:48:17.236594450Z Waiting for promotion...
2026-06-12T10:48:19.335108820Z Waiting for promotion...
