2026-06-12T10:43:27.468396376Z I0612 10:43:27.468130       1 main.go:118] "Version" version="v"
2026-06-12T10:43:27.468431712Z I0612 10:43:27.468271       1 feature_gate.go:466] feature gates: {map[RecoverVolumeExpansionFailure:false]}
2026-06-12T10:43:27.468730844Z I0612 10:43:27.468634       1 envvar.go:172] "Feature gate default state" feature="InOrderInformers" enabled=true
2026-06-12T10:43:27.468741082Z I0612 10:43:27.468677       1 envvar.go:172] "Feature gate default state" feature="InOrderInformersBatchProcess" enabled=true
2026-06-12T10:43:27.468743785Z I0612 10:43:27.468686       1 envvar.go:172] "Feature gate default state" feature="InformerResourceVersion" enabled=true
2026-06-12T10:43:27.468746839Z I0612 10:43:27.468693       1 envvar.go:172] "Feature gate default state" feature="WatchListClient" enabled=true
2026-06-12T10:43:27.468749987Z I0612 10:43:27.468700       1 envvar.go:172] "Feature gate default state" feature="ClientsAllowCBOR" enabled=false
2026-06-12T10:43:27.468807316Z I0612 10:43:27.468708       1 envvar.go:172] "Feature gate default state" feature="ClientsPreferCBOR" enabled=false
2026-06-12T10:43:27.474456780Z I0612 10:43:27.474327       1 main.go:161] "VolumeAttributesClass v1 API is available"
2026-06-12T10:43:27.476029780Z W0612 10:43:27.475825       1 logging.go:55] [core] [Channel #1 SubChannel #2] grpc: addrConn.createTransport failed to connect to {Addr: "/csi/csi.sock", ServerName: "localhost", Attributes: {"<%!p(networktype.keyType=grpc.internal.transport.networktype)>": "unix" }, }. Err: connection error: desc = "transport: Error while dialing: dial unix /csi/csi.sock: connect: no such file or directory"
2026-06-12T10:43:28.477286041Z I0612 10:43:28.477177       1 common.go:143] "Probing CSI driver for readiness"
2026-06-12T10:43:28.479608337Z I0612 10:43:28.479546       1 main.go:188] "CSI driver name" driverName="driver.longhorn.io"
2026-06-12T10:43:28.483308460Z I0612 10:43:28.483231       1 main.go:226] "Modify not supported" message="CSI driver does not support controller modify"
2026-06-12T10:43:28.483470555Z I0612 10:43:28.483397       1 main.go:241] "ServeMux listening" address=":8000"
2026-06-12T10:43:28.484015705Z I0612 10:43:28.483938       1 leaderelection.go:258] "Attempting to acquire leader lease..." lock="longhorn-system/external-resizer-driver-longhorn-io"
2026-06-12T10:43:28.493044885Z I0612 10:43:28.492852       1 leaderelection.go:272] "Successfully acquired lease" lock="longhorn-system/external-resizer-driver-longhorn-io"
2026-06-12T10:43:28.493074600Z I0612 10:43:28.493023       1 leader_election.go:202] "became leader, starting"
2026-06-12T10:43:28.493153809Z I0612 10:43:28.493065       1 controller.go:278] "Starting external resizer" controller="driver.longhorn.io"
2026-06-12T10:43:28.500067113Z I0612 10:43:28.499982       1 reflector.go:446] "Caches populated" type="*v1.PersistentVolume" reflector="k8s.io/client-go/informers/factory.go:161"
2026-06-12T10:43:28.509451607Z I0612 10:43:28.509387       1 reflector.go:446] "Caches populated" type="*v1.PersistentVolumeClaim" reflector="k8s.io/client-go/informers/factory.go:161"
2026-06-12T11:21:09.287106847Z I0612 11:21:09.286996       1 event.go:389] "Event occurred" object="default/11h19m18s111063-06-12" fieldPath="" kind="PersistentVolumeClaim" apiVersion="v1" type="Normal" reason="Resizing" message="External resizer is resizing volume pvc-49ec3246-d0f6-4baf-9337-41d0edd3e5f2"
2026-06-12T11:21:19.456496774Z E0612 11:21:19.456403       1 controller.go:330] "Error syncing PVC" err="Mark PVC \"default/11h19m18s111063-06-12\" as resize finished failed: can't patch status of  PVC default/11h19m18s111063-06-12 with persistentvolumeclaims \"11h19m18s111063-06-12\" not found"
2026-06-12T11:21:19.456541219Z I0612 11:21:19.456470       1 event.go:389] "Event occurred" object="default/11h19m18s111063-06-12" fieldPath="" kind="PersistentVolumeClaim" apiVersion="v1" type="Warning" reason="VolumeResizeFailed" message="Mark PVC \"default/11h19m18s111063-06-12\" as resize finished failed: can't patch status of  PVC default/11h19m18s111063-06-12 with persistentvolumeclaims \"11h19m18s111063-06-12\" not found"
2026-06-12T11:50:07.447296522Z I0612 11:50:07.447186       1 event.go:389] "Event occurred" object="default/11h37m57s246259-06-12" fieldPath="" kind="PersistentVolumeClaim" apiVersion="v1" type="Normal" reason="Resizing" message="External resizer is resizing volume pvc-d461a26a-70da-413d-a58e-1ca35230761a"
2026-06-12T11:50:09.577682118Z E0612 11:50:09.577537       1 controller.go:330] "Error syncing PVC" err="resize volume \"pvc-d461a26a-70da-413d-a58e-1ca35230761a\" by resizer \"driver.longhorn.io\" failed: rpc error: code = DeadlineExceeded desc = volume pvc-d461a26a-70da-413d-a58e-1ca35230761a expansion from existing capacity 5368709120 to requested capacity 10737418240 failed"
2026-06-12T11:50:09.577724028Z I0612 11:50:09.577630       1 event.go:389] "Event occurred" object="default/11h37m57s246259-06-12" fieldPath="" kind="PersistentVolumeClaim" apiVersion="v1" type="Warning" reason="VolumeResizeFailed" message="resize volume \"pvc-d461a26a-70da-413d-a58e-1ca35230761a\" by resizer \"driver.longhorn.io\" failed: rpc error: code = DeadlineExceeded desc = volume pvc-d461a26a-70da-413d-a58e-1ca35230761a expansion from existing capacity 5368709120 to requested capacity 10737418240 failed"
