2026-06-12T10:42:45.564674999Z time="2026-06-12T10:42:45Z" level=info msg="NetworkFS manager v0.0.0-dev (HEAD) is starting"
2026-06-12T10:42:45.566648676Z I0612 10:42:45.566554       1 leaderelection.go:257] attempting to acquire leader lease harvester-system/harvester-networkfs-manager...
2026-06-12T10:42:45.588355002Z I0612 10:42:45.588249       1 leaderelection.go:271] successfully acquired lease harvester-system/harvester-networkfs-manager
2026-06-12T10:42:45.622706648Z I0612 10:42:45.622577       1 warnings.go:110] "Warning: v1 Endpoints is deprecated in v1.33+; use discovery.k8s.io/v1 EndpointSlice"
2026-06-12T10:42:45.628277034Z I0612 10:42:45.628072       1 warnings.go:110] "Warning: v1 Endpoints is deprecated in v1.33+; use discovery.k8s.io/v1 EndpointSlice"
2026-06-12T10:42:45.704007247Z time="2026-06-12T10:42:45Z" level=info msg="Starting harvesterhci.io/v1beta1, Kind=NetworkFilesystem controller"
2026-06-12T10:42:45.718448590Z time="2026-06-12T10:42:45Z" level=info msg="Starting /v1, Kind=Service controller"
2026-06-12T10:42:45.718478669Z time="2026-06-12T10:42:45Z" level=info msg="Starting /v1, Kind=Endpoints controller"
2026-06-12T10:42:45.730238949Z time="2026-06-12T10:42:45Z" level=info msg="Starting longhorn.io/v1beta2, Kind=ShareManager controller"
2026-06-12T10:51:10.629696373Z I0612 10:51:10.629565       1 warnings.go:110] "Warning: v1 Endpoints is deprecated in v1.33+; use discovery.k8s.io/v1 EndpointSlice"
2026-06-12T10:57:41.631987522Z I0612 10:57:41.631822       1 warnings.go:110] "Warning: v1 Endpoints is deprecated in v1.33+; use discovery.k8s.io/v1 EndpointSlice"
2026-06-12T11:02:42.632854780Z I0612 11:02:42.632757       1 warnings.go:110] "Warning: v1 Endpoints is deprecated in v1.33+; use discovery.k8s.io/v1 EndpointSlice"
2026-06-12T11:03:51.425734193Z time="2026-06-12T11:03:51Z" level=info msg="Skip this round because service is deleted or deleting"
2026-06-12T11:03:51.429269019Z time="2026-06-12T11:03:51Z" level=info msg="Skip this round because endpoint is deleted or deleting"
2026-06-12T11:03:51.831757815Z time="2026-06-12T11:03:51Z" level=info msg="Skip this round because service is deleted or deleting"
2026-06-12T11:03:51.834843079Z time="2026-06-12T11:03:51Z" level=info msg="Skip this round because endpoint is deleted or deleting"
2026-06-12T11:03:51.934439797Z time="2026-06-12T11:03:51Z" level=info msg="Skip this round because service is deleted or deleting"
2026-06-12T11:03:51.945763258Z time="2026-06-12T11:03:51Z" level=info msg="Skip this round because endpoint is deleted or deleting"
2026-06-12T11:03:52.607359572Z time="2026-06-12T11:03:52Z" level=info msg="Skip this round because service is deleted or deleting"
2026-06-12T11:03:52.617323859Z time="2026-06-12T11:03:52Z" level=info msg="Skip this round because endpoint is deleted or deleting"
2026-06-12T11:03:52.761872019Z time="2026-06-12T11:03:52Z" level=info msg="Skip this round because service is deleted or deleting"
2026-06-12T11:03:52.764560353Z time="2026-06-12T11:03:52Z" level=info msg="Skip this round because endpoint is deleted or deleting"
2026-06-12T11:03:52.781850405Z time="2026-06-12T11:03:52Z" level=info msg="Skip this round because service is deleted or deleting"
2026-06-12T11:03:52.784581136Z time="2026-06-12T11:03:52Z" level=info msg="Skip this round because endpoint is deleted or deleting"
2026-06-12T11:03:52.857032463Z time="2026-06-12T11:03:52Z" level=info msg="Skip this round because service is deleted or deleting"
2026-06-12T11:03:52.860039253Z time="2026-06-12T11:03:52Z" level=info msg="Skip this round because endpoint is deleted or deleting"
2026-06-12T11:03:52.886769861Z time="2026-06-12T11:03:52Z" level=info msg="Skip this round because service is deleted or deleting"
2026-06-12T11:03:52.889662875Z time="2026-06-12T11:03:52Z" level=info msg="Skip this round because endpoint is deleted or deleting"
2026-06-12T11:03:53.532016825Z time="2026-06-12T11:03:53Z" level=info msg="Skip this round because service is deleted or deleting"
2026-06-12T11:03:53.534676432Z time="2026-06-12T11:03:53Z" level=info msg="Skip this round because endpoint is deleted or deleting"
2026-06-12T11:04:29.075592273Z time="2026-06-12T11:04:29Z" level=info msg="Skip this round because service is deleted or deleting"
2026-06-12T11:04:29.082063404Z time="2026-06-12T11:04:29Z" level=info msg="Skip this round because service is deleted or deleting"
2026-06-12T11:04:29.082079139Z time="2026-06-12T11:04:29Z" level=info msg="Skip this round because service is deleted or deleting"
2026-06-12T11:04:29.083494907Z time="2026-06-12T11:04:29Z" level=info msg="Skip this round because service is deleted or deleting"
2026-06-12T11:04:29.083755344Z time="2026-06-12T11:04:29Z" level=info msg="Skip this round because service is deleted or deleting"
2026-06-12T11:04:29.083948582Z time="2026-06-12T11:04:29Z" level=info msg="Skip this round because service is deleted or deleting"
2026-06-12T11:04:29.084244241Z time="2026-06-12T11:04:29Z" level=info msg="Skip this round because service is deleted or deleting"
2026-06-12T11:04:29.084393991Z time="2026-06-12T11:04:29Z" level=info msg="Skip this round because service is deleted or deleting"
2026-06-12T11:04:29.085506672Z time="2026-06-12T11:04:29Z" level=info msg="Skip this round because endpoint is deleted or deleting"
2026-06-12T11:04:29.088742515Z time="2026-06-12T11:04:29Z" level=info msg="Skip this round because service is deleted or deleting"
2026-06-12T11:04:29.095036030Z time="2026-06-12T11:04:29Z" level=info msg="Skip this round because endpoint is deleted or deleting"
2026-06-12T11:04:29.095156715Z time="2026-06-12T11:04:29Z" level=info msg="Skip this round because endpoint is deleted or deleting"
2026-06-12T11:04:29.095315326Z time="2026-06-12T11:04:29Z" level=info msg="Skip this round because endpoint is deleted or deleting"
2026-06-12T11:04:29.095459191Z time="2026-06-12T11:04:29Z" level=info msg="Skip this round because endpoint is deleted or deleting"
2026-06-12T11:04:29.104352012Z time="2026-06-12T11:04:29Z" level=info msg="Skip this round because endpoint is deleted or deleting"
2026-06-12T11:04:29.104622037Z time="2026-06-12T11:04:29Z" level=info msg="Skip this round because endpoint is deleted or deleting"
2026-06-12T11:04:29.105069600Z time="2026-06-12T11:04:29Z" level=info msg="Skip this round because endpoint is deleted or deleting"
2026-06-12T11:04:29.105520767Z time="2026-06-12T11:04:29Z" level=info msg="Skip this round because endpoint is deleted or deleting"
2026-06-12T11:04:29.904273622Z time="2026-06-12T11:04:29Z" level=info msg="Skip this round because service is deleted or deleting"
2026-06-12T11:04:29.907793866Z time="2026-06-12T11:04:29Z" level=info msg="Skip this round because endpoint is deleted or deleting"
2026-06-12T11:04:29.971928393Z time="2026-06-12T11:04:29Z" level=info msg="Skip this round because service is deleted or deleting"
2026-06-12T11:04:29.975199172Z time="2026-06-12T11:04:29Z" level=info msg="Skip this round because endpoint is deleted or deleting"
2026-06-12T11:04:45.752317287Z time="2026-06-12T11:04:45Z" level=info msg="Skip this round because service is deleted or deleting"
2026-06-12T11:04:45.764719198Z time="2026-06-12T11:04:45Z" level=info msg="Skip this round because endpoint is deleted or deleting"
2026-06-12T11:05:03.953261156Z time="2026-06-12T11:05:03Z" level=info msg="Skip this round because service is deleted or deleting"
2026-06-12T11:05:03.958384458Z time="2026-06-12T11:05:03Z" level=info msg="Skip this round because endpoint is deleted or deleting"
2026-06-12T11:05:13.060349081Z time="2026-06-12T11:05:13Z" level=info msg="Skip this round because service is deleted or deleting"
2026-06-12T11:05:13.065033713Z time="2026-06-12T11:05:13Z" level=info msg="Skip this round because endpoint is deleted or deleting"
2026-06-12T11:09:18.634726561Z I0612 11:09:18.634594       1 warnings.go:110] "Warning: v1 Endpoints is deprecated in v1.33+; use discovery.k8s.io/v1 EndpointSlice"
2026-06-12T11:19:13.636264012Z I0612 11:19:13.636124       1 warnings.go:110] "Warning: v1 Endpoints is deprecated in v1.33+; use discovery.k8s.io/v1 EndpointSlice"
2026-06-12T11:27:24.637631499Z I0612 11:27:24.637513       1 warnings.go:110] "Warning: v1 Endpoints is deprecated in v1.33+; use discovery.k8s.io/v1 EndpointSlice"
2026-06-12T11:32:55.639239668Z I0612 11:32:55.639137       1 warnings.go:110] "Warning: v1 Endpoints is deprecated in v1.33+; use discovery.k8s.io/v1 EndpointSlice"
2026-06-12T11:40:44.641206524Z I0612 11:40:44.641075       1 warnings.go:110] "Warning: v1 Endpoints is deprecated in v1.33+; use discovery.k8s.io/v1 EndpointSlice"
2026-06-12T11:50:30.643379172Z I0612 11:50:30.643222       1 warnings.go:110] "Warning: v1 Endpoints is deprecated in v1.33+; use discovery.k8s.io/v1 EndpointSlice"
2026-06-12T11:58:14.645110205Z I0612 11:58:14.645020       1 warnings.go:110] "Warning: v1 Endpoints is deprecated in v1.33+; use discovery.k8s.io/v1 EndpointSlice"
2026-06-12T12:07:58.647271481Z I0612 12:07:58.647124       1 warnings.go:110] "Warning: v1 Endpoints is deprecated in v1.33+; use discovery.k8s.io/v1 EndpointSlice"
2026-06-12T12:16:25.649228889Z I0612 12:16:25.649098       1 warnings.go:110] "Warning: v1 Endpoints is deprecated in v1.33+; use discovery.k8s.io/v1 EndpointSlice"
2026-06-12T12:23:50.651356301Z I0612 12:23:50.651225       1 warnings.go:110] "Warning: v1 Endpoints is deprecated in v1.33+; use discovery.k8s.io/v1 EndpointSlice"
2026-06-12T12:29:57.653186940Z I0612 12:29:57.653087       1 warnings.go:110] "Warning: v1 Endpoints is deprecated in v1.33+; use discovery.k8s.io/v1 EndpointSlice"
2026-06-12T12:39:36.654397734Z I0612 12:39:36.654317       1 warnings.go:110] "Warning: v1 Endpoints is deprecated in v1.33+; use discovery.k8s.io/v1 EndpointSlice"
2026-06-12T12:45:33.656076823Z I0612 12:45:33.655920       1 warnings.go:110] "Warning: v1 Endpoints is deprecated in v1.33+; use discovery.k8s.io/v1 EndpointSlice"
2026-06-12T12:55:01.657664685Z I0612 12:55:01.657509       1 warnings.go:110] "Warning: v1 Endpoints is deprecated in v1.33+; use discovery.k8s.io/v1 EndpointSlice"
2026-06-12T12:59:50.460687847Z time="2026-06-12T12:59:50Z" level=info msg="Handling sharemanager pvc-d1565a37-10bc-4375-bfce-0978b8200338 change event"
2026-06-12T12:59:50.462972279Z time="2026-06-12T12:59:50Z" level=info msg="Skip update with sharemanager change event because there is no corresponding NetworkFS pvc-d1565a37-10bc-4375-bfce-0978b8200338"
2026-06-12T13:00:02.841606580Z time="2026-06-12T13:00:02Z" level=info msg="Handling service pvc-d1565a37-10bc-4375-bfce-0978b8200338 change event"
2026-06-12T13:00:02.845852058Z time="2026-06-12T13:00:02Z" level=error msg="Failed to get networkFS pvc-d1565a37-10bc-4375-bfce-0978b8200338: networkfilesystems.harvesterhci.io \"pvc-d1565a37-10bc-4375-bfce-0978b8200338\" not found"
2026-06-12T13:00:02.845891854Z time="2026-06-12T13:00:02Z" level=info msg="Handling endpoint pvc-d1565a37-10bc-4375-bfce-0978b8200338 change event"
2026-06-12T13:00:02.846147519Z time="2026-06-12T13:00:02Z" level=error msg="error syncing 'longhorn-system/pvc-d1565a37-10bc-4375-bfce-0978b8200338': handler harvester-netfs-service-handler: networkfilesystems.harvesterhci.io \"pvc-d1565a37-10bc-4375-bfce-0978b8200338\" not found, requeuing"
2026-06-12T13:00:02.851217956Z time="2026-06-12T13:00:02Z" level=info msg="Handling service pvc-d1565a37-10bc-4375-bfce-0978b8200338 change event"
2026-06-12T13:00:02.852770660Z time="2026-06-12T13:00:02Z" level=error msg="Failed to get networkFS pvc-d1565a37-10bc-4375-bfce-0978b8200338: networkfilesystems.harvesterhci.io \"pvc-d1565a37-10bc-4375-bfce-0978b8200338\" not found"
2026-06-12T13:00:02.853000436Z time="2026-06-12T13:00:02Z" level=error msg="error syncing 'longhorn-system/pvc-d1565a37-10bc-4375-bfce-0978b8200338': handler harvester-netfs-endpoint-handler: networkfilesystems.harvesterhci.io \"pvc-d1565a37-10bc-4375-bfce-0978b8200338\" not found, requeuing"
2026-06-12T13:00:02.853397824Z time="2026-06-12T13:00:02Z" level=error msg="Failed to get networkFS pvc-d1565a37-10bc-4375-bfce-0978b8200338: networkfilesystems.harvesterhci.io \"pvc-d1565a37-10bc-4375-bfce-0978b8200338\" not found"
2026-06-12T13:00:02.853429309Z time="2026-06-12T13:00:02Z" level=error msg="error syncing 'longhorn-system/pvc-d1565a37-10bc-4375-bfce-0978b8200338': handler harvester-netfs-service-handler: networkfilesystems.harvesterhci.io \"pvc-d1565a37-10bc-4375-bfce-0978b8200338\" not found, requeuing"
2026-06-12T13:00:02.858486453Z time="2026-06-12T13:00:02Z" level=info msg="Handling endpoint pvc-d1565a37-10bc-4375-bfce-0978b8200338 change event"
2026-06-12T13:00:02.863686598Z time="2026-06-12T13:00:02Z" level=info msg="Handling service pvc-d1565a37-10bc-4375-bfce-0978b8200338 change event"
2026-06-12T13:00:02.869779186Z time="2026-06-12T13:00:02Z" level=error msg="Failed to get networkFS pvc-d1565a37-10bc-4375-bfce-0978b8200338: networkfilesystems.harvesterhci.io \"pvc-d1565a37-10bc-4375-bfce-0978b8200338\" not found"
2026-06-12T13:00:02.869798673Z time="2026-06-12T13:00:02Z" level=error msg="error syncing 'longhorn-system/pvc-d1565a37-10bc-4375-bfce-0978b8200338': handler harvester-netfs-endpoint-handler: networkfilesystems.harvesterhci.io \"pvc-d1565a37-10bc-4375-bfce-0978b8200338\" not found, requeuing"
2026-06-12T13:00:02.877486841Z time="2026-06-12T13:00:02Z" level=error msg="Failed to get networkFS pvc-d1565a37-10bc-4375-bfce-0978b8200338: networkfilesystems.harvesterhci.io \"pvc-d1565a37-10bc-4375-bfce-0978b8200338\" not found"
2026-06-12T13:00:02.877511465Z time="2026-06-12T13:00:02Z" level=error msg="error syncing 'longhorn-system/pvc-d1565a37-10bc-4375-bfce-0978b8200338': handler harvester-netfs-service-handler: networkfilesystems.harvesterhci.io \"pvc-d1565a37-10bc-4375-bfce-0978b8200338\" not found, requeuing"
2026-06-12T13:00:02.880500656Z time="2026-06-12T13:00:02Z" level=info msg="Handling endpoint pvc-d1565a37-10bc-4375-bfce-0978b8200338 change event"
2026-06-12T13:00:02.894699513Z time="2026-06-12T13:00:02Z" level=error msg="Failed to get networkFS pvc-d1565a37-10bc-4375-bfce-0978b8200338: networkfilesystems.harvesterhci.io \"pvc-d1565a37-10bc-4375-bfce-0978b8200338\" not found"
2026-06-12T13:00:02.894738758Z time="2026-06-12T13:00:02Z" level=error msg="error syncing 'longhorn-system/pvc-d1565a37-10bc-4375-bfce-0978b8200338': handler harvester-netfs-endpoint-handler: networkfilesystems.harvesterhci.io \"pvc-d1565a37-10bc-4375-bfce-0978b8200338\" not found, requeuing"
2026-06-12T13:00:02.894743723Z time="2026-06-12T13:00:02Z" level=info msg="Handling endpoint pvc-d1565a37-10bc-4375-bfce-0978b8200338 change event"
2026-06-12T13:00:02.896876594Z time="2026-06-12T13:00:02Z" level=error msg="Failed to get networkFS pvc-d1565a37-10bc-4375-bfce-0978b8200338: networkfilesystems.harvesterhci.io \"pvc-d1565a37-10bc-4375-bfce-0978b8200338\" not found"
2026-06-12T13:00:02.896898038Z time="2026-06-12T13:00:02Z" level=error msg="error syncing 'longhorn-system/pvc-d1565a37-10bc-4375-bfce-0978b8200338': handler harvester-netfs-endpoint-handler: networkfilesystems.harvesterhci.io \"pvc-d1565a37-10bc-4375-bfce-0978b8200338\" not found, requeuing"
2026-06-12T13:00:02.897841954Z time="2026-06-12T13:00:02Z" level=info msg="Handling service pvc-d1565a37-10bc-4375-bfce-0978b8200338 change event"
2026-06-12T13:00:02.910187421Z time="2026-06-12T13:00:02Z" level=error msg="Failed to get networkFS pvc-d1565a37-10bc-4375-bfce-0978b8200338: networkfilesystems.harvesterhci.io \"pvc-d1565a37-10bc-4375-bfce-0978b8200338\" not found"
2026-06-12T13:00:02.910219922Z time="2026-06-12T13:00:02Z" level=error msg="error syncing 'longhorn-system/pvc-d1565a37-10bc-4375-bfce-0978b8200338': handler harvester-netfs-service-handler: networkfilesystems.harvesterhci.io \"pvc-d1565a37-10bc-4375-bfce-0978b8200338\" not found, requeuing"
2026-06-12T13:00:02.915232330Z time="2026-06-12T13:00:02Z" level=info msg="Handling endpoint pvc-d1565a37-10bc-4375-bfce-0978b8200338 change event"
2026-06-12T13:00:02.922697088Z time="2026-06-12T13:00:02Z" level=error msg="Failed to get networkFS pvc-d1565a37-10bc-4375-bfce-0978b8200338: networkfilesystems.harvesterhci.io \"pvc-d1565a37-10bc-4375-bfce-0978b8200338\" not found"
2026-06-12T13:00:02.922712657Z time="2026-06-12T13:00:02Z" level=error msg="error syncing 'longhorn-system/pvc-d1565a37-10bc-4375-bfce-0978b8200338': handler harvester-netfs-endpoint-handler: networkfilesystems.harvesterhci.io \"pvc-d1565a37-10bc-4375-bfce-0978b8200338\" not found, requeuing"
2026-06-12T13:00:02.950801664Z time="2026-06-12T13:00:02Z" level=info msg="Handling service pvc-d1565a37-10bc-4375-bfce-0978b8200338 change event"
2026-06-12T13:00:02.952491419Z time="2026-06-12T13:00:02Z" level=error msg="Failed to get networkFS pvc-d1565a37-10bc-4375-bfce-0978b8200338: networkfilesystems.harvesterhci.io \"pvc-d1565a37-10bc-4375-bfce-0978b8200338\" not found"
2026-06-12T13:00:02.952511882Z time="2026-06-12T13:00:02Z" level=error msg="error syncing 'longhorn-system/pvc-d1565a37-10bc-4375-bfce-0978b8200338': handler harvester-netfs-service-handler: networkfilesystems.harvesterhci.io \"pvc-d1565a37-10bc-4375-bfce-0978b8200338\" not found, requeuing"
2026-06-12T13:00:03.003864353Z time="2026-06-12T13:00:03Z" level=info msg="Handling endpoint pvc-d1565a37-10bc-4375-bfce-0978b8200338 change event"
2026-06-12T13:00:03.033059586Z time="2026-06-12T13:00:03Z" level=info msg="Handling service pvc-d1565a37-10bc-4375-bfce-0978b8200338 change event"
2026-06-12T13:00:03.044391644Z time="2026-06-12T13:00:03Z" level=error msg="Failed to get networkFS pvc-d1565a37-10bc-4375-bfce-0978b8200338: networkfilesystems.harvesterhci.io \"pvc-d1565a37-10bc-4375-bfce-0978b8200338\" not found"
2026-06-12T13:00:03.044414101Z time="2026-06-12T13:00:03Z" level=error msg="error syncing 'longhorn-system/pvc-d1565a37-10bc-4375-bfce-0978b8200338': handler harvester-netfs-endpoint-handler: networkfilesystems.harvesterhci.io \"pvc-d1565a37-10bc-4375-bfce-0978b8200338\" not found, requeuing"
2026-06-12T13:00:03.204820671Z time="2026-06-12T13:00:03Z" level=info msg="Handling endpoint pvc-d1565a37-10bc-4375-bfce-0978b8200338 change event"
2026-06-12T13:00:03.244397296Z time="2026-06-12T13:00:03Z" level=error msg="Failed to get networkFS pvc-d1565a37-10bc-4375-bfce-0978b8200338: networkfilesystems.harvesterhci.io \"pvc-d1565a37-10bc-4375-bfce-0978b8200338\" not found"
2026-06-12T13:00:03.244416059Z time="2026-06-12T13:00:03Z" level=error msg="error syncing 'longhorn-system/pvc-d1565a37-10bc-4375-bfce-0978b8200338': handler harvester-netfs-service-handler: networkfilesystems.harvesterhci.io \"pvc-d1565a37-10bc-4375-bfce-0978b8200338\" not found, requeuing"
2026-06-12T13:00:03.404818078Z time="2026-06-12T13:00:03Z" level=info msg="Handling service pvc-d1565a37-10bc-4375-bfce-0978b8200338 change event"
2026-06-12T13:00:03.443999163Z time="2026-06-12T13:00:03Z" level=error msg="Failed to get networkFS pvc-d1565a37-10bc-4375-bfce-0978b8200338: networkfilesystems.harvesterhci.io \"pvc-d1565a37-10bc-4375-bfce-0978b8200338\" not found"
2026-06-12T13:00:03.444021782Z time="2026-06-12T13:00:03Z" level=error msg="error syncing 'longhorn-system/pvc-d1565a37-10bc-4375-bfce-0978b8200338': handler harvester-netfs-endpoint-handler: networkfilesystems.harvesterhci.io \"pvc-d1565a37-10bc-4375-bfce-0978b8200338\" not found, requeuing"
2026-06-12T13:00:03.644170416Z time="2026-06-12T13:00:03Z" level=error msg="Failed to get networkFS pvc-d1565a37-10bc-4375-bfce-0978b8200338: networkfilesystems.harvesterhci.io \"pvc-d1565a37-10bc-4375-bfce-0978b8200338\" not found"
2026-06-12T13:00:03.644202303Z time="2026-06-12T13:00:03Z" level=error msg="error syncing 'longhorn-system/pvc-d1565a37-10bc-4375-bfce-0978b8200338': handler harvester-netfs-service-handler: networkfilesystems.harvesterhci.io \"pvc-d1565a37-10bc-4375-bfce-0978b8200338\" not found, requeuing"
2026-06-12T13:00:03.659325325Z I0612 13:00:03.659225       1 warnings.go:110] "Warning: v1 Endpoints is deprecated in v1.33+; use discovery.k8s.io/v1 EndpointSlice"
2026-06-12T13:00:03.764897566Z time="2026-06-12T13:00:03Z" level=info msg="Handling endpoint pvc-d1565a37-10bc-4375-bfce-0978b8200338 change event"
2026-06-12T13:00:03.844247013Z time="2026-06-12T13:00:03Z" level=error msg="Failed to get networkFS pvc-d1565a37-10bc-4375-bfce-0978b8200338: networkfilesystems.harvesterhci.io \"pvc-d1565a37-10bc-4375-bfce-0978b8200338\" not found"
2026-06-12T13:00:03.844265000Z time="2026-06-12T13:00:03Z" level=error msg="error syncing 'longhorn-system/pvc-d1565a37-10bc-4375-bfce-0978b8200338': handler harvester-netfs-endpoint-handler: networkfilesystems.harvesterhci.io \"pvc-d1565a37-10bc-4375-bfce-0978b8200338\" not found, requeuing"
2026-06-12T13:00:03.964330380Z time="2026-06-12T13:00:03Z" level=info msg="Handling service pvc-d1565a37-10bc-4375-bfce-0978b8200338 change event"
2026-06-12T13:00:04.044825148Z time="2026-06-12T13:00:04Z" level=error msg="Failed to get networkFS pvc-d1565a37-10bc-4375-bfce-0978b8200338: networkfilesystems.harvesterhci.io \"pvc-d1565a37-10bc-4375-bfce-0978b8200338\" not found"
2026-06-12T13:00:04.044839553Z time="2026-06-12T13:00:04Z" level=error msg="error syncing 'longhorn-system/pvc-d1565a37-10bc-4375-bfce-0978b8200338': handler harvester-netfs-service-handler: networkfilesystems.harvesterhci.io \"pvc-d1565a37-10bc-4375-bfce-0978b8200338\" not found, requeuing"
2026-06-12T13:00:04.485410799Z time="2026-06-12T13:00:04Z" level=info msg="Handling endpoint pvc-d1565a37-10bc-4375-bfce-0978b8200338 change event"
2026-06-12T13:00:04.487356428Z time="2026-06-12T13:00:04Z" level=error msg="Failed to get networkFS pvc-d1565a37-10bc-4375-bfce-0978b8200338: networkfilesystems.harvesterhci.io \"pvc-d1565a37-10bc-4375-bfce-0978b8200338\" not found"
2026-06-12T13:00:04.487374070Z time="2026-06-12T13:00:04Z" level=error msg="error syncing 'longhorn-system/pvc-d1565a37-10bc-4375-bfce-0978b8200338': handler harvester-netfs-endpoint-handler: networkfilesystems.harvesterhci.io \"pvc-d1565a37-10bc-4375-bfce-0978b8200338\" not found, requeuing"
2026-06-12T13:00:04.586162991Z time="2026-06-12T13:00:04Z" level=info msg="Handling endpoint pvc-d1565a37-10bc-4375-bfce-0978b8200338 change event"
2026-06-12T13:00:04.600960132Z time="2026-06-12T13:00:04Z" level=error msg="Failed to get networkFS pvc-d1565a37-10bc-4375-bfce-0978b8200338: networkfilesystems.harvesterhci.io \"pvc-d1565a37-10bc-4375-bfce-0978b8200338\" not found"
2026-06-12T13:00:04.600985541Z time="2026-06-12T13:00:04Z" level=error msg="error syncing 'longhorn-system/pvc-d1565a37-10bc-4375-bfce-0978b8200338': handler harvester-netfs-endpoint-handler: networkfilesystems.harvesterhci.io \"pvc-d1565a37-10bc-4375-bfce-0978b8200338\" not found, requeuing"
2026-06-12T13:00:04.616151743Z time="2026-06-12T13:00:04Z" level=info msg="Handling endpoint pvc-d1565a37-10bc-4375-bfce-0978b8200338 change event"
2026-06-12T13:00:04.644511261Z time="2026-06-12T13:00:04Z" level=error msg="Failed to get networkFS pvc-d1565a37-10bc-4375-bfce-0978b8200338: networkfilesystems.harvesterhci.io \"pvc-d1565a37-10bc-4375-bfce-0978b8200338\" not found"
2026-06-12T13:00:04.644527085Z time="2026-06-12T13:00:04Z" level=error msg="error syncing 'longhorn-system/pvc-d1565a37-10bc-4375-bfce-0978b8200338': handler harvester-netfs-endpoint-handler: networkfilesystems.harvesterhci.io \"pvc-d1565a37-10bc-4375-bfce-0978b8200338\" not found, requeuing"
2026-06-12T13:00:04.644547929Z time="2026-06-12T13:00:04Z" level=info msg="Handling endpoint pvc-d1565a37-10bc-4375-bfce-0978b8200338 change event"
2026-06-12T13:00:04.685728329Z time="2026-06-12T13:00:04Z" level=info msg="Handling service pvc-d1565a37-10bc-4375-bfce-0978b8200338 change event"
2026-06-12T13:00:04.844005051Z time="2026-06-12T13:00:04Z" level=error msg="Failed to get networkFS pvc-d1565a37-10bc-4375-bfce-0978b8200338: networkfilesystems.harvesterhci.io \"pvc-d1565a37-10bc-4375-bfce-0978b8200338\" not found"
2026-06-12T13:00:04.844023347Z time="2026-06-12T13:00:04Z" level=error msg="error syncing 'longhorn-system/pvc-d1565a37-10bc-4375-bfce-0978b8200338': handler harvester-netfs-endpoint-handler: networkfilesystems.harvesterhci.io \"pvc-d1565a37-10bc-4375-bfce-0978b8200338\" not found, requeuing"
2026-06-12T13:00:05.044339391Z time="2026-06-12T13:00:05Z" level=error msg="Failed to get networkFS pvc-d1565a37-10bc-4375-bfce-0978b8200338: networkfilesystems.harvesterhci.io \"pvc-d1565a37-10bc-4375-bfce-0978b8200338\" not found"
2026-06-12T13:00:05.044360704Z time="2026-06-12T13:00:05Z" level=error msg="error syncing 'longhorn-system/pvc-d1565a37-10bc-4375-bfce-0978b8200338': handler harvester-netfs-service-handler: networkfilesystems.harvesterhci.io \"pvc-d1565a37-10bc-4375-bfce-0978b8200338\" not found, requeuing"
2026-06-12T13:00:05.768196121Z time="2026-06-12T13:00:05Z" level=info msg="Handling endpoint pvc-d1565a37-10bc-4375-bfce-0978b8200338 change event"
2026-06-12T13:00:05.771359262Z time="2026-06-12T13:00:05Z" level=error msg="Failed to get networkFS pvc-d1565a37-10bc-4375-bfce-0978b8200338: networkfilesystems.harvesterhci.io \"pvc-d1565a37-10bc-4375-bfce-0978b8200338\" not found"
2026-06-12T13:00:05.771392344Z time="2026-06-12T13:00:05Z" level=error msg="error syncing 'longhorn-system/pvc-d1565a37-10bc-4375-bfce-0978b8200338': handler harvester-netfs-endpoint-handler: networkfilesystems.harvesterhci.io \"pvc-d1565a37-10bc-4375-bfce-0978b8200338\" not found, requeuing"
2026-06-12T13:00:06.324924685Z time="2026-06-12T13:00:06Z" level=info msg="Handling service pvc-d1565a37-10bc-4375-bfce-0978b8200338 change event"
2026-06-12T13:00:06.327691965Z time="2026-06-12T13:00:06Z" level=error msg="Failed to get networkFS pvc-d1565a37-10bc-4375-bfce-0978b8200338: networkfilesystems.harvesterhci.io \"pvc-d1565a37-10bc-4375-bfce-0978b8200338\" not found"
2026-06-12T13:00:06.327712217Z time="2026-06-12T13:00:06Z" level=error msg="error syncing 'longhorn-system/pvc-d1565a37-10bc-4375-bfce-0978b8200338': handler harvester-netfs-service-handler: networkfilesystems.harvesterhci.io \"pvc-d1565a37-10bc-4375-bfce-0978b8200338\" not found, requeuing"
2026-06-12T13:00:08.888505901Z time="2026-06-12T13:00:08Z" level=info msg="Handling service pvc-d1565a37-10bc-4375-bfce-0978b8200338 change event"
2026-06-12T13:00:08.890980639Z time="2026-06-12T13:00:08Z" level=error msg="Failed to get networkFS pvc-d1565a37-10bc-4375-bfce-0978b8200338: networkfilesystems.harvesterhci.io \"pvc-d1565a37-10bc-4375-bfce-0978b8200338\" not found"
2026-06-12T13:00:08.890997754Z time="2026-06-12T13:00:08Z" level=error msg="error syncing 'longhorn-system/pvc-d1565a37-10bc-4375-bfce-0978b8200338': handler harvester-netfs-service-handler: networkfilesystems.harvesterhci.io \"pvc-d1565a37-10bc-4375-bfce-0978b8200338\" not found, requeuing"
2026-06-12T13:00:14.011366845Z time="2026-06-12T13:00:14Z" level=info msg="Handling service pvc-d1565a37-10bc-4375-bfce-0978b8200338 change event"
2026-06-12T13:00:14.013500333Z time="2026-06-12T13:00:14Z" level=error msg="Failed to get networkFS pvc-d1565a37-10bc-4375-bfce-0978b8200338: networkfilesystems.harvesterhci.io \"pvc-d1565a37-10bc-4375-bfce-0978b8200338\" not found"
2026-06-12T13:00:14.013517942Z time="2026-06-12T13:00:14Z" level=error msg="error syncing 'longhorn-system/pvc-d1565a37-10bc-4375-bfce-0978b8200338': handler harvester-netfs-service-handler: networkfilesystems.harvesterhci.io \"pvc-d1565a37-10bc-4375-bfce-0978b8200338\" not found, requeuing"
2026-06-12T13:00:24.254507816Z time="2026-06-12T13:00:24Z" level=info msg="Handling service pvc-d1565a37-10bc-4375-bfce-0978b8200338 change event"
2026-06-12T13:00:24.256859662Z time="2026-06-12T13:00:24Z" level=error msg="Failed to get networkFS pvc-d1565a37-10bc-4375-bfce-0978b8200338: networkfilesystems.harvesterhci.io \"pvc-d1565a37-10bc-4375-bfce-0978b8200338\" not found"
2026-06-12T13:00:24.256883384Z time="2026-06-12T13:00:24Z" level=error msg="error syncing 'longhorn-system/pvc-d1565a37-10bc-4375-bfce-0978b8200338': handler harvester-netfs-service-handler: networkfilesystems.harvesterhci.io \"pvc-d1565a37-10bc-4375-bfce-0978b8200338\" not found, requeuing"
2026-06-12T13:00:26.251752396Z time="2026-06-12T13:00:26Z" level=info msg="Handling endpoint pvc-d1565a37-10bc-4375-bfce-0978b8200338 change event"
2026-06-12T13:00:26.253937432Z time="2026-06-12T13:00:26Z" level=error msg="Failed to get networkFS pvc-d1565a37-10bc-4375-bfce-0978b8200338: networkfilesystems.harvesterhci.io \"pvc-d1565a37-10bc-4375-bfce-0978b8200338\" not found"
2026-06-12T13:00:26.253953607Z time="2026-06-12T13:00:26Z" level=error msg="error syncing 'longhorn-system/pvc-d1565a37-10bc-4375-bfce-0978b8200338': handler harvester-netfs-endpoint-handler: networkfilesystems.harvesterhci.io \"pvc-d1565a37-10bc-4375-bfce-0978b8200338\" not found, requeuing"
2026-06-12T13:00:44.737113557Z time="2026-06-12T13:00:44Z" level=info msg="Handling service pvc-d1565a37-10bc-4375-bfce-0978b8200338 change event"
2026-06-12T13:00:44.739290599Z time="2026-06-12T13:00:44Z" level=error msg="Failed to get networkFS pvc-d1565a37-10bc-4375-bfce-0978b8200338: networkfilesystems.harvesterhci.io \"pvc-d1565a37-10bc-4375-bfce-0978b8200338\" not found"
2026-06-12T13:00:44.739308500Z time="2026-06-12T13:00:44Z" level=error msg="error syncing 'longhorn-system/pvc-d1565a37-10bc-4375-bfce-0978b8200338': handler harvester-netfs-service-handler: networkfilesystems.harvesterhci.io \"pvc-d1565a37-10bc-4375-bfce-0978b8200338\" not found, requeuing"
2026-06-12T13:00:56.254379197Z time="2026-06-12T13:00:56Z" level=info msg="Handling endpoint pvc-d1565a37-10bc-4375-bfce-0978b8200338 change event"
2026-06-12T13:00:56.256754052Z time="2026-06-12T13:00:56Z" level=error msg="Failed to get networkFS pvc-d1565a37-10bc-4375-bfce-0978b8200338: networkfilesystems.harvesterhci.io \"pvc-d1565a37-10bc-4375-bfce-0978b8200338\" not found"
2026-06-12T13:00:56.256778478Z time="2026-06-12T13:00:56Z" level=error msg="error syncing 'longhorn-system/pvc-d1565a37-10bc-4375-bfce-0978b8200338': handler harvester-netfs-endpoint-handler: networkfilesystems.harvesterhci.io \"pvc-d1565a37-10bc-4375-bfce-0978b8200338\" not found, requeuing"
2026-06-12T13:01:14.740558576Z time="2026-06-12T13:01:14Z" level=info msg="Handling service pvc-d1565a37-10bc-4375-bfce-0978b8200338 change event"
2026-06-12T13:01:14.742927695Z time="2026-06-12T13:01:14Z" level=error msg="Failed to get networkFS pvc-d1565a37-10bc-4375-bfce-0978b8200338: networkfilesystems.harvesterhci.io \"pvc-d1565a37-10bc-4375-bfce-0978b8200338\" not found"
2026-06-12T13:01:14.742940861Z time="2026-06-12T13:01:14Z" level=error msg="error syncing 'longhorn-system/pvc-d1565a37-10bc-4375-bfce-0978b8200338': handler harvester-netfs-service-handler: networkfilesystems.harvesterhci.io \"pvc-d1565a37-10bc-4375-bfce-0978b8200338\" not found, requeuing"
2026-06-12T13:01:26.257035589Z time="2026-06-12T13:01:26Z" level=info msg="Handling endpoint pvc-d1565a37-10bc-4375-bfce-0978b8200338 change event"
2026-06-12T13:01:26.259745100Z time="2026-06-12T13:01:26Z" level=error msg="Failed to get networkFS pvc-d1565a37-10bc-4375-bfce-0978b8200338: networkfilesystems.harvesterhci.io \"pvc-d1565a37-10bc-4375-bfce-0978b8200338\" not found"
2026-06-12T13:01:26.259773293Z time="2026-06-12T13:01:26Z" level=error msg="error syncing 'longhorn-system/pvc-d1565a37-10bc-4375-bfce-0978b8200338': handler harvester-netfs-endpoint-handler: networkfilesystems.harvesterhci.io \"pvc-d1565a37-10bc-4375-bfce-0978b8200338\" not found, requeuing"
2026-06-12T13:01:44.743278923Z time="2026-06-12T13:01:44Z" level=info msg="Handling service pvc-d1565a37-10bc-4375-bfce-0978b8200338 change event"
2026-06-12T13:01:44.745858634Z time="2026-06-12T13:01:44Z" level=error msg="Failed to get networkFS pvc-d1565a37-10bc-4375-bfce-0978b8200338: networkfilesystems.harvesterhci.io \"pvc-d1565a37-10bc-4375-bfce-0978b8200338\" not found"
2026-06-12T13:01:44.745875934Z time="2026-06-12T13:01:44Z" level=error msg="error syncing 'longhorn-system/pvc-d1565a37-10bc-4375-bfce-0978b8200338': handler harvester-netfs-service-handler: networkfilesystems.harvesterhci.io \"pvc-d1565a37-10bc-4375-bfce-0978b8200338\" not found, requeuing"
2026-06-12T13:01:56.259912428Z time="2026-06-12T13:01:56Z" level=info msg="Handling endpoint pvc-d1565a37-10bc-4375-bfce-0978b8200338 change event"
2026-06-12T13:01:56.261942491Z time="2026-06-12T13:01:56Z" level=error msg="Failed to get networkFS pvc-d1565a37-10bc-4375-bfce-0978b8200338: networkfilesystems.harvesterhci.io \"pvc-d1565a37-10bc-4375-bfce-0978b8200338\" not found"
2026-06-12T13:01:56.261988243Z time="2026-06-12T13:01:56Z" level=error msg="error syncing 'longhorn-system/pvc-d1565a37-10bc-4375-bfce-0978b8200338': handler harvester-netfs-endpoint-handler: networkfilesystems.harvesterhci.io \"pvc-d1565a37-10bc-4375-bfce-0978b8200338\" not found, requeuing"
2026-06-12T13:02:08.623279934Z time="2026-06-12T13:02:08Z" level=info msg="Handling endpoint pvc-d1565a37-10bc-4375-bfce-0978b8200338 change event"
2026-06-12T13:02:08.631272795Z time="2026-06-12T13:02:08Z" level=error msg="Failed to get networkFS pvc-d1565a37-10bc-4375-bfce-0978b8200338: networkfilesystems.harvesterhci.io \"pvc-d1565a37-10bc-4375-bfce-0978b8200338\" not found"
2026-06-12T13:02:08.631295392Z time="2026-06-12T13:02:08Z" level=error msg="error syncing 'longhorn-system/pvc-d1565a37-10bc-4375-bfce-0978b8200338': handler harvester-netfs-endpoint-handler: networkfilesystems.harvesterhci.io \"pvc-d1565a37-10bc-4375-bfce-0978b8200338\" not found, requeuing"
2026-06-12T13:02:08.631334679Z time="2026-06-12T13:02:08Z" level=info msg="Handling endpoint pvc-d1565a37-10bc-4375-bfce-0978b8200338 change event"
2026-06-12T13:02:08.637986796Z time="2026-06-12T13:02:08Z" level=error msg="Failed to get networkFS pvc-d1565a37-10bc-4375-bfce-0978b8200338: networkfilesystems.harvesterhci.io \"pvc-d1565a37-10bc-4375-bfce-0978b8200338\" not found"
2026-06-12T13:02:08.638011645Z time="2026-06-12T13:02:08Z" level=error msg="error syncing 'longhorn-system/pvc-d1565a37-10bc-4375-bfce-0978b8200338': handler harvester-netfs-endpoint-handler: networkfilesystems.harvesterhci.io \"pvc-d1565a37-10bc-4375-bfce-0978b8200338\" not found, requeuing"
2026-06-12T13:02:08.651798743Z time="2026-06-12T13:02:08Z" level=info msg="Handling endpoint pvc-d1565a37-10bc-4375-bfce-0978b8200338 change event"
2026-06-12T13:02:08.653887864Z time="2026-06-12T13:02:08Z" level=error msg="Failed to get networkFS pvc-d1565a37-10bc-4375-bfce-0978b8200338: networkfilesystems.harvesterhci.io \"pvc-d1565a37-10bc-4375-bfce-0978b8200338\" not found"
2026-06-12T13:02:08.653924066Z time="2026-06-12T13:02:08Z" level=error msg="error syncing 'longhorn-system/pvc-d1565a37-10bc-4375-bfce-0978b8200338': handler harvester-netfs-endpoint-handler: networkfilesystems.harvesterhci.io \"pvc-d1565a37-10bc-4375-bfce-0978b8200338\" not found, requeuing"
2026-06-12T13:02:08.662497660Z time="2026-06-12T13:02:08Z" level=info msg="Handling endpoint pvc-d1565a37-10bc-4375-bfce-0978b8200338 change event"
2026-06-12T13:02:08.668610588Z time="2026-06-12T13:02:08Z" level=error msg="Failed to get networkFS pvc-d1565a37-10bc-4375-bfce-0978b8200338: networkfilesystems.harvesterhci.io \"pvc-d1565a37-10bc-4375-bfce-0978b8200338\" not found"
2026-06-12T13:02:08.668654776Z time="2026-06-12T13:02:08Z" level=error msg="error syncing 'longhorn-system/pvc-d1565a37-10bc-4375-bfce-0978b8200338': handler harvester-netfs-endpoint-handler: networkfilesystems.harvesterhci.io \"pvc-d1565a37-10bc-4375-bfce-0978b8200338\" not found, requeuing"
2026-06-12T13:02:09.155670405Z time="2026-06-12T13:02:09Z" level=info msg="Handling endpoint pvc-d1565a37-10bc-4375-bfce-0978b8200338 change event"
2026-06-12T13:02:09.157914208Z time="2026-06-12T13:02:09Z" level=error msg="Failed to get networkFS pvc-d1565a37-10bc-4375-bfce-0978b8200338: networkfilesystems.harvesterhci.io \"pvc-d1565a37-10bc-4375-bfce-0978b8200338\" not found"
2026-06-12T13:02:09.157933224Z time="2026-06-12T13:02:09Z" level=error msg="error syncing 'longhorn-system/pvc-d1565a37-10bc-4375-bfce-0978b8200338': handler harvester-netfs-endpoint-handler: networkfilesystems.harvesterhci.io \"pvc-d1565a37-10bc-4375-bfce-0978b8200338\" not found, requeuing"
2026-06-12T13:02:09.160088534Z time="2026-06-12T13:02:09Z" level=info msg="Handling endpoint pvc-d1565a37-10bc-4375-bfce-0978b8200338 change event"
2026-06-12T13:02:09.166221342Z time="2026-06-12T13:02:09Z" level=error msg="Failed to get networkFS pvc-d1565a37-10bc-4375-bfce-0978b8200338: networkfilesystems.harvesterhci.io \"pvc-d1565a37-10bc-4375-bfce-0978b8200338\" not found"
2026-06-12T13:02:09.166234717Z time="2026-06-12T13:02:09Z" level=error msg="error syncing 'longhorn-system/pvc-d1565a37-10bc-4375-bfce-0978b8200338': handler harvester-netfs-endpoint-handler: networkfilesystems.harvesterhci.io \"pvc-d1565a37-10bc-4375-bfce-0978b8200338\" not found, requeuing"
2026-06-12T13:02:09.254725010Z time="2026-06-12T13:02:09Z" level=info msg="Handling endpoint pvc-d1565a37-10bc-4375-bfce-0978b8200338 change event"
2026-06-12T13:02:09.256744517Z time="2026-06-12T13:02:09Z" level=error msg="Failed to get networkFS pvc-d1565a37-10bc-4375-bfce-0978b8200338: networkfilesystems.harvesterhci.io \"pvc-d1565a37-10bc-4375-bfce-0978b8200338\" not found"
2026-06-12T13:02:09.256791667Z time="2026-06-12T13:02:09Z" level=error msg="error syncing 'longhorn-system/pvc-d1565a37-10bc-4375-bfce-0978b8200338': handler harvester-netfs-endpoint-handler: networkfilesystems.harvesterhci.io \"pvc-d1565a37-10bc-4375-bfce-0978b8200338\" not found, requeuing"
2026-06-12T13:02:09.265355873Z time="2026-06-12T13:02:09Z" level=info msg="Handling endpoint pvc-d1565a37-10bc-4375-bfce-0978b8200338 change event"
2026-06-12T13:02:09.267424934Z time="2026-06-12T13:02:09Z" level=error msg="Failed to get networkFS pvc-d1565a37-10bc-4375-bfce-0978b8200338: networkfilesystems.harvesterhci.io \"pvc-d1565a37-10bc-4375-bfce-0978b8200338\" not found"
2026-06-12T13:02:09.267439847Z time="2026-06-12T13:02:09Z" level=error msg="error syncing 'longhorn-system/pvc-d1565a37-10bc-4375-bfce-0978b8200338': handler harvester-netfs-endpoint-handler: networkfilesystems.harvesterhci.io \"pvc-d1565a37-10bc-4375-bfce-0978b8200338\" not found, requeuing"
2026-06-12T13:02:09.467184522Z time="2026-06-12T13:02:09Z" level=info msg="Handling endpoint pvc-d1565a37-10bc-4375-bfce-0978b8200338 change event"
2026-06-12T13:02:09.469031322Z time="2026-06-12T13:02:09Z" level=error msg="Failed to get networkFS pvc-d1565a37-10bc-4375-bfce-0978b8200338: networkfilesystems.harvesterhci.io \"pvc-d1565a37-10bc-4375-bfce-0978b8200338\" not found"
2026-06-12T13:02:09.469052595Z time="2026-06-12T13:02:09Z" level=error msg="error syncing 'longhorn-system/pvc-d1565a37-10bc-4375-bfce-0978b8200338': handler harvester-netfs-endpoint-handler: networkfilesystems.harvesterhci.io \"pvc-d1565a37-10bc-4375-bfce-0978b8200338\" not found, requeuing"
2026-06-12T13:02:09.482261270Z time="2026-06-12T13:02:09Z" level=info msg="Handling endpoint pvc-d1565a37-10bc-4375-bfce-0978b8200338 change event"
2026-06-12T13:02:09.484180311Z time="2026-06-12T13:02:09Z" level=error msg="Failed to get networkFS pvc-d1565a37-10bc-4375-bfce-0978b8200338: networkfilesystems.harvesterhci.io \"pvc-d1565a37-10bc-4375-bfce-0978b8200338\" not found"
2026-06-12T13:02:09.484218575Z time="2026-06-12T13:02:09Z" level=error msg="error syncing 'longhorn-system/pvc-d1565a37-10bc-4375-bfce-0978b8200338': handler harvester-netfs-endpoint-handler: networkfilesystems.harvesterhci.io \"pvc-d1565a37-10bc-4375-bfce-0978b8200338\" not found, requeuing"
2026-06-12T13:02:09.486682004Z time="2026-06-12T13:02:09Z" level=info msg="Handling endpoint pvc-d1565a37-10bc-4375-bfce-0978b8200338 change event"
2026-06-12T13:02:09.491266972Z time="2026-06-12T13:02:09Z" level=error msg="Failed to get networkFS pvc-d1565a37-10bc-4375-bfce-0978b8200338: networkfilesystems.harvesterhci.io \"pvc-d1565a37-10bc-4375-bfce-0978b8200338\" not found"
2026-06-12T13:02:09.491282535Z time="2026-06-12T13:02:09Z" level=error msg="error syncing 'longhorn-system/pvc-d1565a37-10bc-4375-bfce-0978b8200338': handler harvester-netfs-endpoint-handler: networkfilesystems.harvesterhci.io \"pvc-d1565a37-10bc-4375-bfce-0978b8200338\" not found, requeuing"
2026-06-12T13:02:14.733259540Z time="2026-06-12T13:02:14Z" level=info msg="Skip this round because sharemanager is deleted or deleting"
2026-06-12T13:02:14.746027260Z time="2026-06-12T13:02:14Z" level=info msg="Handling service pvc-d1565a37-10bc-4375-bfce-0978b8200338 change event"
2026-06-12T13:02:14.751867255Z time="2026-06-12T13:02:14Z" level=error msg="Failed to get networkFS pvc-d1565a37-10bc-4375-bfce-0978b8200338: networkfilesystems.harvesterhci.io \"pvc-d1565a37-10bc-4375-bfce-0978b8200338\" not found"
2026-06-12T13:02:14.751896813Z time="2026-06-12T13:02:14Z" level=error msg="error syncing 'longhorn-system/pvc-d1565a37-10bc-4375-bfce-0978b8200338': handler harvester-netfs-service-handler: networkfilesystems.harvesterhci.io \"pvc-d1565a37-10bc-4375-bfce-0978b8200338\" not found, requeuing"
2026-06-12T13:02:26.262816835Z time="2026-06-12T13:02:26Z" level=info msg="Handling endpoint pvc-d1565a37-10bc-4375-bfce-0978b8200338 change event"
2026-06-12T13:02:26.264878853Z time="2026-06-12T13:02:26Z" level=error msg="Failed to get networkFS pvc-d1565a37-10bc-4375-bfce-0978b8200338: networkfilesystems.harvesterhci.io \"pvc-d1565a37-10bc-4375-bfce-0978b8200338\" not found"
2026-06-12T13:02:26.264894380Z time="2026-06-12T13:02:26Z" level=error msg="error syncing 'longhorn-system/pvc-d1565a37-10bc-4375-bfce-0978b8200338': handler harvester-netfs-endpoint-handler: networkfilesystems.harvesterhci.io \"pvc-d1565a37-10bc-4375-bfce-0978b8200338\" not found, requeuing"
2026-06-12T13:02:29.278196884Z time="2026-06-12T13:02:29Z" level=info msg="Skip this round because sharemanager is deleted or deleting"
2026-06-12T13:02:29.301703122Z time="2026-06-12T13:02:29Z" level=info msg="Skip this round because service is deleted or deleting"
2026-06-12T13:02:29.303189433Z time="2026-06-12T13:02:29Z" level=info msg="Skip this round because endpoint is deleted or deleting"
2026-06-12T13:02:44.753106037Z time="2026-06-12T13:02:44Z" level=info msg="Skip this round because service is deleted or deleting"
2026-06-12T13:02:56.265836604Z time="2026-06-12T13:02:56Z" level=info msg="Skip this round because endpoint is deleted or deleting"
2026-06-12T13:07:06.661189333Z I0612 13:07:06.661084       1 warnings.go:110] "Warning: v1 Endpoints is deprecated in v1.33+; use discovery.k8s.io/v1 EndpointSlice"
2026-06-12T13:16:15.662375567Z I0612 13:16:15.662209       1 warnings.go:110] "Warning: v1 Endpoints is deprecated in v1.33+; use discovery.k8s.io/v1 EndpointSlice"
2026-06-12T13:21:46.664198038Z I0612 13:21:46.664071       1 warnings.go:110] "Warning: v1 Endpoints is deprecated in v1.33+; use discovery.k8s.io/v1 EndpointSlice"
2026-06-12T13:31:19.666366020Z I0612 13:31:19.666223       1 warnings.go:110] "Warning: v1 Endpoints is deprecated in v1.33+; use discovery.k8s.io/v1 EndpointSlice"
2026-06-12T13:37:53.668042026Z I0612 13:37:53.667870       1 warnings.go:110] "Warning: v1 Endpoints is deprecated in v1.33+; use discovery.k8s.io/v1 EndpointSlice"
2026-06-12T13:46:18.669278054Z I0612 13:46:18.669159       1 warnings.go:110] "Warning: v1 Endpoints is deprecated in v1.33+; use discovery.k8s.io/v1 EndpointSlice"
2026-06-12T13:54:29.671279924Z I0612 13:54:29.671189       1 warnings.go:110] "Warning: v1 Endpoints is deprecated in v1.33+; use discovery.k8s.io/v1 EndpointSlice"
2026-06-12T14:03:09.672581128Z I0612 14:03:09.672473       1 warnings.go:110] "Warning: v1 Endpoints is deprecated in v1.33+; use discovery.k8s.io/v1 EndpointSlice"
2026-06-12T14:11:45.674477524Z I0612 14:11:45.674350       1 warnings.go:110] "Warning: v1 Endpoints is deprecated in v1.33+; use discovery.k8s.io/v1 EndpointSlice"
2026-06-12T14:21:11.676272260Z I0612 14:21:11.676096       1 warnings.go:110] "Warning: v1 Endpoints is deprecated in v1.33+; use discovery.k8s.io/v1 EndpointSlice"
2026-06-12T14:26:26.677666480Z I0612 14:26:26.677535       1 warnings.go:110] "Warning: v1 Endpoints is deprecated in v1.33+; use discovery.k8s.io/v1 EndpointSlice"
2026-06-12T14:31:33.679379976Z I0612 14:31:33.679266       1 warnings.go:110] "Warning: v1 Endpoints is deprecated in v1.33+; use discovery.k8s.io/v1 EndpointSlice"
2026-06-12T14:39:08.681546089Z I0612 14:39:08.681415       1 warnings.go:110] "Warning: v1 Endpoints is deprecated in v1.33+; use discovery.k8s.io/v1 EndpointSlice"
2026-06-12T14:49:03.683197069Z I0612 14:49:03.683001       1 warnings.go:110] "Warning: v1 Endpoints is deprecated in v1.33+; use discovery.k8s.io/v1 EndpointSlice"
2026-06-12T14:56:30.685264520Z I0612 14:56:30.685097       1 warnings.go:110] "Warning: v1 Endpoints is deprecated in v1.33+; use discovery.k8s.io/v1 EndpointSlice"
2026-06-12T15:06:06.687457970Z I0612 15:06:06.687336       1 warnings.go:110] "Warning: v1 Endpoints is deprecated in v1.33+; use discovery.k8s.io/v1 EndpointSlice"
2026-06-12T15:11:51.688775552Z I0612 15:11:51.688638       1 warnings.go:110] "Warning: v1 Endpoints is deprecated in v1.33+; use discovery.k8s.io/v1 EndpointSlice"
2026-06-12T15:19:05.690331569Z I0612 15:19:05.690175       1 warnings.go:110] "Warning: v1 Endpoints is deprecated in v1.33+; use discovery.k8s.io/v1 EndpointSlice"
2026-06-12T15:24:49.691622287Z I0612 15:24:49.691477       1 warnings.go:110] "Warning: v1 Endpoints is deprecated in v1.33+; use discovery.k8s.io/v1 EndpointSlice"
2026-06-12T15:29:52.693952998Z I0612 15:29:52.693798       1 warnings.go:110] "Warning: v1 Endpoints is deprecated in v1.33+; use discovery.k8s.io/v1 EndpointSlice"
2026-06-12T15:30:21.928704867Z time="2026-06-12T15:30:21Z" level=info msg="Skip this round because service is deleted or deleting"
2026-06-12T15:30:21.930385676Z time="2026-06-12T15:30:21Z" level=info msg="Skip this round because service is deleted or deleting"
2026-06-12T15:30:21.933206322Z time="2026-06-12T15:30:21Z" level=info msg="Skip this round because endpoint is deleted or deleting"
2026-06-12T15:30:21.935046377Z time="2026-06-12T15:30:21Z" level=info msg="Skip this round because endpoint is deleted or deleting"
2026-06-12T15:36:08.695308354Z I0612 15:36:08.695157       1 warnings.go:110] "Warning: v1 Endpoints is deprecated in v1.33+; use discovery.k8s.io/v1 EndpointSlice"
2026-06-12T15:42:53.696491427Z I0612 15:42:53.696359       1 warnings.go:110] "Warning: v1 Endpoints is deprecated in v1.33+; use discovery.k8s.io/v1 EndpointSlice"
2026-06-12T15:51:38.697870776Z I0612 15:51:38.697707       1 warnings.go:110] "Warning: v1 Endpoints is deprecated in v1.33+; use discovery.k8s.io/v1 EndpointSlice"
2026-06-12T16:00:58.699381548Z I0612 16:00:58.699253       1 warnings.go:110] "Warning: v1 Endpoints is deprecated in v1.33+; use discovery.k8s.io/v1 EndpointSlice"
2026-06-12T16:07:22.701430801Z I0612 16:07:22.701281       1 warnings.go:110] "Warning: v1 Endpoints is deprecated in v1.33+; use discovery.k8s.io/v1 EndpointSlice"
2026-06-12T16:17:14.702555685Z I0612 16:17:14.702421       1 warnings.go:110] "Warning: v1 Endpoints is deprecated in v1.33+; use discovery.k8s.io/v1 EndpointSlice"
2026-06-12T16:23:02.704100332Z I0612 16:23:02.703990       1 warnings.go:110] "Warning: v1 Endpoints is deprecated in v1.33+; use discovery.k8s.io/v1 EndpointSlice"
2026-06-12T16:31:57.705486209Z I0612 16:31:57.705354       1 warnings.go:110] "Warning: v1 Endpoints is deprecated in v1.33+; use discovery.k8s.io/v1 EndpointSlice"
2026-06-12T16:39:25.707243461Z I0612 16:39:25.707031       1 warnings.go:110] "Warning: v1 Endpoints is deprecated in v1.33+; use discovery.k8s.io/v1 EndpointSlice"
2026-06-12T16:48:12.708721620Z I0612 16:48:12.708564       1 warnings.go:110] "Warning: v1 Endpoints is deprecated in v1.33+; use discovery.k8s.io/v1 EndpointSlice"
2026-06-12T16:57:25.710121251Z I0612 16:57:25.709970       1 warnings.go:110] "Warning: v1 Endpoints is deprecated in v1.33+; use discovery.k8s.io/v1 EndpointSlice"
2026-06-12T17:03:51.711616700Z I0612 17:03:51.711463       1 warnings.go:110] "Warning: v1 Endpoints is deprecated in v1.33+; use discovery.k8s.io/v1 EndpointSlice"
2026-06-12T17:13:01.713185427Z I0612 17:13:01.713007       1 warnings.go:110] "Warning: v1 Endpoints is deprecated in v1.33+; use discovery.k8s.io/v1 EndpointSlice"
2026-06-12T17:22:45.715544440Z I0612 17:22:45.715375       1 warnings.go:110] "Warning: v1 Endpoints is deprecated in v1.33+; use discovery.k8s.io/v1 EndpointSlice"
2026-06-12T17:29:38.716435969Z I0612 17:29:38.716344       1 warnings.go:110] "Warning: v1 Endpoints is deprecated in v1.33+; use discovery.k8s.io/v1 EndpointSlice"
2026-06-12T17:34:55.718935288Z I0612 17:34:55.718777       1 warnings.go:110] "Warning: v1 Endpoints is deprecated in v1.33+; use discovery.k8s.io/v1 EndpointSlice"
2026-06-12T17:43:20.720893185Z I0612 17:43:20.720792       1 warnings.go:110] "Warning: v1 Endpoints is deprecated in v1.33+; use discovery.k8s.io/v1 EndpointSlice"
2026-06-12T17:51:15.722899813Z I0612 17:51:15.722779       1 warnings.go:110] "Warning: v1 Endpoints is deprecated in v1.33+; use discovery.k8s.io/v1 EndpointSlice"
2026-06-12T17:57:55.725046143Z I0612 17:57:55.724939       1 warnings.go:110] "Warning: v1 Endpoints is deprecated in v1.33+; use discovery.k8s.io/v1 EndpointSlice"
2026-06-12T18:07:24.726594961Z I0612 18:07:24.726430       1 warnings.go:110] "Warning: v1 Endpoints is deprecated in v1.33+; use discovery.k8s.io/v1 EndpointSlice"
2026-06-12T18:16:07.728773806Z I0612 18:16:07.728626       1 warnings.go:110] "Warning: v1 Endpoints is deprecated in v1.33+; use discovery.k8s.io/v1 EndpointSlice"
2026-06-12T18:22:45.730379243Z I0612 18:22:45.730230       1 warnings.go:110] "Warning: v1 Endpoints is deprecated in v1.33+; use discovery.k8s.io/v1 EndpointSlice"
2026-06-12T18:30:01.731864687Z I0612 18:30:01.731709       1 warnings.go:110] "Warning: v1 Endpoints is deprecated in v1.33+; use discovery.k8s.io/v1 EndpointSlice"
2026-06-12T18:38:55.733862927Z I0612 18:38:55.733702       1 warnings.go:110] "Warning: v1 Endpoints is deprecated in v1.33+; use discovery.k8s.io/v1 EndpointSlice"
2026-06-12T18:46:54.735281917Z I0612 18:46:54.735157       1 warnings.go:110] "Warning: v1 Endpoints is deprecated in v1.33+; use discovery.k8s.io/v1 EndpointSlice"
2026-06-12T18:52:58.737263577Z I0612 18:52:58.737138       1 warnings.go:110] "Warning: v1 Endpoints is deprecated in v1.33+; use discovery.k8s.io/v1 EndpointSlice"
2026-06-12T19:02:21.739274449Z I0612 19:02:21.739146       1 warnings.go:110] "Warning: v1 Endpoints is deprecated in v1.33+; use discovery.k8s.io/v1 EndpointSlice"
2026-06-12T19:08:01.741119625Z I0612 19:08:01.740993       1 warnings.go:110] "Warning: v1 Endpoints is deprecated in v1.33+; use discovery.k8s.io/v1 EndpointSlice"
2026-06-12T19:16:48.742914056Z I0612 19:16:48.742771       1 warnings.go:110] "Warning: v1 Endpoints is deprecated in v1.33+; use discovery.k8s.io/v1 EndpointSlice"
2026-06-12T19:25:42.744988537Z I0612 19:25:42.744822       1 warnings.go:110] "Warning: v1 Endpoints is deprecated in v1.33+; use discovery.k8s.io/v1 EndpointSlice"
2026-06-12T19:30:44.746983355Z I0612 19:30:44.746830       1 warnings.go:110] "Warning: v1 Endpoints is deprecated in v1.33+; use discovery.k8s.io/v1 EndpointSlice"
2026-06-12T19:36:37.748862850Z I0612 19:36:37.748732       1 warnings.go:110] "Warning: v1 Endpoints is deprecated in v1.33+; use discovery.k8s.io/v1 EndpointSlice"
2026-06-12T19:44:45.750085803Z I0612 19:44:45.749940       1 warnings.go:110] "Warning: v1 Endpoints is deprecated in v1.33+; use discovery.k8s.io/v1 EndpointSlice"
2026-06-12T19:52:18.751300451Z I0612 19:52:18.751176       1 warnings.go:110] "Warning: v1 Endpoints is deprecated in v1.33+; use discovery.k8s.io/v1 EndpointSlice"
2026-06-12T19:57:57.752538383Z I0612 19:57:57.752421       1 warnings.go:110] "Warning: v1 Endpoints is deprecated in v1.33+; use discovery.k8s.io/v1 EndpointSlice"
2026-06-12T20:06:05.754593408Z I0612 20:06:05.754473       1 warnings.go:110] "Warning: v1 Endpoints is deprecated in v1.33+; use discovery.k8s.io/v1 EndpointSlice"
2026-06-12T20:14:54.755807172Z I0612 20:14:54.755706       1 warnings.go:110] "Warning: v1 Endpoints is deprecated in v1.33+; use discovery.k8s.io/v1 EndpointSlice"
2026-06-12T20:19:59.758071098Z I0612 20:19:59.757900       1 warnings.go:110] "Warning: v1 Endpoints is deprecated in v1.33+; use discovery.k8s.io/v1 EndpointSlice"
2026-06-12T20:29:52.759377395Z I0612 20:29:52.759263       1 warnings.go:110] "Warning: v1 Endpoints is deprecated in v1.33+; use discovery.k8s.io/v1 EndpointSlice"
2026-06-12T20:37:29.760687131Z I0612 20:37:29.760568       1 warnings.go:110] "Warning: v1 Endpoints is deprecated in v1.33+; use discovery.k8s.io/v1 EndpointSlice"
2026-06-12T20:43:08.762326721Z I0612 20:43:08.762217       1 warnings.go:110] "Warning: v1 Endpoints is deprecated in v1.33+; use discovery.k8s.io/v1 EndpointSlice"
2026-06-12T20:51:54.764109105Z I0612 20:51:54.763936       1 warnings.go:110] "Warning: v1 Endpoints is deprecated in v1.33+; use discovery.k8s.io/v1 EndpointSlice"
2026-06-12T21:00:49.765710268Z I0612 21:00:49.765544       1 warnings.go:110] "Warning: v1 Endpoints is deprecated in v1.33+; use discovery.k8s.io/v1 EndpointSlice"
2026-06-12T21:07:48.766719444Z I0612 21:07:48.766570       1 warnings.go:110] "Warning: v1 Endpoints is deprecated in v1.33+; use discovery.k8s.io/v1 EndpointSlice"
2026-06-12T21:13:07.768383655Z I0612 21:13:07.768234       1 warnings.go:110] "Warning: v1 Endpoints is deprecated in v1.33+; use discovery.k8s.io/v1 EndpointSlice"
2026-06-12T21:18:22.770226266Z I0612 21:18:22.770107       1 warnings.go:110] "Warning: v1 Endpoints is deprecated in v1.33+; use discovery.k8s.io/v1 EndpointSlice"
2026-06-12T21:23:45.771569037Z I0612 21:23:45.771451       1 warnings.go:110] "Warning: v1 Endpoints is deprecated in v1.33+; use discovery.k8s.io/v1 EndpointSlice"
2026-06-12T21:33:08.772706423Z I0612 21:33:08.772604       1 warnings.go:110] "Warning: v1 Endpoints is deprecated in v1.33+; use discovery.k8s.io/v1 EndpointSlice"
2026-06-12T21:38:39.774500623Z I0612 21:38:39.774339       1 warnings.go:110] "Warning: v1 Endpoints is deprecated in v1.33+; use discovery.k8s.io/v1 EndpointSlice"
2026-06-12T21:46:51.776286297Z I0612 21:46:51.776166       1 warnings.go:110] "Warning: v1 Endpoints is deprecated in v1.33+; use discovery.k8s.io/v1 EndpointSlice"
2026-06-12T21:54:57.777883522Z I0612 21:54:57.777776       1 warnings.go:110] "Warning: v1 Endpoints is deprecated in v1.33+; use discovery.k8s.io/v1 EndpointSlice"
2026-06-12T22:01:50.779525892Z I0612 22:01:50.779386       1 warnings.go:110] "Warning: v1 Endpoints is deprecated in v1.33+; use discovery.k8s.io/v1 EndpointSlice"
2026-06-12T22:08:14.780966364Z I0612 22:08:14.780822       1 warnings.go:110] "Warning: v1 Endpoints is deprecated in v1.33+; use discovery.k8s.io/v1 EndpointSlice"
2026-06-12T22:15:10.782369212Z I0612 22:15:10.782194       1 warnings.go:110] "Warning: v1 Endpoints is deprecated in v1.33+; use discovery.k8s.io/v1 EndpointSlice"
2026-06-12T22:20:15.784137720Z I0612 22:20:15.783964       1 warnings.go:110] "Warning: v1 Endpoints is deprecated in v1.33+; use discovery.k8s.io/v1 EndpointSlice"
2026-06-12T22:29:55.785082600Z I0612 22:29:55.785000       1 warnings.go:110] "Warning: v1 Endpoints is deprecated in v1.33+; use discovery.k8s.io/v1 EndpointSlice"
2026-06-12T22:35:16.786684693Z I0612 22:35:16.786586       1 warnings.go:110] "Warning: v1 Endpoints is deprecated in v1.33+; use discovery.k8s.io/v1 EndpointSlice"
2026-06-12T22:43:50.788465942Z I0612 22:43:50.788335       1 warnings.go:110] "Warning: v1 Endpoints is deprecated in v1.33+; use discovery.k8s.io/v1 EndpointSlice"
2026-06-12T22:50:03.789789172Z I0612 22:50:03.789613       1 warnings.go:110] "Warning: v1 Endpoints is deprecated in v1.33+; use discovery.k8s.io/v1 EndpointSlice"
2026-06-12T22:55:12.791471560Z I0612 22:55:12.791362       1 warnings.go:110] "Warning: v1 Endpoints is deprecated in v1.33+; use discovery.k8s.io/v1 EndpointSlice"
2026-06-12T23:04:48.793376209Z I0612 23:04:48.793236       1 warnings.go:110] "Warning: v1 Endpoints is deprecated in v1.33+; use discovery.k8s.io/v1 EndpointSlice"
