2026-06-12T15:45:30.206699270Z time="2026-06-12T15:45:30Z" level=info msg="Starting Harvester API Server version d46887de (d46887de)"
2026-06-12T15:45:31.670529351Z time="2026-06-12T15:45:31Z" level=info msg="Do not update the existing CRD KeyPair"
2026-06-12T15:45:31.670559345Z time="2026-06-12T15:45:31Z" level=info msg="Do not update the existing CRD Upgrade"
2026-06-12T15:45:31.670564317Z time="2026-06-12T15:45:31Z" level=info msg="Do not update the existing CRD UpgradeLog"
2026-06-12T15:45:31.670568458Z time="2026-06-12T15:45:31Z" level=info msg="Do not update the existing CRD Version"
2026-06-12T15:45:31.670572389Z time="2026-06-12T15:45:31Z" level=info msg="Do not update the existing CRD VirtualMachineImage"
2026-06-12T15:45:31.670577635Z time="2026-06-12T15:45:31Z" level=info msg="Do not update the existing CRD VirtualMachineTemplate"
2026-06-12T15:45:31.670581724Z time="2026-06-12T15:45:31Z" level=info msg="Do not update the existing CRD VirtualMachineTemplateVersion"
2026-06-12T15:45:31.670585655Z time="2026-06-12T15:45:31Z" level=info msg="Do not update the existing CRD VirtualMachineBackup"
2026-06-12T15:45:31.670589671Z time="2026-06-12T15:45:31Z" level=info msg="Do not update the existing CRD VirtualMachineRestore"
2026-06-12T15:45:31.670615644Z time="2026-06-12T15:45:31Z" level=info msg="Do not update the existing CRD Preference"
2026-06-12T15:45:31.670631384Z time="2026-06-12T15:45:31Z" level=info msg="Do not update the existing CRD SupportBundle"
2026-06-12T15:45:31.670635540Z time="2026-06-12T15:45:31Z" level=info msg="Do not update the existing CRD ResourceQuota"
2026-06-12T15:45:31.670646683Z time="2026-06-12T15:45:31Z" level=info msg="Do not update the existing CRD ScheduleVMBackup"
2026-06-12T15:45:31.670652877Z time="2026-06-12T15:45:31Z" level=info msg="Do not update the existing CRD VolumeRemoteBackup"
2026-06-12T15:45:31.670656839Z time="2026-06-12T15:45:31Z" level=info msg="Do not update the existing CRD VolumeRemoteRestore"
2026-06-12T15:45:31.670660797Z time="2026-06-12T15:45:31Z" level=info msg="Do not update the existing CRD BackingImage"
2026-06-12T15:45:31.670665060Z time="2026-06-12T15:45:31Z" level=info msg="Do not update the existing CRD BackingImageDataSource"
2026-06-12T15:45:31.670669503Z time="2026-06-12T15:45:31Z" level=info msg="Do not update the existing CRD Backup"
2026-06-12T15:45:31.670673532Z time="2026-06-12T15:45:31Z" level=info msg="Do not update the existing CRD BackupVolume"
2026-06-12T15:45:31.670677269Z time="2026-06-12T15:45:31Z" level=info msg="Do not update the existing CRD BackupBackingImage"
2026-06-12T15:45:31.670680929Z time="2026-06-12T15:45:31Z" level=info msg="Do not update the existing CRD Engine"
2026-06-12T15:45:31.670684484Z time="2026-06-12T15:45:31Z" level=info msg="Do not update the existing CRD Snapshot"
2026-06-12T15:45:31.670688108Z time="2026-06-12T15:45:31Z" level=info msg="Do not update the existing CRD Volume"
2026-06-12T15:45:31.670702589Z time="2026-06-12T15:45:31Z" level=info msg="Do not update the existing CRD LHNode"
2026-06-12T15:45:31.670706696Z time="2026-06-12T15:45:31Z" level=info msg="Do not update the existing CRD Setting"
2026-06-12T15:45:31.670710476Z time="2026-06-12T15:45:31Z" level=info msg="Do not update the existing CRD BackupTarget"
2026-06-12T15:45:31.670714025Z time="2026-06-12T15:45:31Z" level=info msg="Do not update the existing CRD Cluster"
2026-06-12T15:45:31.670717629Z time="2026-06-12T15:45:31Z" level=info msg="Do not update the existing CRD Cluster"
2026-06-12T15:45:31.670721555Z time="2026-06-12T15:45:31Z" level=info msg="Do not update the existing CRD Cluster"
2026-06-12T15:45:31.670725511Z time="2026-06-12T15:45:31Z" level=info msg="Do not update the existing CRD Machine"
2026-06-12T15:45:31.670736043Z time="2026-06-12T15:45:31Z" level=info msg="Do not update the existing CRD Addon"
2026-06-12T15:45:31.670756035Z time="2026-06-12T15:45:31Z" level=info msg="Do not update the existing CRD Prometheus"
2026-06-12T15:45:31.670759258Z time="2026-06-12T15:45:31Z" level=info msg="Do not update the existing CRD Alertmanager"
2026-06-12T15:45:31.670761897Z time="2026-06-12T15:45:31Z" level=info msg="Do not update the existing CRD ClusterFlow"
2026-06-12T15:45:31.670764449Z time="2026-06-12T15:45:31Z" level=info msg="Do not update the existing CRD ClusterOutput"
2026-06-12T15:45:31.670772033Z time="2026-06-12T15:45:31Z" level=info msg="Do not update the existing CRD Flow"
2026-06-12T15:45:31.670774898Z time="2026-06-12T15:45:31Z" level=info msg="Do not update the existing CRD Output"
2026-06-12T15:45:31.670777584Z time="2026-06-12T15:45:31Z" level=info msg="Do not update the existing CRD NodeConfig"
2026-06-12T15:45:31.670780111Z time="2026-06-12T15:45:31Z" level=info msg="Do not update the existing CRD RKEControlPlane"
2026-06-12T15:45:31.677623010Z time="2026-06-12T15:45:31Z" level=info msg="Do not update the existing CRD Setting"
2026-06-12T15:45:31.677636797Z time="2026-06-12T15:45:31Z" level=info msg="Do not update the existing CRD APIService"
2026-06-12T15:45:31.677648666Z time="2026-06-12T15:45:31Z" level=info msg="Do not update the existing CRD Setting"
2026-06-12T15:45:31.677653657Z time="2026-06-12T15:45:31Z" level=info msg="Do not update the existing CRD User"
2026-06-12T15:45:31.677656720Z time="2026-06-12T15:45:31Z" level=info msg="Do not update the existing CRD Group"
2026-06-12T15:45:31.677659819Z time="2026-06-12T15:45:31Z" level=info msg="Do not update the existing CRD GroupMember"
2026-06-12T15:45:31.677662484Z time="2026-06-12T15:45:31Z" level=info msg="Do not update the existing CRD Token"
2026-06-12T15:45:31.677665203Z time="2026-06-12T15:45:31Z" level=info msg="Do not update the existing CRD NodeDriver"
2026-06-12T15:45:31.677667922Z time="2026-06-12T15:45:31Z" level=info msg="Do not update the existing CRD Feature"
2026-06-12T15:45:31.677670574Z time="2026-06-12T15:45:31Z" level=info msg="Do not update the existing CRD Plan"
2026-06-12T15:45:31.677673348Z time="2026-06-12T15:45:31Z" level=info msg="Do not update the existing CRD Logging"
2026-06-12T15:45:32.667679756Z time="2026-06-12T15:45:32Z" level=info msg="Waiting for ValidatingWebhookConfiguration harvester-validator..."
2026-06-12T15:45:32.671188385Z time="2026-06-12T15:45:32Z" level=info msg="Waiting for MutatingWebhookConfiguration harvester-mutator..."
2026-06-12T15:45:32.674849664Z time="2026-06-12T15:45:32Z" level=info msg="Admission webhooks are ready"
2026-06-12T15:45:32.686788100Z I0612 15:45:32.686708       7 leaderelection.go:257] attempting to acquire leader lease kube-system/harvester-controllers...
2026-06-12T15:45:34.546988941Z time="2026-06-12T15:45:34Z" level=info msg="Starting k8s.cni.cncf.io/v1, Kind=NetworkAttachmentDefinition controller"
2026-06-12T15:45:34.547135016Z time="2026-06-12T15:45:34Z" level=info msg="Starting apiregistration.k8s.io/v1, Kind=APIService controller"
2026-06-12T15:45:34.547946305Z time="2026-06-12T15:45:34Z" level=info msg="Starting harvesterhci.io/v1beta1, Kind=Upgrade controller"
2026-06-12T15:45:34.548067797Z time="2026-06-12T15:45:34Z" level=info msg="Starting harvesterhci.io/v1beta1, Kind=Addon controller"
2026-06-12T15:45:34.548083217Z time="2026-06-12T15:45:34Z" level=info msg="Starting rbac.authorization.k8s.io/v1, Kind=RoleBinding controller"
2026-06-12T15:45:34.548149893Z time="2026-06-12T15:45:34Z" level=info msg="Starting /v1, Kind=Secret controller"
2026-06-12T15:45:34.548204751Z time="2026-06-12T15:45:34Z" level=info msg="Starting /v1, Kind=Namespace controller"
2026-06-12T15:45:34.548301308Z time="2026-06-12T15:45:34Z" level=info msg="Starting harvesterhci.io/v1beta1, Kind=VirtualMachineImage controller"
2026-06-12T15:45:34.548385539Z time="2026-06-12T15:45:34Z" level=info msg="Starting harvesterhci.io/v1beta1, Kind=VirtualMachineBackup controller"
2026-06-12T15:45:34.548527877Z time="2026-06-12T15:45:34Z" level=info msg="Starting kubevirt.io/v1, Kind=VirtualMachine controller"
2026-06-12T15:45:34.548657787Z time="2026-06-12T15:45:34Z" level=info msg="Starting /v1, Kind=PersistentVolume controller"
2026-06-12T15:45:34.548815598Z time="2026-06-12T15:45:34Z" level=info msg="Starting kubevirt.io/v1, Kind=VirtualMachineInstance controller"
2026-06-12T15:45:34.548900468Z time="2026-06-12T15:45:34Z" level=info msg="Starting kubevirt.io/v1, Kind=KubeVirt controller"
2026-06-12T15:45:34.548905125Z time="2026-06-12T15:45:34Z" level=info msg="Starting rbac.authorization.k8s.io/v1, Kind=ClusterRole controller"
2026-06-12T15:45:34.548907999Z time="2026-06-12T15:45:34Z" level=info msg="Starting harvesterhci.io/v1beta1, Kind=SupportBundle controller"
2026-06-12T15:45:34.548910833Z time="2026-06-12T15:45:34Z" level=info msg="Starting /v1, Kind=ConfigMap controller"
2026-06-12T15:45:34.549229770Z time="2026-06-12T15:45:34Z" level=info msg="Starting apiextensions.k8s.io/v1, Kind=CustomResourceDefinition controller"
2026-06-12T15:45:34.549245601Z time="2026-06-12T15:45:34Z" level=info msg="Starting rke.cattle.io/v1, Kind=RKEControlPlane controller"
2026-06-12T15:45:34.549322380Z time="2026-06-12T15:45:34Z" level=info msg="Starting /v1, Kind=Node controller"
2026-06-12T15:45:34.549327588Z time="2026-06-12T15:45:34Z" level=info msg="Starting /v1, Kind=PersistentVolumeClaim controller"
2026-06-12T15:45:34.549699034Z time="2026-06-12T15:45:34Z" level=info msg="Starting harvesterhci.io/v1beta1, Kind=Setting controller"
2026-06-12T15:45:34.549711348Z time="2026-06-12T15:45:34Z" level=info msg="Starting snapshot.storage.k8s.io/v1, Kind=VolumeSnapshot controller"
2026-06-12T15:45:34.549719504Z time="2026-06-12T15:45:34Z" level=info msg="Starting rbac.authorization.k8s.io/v1, Kind=ClusterRoleBinding controller"
2026-06-12T15:45:34.549960374Z time="2026-06-12T15:45:34Z" level=info msg="Starting harvesterhci.io/v1beta1, Kind=VirtualMachineTemplateVersion controller"
2026-06-12T15:45:34.549972196Z time="2026-06-12T15:45:34Z" level=info msg="Starting batch/v1, Kind=Job controller"
2026-06-12T15:45:34.549975202Z time="2026-06-12T15:45:34Z" level=info msg="Starting longhorn.io/v1beta2, Kind=Replica controller"
2026-06-12T15:45:34.550586314Z time="2026-06-12T15:45:34Z" level=info msg="Starting longhorn.io/v1beta2, Kind=Volume controller"
2026-06-12T15:45:34.550600959Z time="2026-06-12T15:45:34Z" level=info msg="Starting storage.k8s.io/v1, Kind=StorageClass controller"
2026-06-12T15:45:34.550604606Z time="2026-06-12T15:45:34Z" level=info msg="Starting rbac.authorization.k8s.io/v1, Kind=Role controller"
2026-06-12T15:45:34.550607286Z time="2026-06-12T15:45:34Z" level=info msg="Starting longhorn.io/v1beta2, Kind=BackingImage controller"
2026-06-12T15:45:34.550610372Z time="2026-06-12T15:45:34Z" level=info msg="Starting harvesterhci.io/v1beta1, Kind=KeyPair controller"
2026-06-12T15:45:34.550932514Z time="2026-06-12T15:45:34Z" level=info msg="Starting /v1, Kind=ServiceAccount controller"
2026-06-12T15:45:34.550951604Z time="2026-06-12T15:45:34Z" level=info msg="Starting kubevirt.io/v1, Kind=VirtualMachineInstanceMigration controller"
2026-06-12T15:45:34.550955413Z time="2026-06-12T15:45:34Z" level=info msg="Starting /v1, Kind=Pod controller"
2026-06-12T15:45:34.550958545Z time="2026-06-12T15:45:34Z" level=info msg="Starting harvesterhci.io/v1beta1, Kind=UpgradeLog controller"
2026-06-12T15:45:34.589293879Z time="2026-06-12T15:45:34Z" level=info msg="Starting steve aggregation client"
2026-06-12T15:45:34.609985557Z time="2026-06-12T15:45:34Z" level=info msg="Listening on :8443"
2026-06-12T15:45:34.610023929Z time="2026-06-12T15:45:34Z" level=warning msg="dynamiclistener [::]:8443: no cached certificate available for preload - deferring certificate load until storage initialization or first client request"
2026-06-12T15:45:38.061208829Z I0612 15:45:38.061123       7 warnings.go:110] "Warning: v1 ComponentStatus is deprecated in v1.19+"
2026-06-12T15:45:38.082038496Z I0612 15:45:38.081972       7 warnings.go:110] "Warning: v1 Endpoints is deprecated in v1.33+; use discovery.k8s.io/v1 EndpointSlice"
2026-06-12T15:45:38.084517557Z I0612 15:45:38.084426       7 warnings.go:110] "Warning: kubevirt.io/v1 VirtualMachineInstancePresets is now deprecated and will be removed in v2."
2026-06-12T15:45:38.103528239Z time="2026-06-12T15:45:38Z" level=info msg="Watching metadata for runtime.cluster.x-k8s.io/v1beta2, Kind=ExtensionConfig"
2026-06-12T15:45:38.103543463Z time="2026-06-12T15:45:38Z" level=info msg="Watching metadata for longhorn.io/v1beta2, Kind=SupportBundle"
2026-06-12T15:45:38.103547904Z time="2026-06-12T15:45:38Z" level=info msg="Watching metadata for crd.projectcalico.org/v1, Kind=IPAMConfig"
2026-06-12T15:45:38.103552133Z time="2026-06-12T15:45:38Z" level=info msg="Watching metadata for logging.banzaicloud.io/v1beta1, Kind=FluentbitAgent"
2026-06-12T15:45:38.103568227Z time="2026-06-12T15:45:38Z" level=info msg="Watching metadata for /v1, Kind=ResourceQuota"
2026-06-12T15:45:38.103573144Z time="2026-06-12T15:45:38Z" level=info msg="Watching metadata for management.cattle.io/v3, Kind=Group"
2026-06-12T15:45:38.103588837Z time="2026-06-12T15:45:38Z" level=info msg="Watching metadata for longhorn.io/v1beta2, Kind=RecurringJob"
2026-06-12T15:45:38.103614969Z time="2026-06-12T15:45:38Z" level=info msg="Watching metadata for crd.projectcalico.org/v1, Kind=IPReservation"
2026-06-12T15:45:38.103652214Z time="2026-06-12T15:45:38Z" level=info msg="Watching metadata for ext.cattle.io/v1, Kind=Kubeconfig"
2026-06-12T15:45:38.103681917Z time="2026-06-12T15:45:38Z" level=info msg="Watching metadata for k8s.cni.cncf.io/v1, Kind=NetworkAttachmentDefinition"
2026-06-12T15:45:38.103720485Z time="2026-06-12T15:45:38Z" level=info msg="Watching metadata for harvesterhci.io/v1beta1, Kind=SupportBundle"
2026-06-12T15:45:38.103730735Z time="2026-06-12T15:45:38Z" level=info msg="Watching metadata for /v1, Kind=PersistentVolumeClaim"
2026-06-12T15:45:38.103768112Z time="2026-06-12T15:45:38Z" level=info msg="Watching metadata for longhorn.io/v1beta2, Kind=BackingImage"
2026-06-12T15:45:38.103796035Z time="2026-06-12T15:45:38Z" level=info msg="Watching metadata for k3s.cattle.io/v1, Kind=Addon"
2026-06-12T15:45:38.103831148Z time="2026-06-12T15:45:38Z" level=info msg="Watching metadata for autoscaling/v2, Kind=HorizontalPodAutoscaler"
2026-06-12T15:45:38.103846659Z time="2026-06-12T15:45:38Z" level=info msg="Watching metadata for auditlog.cattle.io/v1, Kind=AuditPolicy"
2026-06-12T15:45:38.103883268Z time="2026-06-12T15:45:38Z" level=info msg="Watching metadata for rbac.authorization.k8s.io/v1, Kind=RoleBinding"
2026-06-12T15:45:38.103908653Z time="2026-06-12T15:45:38Z" level=info msg="Watching metadata for logging.banzaicloud.io/v1beta1, Kind=Logging"
2026-06-12T15:45:38.103917227Z time="2026-06-12T15:45:38Z" level=info msg="Watching metadata for logging-extensions.banzaicloud.io/v1alpha1, Kind=HostTailer"
2026-06-12T15:45:38.103940013Z time="2026-06-12T15:45:38Z" level=info msg="Watching metadata for apps/v1, Kind=ControllerRevision"
2026-06-12T15:45:38.103974704Z time="2026-06-12T15:45:38Z" level=info msg="Watching metadata for /v1, Kind=Namespace"
2026-06-12T15:45:38.104001797Z time="2026-06-12T15:45:38Z" level=info msg="Watching metadata for coordination.k8s.io/v1, Kind=Lease"
2026-06-12T15:45:38.104013719Z time="2026-06-12T15:45:38Z" level=info msg="Watching metadata for monitoring.coreos.com/v1, Kind=PrometheusRule"
2026-06-12T15:45:38.104064867Z time="2026-06-12T15:45:38Z" level=info msg="Watching metadata for crd.projectcalico.org/v1, Kind=CalicoNodeStatus"
2026-06-12T15:45:38.104081697Z time="2026-06-12T15:45:38Z" level=info msg="Watching metadata for apiregistration.k8s.io/v1, Kind=APIService"
2026-06-12T15:45:38.104088943Z time="2026-06-12T15:45:38Z" level=info msg="Watching metadata for longhorn.io/v1beta2, Kind=Setting"
2026-06-12T15:45:38.104137102Z time="2026-06-12T15:45:38Z" level=info msg="Watching metadata for management.cattle.io/v3, Kind=APIService"
2026-06-12T15:45:38.104143968Z time="2026-06-12T15:45:38Z" level=info msg="Watching metadata for ext.cattle.io/v1, Kind=Token"
2026-06-12T15:45:38.104201711Z time="2026-06-12T15:45:38Z" level=info msg="Watching metadata for admissionregistration.k8s.io/v1, Kind=MutatingWebhookConfiguration"
2026-06-12T15:45:38.104206170Z time="2026-06-12T15:45:38Z" level=info msg="Watching metadata for kubevirt.io/v1, Kind=VirtualMachine"
2026-06-12T15:45:38.104239219Z time="2026-06-12T15:45:38Z" level=info msg="Watching metadata for logging.banzaicloud.io/v1beta1, Kind=SyslogNGConfig"
2026-06-12T15:45:38.104254087Z time="2026-06-12T15:45:38Z" level=info msg="Watching metadata for network.harvesterhci.io/v1beta1, Kind=VlanConfig"
2026-06-12T15:45:38.104280928Z time="2026-06-12T15:45:38Z" level=info msg="Watching metadata for harvesterhci.io/v1beta1, Kind=VirtualMachineBackup"
2026-06-12T15:45:38.104306264Z time="2026-06-12T15:45:38Z" level=info msg="Watching metadata for ui.cattle.io/v1, Kind=NavLink"
2026-06-12T15:45:38.104360673Z time="2026-06-12T15:45:38Z" level=info msg="Watching metadata for whereabouts.cni.cncf.io/v1alpha1, Kind=IPPool"
2026-06-12T15:45:38.104364835Z time="2026-06-12T15:45:38Z" level=info msg="Watching metadata for fleet.cattle.io/v1alpha1, Kind=Content"
2026-06-12T15:45:38.104396157Z time="2026-06-12T15:45:38Z" level=info msg="Watching metadata for instancetype.kubevirt.io/v1beta1, Kind=VirtualMachinePreference"
2026-06-12T15:45:38.104399588Z time="2026-06-12T15:45:38Z" level=info msg="Watching metadata for fleet.cattle.io/v1alpha1, Kind=GitRepoRestriction"
2026-06-12T15:45:38.104434877Z time="2026-06-12T15:45:38Z" level=info msg="Watching metadata for export.kubevirt.io/v1beta1, Kind=VirtualMachineExport"
2026-06-12T15:45:38.104461552Z time="2026-06-12T15:45:38Z" level=info msg="Watching metadata for harvesterhci.io/v1beta1, Kind=VolumeRemoteBackup"
2026-06-12T15:45:38.104469666Z time="2026-06-12T15:45:38Z" level=info msg="Watching metadata for tinkerbell.org/v1alpha1, Kind=Hardware"
2026-06-12T15:45:38.104502890Z time="2026-06-12T15:45:38Z" level=info msg="Watching metadata for management.cattle.io/v3, Kind=FleetWorkspace"
2026-06-12T15:45:38.104524897Z time="2026-06-12T15:45:38Z" level=info msg="Watching metadata for /v1, Kind=ServiceAccount"
2026-06-12T15:45:38.104552484Z time="2026-06-12T15:45:38Z" level=info msg="Watching metadata for cdi.kubevirt.io/v1beta1, Kind=ObjectTransfer"
2026-06-12T15:45:38.104577244Z time="2026-06-12T15:45:38Z" level=info msg="Watching metadata for logging.banzaicloud.io/v1beta1, Kind=LoggingRoute"
2026-06-12T15:45:38.104611346Z time="2026-06-12T15:45:38Z" level=info msg="Watching metadata for fleet.cattle.io/v1alpha1, Kind=BundleDeployment"
2026-06-12T15:45:38.104625802Z time="2026-06-12T15:45:38Z" level=info msg="Watching metadata for management.cattle.io/v3, Kind=ProxyEndpoint"
2026-06-12T15:45:38.104669477Z time="2026-06-12T15:45:38Z" level=info msg="Watching metadata for crd.projectcalico.org/v1, Kind=KubeControllersConfiguration"
2026-06-12T15:45:38.104684619Z time="2026-06-12T15:45:38Z" level=info msg="Watching metadata for /v1, Kind=Endpoints"
2026-06-12T15:45:38.104712978Z time="2026-06-12T15:45:38Z" level=info msg="Watching metadata for management.cattle.io/v3, Kind=Feature"
2026-06-12T15:45:38.104735039Z time="2026-06-12T15:45:38Z" level=info msg="Watching metadata for metal.harvesterhci.io/v1alpha1, Kind=Inventory"
2026-06-12T15:45:38.104764510Z time="2026-06-12T15:45:38Z" level=info msg="Watching metadata for tinkerbell.org/v1alpha1, Kind=Template"
2026-06-12T15:45:38.104788102Z time="2026-06-12T15:45:38Z" level=info msg="Watching metadata for logging.banzaicloud.io/v1beta1, Kind=SyslogNGOutput"
2026-06-12T15:45:38.104814295Z time="2026-06-12T15:45:38Z" level=info msg="Watching metadata for network.harvesterhci.io/v1beta1, Kind=LinkMonitor"
2026-06-12T15:45:38.104839006Z time="2026-06-12T15:45:38Z" level=info msg="Watching metadata for monitoring.coreos.com/v1alpha1, Kind=AlertmanagerConfig"
2026-06-12T15:45:38.104855127Z time="2026-06-12T15:45:38Z" level=info msg="Watching metadata for admissionregistration.k8s.io/v1, Kind=ValidatingWebhookConfiguration"
2026-06-12T15:45:38.104918511Z time="2026-06-12T15:45:38Z" level=info msg="Watching metadata for crd.projectcalico.org/v1, Kind=Tier"
2026-06-12T15:45:38.104935692Z time="2026-06-12T15:45:38Z" level=info msg="Watching metadata for fleet.cattle.io/v1alpha1, Kind=ClusterRegistration"
2026-06-12T15:45:38.104963776Z time="2026-06-12T15:45:38Z" level=info msg="Watching metadata for whereabouts.cni.cncf.io/v1alpha1, Kind=OverlappingRangeIPReservation"
2026-06-12T15:45:38.104984320Z time="2026-06-12T15:45:38Z" level=info msg="Watching metadata for storage.k8s.io/v1, Kind=VolumeAttachment"
2026-06-12T15:45:38.105019315Z time="2026-06-12T15:45:38Z" level=info msg="Watching metadata for rke.cattle.io/v1, Kind=RKEBootstrapTemplate"
2026-06-12T15:45:38.105047585Z time="2026-06-12T15:45:38Z" level=info msg="Watching metadata for logging-extensions.banzaicloud.io/v1alpha1, Kind=EventTailer"
2026-06-12T15:45:38.105063357Z time="2026-06-12T15:45:38Z" level=info msg="Watching metadata for catalog.cattle.io/v1, Kind=UIPlugin"
2026-06-12T15:45:38.105094788Z time="2026-06-12T15:45:38Z" level=info msg="Watching metadata for crd.projectcalico.org/v1, Kind=BlockAffinity"
2026-06-12T15:45:38.105112515Z time="2026-06-12T15:45:38Z" level=info msg="Watching metadata for migration.harvesterhci.io/v1beta1, Kind=OvaSource"
2026-06-12T15:45:38.105141483Z time="2026-06-12T15:45:38Z" level=info msg="Watching metadata for harvesterhci.io/v1beta1, Kind=Setting"
2026-06-12T15:45:38.105170086Z time="2026-06-12T15:45:38Z" level=info msg="Watching metadata for harvesterhci.io/v1beta1, Kind=VirtualMachineImage"
2026-06-12T15:45:38.105186725Z time="2026-06-12T15:45:38Z" level=info msg="Watching metadata for fleet.cattle.io/v1alpha1, Kind=ClusterRegistrationToken"
2026-06-12T15:45:38.105215493Z time="2026-06-12T15:45:38Z" level=info msg="Watching metadata for networking.k8s.io/v1, Kind=IPAddress"
2026-06-12T15:45:38.105233523Z time="2026-06-12T15:45:38Z" level=info msg="Watching metadata for loadbalancer.harvesterhci.io/v1beta1, Kind=LoadBalancer"
2026-06-12T15:45:38.105259667Z time="2026-06-12T15:45:38Z" level=info msg="Watching metadata for ipam.cluster.x-k8s.io/v1beta2, Kind=IPAddressClaim"
2026-06-12T15:45:38.105288333Z time="2026-06-12T15:45:38Z" level=info msg="Watching metadata for bmc.tinkerbell.org/v1alpha1, Kind=Task"
2026-06-12T15:45:38.105343027Z time="2026-06-12T15:45:38Z" level=info msg="Watching metadata for crd.projectcalico.org/v1, Kind=ClusterInformation"
2026-06-12T15:45:38.105351128Z time="2026-06-12T15:45:38Z" level=info msg="Watching metadata for bmc.tinkerbell.org/v1alpha1, Kind=BaseboardManagement"
2026-06-12T15:45:38.105419503Z time="2026-06-12T15:45:38Z" level=info msg="Watching metadata for harvesterhci.io/v1beta1, Kind=VirtualMachineTemplateVersion"
2026-06-12T15:45:38.105427624Z time="2026-06-12T15:45:38Z" level=info msg="Watching metadata for rbac.authorization.k8s.io/v1, Kind=Role"
2026-06-12T15:45:38.105449444Z time="2026-06-12T15:45:38Z" level=info msg="Watching metadata for node.harvesterhci.io/v1beta1, Kind=Ksmtuned"
2026-06-12T15:45:38.105456185Z time="2026-06-12T15:45:38Z" level=info msg="Watching metadata for rke.cattle.io/v1, Kind=RKEControlPlane"
2026-06-12T15:45:38.105472423Z time="2026-06-12T15:45:38Z" level=info msg="Watching metadata for rke.cattle.io/v1, Kind=CustomMachine"
2026-06-12T15:45:38.105498557Z time="2026-06-12T15:45:38Z" level=info msg="Watching metadata for network.harvesterhci.io/v1beta1, Kind=VlanStatus"
2026-06-12T15:45:38.105526669Z time="2026-06-12T15:45:38Z" level=info msg="Watching metadata for kubeovn.io/v1, Kind=Configuration"
2026-06-12T15:45:38.105536037Z time="2026-06-12T15:45:38Z" level=info msg="Watching metadata for policy/v1, Kind=PodDisruptionBudget"
2026-06-12T15:45:38.105574429Z time="2026-06-12T15:45:38Z" level=info msg="Watching metadata for pool.kubevirt.io/v1beta1, Kind=VirtualMachinePool"
2026-06-12T15:45:38.105585211Z time="2026-06-12T15:45:38Z" level=info msg="Watching metadata for clone.kubevirt.io/v1beta1, Kind=VirtualMachineClone"
2026-06-12T15:45:38.105625360Z time="2026-06-12T15:45:38Z" level=info msg="Watching metadata for apps/v1, Kind=Deployment"
2026-06-12T15:45:38.105648905Z time="2026-06-12T15:45:38Z" level=info msg="Watching metadata for monitoring.coreos.com/v1alpha1, Kind=PrometheusAgent"
2026-06-12T15:45:38.105684857Z time="2026-06-12T15:45:38Z" level=info msg="Watching metadata for resource.k8s.io/v1, Kind=DeviceClass"
2026-06-12T15:45:38.105698652Z time="2026-06-12T15:45:38Z" level=info msg="Watching metadata for crd.projectcalico.org/v1, Kind=GlobalNetworkPolicy"
2026-06-12T15:45:38.105731214Z time="2026-06-12T15:45:38Z" level=info msg="Watching metadata for devices.harvesterhci.io/v1beta1, Kind=MigConfiguration"
2026-06-12T15:45:38.105756401Z time="2026-06-12T15:45:38Z" level=info msg="Watching metadata for kubevirt.io/v1, Kind=VirtualMachineInstanceReplicaSet"
2026-06-12T15:45:38.105790511Z time="2026-06-12T15:45:38Z" level=info msg="Watching metadata for instancetype.kubevirt.io/v1beta1, Kind=VirtualMachineClusterPreference"
2026-06-12T15:45:38.105815939Z time="2026-06-12T15:45:38Z" level=info msg="Watching metadata for crd.projectcalico.org/v1, Kind=IPAMBlock"
2026-06-12T15:45:38.105827626Z time="2026-06-12T15:45:38Z" level=info msg="Watching metadata for fleet.cattle.io/v1alpha1, Kind=Policy"
2026-06-12T15:45:38.105852279Z time="2026-06-12T15:45:38Z" level=info msg="Watching metadata for longhorn.io/v1beta2, Kind=VolumeAttachment"
2026-06-12T15:45:38.105877379Z time="2026-06-12T15:45:38Z" level=info msg="Watching metadata for instancetype.kubevirt.io/v1beta1, Kind=VirtualMachineInstancetype"
2026-06-12T15:45:38.105927402Z time="2026-06-12T15:45:38Z" level=info msg="Watching metadata for longhorn.io/v1beta2, Kind=Backup"
2026-06-12T15:45:38.105955431Z time="2026-06-12T15:45:38Z" level=info msg="Watching metadata for harvesterhci.io/v1beta1, Kind=Upgrade"
2026-06-12T15:45:38.105967014Z time="2026-06-12T15:45:38Z" level=info msg="Watching metadata for harvesterhci.io/v1beta1, Kind=UpgradeLog"
2026-06-12T15:45:38.105991242Z time="2026-06-12T15:45:38Z" level=info msg="Watching metadata for crd.projectcalico.org/v1, Kind=FelixConfiguration"
2026-06-12T15:45:38.106045601Z time="2026-06-12T15:45:38Z" level=info msg="Watching metadata for helm.cattle.io/v1, Kind=HelmChartConfig"
2026-06-12T15:45:38.106075341Z time="2026-06-12T15:45:38Z" level=info msg="Watching metadata for rke.cattle.io/v1, Kind=RKEBootstrap"
2026-06-12T15:45:38.106098897Z time="2026-06-12T15:45:38Z" level=info msg="Watching metadata for kubevirt.io/v1, Kind=VirtualMachineInstance"
2026-06-12T15:45:38.106126334Z time="2026-06-12T15:45:38Z" level=info msg="Watching metadata for monitoring.coreos.com/v1, Kind=PodMonitor"
2026-06-12T15:45:38.106194554Z time="2026-06-12T15:45:38Z" level=info msg="Watching metadata for cdi.kubevirt.io/v1beta1, Kind=VolumeUploadSource"
2026-06-12T15:45:38.106208122Z time="2026-06-12T15:45:38Z" level=info msg="Watching metadata for devices.harvesterhci.io/v1beta1, Kind=Node"
2026-06-12T15:45:38.106218169Z time="2026-06-12T15:45:38Z" level=info msg="Watching metadata for logging.banzaicloud.io/v1beta1, Kind=FluentdConfig"
2026-06-12T15:45:38.106235328Z time="2026-06-12T15:45:38Z" level=info msg="Watching metadata for kubevirt.io/v1, Kind=VirtualMachineInstancePreset"
2026-06-12T15:45:38.106254259Z time="2026-06-12T15:45:38Z" level=info msg="Watching metadata for addons.cluster.x-k8s.io/v1beta2, Kind=ClusterResourceSetBinding"
2026-06-12T15:45:38.106281656Z time="2026-06-12T15:45:38Z" level=info msg="Watching metadata for cdi.kubevirt.io/v1beta1, Kind=DataSource"
2026-06-12T15:45:38.106305877Z time="2026-06-12T15:45:38Z" level=info msg="Watching metadata for fleet.cattle.io/v1alpha1, Kind=HelmOp"
2026-06-12T15:45:38.106329668Z time="2026-06-12T15:45:38Z" level=info msg="Watching metadata for cdi.kubevirt.io/v1beta1, Kind=CDI"
2026-06-12T15:45:38.106355756Z time="2026-06-12T15:45:38Z" level=info msg="Watching metadata for events.k8s.io/v1, Kind=Event"
2026-06-12T15:45:38.106414562Z time="2026-06-12T15:45:38Z" level=info msg="Watching metadata for longhorn.io/v1beta2, Kind=BackupBackingImage"
2026-06-12T15:45:38.106442232Z time="2026-06-12T15:45:38Z" level=info msg="Watching metadata for metal.harvesterhci.io/v1alpha1, Kind=AddressPool"
2026-06-12T15:45:38.106481069Z time="2026-06-12T15:45:38Z" level=info msg="Watching metadata for migration.harvesterhci.io/v1beta1, Kind=VirtualMachineImport"
2026-06-12T15:45:38.106511411Z time="2026-06-12T15:45:38Z" level=info msg="Watching metadata for whereabouts.cni.cncf.io/v1alpha1, Kind=NodeSlicePool"
2026-06-12T15:45:38.106535087Z time="2026-06-12T15:45:38Z" level=info msg="Watching metadata for longhorn.io/v1beta2, Kind=LHNode"
2026-06-12T15:45:38.106549336Z time="2026-06-12T15:45:38Z" level=info msg="Watching metadata for /v1, Kind=ReplicationController"
2026-06-12T15:45:38.106577520Z time="2026-06-12T15:45:38Z" level=info msg="Watching metadata for admissionregistration.k8s.io/v1, Kind=ValidatingAdmissionPolicyBinding"
2026-06-12T15:45:38.106600118Z time="2026-06-12T15:45:38Z" level=info msg="Watching metadata for longhorn.io/v1beta2, Kind=BackingImageManager"
2026-06-12T15:45:38.106626503Z time="2026-06-12T15:45:38Z" level=info msg="Watching metadata for longhorn.io/v1beta2, Kind=EngineImage"
2026-06-12T15:45:38.106663207Z time="2026-06-12T15:45:38Z" level=info msg="Watching metadata for cluster.x-k8s.io/v1beta2, Kind=MachineDrainRule"
2026-06-12T15:45:38.106709402Z time="2026-06-12T15:45:38Z" level=info msg="Watching metadata for discovery.k8s.io/v1, Kind=EndpointSlice"
2026-06-12T15:45:38.106718715Z time="2026-06-12T15:45:38Z" level=info msg="Watching metadata for migrations.kubevirt.io/v1alpha1, Kind=MigrationPolicy"
2026-06-12T15:45:38.106750487Z time="2026-06-12T15:45:38Z" level=info msg="Watching metadata for storage.k8s.io/v1, Kind=CSIDriver"
2026-06-12T15:45:38.106768278Z time="2026-06-12T15:45:38Z" level=info msg="Watching metadata for logging.banzaicloud.io/v1beta1, Kind=ClusterFlow"
2026-06-12T15:45:38.106798641Z time="2026-06-12T15:45:38Z" level=info msg="Watching metadata for longhorn.io/v1beta2, Kind=SystemBackup"
2026-06-12T15:45:38.106813954Z time="2026-06-12T15:45:38Z" level=info msg="Watching metadata for apps/v1, Kind=DaemonSet"
2026-06-12T15:45:38.106846210Z time="2026-06-12T15:45:38Z" level=info msg="Watching metadata for cluster.x-k8s.io/v1beta2, Kind=MachineDeployment"
2026-06-12T15:45:38.106869084Z time="2026-06-12T15:45:38Z" level=info msg="Watching metadata for longhorn.io/v1beta2, Kind=Node"
2026-06-12T15:45:38.106891732Z time="2026-06-12T15:45:38Z" level=info msg="Watching metadata for /v1, Kind=Secret"
2026-06-12T15:45:38.106910024Z time="2026-06-12T15:45:38Z" level=info msg="Watching metadata for bmc.tinkerbell.org/v1alpha1, Kind=Machine"
2026-06-12T15:45:38.106966773Z time="2026-06-12T15:45:38Z" level=info msg="Watching metadata for /v1, Kind=Node"
2026-06-12T15:45:38.106993058Z time="2026-06-12T15:45:38Z" level=info msg="Watching metadata for logging.banzaicloud.io/v1beta1, Kind=ClusterOutput"
2026-06-12T15:45:38.107007995Z time="2026-06-12T15:45:38Z" level=info msg="Watching metadata for harvesterhci.io/v1beta1, Kind=VirtualMachineImageDownloader"
2026-06-12T15:45:38.107035037Z time="2026-06-12T15:45:38Z" level=info msg="Watching metadata for management.cattle.io/v3, Kind=Preference"
2026-06-12T15:45:38.107066653Z time="2026-06-12T15:45:38Z" level=info msg="Watching metadata for monitoring.coreos.com/v1alpha1, Kind=ScrapeConfig"
2026-06-12T15:45:38.107081329Z time="2026-06-12T15:45:38Z" level=info msg="Watching metadata for cdi.kubevirt.io/v1beta1, Kind=StorageProfile"
2026-06-12T15:45:38.107113057Z time="2026-06-12T15:45:38Z" level=info msg="Watching metadata for logging.banzaicloud.io/v1beta1, Kind=Output"
2026-06-12T15:45:38.107140657Z time="2026-06-12T15:45:38Z" level=info msg="Watching metadata for longhorn.io/v1beta2, Kind=Snapshot"
2026-06-12T15:45:38.107171938Z time="2026-06-12T15:45:38Z" level=info msg="Watching metadata for harvesterhci.io/v1beta1, Kind=VirtualMachineRestore"
2026-06-12T15:45:38.107191894Z time="2026-06-12T15:45:38Z" level=info msg="Watching metadata for devices.harvesterhci.io/v1beta1, Kind=PCIDevice"
2026-06-12T15:45:38.107215165Z time="2026-06-12T15:45:38Z" level=info msg="Watching metadata for cdi.kubevirt.io/v1beta1, Kind=VolumeCloneSource"
2026-06-12T15:45:38.107252227Z time="2026-06-12T15:45:38Z" level=info msg="Watching metadata for harvesterhci.io/v1beta1, Kind=VolumeRemoteRestore"
2026-06-12T15:45:38.107275333Z time="2026-06-12T15:45:38Z" level=info msg="Watching metadata for apps/v1, Kind=StatefulSet"
2026-06-12T15:45:38.107302270Z time="2026-06-12T15:45:38Z" level=info msg="Watching metadata for forklift.cdi.kubevirt.io/v1beta1, Kind=OpenstackVolumePopulator"
2026-06-12T15:45:38.107325158Z time="2026-06-12T15:45:38Z" level=info msg="Watching metadata for storage.k8s.io/v1, Kind=CSINode"
2026-06-12T15:45:38.107353722Z time="2026-06-12T15:45:38Z" level=info msg="Watching metadata for snapshot.storage.k8s.io/v1, Kind=VolumeSnapshot"
2026-06-12T15:45:38.107384525Z time="2026-06-12T15:45:38Z" level=info msg="Watching metadata for batch/v1, Kind=Job"
2026-06-12T15:45:38.107407894Z time="2026-06-12T15:45:38Z" level=info msg="Watching metadata for snapshot.kubevirt.io/v1beta1, Kind=VirtualMachineSnapshotContent"
2026-06-12T15:45:38.107425598Z time="2026-06-12T15:45:38Z" level=info msg="Watching metadata for catalog.cattle.io/v1, Kind=App"
2026-06-12T15:45:38.107449519Z time="2026-06-12T15:45:38Z" level=info msg="Watching metadata for management.cattle.io/v3, Kind=ManagedChart"
2026-06-12T15:45:38.107481059Z time="2026-06-12T15:45:38Z" level=info msg="Watching metadata for node.harvesterhci.io/v1beta1, Kind=Hugepage"
2026-06-12T15:45:38.107517007Z time="2026-06-12T15:45:38Z" level=info msg="Watching metadata for turtles-capi.cattle.io/v1alpha1, Kind=CAPIProvider"
2026-06-12T15:45:38.107541595Z time="2026-06-12T15:45:38Z" level=info msg="Watching metadata for longhorn.io/v1beta2, Kind=InstanceManager"
2026-06-12T15:45:38.107555493Z time="2026-06-12T15:45:38Z" level=info msg="Watching metadata for crd.projectcalico.org/v1, Kind=GlobalNetworkSet"
2026-06-12T15:45:38.107600315Z time="2026-06-12T15:45:38Z" level=info msg="Watching metadata for forklift.cdi.kubevirt.io/v1beta1, Kind=OvirtVolumePopulator"
2026-06-12T15:45:38.107609770Z time="2026-06-12T15:45:38Z" level=info msg="Watching metadata for fleet.cattle.io/v1alpha1, Kind=Bundle"
2026-06-12T15:45:38.107644763Z time="2026-06-12T15:45:38Z" level=info msg="Watching metadata for harvesterhci.io/v1beta1, Kind=ScheduleVMBackup"
2026-06-12T15:45:38.107715266Z time="2026-06-12T15:45:38Z" level=info msg="Watching metadata for management.cattle.io/v3, Kind=Setting"
2026-06-12T15:45:38.107729092Z time="2026-06-12T15:45:38Z" level=info msg="Watching metadata for apiextensions.k8s.io/v1, Kind=CustomResourceDefinition"
2026-06-12T15:45:38.107746553Z time="2026-06-12T15:45:38Z" level=info msg="Watching metadata for rke.cattle.io/v1, Kind=ETCDSnapshot"
2026-06-12T15:45:38.107774071Z time="2026-06-12T15:45:38Z" level=info msg="Watching metadata for longhorn.io/v1beta2, Kind=BackupVolume"
2026-06-12T15:45:38.107803860Z time="2026-06-12T15:45:38Z" level=info msg="Watching metadata for longhorn.io/v1beta2, Kind=SystemRestore"
2026-06-12T15:45:38.107827103Z time="2026-06-12T15:45:38Z" level=info msg="Watching metadata for resource.k8s.io/v1, Kind=ResourceSlice"
2026-06-12T15:45:38.107842175Z time="2026-06-12T15:45:38Z" level=info msg="Watching metadata for monitoring.coreos.com/v1, Kind=ThanosRuler"
2026-06-12T15:45:38.107872161Z time="2026-06-12T15:45:38Z" level=info msg="Watching metadata for kubevirt.io/v1, Kind=VirtualMachineInstanceMigration"
2026-06-12T15:45:38.107901659Z time="2026-06-12T15:45:38Z" level=info msg="Watching metadata for harvesterhci.io/v1beta1, Kind=Preference"
2026-06-12T15:45:38.107941553Z time="2026-06-12T15:45:38Z" level=info msg="Watching metadata for cdi.kubevirt.io/v1beta1, Kind=DataImportCron"
2026-06-12T15:45:38.107957391Z time="2026-06-12T15:45:38Z" level=info msg="Watching metadata for harvesterhci.io/v1beta1, Kind=NetworkFilesystem"
2026-06-12T15:45:38.107989612Z time="2026-06-12T15:45:38Z" level=info msg="Watching metadata for network.harvesterhci.io/v1alpha1, Kind=IPPool"
2026-06-12T15:45:38.108003352Z time="2026-06-12T15:45:38Z" level=info msg="Watching metadata for monitoring.coreos.com/v1, Kind=Alertmanager"
2026-06-12T15:45:38.108038581Z time="2026-06-12T15:45:38Z" level=info msg="Watching metadata for storage.k8s.io/v1, Kind=StorageClass"
2026-06-12T15:45:38.108068015Z time="2026-06-12T15:45:38Z" level=info msg="Watching metadata for networking.k8s.io/v1, Kind=NetworkPolicy"
2026-06-12T15:45:38.108086187Z time="2026-06-12T15:45:38Z" level=info msg="Watching metadata for provisioning.cattle.io/v1, Kind=Cluster"
2026-06-12T15:45:38.108114038Z time="2026-06-12T15:45:38Z" level=info msg="Watching metadata for bmc.tinkerbell.org/v1alpha1, Kind=Job"
2026-06-12T15:45:38.108148255Z time="2026-06-12T15:45:38Z" level=info msg="Watching metadata for cluster.x-k8s.io/v1beta2, Kind=Cluster"
2026-06-12T15:45:38.108162787Z time="2026-06-12T15:45:38Z" level=info msg="Watching metadata for logging.banzaicloud.io/v1beta1, Kind=NodeAgent"
2026-06-12T15:45:38.108178607Z time="2026-06-12T15:45:38Z" level=info msg="Watching metadata for fleet.cattle.io/v1alpha1, Kind=Schedule"
2026-06-12T15:45:38.108203055Z time="2026-06-12T15:45:38Z" level=info msg="Watching metadata for management.cattle.io/v3, Kind=User"
2026-06-12T15:45:38.108251103Z time="2026-06-12T15:45:38Z" level=info msg="Watching metadata for crd.projectcalico.org/v1, Kind=BGPFilter"
2026-06-12T15:45:38.108254852Z time="2026-06-12T15:45:38Z" level=info msg="Watching metadata for devices.harvesterhci.io/v1beta1, Kind=SRIOVNetworkDevice"
2026-06-12T15:45:38.108275020Z time="2026-06-12T15:45:38Z" level=info msg="Watching metadata for crd.projectcalico.org/v1, Kind=BGPPeer"
2026-06-12T15:45:38.108296604Z time="2026-06-12T15:45:38Z" level=info msg="Watching metadata for fleet.cattle.io/v1alpha1, Kind=Cluster"
2026-06-12T15:45:38.108324805Z time="2026-06-12T15:45:38Z" level=info msg="Watching metadata for cdi.kubevirt.io/v1beta1, Kind=DataVolume"
2026-06-12T15:45:38.108346772Z time="2026-06-12T15:45:38Z" level=info msg="Watching metadata for management.cattle.io/v3, Kind=NodeDriver"
2026-06-12T15:45:38.108371080Z time="2026-06-12T15:45:38Z" level=info msg="Watching metadata for management.cattle.io/v3, Kind=AuthConfig"
2026-06-12T15:45:38.108407319Z time="2026-06-12T15:45:38Z" level=info msg="Watching metadata for admissionregistration.k8s.io/v1, Kind=ValidatingAdmissionPolicy"
2026-06-12T15:45:38.108414260Z time="2026-06-12T15:45:38Z" level=info msg="Watching metadata for /v1, Kind=PodTemplate"
2026-06-12T15:45:38.108459884Z time="2026-06-12T15:45:38Z" level=info msg="Watching metadata for longhorn.io/v1beta2, Kind=BackingImageDataSource"
2026-06-12T15:45:38.108474280Z time="2026-06-12T15:45:38Z" level=info msg="Watching metadata for logging.banzaicloud.io/v1beta1, Kind=Flow"
2026-06-12T15:45:38.108492178Z time="2026-06-12T15:45:38Z" level=info msg="Watching metadata for longhorn.io/v1beta2, Kind=Replica"
2026-06-12T15:45:38.108517031Z time="2026-06-12T15:45:38Z" level=info msg="Watching metadata for longhorn.io/v1beta2, Kind=Orphan"
2026-06-12T15:45:38.108544398Z time="2026-06-12T15:45:38Z" level=info msg="Watching metadata for migration.harvesterhci.io/v1beta1, Kind=OpenstackSource"
2026-06-12T15:45:38.108558416Z time="2026-06-12T15:45:38Z" level=info msg="Watching metadata for monitoring.coreos.com/v1, Kind=Probe"
2026-06-12T15:45:38.108592415Z time="2026-06-12T15:45:38Z" level=info msg="Watching metadata for /v1, Kind=Pod"
2026-06-12T15:45:38.108614609Z time="2026-06-12T15:45:38Z" level=info msg="Watching metadata for longhorn.io/v1beta2, Kind=Engine"
2026-06-12T15:45:38.108638965Z time="2026-06-12T15:45:38Z" level=info msg="Watching metadata for management.cattle.io/v3, Kind=Token"
2026-06-12T15:45:38.109245921Z time="2026-06-12T15:45:38Z" level=info msg="Watching metadata for migration.harvesterhci.io/v1beta1, Kind=VmwareSource"
2026-06-12T15:45:38.109257524Z time="2026-06-12T15:45:38Z" level=info msg="Watching metadata for instancetype.kubevirt.io/v1beta1, Kind=VirtualMachineClusterInstancetype"
2026-06-12T15:45:38.109260861Z time="2026-06-12T15:45:38Z" level=info msg="Watching metadata for longhorn.io/v1beta2, Kind=Volume"
2026-06-12T15:45:38.109263673Z time="2026-06-12T15:45:38Z" level=info msg="Watching metadata for resource.k8s.io/v1, Kind=ResourceClaim"
2026-06-12T15:45:38.109266950Z time="2026-06-12T15:45:38Z" level=info msg="Watching metadata for fleet.cattle.io/v1alpha1, Kind=BundleNamespaceMapping"
2026-06-12T15:45:38.109270425Z time="2026-06-12T15:45:38Z" level=info msg="Watching metadata for /v1, Kind=Event"
2026-06-12T15:45:38.109275920Z time="2026-06-12T15:45:38Z" level=info msg="Watching metadata for harvesterhci.io/v1beta1, Kind=KeyPair"
2026-06-12T15:45:38.109279469Z time="2026-06-12T15:45:38Z" level=info msg="Watching metadata for /v1, Kind=ConfigMap"
2026-06-12T15:45:38.109282868Z time="2026-06-12T15:45:38Z" level=info msg="Watching metadata for fleet.cattle.io/v1alpha1, Kind=ClusterGroup"
2026-06-12T15:45:38.109285707Z time="2026-06-12T15:45:38Z" level=info msg="Watching metadata for crd.projectcalico.org/v1, Kind=HostEndpoint"
2026-06-12T15:45:38.109288466Z time="2026-06-12T15:45:38Z" level=info msg="Watching metadata for cluster.x-k8s.io/v1beta2, Kind=MachineHealthCheck"
2026-06-12T15:45:38.109291322Z time="2026-06-12T15:45:38Z" level=info msg="Watching metadata for network.harvesterhci.io/v1alpha1, Kind=VirtualMachineNetworkConfig"
2026-06-12T15:45:38.109294599Z time="2026-06-12T15:45:38Z" level=info msg="Watching metadata for loadbalancer.harvesterhci.io/v1beta1, Kind=IPPool"
2026-06-12T15:45:38.109297471Z time="2026-06-12T15:45:38Z" level=info msg="Watching metadata for management.cattle.io/v3, Kind=PodSecurityAdmissionConfigurationTemplate"
2026-06-12T15:45:38.109299959Z time="2026-06-12T15:45:38Z" level=info msg="Watching metadata for snapshot.kubevirt.io/v1beta1, Kind=VirtualMachineRestore"
2026-06-12T15:45:38.109316248Z time="2026-06-12T15:45:38Z" level=info msg="Watching metadata for cdi.kubevirt.io/v1beta1, Kind=VolumeImportSource"
2026-06-12T15:45:38.109319212Z time="2026-06-12T15:45:38Z" level=info msg="Watching metadata for networking.k8s.io/v1, Kind=Ingress"
2026-06-12T15:45:38.109321681Z time="2026-06-12T15:45:38Z" level=info msg="Watching metadata for rke.cattle.io/v1, Kind=RKECluster"
2026-06-12T15:45:38.109324128Z time="2026-06-12T15:45:38Z" level=info msg="Watching metadata for logging.banzaicloud.io/v1beta1, Kind=SyslogNGClusterFlow"
2026-06-12T15:45:38.109326709Z time="2026-06-12T15:45:38Z" level=info msg="Watching metadata for harvesterhci.io/v1beta1, Kind=VirtualMachineTemplate"
2026-06-12T15:45:38.109329228Z time="2026-06-12T15:45:38Z" level=info msg="Watching metadata for /v1, Kind=LimitRange"
2026-06-12T15:45:38.109331848Z time="2026-06-12T15:45:38Z" level=info msg="Watching metadata for harvesterhci.io/v1beta1, Kind=Addon"
2026-06-12T15:45:38.109334418Z time="2026-06-12T15:45:38Z" level=info msg="Watching metadata for management.cattle.io/v3, Kind=UserAttribute"
2026-06-12T15:45:38.109354443Z time="2026-06-12T15:45:38Z" level=info msg="Watching metadata for storage.k8s.io/v1, Kind=CSIStorageCapacity"
2026-06-12T15:45:38.109362252Z time="2026-06-12T15:45:38Z" level=info msg="Watching metadata for devices.harvesterhci.io/v1beta1, Kind=USBDeviceClaim"
2026-06-12T15:45:38.109374581Z time="2026-06-12T15:45:38Z" level=info msg="Watching metadata for crd.projectcalico.org/v1, Kind=NetworkSet"
2026-06-12T15:45:38.109410162Z time="2026-06-12T15:45:38Z" level=info msg="Watching metadata for monitoring.coreos.com/v1, Kind=ServiceMonitor"
2026-06-12T15:45:38.109426412Z time="2026-06-12T15:45:38Z" level=info msg="Watching metadata for batch/v1, Kind=CronJob"
2026-06-12T15:45:38.109462041Z time="2026-06-12T15:45:38Z" level=info msg="Watching metadata for network.harvesterhci.io/v1beta1, Kind=HostNetworkConfig"
2026-06-12T15:45:38.109475890Z time="2026-06-12T15:45:38Z" level=info msg="Watching metadata for /v1, Kind=Service"
2026-06-12T15:45:38.109503079Z time="2026-06-12T15:45:38Z" level=info msg="Watching metadata for devices.harvesterhci.io/v1beta1, Kind=USBDevice"
2026-06-12T15:45:38.109518928Z time="2026-06-12T15:45:38Z" level=info msg="Watching metadata for bmc.tinkerbell.org/v1alpha1, Kind=BMCTask"
2026-06-12T15:45:38.109560665Z time="2026-06-12T15:45:38Z" level=info msg="Watching metadata for crd.projectcalico.org/v1, Kind=BGPConfiguration"
2026-06-12T15:45:38.109567290Z time="2026-06-12T15:45:38Z" level=info msg="Watching metadata for crd.projectcalico.org/v1, Kind=IPPool"
2026-06-12T15:45:38.109600517Z time="2026-06-12T15:45:38Z" level=info msg="Watching metadata for rbac.authorization.k8s.io/v1, Kind=ClusterRoleBinding"
2026-06-12T15:45:38.109611389Z time="2026-06-12T15:45:38Z" level=info msg="Watching metadata for fleet.cattle.io/v1alpha1, Kind=ImageScan"
2026-06-12T15:45:38.109650896Z time="2026-06-12T15:45:38Z" level=info msg="Watching metadata for turtles-capi.cattle.io/v1alpha1, Kind=ClusterctlConfig"
2026-06-12T15:45:38.109694119Z time="2026-06-12T15:45:38Z" level=info msg="Watching metadata for network.harvesterhci.io/v1beta1, Kind=ClusterNetwork"
2026-06-12T15:45:38.109699536Z time="2026-06-12T15:45:38Z" level=info msg="Watching metadata for scheduling.k8s.io/v1, Kind=PriorityClass"
2026-06-12T15:45:38.109728091Z time="2026-06-12T15:45:38Z" level=info msg="Watching metadata for harvesterhci.io/v1beta1, Kind=BlockDevice"
2026-06-12T15:45:38.109749644Z time="2026-06-12T15:45:38Z" level=info msg="Watching metadata for storage.k8s.io/v1, Kind=VolumeAttributesClass"
2026-06-12T15:45:38.109775371Z time="2026-06-12T15:45:38Z" level=info msg="Watching metadata for snapshot.kubevirt.io/v1beta1, Kind=VirtualMachineSnapshot"
2026-06-12T15:45:38.109793666Z time="2026-06-12T15:45:38Z" level=info msg="Watching metadata for cluster.x-k8s.io/v1beta2, Kind=Machine"
2026-06-12T15:45:38.109821811Z time="2026-06-12T15:45:38Z" level=info msg="Watching metadata for rbac.authorization.k8s.io/v1, Kind=ClusterRole"
2026-06-12T15:45:38.109853796Z time="2026-06-12T15:45:38Z" level=info msg="Watching metadata for flowcontrol.apiserver.k8s.io/v1, Kind=PriorityLevelConfiguration"
2026-06-12T15:45:38.109865803Z time="2026-06-12T15:45:38Z" level=info msg="Watching metadata for metal.harvesterhci.io/v1alpha1, Kind=Cluster"
2026-06-12T15:45:38.109895789Z time="2026-06-12T15:45:38Z" level=info msg="Watching metadata for ipam.cluster.x-k8s.io/v1beta2, Kind=IPAddress"
2026-06-12T15:45:38.109918988Z time="2026-06-12T15:45:38Z" level=info msg="Watching metadata for fleet.cattle.io/v1alpha1, Kind=GitRepo"
2026-06-12T15:45:38.110012341Z time="2026-06-12T15:45:38Z" level=info msg="Watching metadata for devices.harvesterhci.io/v1beta1, Kind=VGPUDevice"
2026-06-12T15:45:38.110027056Z time="2026-06-12T15:45:38Z" level=info msg="Watching metadata for policy.networking.k8s.io/v1alpha2, Kind=ClusterNetworkPolicy"
2026-06-12T15:45:38.110030596Z time="2026-06-12T15:45:38Z" level=info msg="Watching metadata for crd.projectcalico.org/v1, Kind=IPAMHandle"
2026-06-12T15:45:38.110033323Z time="2026-06-12T15:45:38Z" level=info msg="Watching metadata for catalog.cattle.io/v1, Kind=ClusterRepo"
2026-06-12T15:45:38.110042545Z time="2026-06-12T15:45:38Z" level=info msg="Watching metadata for snapshot.storage.k8s.io/v1, Kind=VolumeSnapshotClass"
2026-06-12T15:45:38.110048968Z time="2026-06-12T15:45:38Z" level=info msg="Watching metadata for harvesterhci.io/v1beta1, Kind=Version"
2026-06-12T15:45:38.110085436Z time="2026-06-12T15:45:38Z" level=info msg="Watching metadata for cluster.x-k8s.io/v1beta2, Kind=MachineSet"
2026-06-12T15:45:38.110097223Z time="2026-06-12T15:45:38Z" level=info msg="Watching metadata for harvesterhci.io/v1beta1, Kind=ResourceQuota"
2026-06-12T15:45:38.110187968Z time="2026-06-12T15:45:38Z" level=info msg="Watching metadata for /v1, Kind=PersistentVolume"
2026-06-12T15:45:38.110219308Z time="2026-06-12T15:45:38Z" level=info msg="Watching metadata for longhorn.io/v1beta2, Kind=ShareManager"
2026-06-12T15:45:38.110223667Z time="2026-06-12T15:45:38Z" level=info msg="Watching metadata for cdi.kubevirt.io/v1beta1, Kind=CDIConfig"
2026-06-12T15:45:38.110230608Z time="2026-06-12T15:45:38Z" level=info msg="Watching metadata for snapshot.storage.k8s.io/v1, Kind=VolumeSnapshotContent"
2026-06-12T15:45:38.110246126Z time="2026-06-12T15:45:38Z" level=info msg="Watching metadata for node.harvesterhci.io/v1beta1, Kind=CloudInit"
2026-06-12T15:45:38.110269993Z time="2026-06-12T15:45:38Z" level=info msg="Watching metadata for cluster.x-k8s.io/v1beta2, Kind=ClusterClass"
2026-06-12T15:45:38.110309645Z time="2026-06-12T15:45:38Z" level=info msg="Watching metadata for kubevirt.io/v1, Kind=KubeVirt"
2026-06-12T15:45:38.110317080Z time="2026-06-12T15:45:38Z" level=info msg="Watching metadata for helm.cattle.io/v1, Kind=HelmChart"
2026-06-12T15:45:38.110336929Z time="2026-06-12T15:45:38Z" level=info msg="Watching metadata for management.cattle.io/v3, Kind=Cluster"
2026-06-12T15:45:38.110437864Z time="2026-06-12T15:45:38Z" level=info msg="Watching metadata for management.cattle.io/v3, Kind=GroupMember"
2026-06-12T15:45:38.110500820Z time="2026-06-12T15:45:38Z" level=info msg="Watching metadata for devices.harvesterhci.io/v1beta1, Kind=PCIDeviceClaim"
2026-06-12T15:45:38.110521831Z time="2026-06-12T15:45:38Z" level=info msg="Watching metadata for crd.projectcalico.org/v1, Kind=StagedKubernetesNetworkPolicy"
2026-06-12T15:45:38.110525030Z time="2026-06-12T15:45:38Z" level=info msg="Watching metadata for apps/v1, Kind=ReplicaSet"
2026-06-12T15:45:38.110549838Z time="2026-06-12T15:45:38Z" level=info msg="Watching metadata for k3s.cattle.io/v1, Kind=ETCDSnapshotFile"
2026-06-12T15:45:38.110558777Z time="2026-06-12T15:45:38Z" level=info msg="Watching metadata for crd.projectcalico.org/v1, Kind=StagedNetworkPolicy"
2026-06-12T15:45:38.110581606Z time="2026-06-12T15:45:38Z" level=info msg="Watching metadata for tinkerbell.org/v1alpha1, Kind=WorkflowData"
2026-06-12T15:45:38.110607560Z time="2026-06-12T15:45:38Z" level=info msg="Watching metadata for resource.k8s.io/v1, Kind=ResourceClaimTemplate"
2026-06-12T15:45:38.110632686Z time="2026-06-12T15:45:38Z" level=info msg="Watching metadata for node.harvesterhci.io/v1beta1, Kind=NodeConfig"
2026-06-12T15:45:38.110696534Z time="2026-06-12T15:45:38Z" level=info msg="Watching metadata for certificates.k8s.io/v1, Kind=CertificateSigningRequest"
2026-06-12T15:45:38.110720800Z time="2026-06-12T15:45:38Z" level=info msg="Watching metadata for networking.k8s.io/v1, Kind=IngressClass"
2026-06-12T15:45:38.110735523Z time="2026-06-12T15:45:38Z" level=info msg="Watching metadata for networking.k8s.io/v1, Kind=ServiceCIDR"
2026-06-12T15:45:38.110825005Z time="2026-06-12T15:45:38Z" level=info msg="Watching metadata for management.cattle.io/v3, Kind=ClusterProxyConfig"
2026-06-12T15:45:38.110841615Z time="2026-06-12T15:45:38Z" level=info msg="Watching metadata for devices.harvesterhci.io/v1beta1, Kind=SRIOVGPUDevice"
2026-06-12T15:45:38.110866141Z time="2026-06-12T15:45:38Z" level=info msg="Watching metadata for flowcontrol.apiserver.k8s.io/v1, Kind=FlowSchema"
2026-06-12T15:45:38.110881138Z time="2026-06-12T15:45:38Z" level=info msg="Watching metadata for node.k8s.io/v1, Kind=RuntimeClass"
2026-06-12T15:45:38.110927215Z time="2026-06-12T15:45:38Z" level=info msg="Watching metadata for logging.banzaicloud.io/v1beta1, Kind=SyslogNGClusterOutput"
2026-06-12T15:45:38.110940225Z time="2026-06-12T15:45:38Z" level=info msg="Watching metadata for longhorn.io/v1beta2, Kind=BackupTarget"
2026-06-12T15:45:38.110965739Z time="2026-06-12T15:45:38Z" level=info msg="Watching metadata for catalog.cattle.io/v1, Kind=Operation"
2026-06-12T15:45:38.111023451Z time="2026-06-12T15:45:38Z" level=info msg="Watching metadata for addons.cluster.x-k8s.io/v1beta2, Kind=ClusterResourceSet"
2026-06-12T15:45:38.111026506Z time="2026-06-12T15:45:38Z" level=info msg="Watching metadata for monitoring.coreos.com/v1, Kind=Prometheus"
2026-06-12T15:45:38.111029062Z time="2026-06-12T15:45:38Z" level=info msg="Watching metadata for management.cattle.io/v3, Kind=ClusterRegistrationToken"
2026-06-12T15:45:38.111089371Z time="2026-06-12T15:45:38Z" level=info msg="Watching metadata for logging.banzaicloud.io/v1beta1, Kind=SyslogNGFlow"
2026-06-12T15:45:38.111124780Z time="2026-06-12T15:45:38Z" level=info msg="Watching metadata for harvesterhci.io/v1beta1, Kind=LVMVolumeGroup"
2026-06-12T15:45:38.111147984Z time="2026-06-12T15:45:38Z" level=info msg="Watching metadata for crd.projectcalico.org/v1, Kind=StagedGlobalNetworkPolicy"
2026-06-12T15:45:38.111187116Z time="2026-06-12T15:45:38Z" level=info msg="Watching metadata for telemetry.cattle.io/v1, Kind=SecretRequest"
2026-06-12T15:45:38.111201465Z time="2026-06-12T15:45:38Z" level=info msg="Watching metadata for crd.projectcalico.org/v1, Kind=NetworkPolicy"
2026-06-12T15:45:38.111209884Z time="2026-06-12T15:45:38Z" level=info msg="Watching metadata for cluster.x-k8s.io/v1beta2, Kind=MachinePool"
2026-06-12T15:45:38.111239117Z time="2026-06-12T15:45:38Z" level=info msg="Watching metadata for tinkerbell.org/v1alpha1, Kind=Workflow"
2026-06-12T15:45:38.111268551Z time="2026-06-12T15:45:38Z" level=info msg="Watching metadata for upgrade.cattle.io/v1, Kind=Plan"
2026-06-12T15:45:38.120708335Z I0612 15:45:38.120605       7 warnings.go:110] "Warning: cdi.kubevirt.io/v1beta1 ObjectTransfers is now deprecated and will be removed in v1."
2026-06-12T15:45:38.125739040Z I0612 15:45:38.124368       7 warnings.go:110] "Warning: cdi.kubevirt.io/v1beta1 ObjectTransfers is now deprecated and will be removed in v1."
2026-06-12T15:45:38.126956885Z I0612 15:45:38.126878       7 warnings.go:110] "Warning: v1 Endpoints is deprecated in v1.33+; use discovery.k8s.io/v1 EndpointSlice"
2026-06-12T15:45:38.128109178Z I0612 15:45:38.128038       7 warnings.go:110] "Warning: kubevirt.io/v1 VirtualMachineInstancePresets is now deprecated and will be removed in v2."
2026-06-12T15:45:38.160089956Z I0612 15:45:38.159907       7 warnings.go:110] "Warning: kubevirt.io/v1 VirtualMachineInstancePresets is now deprecated and will be removed in v2."
2026-06-12T15:45:38.199371554Z I0612 15:45:38.199180       7 warnings.go:110] "Warning: v1 Endpoints is deprecated in v1.33+; use discovery.k8s.io/v1 EndpointSlice"
2026-06-12T15:52:11.122878731Z I0612 15:52:11.122768       7 warnings.go:110] "Warning: cdi.kubevirt.io/v1beta1 ObjectTransfers is now deprecated and will be removed in v1."
2026-06-12T15:54:14.200165852Z I0612 15:54:14.200072       7 warnings.go:110] "Warning: v1 Endpoints is deprecated in v1.33+; use discovery.k8s.io/v1 EndpointSlice"
2026-06-12T15:55:13.159700599Z I0612 15:55:13.159554       7 warnings.go:110] "Warning: kubevirt.io/v1 VirtualMachineInstancePresets is now deprecated and will be removed in v2."
2026-06-12T16:01:25.125031779Z I0612 16:01:25.124910       7 warnings.go:110] "Warning: cdi.kubevirt.io/v1beta1 ObjectTransfers is now deprecated and will be removed in v1."
2026-06-12T16:01:48.161490050Z I0612 16:01:48.161403       7 warnings.go:110] "Warning: kubevirt.io/v1 VirtualMachineInstancePresets is now deprecated and will be removed in v2."
2026-06-12T16:02:01.201911025Z I0612 16:02:01.201779       7 warnings.go:110] "Warning: v1 Endpoints is deprecated in v1.33+; use discovery.k8s.io/v1 EndpointSlice"
2026-06-12T16:07:58.162580499Z I0612 16:07:58.162498       7 warnings.go:110] "Warning: kubevirt.io/v1 VirtualMachineInstancePresets is now deprecated and will be removed in v2."
2026-06-12T16:08:10.129996373Z I0612 16:08:10.129883       7 warnings.go:110] "Warning: cdi.kubevirt.io/v1beta1 ObjectTransfers is now deprecated and will be removed in v1."
2026-06-12T16:08:56.202885973Z I0612 16:08:56.202790       7 warnings.go:110] "Warning: v1 Endpoints is deprecated in v1.33+; use discovery.k8s.io/v1 EndpointSlice"
2026-06-12T16:14:24.204751908Z I0612 16:14:24.204596       7 warnings.go:110] "Warning: v1 Endpoints is deprecated in v1.33+; use discovery.k8s.io/v1 EndpointSlice"
2026-06-12T16:14:26.133510977Z I0612 16:14:26.133396       7 warnings.go:110] "Warning: cdi.kubevirt.io/v1beta1 ObjectTransfers is now deprecated and will be removed in v1."
2026-06-12T16:15:43.164405736Z I0612 16:15:43.164254       7 warnings.go:110] "Warning: kubevirt.io/v1 VirtualMachineInstancePresets is now deprecated and will be removed in v2."
2026-06-12T16:21:05.206531847Z I0612 16:21:05.206379       7 warnings.go:110] "Warning: v1 Endpoints is deprecated in v1.33+; use discovery.k8s.io/v1 EndpointSlice"
2026-06-12T16:22:08.130999168Z I0612 16:22:08.130901       7 warnings.go:110] "Warning: cdi.kubevirt.io/v1beta1 ObjectTransfers is now deprecated and will be removed in v1."
2026-06-12T16:23:49.166195912Z I0612 16:23:49.166070       7 warnings.go:110] "Warning: kubevirt.io/v1 VirtualMachineInstancePresets is now deprecated and will be removed in v2."
2026-06-12T16:26:48.207813580Z I0612 16:26:48.207668       7 warnings.go:110] "Warning: v1 Endpoints is deprecated in v1.33+; use discovery.k8s.io/v1 EndpointSlice"
2026-06-12T16:29:50.131043995Z I0612 16:29:50.130899       7 warnings.go:110] "Warning: cdi.kubevirt.io/v1beta1 ObjectTransfers is now deprecated and will be removed in v1."
2026-06-12T16:31:17.168009942Z I0612 16:31:17.167938       7 warnings.go:110] "Warning: kubevirt.io/v1 VirtualMachineInstancePresets is now deprecated and will be removed in v2."
2026-06-12T16:31:58.209332630Z I0612 16:31:58.209219       7 warnings.go:110] "Warning: v1 Endpoints is deprecated in v1.33+; use discovery.k8s.io/v1 EndpointSlice"
2026-06-12T16:36:14.139078292Z I0612 16:36:14.138948       7 warnings.go:110] "Warning: cdi.kubevirt.io/v1beta1 ObjectTransfers is now deprecated and will be removed in v1."
2026-06-12T16:37:04.169305695Z I0612 16:37:04.169131       7 warnings.go:110] "Warning: kubevirt.io/v1 VirtualMachineInstancePresets is now deprecated and will be removed in v2."
2026-06-12T16:40:02.210817722Z I0612 16:40:02.210706       7 warnings.go:110] "Warning: v1 Endpoints is deprecated in v1.33+; use discovery.k8s.io/v1 EndpointSlice"
2026-06-12T16:41:27.143487958Z I0612 16:41:27.143303       7 warnings.go:110] "Warning: cdi.kubevirt.io/v1beta1 ObjectTransfers is now deprecated and will be removed in v1."
2026-06-12T16:43:30.170308180Z I0612 16:43:30.170144       7 warnings.go:110] "Warning: kubevirt.io/v1 VirtualMachineInstancePresets is now deprecated and will be removed in v2."
2026-06-12T16:48:21.212406288Z I0612 16:48:21.212288       7 warnings.go:110] "Warning: v1 Endpoints is deprecated in v1.33+; use discovery.k8s.io/v1 EndpointSlice"
2026-06-12T16:49:53.171366476Z I0612 16:49:53.171207       7 warnings.go:110] "Warning: kubevirt.io/v1 VirtualMachineInstancePresets is now deprecated and will be removed in v2."
2026-06-12T16:51:21.149381377Z I0612 16:51:21.149253       7 warnings.go:110] "Warning: cdi.kubevirt.io/v1beta1 ObjectTransfers is now deprecated and will be removed in v1."
2026-06-12T16:53:28.213545171Z I0612 16:53:28.213404       7 warnings.go:110] "Warning: v1 Endpoints is deprecated in v1.33+; use discovery.k8s.io/v1 EndpointSlice"
2026-06-12T16:57:06.147024355Z I0612 16:57:06.146901       7 warnings.go:110] "Warning: cdi.kubevirt.io/v1beta1 ObjectTransfers is now deprecated and will be removed in v1."
2026-06-12T16:57:26.172700422Z I0612 16:57:26.172521       7 warnings.go:110] "Warning: kubevirt.io/v1 VirtualMachineInstancePresets is now deprecated and will be removed in v2."
2026-06-12T16:59:06.215734390Z I0612 16:59:06.215562       7 warnings.go:110] "Warning: v1 Endpoints is deprecated in v1.33+; use discovery.k8s.io/v1 EndpointSlice"
2026-06-12T17:04:45.217438704Z I0612 17:04:45.217279       7 warnings.go:110] "Warning: v1 Endpoints is deprecated in v1.33+; use discovery.k8s.io/v1 EndpointSlice"
2026-06-12T17:04:50.147375488Z I0612 17:04:50.147249       7 warnings.go:110] "Warning: cdi.kubevirt.io/v1beta1 ObjectTransfers is now deprecated and will be removed in v1."
2026-06-12T17:07:25.174113648Z I0612 17:07:25.173996       7 warnings.go:110] "Warning: kubevirt.io/v1 VirtualMachineInstancePresets is now deprecated and will be removed in v2."
2026-06-12T17:13:01.151106769Z I0612 17:13:01.150972       7 warnings.go:110] "Warning: cdi.kubevirt.io/v1beta1 ObjectTransfers is now deprecated and will be removed in v1."
2026-06-12T17:14:39.219570961Z I0612 17:14:39.219452       7 warnings.go:110] "Warning: v1 Endpoints is deprecated in v1.33+; use discovery.k8s.io/v1 EndpointSlice"
2026-06-12T17:15:45.175672026Z I0612 17:15:45.175557       7 warnings.go:110] "Warning: kubevirt.io/v1 VirtualMachineInstancePresets is now deprecated and will be removed in v2."
2026-06-12T17:20:15.221275911Z I0612 17:20:15.221136       7 warnings.go:110] "Warning: v1 Endpoints is deprecated in v1.33+; use discovery.k8s.io/v1 EndpointSlice"
2026-06-12T17:22:48.177747086Z I0612 17:22:48.177655       7 warnings.go:110] "Warning: kubevirt.io/v1 VirtualMachineInstancePresets is now deprecated and will be removed in v2."
2026-06-12T17:22:49.161072018Z I0612 17:22:49.160983       7 warnings.go:110] "Warning: cdi.kubevirt.io/v1beta1 ObjectTransfers is now deprecated and will be removed in v1."
2026-06-12T17:28:26.222229660Z I0612 17:28:26.222096       7 warnings.go:110] "Warning: v1 Endpoints is deprecated in v1.33+; use discovery.k8s.io/v1 EndpointSlice"
2026-06-12T17:30:15.180027779Z I0612 17:30:15.179841       7 warnings.go:110] "Warning: kubevirt.io/v1 VirtualMachineInstancePresets is now deprecated and will be removed in v2."
2026-06-12T17:32:47.166994584Z I0612 17:32:47.166822       7 warnings.go:110] "Warning: cdi.kubevirt.io/v1beta1 ObjectTransfers is now deprecated and will be removed in v1."
2026-06-12T17:37:38.223675583Z I0612 17:37:38.223544       7 warnings.go:110] "Warning: v1 Endpoints is deprecated in v1.33+; use discovery.k8s.io/v1 EndpointSlice"
2026-06-12T17:39:00.182175971Z I0612 17:39:00.182060       7 warnings.go:110] "Warning: kubevirt.io/v1 VirtualMachineInstancePresets is now deprecated and will be removed in v2."
2026-06-12T17:39:37.171019989Z I0612 17:39:37.170852       7 warnings.go:110] "Warning: cdi.kubevirt.io/v1beta1 ObjectTransfers is now deprecated and will be removed in v1."
2026-06-12T17:43:48.225817436Z I0612 17:43:48.225725       7 warnings.go:110] "Warning: v1 Endpoints is deprecated in v1.33+; use discovery.k8s.io/v1 EndpointSlice"
2026-06-12T17:45:20.184056650Z I0612 17:45:20.183931       7 warnings.go:110] "Warning: kubevirt.io/v1 VirtualMachineInstancePresets is now deprecated and will be removed in v2."
2026-06-12T17:47:00.174879599Z I0612 17:47:00.174772       7 warnings.go:110] "Warning: cdi.kubevirt.io/v1beta1 ObjectTransfers is now deprecated and will be removed in v1."
2026-06-12T17:50:37.185830028Z I0612 17:50:37.185717       7 warnings.go:110] "Warning: kubevirt.io/v1 VirtualMachineInstancePresets is now deprecated and will be removed in v2."
2026-06-12T17:51:17.226775623Z I0612 17:51:17.226681       7 warnings.go:110] "Warning: v1 Endpoints is deprecated in v1.33+; use discovery.k8s.io/v1 EndpointSlice"
2026-06-12T17:53:47.173799767Z I0612 17:53:47.173620       7 warnings.go:110] "Warning: cdi.kubevirt.io/v1beta1 ObjectTransfers is now deprecated and will be removed in v1."
2026-06-12T17:58:09.187163580Z I0612 17:58:09.187012       7 warnings.go:110] "Warning: kubevirt.io/v1 VirtualMachineInstancePresets is now deprecated and will be removed in v2."
2026-06-12T17:59:24.228564635Z I0612 17:59:24.228380       7 warnings.go:110] "Warning: v1 Endpoints is deprecated in v1.33+; use discovery.k8s.io/v1 EndpointSlice"
2026-06-12T18:03:12.173422699Z I0612 18:03:12.173279       7 warnings.go:110] "Warning: cdi.kubevirt.io/v1beta1 ObjectTransfers is now deprecated and will be removed in v1."
2026-06-12T18:06:55.230554278Z I0612 18:06:55.230424       7 warnings.go:110] "Warning: v1 Endpoints is deprecated in v1.33+; use discovery.k8s.io/v1 EndpointSlice"
2026-06-12T18:07:00.188486426Z I0612 18:07:00.188385       7 warnings.go:110] "Warning: kubevirt.io/v1 VirtualMachineInstancePresets is now deprecated and will be removed in v2."
2026-06-12T18:08:13.178281819Z I0612 18:08:13.178087       7 warnings.go:110] "Warning: cdi.kubevirt.io/v1beta1 ObjectTransfers is now deprecated and will be removed in v1."
2026-06-12T18:13:25.182794280Z I0612 18:13:25.182612       7 warnings.go:110] "Warning: cdi.kubevirt.io/v1beta1 ObjectTransfers is now deprecated and will be removed in v1."
2026-06-12T18:14:02.190099453Z I0612 18:14:02.189946       7 warnings.go:110] "Warning: kubevirt.io/v1 VirtualMachineInstancePresets is now deprecated and will be removed in v2."
2026-06-12T18:14:18.232453946Z I0612 18:14:18.232363       7 warnings.go:110] "Warning: v1 Endpoints is deprecated in v1.33+; use discovery.k8s.io/v1 EndpointSlice"
2026-06-12T18:21:36.192490645Z I0612 18:21:36.192380       7 warnings.go:110] "Warning: kubevirt.io/v1 VirtualMachineInstancePresets is now deprecated and will be removed in v2."
2026-06-12T18:21:49.185599307Z I0612 18:21:49.185418       7 warnings.go:110] "Warning: cdi.kubevirt.io/v1beta1 ObjectTransfers is now deprecated and will be removed in v1."
2026-06-12T18:22:40.234140515Z I0612 18:22:40.234005       7 warnings.go:110] "Warning: v1 Endpoints is deprecated in v1.33+; use discovery.k8s.io/v1 EndpointSlice"
2026-06-12T18:27:13.194045954Z I0612 18:27:13.193906       7 warnings.go:110] "Warning: kubevirt.io/v1 VirtualMachineInstancePresets is now deprecated and will be removed in v2."
2026-06-12T18:29:01.235549251Z I0612 18:29:01.235422       7 warnings.go:110] "Warning: v1 Endpoints is deprecated in v1.33+; use discovery.k8s.io/v1 EndpointSlice"
2026-06-12T18:31:01.187886919Z I0612 18:31:01.187746       7 warnings.go:110] "Warning: cdi.kubevirt.io/v1beta1 ObjectTransfers is now deprecated and will be removed in v1."
2026-06-12T18:34:10.195752590Z I0612 18:34:10.195604       7 warnings.go:110] "Warning: kubevirt.io/v1 VirtualMachineInstancePresets is now deprecated and will be removed in v2."
2026-06-12T18:38:27.237479385Z I0612 18:38:27.237320       7 warnings.go:110] "Warning: v1 Endpoints is deprecated in v1.33+; use discovery.k8s.io/v1 EndpointSlice"
2026-06-12T18:39:07.183503446Z I0612 18:39:07.183285       7 warnings.go:110] "Warning: cdi.kubevirt.io/v1beta1 ObjectTransfers is now deprecated and will be removed in v1."
2026-06-12T18:39:15.197394141Z I0612 18:39:15.197236       7 warnings.go:110] "Warning: kubevirt.io/v1 VirtualMachineInstancePresets is now deprecated and will be removed in v2."
2026-06-12T18:44:13.183676967Z I0612 18:44:13.183502       7 warnings.go:110] "Warning: cdi.kubevirt.io/v1beta1 ObjectTransfers is now deprecated and will be removed in v1."
2026-06-12T18:45:49.239053697Z I0612 18:45:49.238891       7 warnings.go:110] "Warning: v1 Endpoints is deprecated in v1.33+; use discovery.k8s.io/v1 EndpointSlice"
2026-06-12T18:46:10.199462855Z I0612 18:46:10.199359       7 warnings.go:110] "Warning: kubevirt.io/v1 VirtualMachineInstancePresets is now deprecated and will be removed in v2."
2026-06-12T18:50:04.189674791Z I0612 18:50:04.189477       7 warnings.go:110] "Warning: cdi.kubevirt.io/v1beta1 ObjectTransfers is now deprecated and will be removed in v1."
2026-06-12T18:51:46.240131311Z I0612 18:51:46.240011       7 warnings.go:110] "Warning: v1 Endpoints is deprecated in v1.33+; use discovery.k8s.io/v1 EndpointSlice"
2026-06-12T18:52:12.201277731Z I0612 18:52:12.201131       7 warnings.go:110] "Warning: kubevirt.io/v1 VirtualMachineInstancePresets is now deprecated and will be removed in v2."
2026-06-12T18:58:05.202275682Z I0612 18:58:05.202140       7 warnings.go:110] "Warning: kubevirt.io/v1 VirtualMachineInstancePresets is now deprecated and will be removed in v2."
2026-06-12T18:59:17.196200495Z I0612 18:59:17.196062       7 warnings.go:110] "Warning: cdi.kubevirt.io/v1beta1 ObjectTransfers is now deprecated and will be removed in v1."
2026-06-12T19:01:02.241551455Z I0612 19:01:02.241438       7 warnings.go:110] "Warning: v1 Endpoints is deprecated in v1.33+; use discovery.k8s.io/v1 EndpointSlice"
2026-06-12T19:06:41.203795368Z I0612 19:06:41.203676       7 warnings.go:110] "Warning: kubevirt.io/v1 VirtualMachineInstancePresets is now deprecated and will be removed in v2."
2026-06-12T19:06:53.198720042Z I0612 19:06:53.198542       7 warnings.go:110] "Warning: cdi.kubevirt.io/v1beta1 ObjectTransfers is now deprecated and will be removed in v1."
2026-06-12T19:08:30.242934497Z I0612 19:08:30.242796       7 warnings.go:110] "Warning: v1 Endpoints is deprecated in v1.33+; use discovery.k8s.io/v1 EndpointSlice"
2026-06-12T19:12:43.204961624Z I0612 19:12:43.204811       7 warnings.go:110] "Warning: kubevirt.io/v1 VirtualMachineInstancePresets is now deprecated and will be removed in v2."
2026-06-12T19:12:52.202153613Z I0612 19:12:52.201930       7 warnings.go:110] "Warning: cdi.kubevirt.io/v1beta1 ObjectTransfers is now deprecated and will be removed in v1."
2026-06-12T19:16:36.243883136Z I0612 19:16:36.243777       7 warnings.go:110] "Warning: v1 Endpoints is deprecated in v1.33+; use discovery.k8s.io/v1 EndpointSlice"
2026-06-12T19:19:00.206682747Z I0612 19:19:00.206517       7 warnings.go:110] "Warning: kubevirt.io/v1 VirtualMachineInstancePresets is now deprecated and will be removed in v2."
2026-06-12T19:22:34.208680949Z I0612 19:22:34.208527       7 warnings.go:110] "Warning: cdi.kubevirt.io/v1beta1 ObjectTransfers is now deprecated and will be removed in v1."
2026-06-12T19:25:03.245708381Z I0612 19:25:03.245535       7 warnings.go:110] "Warning: v1 Endpoints is deprecated in v1.33+; use discovery.k8s.io/v1 EndpointSlice"
2026-06-12T19:25:56.208303551Z I0612 19:25:56.208199       7 warnings.go:110] "Warning: kubevirt.io/v1 VirtualMachineInstancePresets is now deprecated and will be removed in v2."
2026-06-12T19:31:52.213156975Z I0612 19:31:52.213026       7 warnings.go:110] "Warning: cdi.kubevirt.io/v1beta1 ObjectTransfers is now deprecated and will be removed in v1."
2026-06-12T19:32:18.247034327Z I0612 19:32:18.246936       7 warnings.go:110] "Warning: v1 Endpoints is deprecated in v1.33+; use discovery.k8s.io/v1 EndpointSlice"
2026-06-12T19:34:37.210130807Z I0612 19:34:37.209962       7 warnings.go:110] "Warning: kubevirt.io/v1 VirtualMachineInstancePresets is now deprecated and will be removed in v2."
2026-06-12T19:40:13.248256598Z I0612 19:40:13.248147       7 warnings.go:110] "Warning: v1 Endpoints is deprecated in v1.33+; use discovery.k8s.io/v1 EndpointSlice"
2026-06-12T19:40:23.215730865Z I0612 19:40:23.215523       7 warnings.go:110] "Warning: cdi.kubevirt.io/v1beta1 ObjectTransfers is now deprecated and will be removed in v1."
2026-06-12T19:40:29.211847423Z I0612 19:40:29.211728       7 warnings.go:110] "Warning: kubevirt.io/v1 VirtualMachineInstancePresets is now deprecated and will be removed in v2."
2026-06-12T19:47:42.249389182Z I0612 19:47:42.249217       7 warnings.go:110] "Warning: v1 Endpoints is deprecated in v1.33+; use discovery.k8s.io/v1 EndpointSlice"
2026-06-12T19:47:59.212656729Z I0612 19:47:59.212530       7 warnings.go:110] "Warning: kubevirt.io/v1 VirtualMachineInstancePresets is now deprecated and will be removed in v2."
2026-06-12T19:48:47.215683857Z I0612 19:48:47.215593       7 warnings.go:110] "Warning: cdi.kubevirt.io/v1beta1 ObjectTransfers is now deprecated and will be removed in v1."
2026-06-12T19:54:20.251531749Z I0612 19:54:20.251351       7 warnings.go:110] "Warning: v1 Endpoints is deprecated in v1.33+; use discovery.k8s.io/v1 EndpointSlice"
2026-06-12T19:56:37.213742840Z I0612 19:56:37.213612       7 warnings.go:110] "Warning: kubevirt.io/v1 VirtualMachineInstancePresets is now deprecated and will be removed in v2."
2026-06-12T19:57:33.214599559Z I0612 19:57:33.214397       7 warnings.go:110] "Warning: cdi.kubevirt.io/v1beta1 ObjectTransfers is now deprecated and will be removed in v1."
2026-06-12T20:00:05.252594945Z I0612 20:00:05.252473       7 warnings.go:110] "Warning: v1 Endpoints is deprecated in v1.33+; use discovery.k8s.io/v1 EndpointSlice"
2026-06-12T20:02:40.215789989Z I0612 20:02:40.215630       7 warnings.go:110] "Warning: kubevirt.io/v1 VirtualMachineInstancePresets is now deprecated and will be removed in v2."
2026-06-12T20:03:50.211251496Z I0612 20:03:50.211094       7 warnings.go:110] "Warning: cdi.kubevirt.io/v1beta1 ObjectTransfers is now deprecated and will be removed in v1."
2026-06-12T20:09:10.254879116Z I0612 20:09:10.254713       7 warnings.go:110] "Warning: v1 Endpoints is deprecated in v1.33+; use discovery.k8s.io/v1 EndpointSlice"
2026-06-12T20:09:59.217226436Z I0612 20:09:59.217118       7 warnings.go:110] "Warning: kubevirt.io/v1 VirtualMachineInstancePresets is now deprecated and will be removed in v2."
2026-06-12T20:10:52.208929116Z I0612 20:10:52.208578       7 warnings.go:110] "Warning: cdi.kubevirt.io/v1beta1 ObjectTransfers is now deprecated and will be removed in v1."
2026-06-12T20:16:20.209055586Z I0612 20:16:20.208922       7 warnings.go:110] "Warning: cdi.kubevirt.io/v1beta1 ObjectTransfers is now deprecated and will be removed in v1."
2026-06-12T20:16:37.256481238Z I0612 20:16:37.256347       7 warnings.go:110] "Warning: v1 Endpoints is deprecated in v1.33+; use discovery.k8s.io/v1 EndpointSlice"
2026-06-12T20:18:35.219028847Z I0612 20:18:35.218920       7 warnings.go:110] "Warning: kubevirt.io/v1 VirtualMachineInstancePresets is now deprecated and will be removed in v2."
2026-06-12T20:23:02.210359949Z I0612 20:23:02.210243       7 warnings.go:110] "Warning: cdi.kubevirt.io/v1beta1 ObjectTransfers is now deprecated and will be removed in v1."
2026-06-12T20:25:11.257751841Z I0612 20:25:11.257601       7 warnings.go:110] "Warning: v1 Endpoints is deprecated in v1.33+; use discovery.k8s.io/v1 EndpointSlice"
2026-06-12T20:27:01.220669068Z I0612 20:27:01.220525       7 warnings.go:110] "Warning: kubevirt.io/v1 VirtualMachineInstancePresets is now deprecated and will be removed in v2."
2026-06-12T20:32:36.212536051Z I0612 20:32:36.212395       7 warnings.go:110] "Warning: cdi.kubevirt.io/v1beta1 ObjectTransfers is now deprecated and will be removed in v1."
2026-06-12T20:34:45.222443985Z I0612 20:34:45.222319       7 warnings.go:110] "Warning: kubevirt.io/v1 VirtualMachineInstancePresets is now deprecated and will be removed in v2."
2026-06-12T20:35:10.259613501Z I0612 20:35:10.259472       7 warnings.go:110] "Warning: v1 Endpoints is deprecated in v1.33+; use discovery.k8s.io/v1 EndpointSlice"
2026-06-12T20:39:17.216556048Z I0612 20:39:17.216150       7 warnings.go:110] "Warning: cdi.kubevirt.io/v1beta1 ObjectTransfers is now deprecated and will be removed in v1."
2026-06-12T20:42:29.261218482Z I0612 20:42:29.261101       7 warnings.go:110] "Warning: v1 Endpoints is deprecated in v1.33+; use discovery.k8s.io/v1 EndpointSlice"
2026-06-12T20:43:06.224910417Z I0612 20:43:06.224778       7 warnings.go:110] "Warning: kubevirt.io/v1 VirtualMachineInstancePresets is now deprecated and will be removed in v2."
2026-06-12T20:44:41.219051878Z I0612 20:44:41.218906       7 warnings.go:110] "Warning: cdi.kubevirt.io/v1beta1 ObjectTransfers is now deprecated and will be removed in v1."
2026-06-12T20:51:42.226274920Z I0612 20:51:42.226094       7 warnings.go:110] "Warning: kubevirt.io/v1 VirtualMachineInstancePresets is now deprecated and will be removed in v2."
2026-06-12T20:52:16.262893270Z I0612 20:52:16.262757       7 warnings.go:110] "Warning: v1 Endpoints is deprecated in v1.33+; use discovery.k8s.io/v1 EndpointSlice"
2026-06-12T20:52:21.223659706Z I0612 20:52:21.223456       7 warnings.go:110] "Warning: cdi.kubevirt.io/v1beta1 ObjectTransfers is now deprecated and will be removed in v1."
2026-06-12T20:56:43.227363677Z I0612 20:56:43.227219       7 warnings.go:110] "Warning: kubevirt.io/v1 VirtualMachineInstancePresets is now deprecated and will be removed in v2."
2026-06-12T20:57:40.264710531Z I0612 20:57:40.264548       7 warnings.go:110] "Warning: v1 Endpoints is deprecated in v1.33+; use discovery.k8s.io/v1 EndpointSlice"
2026-06-12T21:00:51.226691984Z I0612 21:00:51.226548       7 warnings.go:110] "Warning: cdi.kubevirt.io/v1beta1 ObjectTransfers is now deprecated and will be removed in v1."
2026-06-12T21:05:00.229016035Z I0612 21:05:00.228876       7 warnings.go:110] "Warning: kubevirt.io/v1 VirtualMachineInstancePresets is now deprecated and will be removed in v2."
2026-06-12T21:05:55.266318107Z I0612 21:05:55.266167       7 warnings.go:110] "Warning: v1 Endpoints is deprecated in v1.33+; use discovery.k8s.io/v1 EndpointSlice"
2026-06-12T21:07:56.231036971Z I0612 21:07:56.230864       7 warnings.go:110] "Warning: cdi.kubevirt.io/v1beta1 ObjectTransfers is now deprecated and will be removed in v1."
2026-06-12T21:13:29.229853343Z I0612 21:13:29.229726       7 warnings.go:110] "Warning: kubevirt.io/v1 VirtualMachineInstancePresets is now deprecated and will be removed in v2."
2026-06-12T21:13:55.268653471Z I0612 21:13:55.268488       7 warnings.go:110] "Warning: v1 Endpoints is deprecated in v1.33+; use discovery.k8s.io/v1 EndpointSlice"
2026-06-12T21:17:11.233154966Z I0612 21:17:11.232989       7 warnings.go:110] "Warning: cdi.kubevirt.io/v1beta1 ObjectTransfers is now deprecated and will be removed in v1."
2026-06-12T21:19:50.270246878Z I0612 21:19:50.270092       7 warnings.go:110] "Warning: v1 Endpoints is deprecated in v1.33+; use discovery.k8s.io/v1 EndpointSlice"
2026-06-12T21:22:13.231764254Z I0612 21:22:13.231617       7 warnings.go:110] "Warning: kubevirt.io/v1 VirtualMachineInstancePresets is now deprecated and will be removed in v2."
2026-06-12T21:24:14.233214350Z I0612 21:24:14.233052       7 warnings.go:110] "Warning: cdi.kubevirt.io/v1beta1 ObjectTransfers is now deprecated and will be removed in v1."
2026-06-12T21:27:21.272306092Z I0612 21:27:21.272167       7 warnings.go:110] "Warning: v1 Endpoints is deprecated in v1.33+; use discovery.k8s.io/v1 EndpointSlice"
2026-06-12T21:29:40.233702229Z I0612 21:29:40.233539       7 warnings.go:110] "Warning: kubevirt.io/v1 VirtualMachineInstancePresets is now deprecated and will be removed in v2."
2026-06-12T21:33:31.251714057Z I0612 21:33:31.251555       7 warnings.go:110] "Warning: cdi.kubevirt.io/v1beta1 ObjectTransfers is now deprecated and will be removed in v1."
2026-06-12T21:35:59.235242233Z I0612 21:35:59.235155       7 warnings.go:110] "Warning: kubevirt.io/v1 VirtualMachineInstancePresets is now deprecated and will be removed in v2."
2026-06-12T21:36:59.274280956Z I0612 21:36:59.274152       7 warnings.go:110] "Warning: v1 Endpoints is deprecated in v1.33+; use discovery.k8s.io/v1 EndpointSlice"
2026-06-12T21:42:22.236752681Z I0612 21:42:22.236603       7 warnings.go:110] "Warning: kubevirt.io/v1 VirtualMachineInstancePresets is now deprecated and will be removed in v2."
2026-06-12T21:42:29.278588093Z I0612 21:42:29.278437       7 warnings.go:110] "Warning: cdi.kubevirt.io/v1beta1 ObjectTransfers is now deprecated and will be removed in v1."
2026-06-12T21:42:36.276053678Z I0612 21:42:36.275897       7 warnings.go:110] "Warning: v1 Endpoints is deprecated in v1.33+; use discovery.k8s.io/v1 EndpointSlice"
2026-06-12T21:47:52.291170453Z I0612 21:47:52.290972       7 warnings.go:110] "Warning: cdi.kubevirt.io/v1beta1 ObjectTransfers is now deprecated and will be removed in v1."
2026-06-12T21:50:20.237968893Z I0612 21:50:20.237848       7 warnings.go:110] "Warning: kubevirt.io/v1 VirtualMachineInstancePresets is now deprecated and will be removed in v2."
2026-06-12T21:52:26.277017083Z I0612 21:52:26.276937       7 warnings.go:110] "Warning: v1 Endpoints is deprecated in v1.33+; use discovery.k8s.io/v1 EndpointSlice"
2026-06-12T21:56:15.267552795Z I0612 21:56:15.267366       7 warnings.go:110] "Warning: cdi.kubevirt.io/v1beta1 ObjectTransfers is now deprecated and will be removed in v1."
2026-06-12T21:58:49.278266414Z I0612 21:58:49.278099       7 warnings.go:110] "Warning: v1 Endpoints is deprecated in v1.33+; use discovery.k8s.io/v1 EndpointSlice"
2026-06-12T21:58:51.239609569Z I0612 21:58:51.239444       7 warnings.go:110] "Warning: kubevirt.io/v1 VirtualMachineInstancePresets is now deprecated and will be removed in v2."
2026-06-12T22:01:43.255303084Z I0612 22:01:43.255160       7 warnings.go:110] "Warning: cdi.kubevirt.io/v1beta1 ObjectTransfers is now deprecated and will be removed in v1."
2026-06-12T22:08:26.241457298Z I0612 22:08:26.241366       7 warnings.go:110] "Warning: kubevirt.io/v1 VirtualMachineInstancePresets is now deprecated and will be removed in v2."
2026-06-12T22:08:32.279506250Z I0612 22:08:32.279397       7 warnings.go:110] "Warning: v1 Endpoints is deprecated in v1.33+; use discovery.k8s.io/v1 EndpointSlice"
2026-06-12T22:10:05.251002579Z I0612 22:10:05.250837       7 warnings.go:110] "Warning: cdi.kubevirt.io/v1beta1 ObjectTransfers is now deprecated and will be removed in v1."
2026-06-12T22:16:12.253166478Z I0612 22:16:12.252977       7 warnings.go:110] "Warning: cdi.kubevirt.io/v1beta1 ObjectTransfers is now deprecated and will be removed in v1."
2026-06-12T22:18:20.243541148Z I0612 22:18:20.243406       7 warnings.go:110] "Warning: kubevirt.io/v1 VirtualMachineInstancePresets is now deprecated and will be removed in v2."
2026-06-12T22:18:29.280868447Z I0612 22:18:29.280740       7 warnings.go:110] "Warning: v1 Endpoints is deprecated in v1.33+; use discovery.k8s.io/v1 EndpointSlice"
2026-06-12T22:22:07.260223016Z I0612 22:22:07.260068       7 warnings.go:110] "Warning: cdi.kubevirt.io/v1beta1 ObjectTransfers is now deprecated and will be removed in v1."
2026-06-12T22:26:32.283256221Z I0612 22:26:32.283105       7 warnings.go:110] "Warning: v1 Endpoints is deprecated in v1.33+; use discovery.k8s.io/v1 EndpointSlice"
2026-06-12T22:27:05.245673913Z I0612 22:27:05.245520       7 warnings.go:110] "Warning: kubevirt.io/v1 VirtualMachineInstancePresets is now deprecated and will be removed in v2."
2026-06-12T22:31:21.265424980Z I0612 22:31:21.265344       7 warnings.go:110] "Warning: cdi.kubevirt.io/v1beta1 ObjectTransfers is now deprecated and will be removed in v1."
2026-06-12T22:33:07.284180584Z I0612 22:33:07.284072       7 warnings.go:110] "Warning: v1 Endpoints is deprecated in v1.33+; use discovery.k8s.io/v1 EndpointSlice"
2026-06-12T22:35:50.246889740Z I0612 22:35:50.246764       7 warnings.go:110] "Warning: kubevirt.io/v1 VirtualMachineInstancePresets is now deprecated and will be removed in v2."
2026-06-12T22:40:15.285750630Z I0612 22:40:15.285619       7 warnings.go:110] "Warning: v1 Endpoints is deprecated in v1.33+; use discovery.k8s.io/v1 EndpointSlice"
2026-06-12T22:41:00.264392493Z I0612 22:41:00.264249       7 warnings.go:110] "Warning: cdi.kubevirt.io/v1beta1 ObjectTransfers is now deprecated and will be removed in v1."
2026-06-12T22:44:08.248710978Z I0612 22:44:08.248561       7 warnings.go:110] "Warning: kubevirt.io/v1 VirtualMachineInstancePresets is now deprecated and will be removed in v2."
2026-06-12T22:48:46.287127363Z I0612 22:48:46.286989       7 warnings.go:110] "Warning: v1 Endpoints is deprecated in v1.33+; use discovery.k8s.io/v1 EndpointSlice"
2026-06-12T22:50:04.268080499Z I0612 22:50:04.267941       7 warnings.go:110] "Warning: cdi.kubevirt.io/v1beta1 ObjectTransfers is now deprecated and will be removed in v1."
2026-06-12T22:52:13.250351410Z I0612 22:52:13.250179       7 warnings.go:110] "Warning: kubevirt.io/v1 VirtualMachineInstancePresets is now deprecated and will be removed in v2."
2026-06-12T22:55:07.269365010Z I0612 22:55:07.269204       7 warnings.go:110] "Warning: cdi.kubevirt.io/v1beta1 ObjectTransfers is now deprecated and will be removed in v1."
2026-06-12T22:56:30.288682607Z I0612 22:56:30.288538       7 warnings.go:110] "Warning: v1 Endpoints is deprecated in v1.33+; use discovery.k8s.io/v1 EndpointSlice"
2026-06-12T22:58:38.252447638Z I0612 22:58:38.252310       7 warnings.go:110] "Warning: kubevirt.io/v1 VirtualMachineInstancePresets is now deprecated and will be removed in v2."
2026-06-12T23:00:24.270636975Z I0612 23:00:24.270497       7 warnings.go:110] "Warning: cdi.kubevirt.io/v1beta1 ObjectTransfers is now deprecated and will be removed in v1."
2026-06-12T23:02:01.947923518Z Failed to get namespace cattle-provisioning-capi-system: namespaces "cattle-provisioning-capi-system" not found
2026-06-12T23:02:06.410426846Z time="2026-06-12T23:02:06Z" level=error msg="Error during subscribe websocket: close sent"
2026-06-12T23:03:51.253946561Z I0612 23:03:51.253847       7 warnings.go:110] "Warning: kubevirt.io/v1 VirtualMachineInstancePresets is now deprecated and will be removed in v2."
2026-06-12T23:04:01.289680142Z I0612 23:04:01.289547       7 warnings.go:110] "Warning: v1 Endpoints is deprecated in v1.33+; use discovery.k8s.io/v1 EndpointSlice"
2026-06-12T23:07:07.270698976Z I0612 23:07:07.270537       7 warnings.go:110] "Warning: cdi.kubevirt.io/v1beta1 ObjectTransfers is now deprecated and will be removed in v1."
2026-06-12T23:11:14.255244952Z I0612 23:11:14.255127       7 warnings.go:110] "Warning: kubevirt.io/v1 VirtualMachineInstancePresets is now deprecated and will be removed in v2."
2026-06-12T23:12:09.271453543Z I0612 23:12:09.271345       7 warnings.go:110] "Warning: cdi.kubevirt.io/v1beta1 ObjectTransfers is now deprecated and will be removed in v1."
