2026-06-12T10:42:44.783229679Z time="2026-06-12T10:42:44Z" level=info msg="Starting harvester-network-controller version v1.8.1-rc1"
2026-06-12T10:42:44.784097433Z time="2026-06-12T10:42:44Z" level=info msg="Set log level to info"
2026-06-12T10:42:44.784119552Z time="2026-06-12T10:42:44Z" level=info msg="namespace harvester-system threadiness 2 nodeName hp-117-tink-system helper-image rancher/harvester-network-helper:master-head"
2026-06-12T10:42:44.784128931Z W0612 10:42:44.783473       1 client_config.go:667] Neither --kubeconfig nor --master was specified.  Using the inClusterConfig.  This might not work.
2026-06-12T10:42:50.785849881Z time="2026-06-12T10:42:50Z" level=info msg="Do not update the existing CRD NetworkAttachmentDefinition"
2026-06-12T10:42:53.978466619Z time="2026-06-12T10:42:53Z" level=info msg="Start link monitor"
2026-06-12T10:42:54.383943112Z time="2026-06-12T10:42:54Z" level=info msg="Starting network.harvesterhci.io/v1beta1, Kind=ClusterNetwork controller"
2026-06-12T10:42:54.383965935Z time="2026-06-12T10:42:54Z" level=info msg="Starting /v1, Kind=Node controller"
2026-06-12T10:42:54.383970427Z time="2026-06-12T10:42:54Z" level=info msg="Starting k8s.cni.cncf.io/v1, Kind=NetworkAttachmentDefinition controller"
2026-06-12T10:42:54.383986170Z time="2026-06-12T10:42:54Z" level=info msg="Starting network.harvesterhci.io/v1beta1, Kind=HostNetworkConfig controller"
2026-06-12T10:42:54.383998558Z time="2026-06-12T10:42:54Z" level=info msg="Starting network.harvesterhci.io/v1beta1, Kind=VlanConfig controller"
2026-06-12T10:42:54.384039470Z time="2026-06-12T10:42:54Z" level=info msg="Starting network.harvesterhci.io/v1beta1, Kind=LinkMonitor controller"
2026-06-12T10:42:54.384086981Z time="2026-06-12T10:42:54Z" level=info msg="Starting network.harvesterhci.io/v1beta1, Kind=VlanStatus controller"
2026-06-12T10:42:54.651443621Z time="2026-06-12T10:42:54Z" level=info msg="cluster network mgmt has been changed, vid hash: "
2026-06-12T10:42:54.653128164Z time="2026-06-12T10:42:54Z" level=info msg="cluster network mgmt will add 0 vlans, remove 0 vlans"
2026-06-12T10:42:54.656328887Z time="2026-06-12T10:42:54Z" level=info msg="link monitor nic has been changed, spec: {NodeSelector:map[] TargetLinkRule:{TypeRule:device NameRule:}}"
2026-06-12T10:42:54.669672930Z time="2026-06-12T10:42:54Z" level=info msg="link monitor nic has been changed, spec: {NodeSelector:map[] TargetLinkRule:{TypeRule:device NameRule:}}"
2026-06-12T10:42:54.677464649Z time="2026-06-12T10:42:54Z" level=info msg="link monitor nic has been changed, spec: {NodeSelector:map[] TargetLinkRule:{TypeRule:device NameRule:}}"
2026-06-12T10:42:54.685150663Z time="2026-06-12T10:42:54Z" level=info msg="link monitor nic has been changed, spec: {NodeSelector:map[] TargetLinkRule:{TypeRule:device NameRule:}}"
2026-06-12T10:42:54.690931639Z time="2026-06-12T10:42:54Z" level=info msg="link monitor nic has been changed, spec: {NodeSelector:map[] TargetLinkRule:{TypeRule:device NameRule:}}"
2026-06-12T10:42:55.258960336Z time="2026-06-12T10:42:55Z" level=info msg="link monitor mgmt has been changed, spec: {NodeSelector:map[] TargetLinkRule:{TypeRule: NameRule:mgmt(-br|-bo)}}"
2026-06-12T10:42:55.268937830Z time="2026-06-12T10:42:55Z" level=info msg="link monitor mgmt has been changed, spec: {NodeSelector:map[] TargetLinkRule:{TypeRule: NameRule:mgmt(-br|-bo)}}"
2026-06-12T10:42:55.280509053Z time="2026-06-12T10:42:55Z" level=info msg="link monitor mgmt has been changed, spec: {NodeSelector:map[] TargetLinkRule:{TypeRule: NameRule:mgmt(-br|-bo)}}"
2026-06-12T10:42:55.652400187Z time="2026-06-12T10:42:55Z" level=info msg="cluster network mgmt has been changed, vid hash: "
2026-06-12T10:42:55.654038232Z time="2026-06-12T10:42:55Z" level=info msg="cluster network mgmt will add 0 vlans, remove 0 vlans"
2026-06-12T10:47:42.592322208Z time="2026-06-12T10:47:42Z" level=info msg="link monitor mgmt has been changed, spec: {NodeSelector:map[] TargetLinkRule:{TypeRule: NameRule:mgmt(-br|-bo)}}"
2026-06-12T10:47:42.691239881Z time="2026-06-12T10:47:42Z" level=info msg="link monitor nic has been changed, spec: {NodeSelector:map[] TargetLinkRule:{TypeRule:device NameRule:}}"
2026-06-12T10:47:54.682087429Z time="2026-06-12T10:47:54Z" level=info msg="link monitor mgmt has been changed, spec: {NodeSelector:map[] TargetLinkRule:{TypeRule: NameRule:mgmt(-br|-bo)}}"
2026-06-12T10:47:54.682515998Z time="2026-06-12T10:47:54Z" level=info msg="link monitor nic has been changed, spec: {NodeSelector:map[] TargetLinkRule:{TypeRule:device NameRule:}}"
2026-06-12T11:08:07.923056623Z time="2026-06-12T11:08:07Z" level=info msg="cluster network mgmt has been changed, vid hash: b090147020e033534635010c4f7eb6fc270d44e5df67ea9e744a8087df9ca106"
2026-06-12T11:08:07.924867590Z time="2026-06-12T11:08:07Z" level=info msg="cluster network mgmt will add 0 vlans, remove 0 vlans"
2026-06-12T11:21:24.522922645Z time="2026-06-12T11:21:24Z" level=info msg="cluster network cnet-111938 has been changed, vid hash: "
2026-06-12T11:21:24.523099588Z time="2026-06-12T11:21:24Z" level=info msg="cluster network cnet-111938 is not set on this node, skip"
2026-06-12T11:21:24.542476057Z time="2026-06-12T11:21:24Z" level=info msg="cluster network cnet-111938 has been changed, vid hash: "
2026-06-12T11:21:24.542551666Z time="2026-06-12T11:21:24Z" level=info msg="cluster network cnet-111938 is not set on this node, skip"
2026-06-12T11:21:24.547451036Z time="2026-06-12T11:21:24Z" level=info msg="vlan config hp-69-tink-system has been changed, spec: {Description: ClusterNetwork:cnet-111938 NodeSelector:map[kubernetes.io/hostname:hp-69-tink-system] Uplink:{NICs:[eno50] LinkAttrs:0x25afe7db9770 BondOptions:0x25afe7b09668}}"
2026-06-12T11:21:24.561997838Z time="2026-06-12T11:21:24Z" level=info msg="cluster network cnet-111938 has been changed, vid hash: "
2026-06-12T11:21:24.562112929Z time="2026-06-12T11:21:24Z" level=info msg="cluster network cnet-111938 is not set on this node, skip"
2026-06-12T11:21:24.574861808Z time="2026-06-12T11:21:24Z" level=info msg="vlan config hp-69-tink-system has been changed, spec: {Description: ClusterNetwork:cnet-111938 NodeSelector:map[kubernetes.io/hostname:hp-69-tink-system] Uplink:{NICs:[eno50] LinkAttrs:0x25afe7e49dd0 BondOptions:0x25afe3c13860}}"
2026-06-12T11:21:24.589262854Z time="2026-06-12T11:21:24Z" level=info msg="vlan config hp-117-tink-system has been changed, spec: {Description: ClusterNetwork:cnet-111938 NodeSelector:map[kubernetes.io/hostname:hp-117-tink-system] Uplink:{NICs:[eno50] LinkAttrs:0x25afe3bef200 BondOptions:0x25afe7b09b48}}"
2026-06-12T11:21:24.589280187Z time="2026-06-12T11:21:24Z" level=info msg="vc hp-117-tink-system matchedNodes: [hp-117-tink-system], include this node: hp-117-tink-system"
2026-06-12T11:21:24.646440363Z time="2026-06-12T11:21:24Z" level=info msg="vlan config hp-69-tink-system has been changed, spec: {Description: ClusterNetwork:cnet-111938 NodeSelector:map[kubernetes.io/hostname:hp-69-tink-system] Uplink:{NICs:[eno50] LinkAttrs:0x25afe3a8f020 BondOptions:0x25afe7b09d58}}"
2026-06-12T11:21:24.647880853Z time="2026-06-12T11:21:24Z" level=info msg="vlan config hp-150-tink-system has been changed, spec: {Description: ClusterNetwork:cnet-111938 NodeSelector:map[kubernetes.io/hostname:hp-150-tink-system] Uplink:{NICs:[eno50] LinkAttrs:0x25afe3a8f290 BondOptions:0x25afe7b09e48}}"
2026-06-12T11:21:24.674540099Z time="2026-06-12T11:21:24Z" level=info msg="vlan config hp-150-tink-system has been changed, spec: {Description: ClusterNetwork:cnet-111938 NodeSelector:map[kubernetes.io/hostname:hp-150-tink-system] Uplink:{NICs:[eno50] LinkAttrs:0x25afe7c92300 BondOptions:0x25afe3c13a58}}"
2026-06-12T11:21:24.684787626Z time="2026-06-12T11:21:24Z" level=info msg="link monitor nic has been changed, spec: {NodeSelector:map[] TargetLinkRule:{TypeRule:device NameRule:}}"
2026-06-12T11:21:24.699312786Z time="2026-06-12T11:21:24Z" level=info msg="vlan config hp-150-tink-system has been changed, spec: {Description: ClusterNetwork:cnet-111938 NodeSelector:map[kubernetes.io/hostname:hp-150-tink-system] Uplink:{NICs:[eno50] LinkAttrs:0x25afe7c92e70 BondOptions:0x25afe3c13c80}}"
2026-06-12T11:21:24.709703910Z time="2026-06-12T11:21:24Z" level=info msg="vlan config hp-150-tink-system has been changed, spec: {Description: ClusterNetwork:cnet-111938 NodeSelector:map[kubernetes.io/hostname:hp-150-tink-system] Uplink:{NICs:[eno50] LinkAttrs:0x25afe7c92e70 BondOptions:0x25afe3c13c80}}"
2026-06-12T11:21:24.918433147Z time="2026-06-12T11:21:24Z" level=error msg="error syncing 'nic': handler harvester-network-link-monitor-controller: synchronize links to link monitor nic failed, error: results may be incomplete or inconsistent, requeuing"
2026-06-12T11:21:24.935511211Z time="2026-06-12T11:21:24Z" level=info msg="link monitor nic has been changed, spec: {NodeSelector:map[] TargetLinkRule:{TypeRule:device NameRule:}}"
2026-06-12T11:21:24.950885368Z time="2026-06-12T11:21:24Z" level=info msg="cluster network cnet-111938 has been changed, vid hash: 72d1b5da6eeaf1789df86487da50ad5e9dadb5ffaecb56b6de592aa286c9c1b8"
2026-06-12T11:21:24.951178609Z time="2026-06-12T11:21:24Z" level=info msg="link monitor nic has been changed, spec: {NodeSelector:map[] TargetLinkRule:{TypeRule:device NameRule:}}"
2026-06-12T11:21:24.951510126Z time="2026-06-12T11:21:24Z" level=info msg="vlan config hp-117-tink-system has been changed, spec: {Description: ClusterNetwork:cnet-111938 NodeSelector:map[kubernetes.io/hostname:hp-117-tink-system] Uplink:{NICs:[eno50] LinkAttrs:0x25afe3a8f980 BondOptions:0x25afe3836180}}"
2026-06-12T11:21:24.951520406Z time="2026-06-12T11:21:24Z" level=info msg="vc hp-117-tink-system matchedNodes: [hp-117-tink-system], include this node: hp-117-tink-system"
2026-06-12T11:21:24.980058789Z time="2026-06-12T11:21:24Z" level=error msg="error syncing 'cnet-111938': handler harvester-network-cn-controller: can't run diff on an empty vidset, requeuing"
2026-06-12T11:21:24.985629361Z time="2026-06-12T11:21:24Z" level=info msg="cluster network cnet-111938 has been changed, vid hash: 72d1b5da6eeaf1789df86487da50ad5e9dadb5ffaecb56b6de592aa286c9c1b8"
2026-06-12T11:21:24.987260888Z time="2026-06-12T11:21:24Z" level=info msg="cluster network cnet-111938 will add 1 vlans, remove 0 vlans"
2026-06-12T11:21:25.199299379Z time="2026-06-12T11:21:25Z" level=info msg="link monitor nic has been changed, spec: {NodeSelector:map[] TargetLinkRule:{TypeRule:device NameRule:}}"
2026-06-12T11:21:25.280343648Z time="2026-06-12T11:21:25Z" level=info msg="link monitor nic has been changed, spec: {NodeSelector:map[] TargetLinkRule:{TypeRule:device NameRule:}}"
2026-06-12T11:21:25.281325084Z time="2026-06-12T11:21:25Z" level=info msg="vlan config hp-117-tink-system has been changed, spec: {Description: ClusterNetwork:cnet-111938 NodeSelector:map[kubernetes.io/hostname:hp-117-tink-system] Uplink:{NICs:[eno50] LinkAttrs:0x25afe3a8f980 BondOptions:0x25afe3836180}}"
2026-06-12T11:21:25.281350286Z time="2026-06-12T11:21:25Z" level=info msg="vc hp-117-tink-system matchedNodes: [hp-117-tink-system], include this node: hp-117-tink-system"
2026-06-12T11:21:25.378569659Z time="2026-06-12T11:21:25Z" level=info msg="cluster network cnet-111938 has been changed, vid hash: 72d1b5da6eeaf1789df86487da50ad5e9dadb5ffaecb56b6de592aa286c9c1b8"
2026-06-12T11:21:25.381559007Z time="2026-06-12T11:21:25Z" level=info msg="cluster network cnet-111938 will add 0 vlans, remove 0 vlans"
2026-06-12T11:21:25.383812287Z time="2026-06-12T11:21:25Z" level=info msg="link monitor nic has been changed, spec: {NodeSelector:map[] TargetLinkRule:{TypeRule:device NameRule:}}"
2026-06-12T11:21:25.384502651Z time="2026-06-12T11:21:25Z" level=info msg="vlan config hp-117-tink-system has been changed, spec: {Description: ClusterNetwork:cnet-111938 NodeSelector:map[kubernetes.io/hostname:hp-117-tink-system] Uplink:{NICs:[eno50] LinkAttrs:0x25afe3a8f980 BondOptions:0x25afe3836180}}"
2026-06-12T11:21:25.384527344Z time="2026-06-12T11:21:25Z" level=info msg="vc hp-117-tink-system matchedNodes: [hp-117-tink-system], include this node: hp-117-tink-system"
2026-06-12T11:21:25.679332683Z time="2026-06-12T11:21:25Z" level=info msg="link monitor nic has been changed, spec: {NodeSelector:map[] TargetLinkRule:{TypeRule:device NameRule:}}"
2026-06-12T11:21:25.795118720Z time="2026-06-12T11:21:25Z" level=info msg="link monitor nic has been changed, spec: {NodeSelector:map[] TargetLinkRule:{TypeRule:device NameRule:}}"
2026-06-12T11:21:25.810087487Z time="2026-06-12T11:21:25Z" level=info msg="vlan config hp-117-tink-system has been changed, spec: {Description: ClusterNetwork:cnet-111938 NodeSelector:map[kubernetes.io/hostname:hp-117-tink-system] Uplink:{NICs:[eno50] LinkAttrs:0x25afe3a8f980 BondOptions:0x25afe3836180}}"
2026-06-12T11:21:25.810109646Z time="2026-06-12T11:21:25Z" level=info msg="vc hp-117-tink-system matchedNodes: [hp-117-tink-system], include this node: hp-117-tink-system"
2026-06-12T11:21:25.878914743Z time="2026-06-12T11:21:25Z" level=info msg="link monitor nic has been changed, spec: {NodeSelector:map[] TargetLinkRule:{TypeRule:device NameRule:}}"
2026-06-12T11:21:25.883892717Z time="2026-06-12T11:21:25Z" level=info msg="cluster network cnet-111938 has been changed, vid hash: 72d1b5da6eeaf1789df86487da50ad5e9dadb5ffaecb56b6de592aa286c9c1b8"
2026-06-12T11:21:25.885409830Z time="2026-06-12T11:21:25Z" level=info msg="cluster network cnet-111938 will add 0 vlans, remove 0 vlans"
2026-06-12T11:21:25.999673673Z time="2026-06-12T11:21:25Z" level=info msg="link monitor nic has been changed, spec: {NodeSelector:map[] TargetLinkRule:{TypeRule:device NameRule:}}"
2026-06-12T11:21:26.334928786Z time="2026-06-12T11:21:26Z" level=info msg="cluster network cnet-111938 has been changed, vid hash: 72d1b5da6eeaf1789df86487da50ad5e9dadb5ffaecb56b6de592aa286c9c1b8"
2026-06-12T11:21:26.336801312Z time="2026-06-12T11:21:26Z" level=info msg="cluster network cnet-111938 will add 0 vlans, remove 0 vlans"
2026-06-12T11:21:27.137723640Z time="2026-06-12T11:21:27Z" level=info msg="link monitor cnet-111938 has been changed, spec: {NodeSelector:map[] TargetLinkRule:{TypeRule: NameRule:cnet-111938(-br|-bo)}}"
2026-06-12T11:21:27.153705985Z time="2026-06-12T11:21:27Z" level=info msg="link monitor cnet-111938 has been changed, spec: {NodeSelector:map[] TargetLinkRule:{TypeRule: NameRule:cnet-111938(-br|-bo)}}"
2026-06-12T11:21:27.178968810Z time="2026-06-12T11:21:27Z" level=info msg="link monitor cnet-111938 has been changed, spec: {NodeSelector:map[] TargetLinkRule:{TypeRule: NameRule:cnet-111938(-br|-bo)}}"
2026-06-12T11:21:27.191427347Z time="2026-06-12T11:21:27Z" level=info msg="link monitor cnet-111938 has been changed, spec: {NodeSelector:map[] TargetLinkRule:{TypeRule: NameRule:cnet-111938(-br|-bo)}}"
2026-06-12T11:21:32.416372732Z time="2026-06-12T11:21:32Z" level=info msg="cluster network cnet-111938 has been changed, vid hash: e3b0c44298fc1c149afbf4c8996fb92427ae41e4649b934ca495991b7852b855"
2026-06-12T11:21:32.418228059Z time="2026-06-12T11:21:32Z" level=info msg="cluster network cnet-111938 will add 0 vlans, remove 1 vlans"
2026-06-12T11:21:32.423704029Z time="2026-06-12T11:21:32Z" level=info msg="link monitor nic has been changed, spec: {NodeSelector:map[] TargetLinkRule:{TypeRule:device NameRule:}}"
2026-06-12T11:21:33.964101799Z time="2026-06-12T11:21:33Z" level=info msg="cluster network cnet-111938 has been changed, vid hash: 72d1b5da6eeaf1789df86487da50ad5e9dadb5ffaecb56b6de592aa286c9c1b8"
2026-06-12T11:21:33.967376034Z time="2026-06-12T11:21:33Z" level=info msg="cluster network cnet-111938 will add 1 vlans, remove 0 vlans"
2026-06-12T11:21:33.978580990Z time="2026-06-12T11:21:33Z" level=info msg="link monitor nic has been changed, spec: {NodeSelector:map[] TargetLinkRule:{TypeRule:device NameRule:}}"
2026-06-12T11:21:35.617630051Z time="2026-06-12T11:21:35Z" level=info msg="link monitor nic has been changed, spec: {NodeSelector:map[] TargetLinkRule:{TypeRule:device NameRule:}}"
2026-06-12T11:21:35.617660895Z time="2026-06-12T11:21:35Z" level=info msg="link monitor cnet-111938 has been changed, spec: {NodeSelector:map[] TargetLinkRule:{TypeRule: NameRule:cnet-111938(-br|-bo)}}"
2026-06-12T11:21:35.696265096Z time="2026-06-12T11:21:35Z" level=info msg="link monitor nic has been changed, spec: {NodeSelector:map[] TargetLinkRule:{TypeRule:device NameRule:}}"
2026-06-12T11:21:40.816099624Z time="2026-06-12T11:21:40Z" level=info msg="link monitor nic has been changed, spec: {NodeSelector:map[] TargetLinkRule:{TypeRule:device NameRule:}}"
2026-06-12T11:21:40.844823014Z time="2026-06-12T11:21:40Z" level=info msg="cluster network cnet-111938 has been changed, vid hash: e3b0c44298fc1c149afbf4c8996fb92427ae41e4649b934ca495991b7852b855"
2026-06-12T11:21:40.847971417Z time="2026-06-12T11:21:40Z" level=info msg="cluster network cnet-111938 will add 0 vlans, remove 1 vlans"
2026-06-12T11:21:40.853549349Z time="2026-06-12T11:21:40Z" level=info msg="link monitor nic has been changed, spec: {NodeSelector:map[] TargetLinkRule:{TypeRule:device NameRule:}}"
2026-06-12T11:21:41.071961700Z time="2026-06-12T11:21:41Z" level=info msg="link monitor nic has been changed, spec: {NodeSelector:map[] TargetLinkRule:{TypeRule:device NameRule:}}"
2026-06-12T11:21:41.072991732Z time="2026-06-12T11:21:41Z" level=info msg="link monitor cnet-111938 has been changed, spec: {NodeSelector:map[] TargetLinkRule:{TypeRule: NameRule:cnet-111938(-br|-bo)}}"
2026-06-12T11:21:48.071698434Z time="2026-06-12T11:21:48Z" level=info msg="vlan config hp-69-tink-system has been removed"
2026-06-12T11:21:48.085714046Z time="2026-06-12T11:21:48Z" level=info msg="cluster network cnet-111938 has been changed, vid hash: e3b0c44298fc1c149afbf4c8996fb92427ae41e4649b934ca495991b7852b855"
2026-06-12T11:21:48.087602804Z time="2026-06-12T11:21:48Z" level=info msg="cluster network cnet-111938 will add 0 vlans, remove 0 vlans"
2026-06-12T11:21:48.105926605Z time="2026-06-12T11:21:48Z" level=info msg="vlan config hp-117-tink-system has been removed"
2026-06-12T11:21:48.106236779Z time="2026-06-12T11:21:48Z" level=info msg="start to tear down VLAN network"
2026-06-12T11:21:48.106253000Z time="2026-06-12T11:21:48Z" level=info msg="cnet-111938-bo set no master"
2026-06-12T11:21:48.168811537Z time="2026-06-12T11:21:48Z" level=info msg="link monitor nic has been changed, spec: {NodeSelector:map[] TargetLinkRule:{TypeRule:device NameRule:}}"
2026-06-12T11:21:48.169052963Z time="2026-06-12T11:21:48Z" level=info msg="link monitor cnet-111938 has been changed, spec: {NodeSelector:map[] TargetLinkRule:{TypeRule: NameRule:cnet-111938(-br|-bo)}}"
2026-06-12T11:21:48.179014363Z time="2026-06-12T11:21:48Z" level=info msg="cluster network cnet-111938 has been changed, vid hash: e3b0c44298fc1c149afbf4c8996fb92427ae41e4649b934ca495991b7852b855"
2026-06-12T11:21:48.179323383Z time="2026-06-12T11:21:48Z" level=info msg="vlan config hp-150-tink-system has been removed"
2026-06-12T11:21:48.270000050Z time="2026-06-12T11:21:48Z" level=info msg="Setting NIC eno50 to UP state (current: down)"
2026-06-12T11:21:48.270402718Z time="2026-06-12T11:21:48Z" level=info msg="cluster network cnet-111938 is not set on this node, skip"
2026-06-12T11:21:48.371671467Z time="2026-06-12T11:21:48Z" level=info msg="cluster network cnet-111938 has been changed, vid hash: e3b0c44298fc1c149afbf4c8996fb92427ae41e4649b934ca495991b7852b855"
2026-06-12T11:21:48.592170984Z time="2026-06-12T11:21:48Z" level=info msg="link monitor cnet-111938 has been changed, spec: {NodeSelector:map[] TargetLinkRule:{TypeRule: NameRule:cnet-111938(-br|-bo)}}"
2026-06-12T11:21:48.603092736Z time="2026-06-12T11:21:48Z" level=info msg="cluster network cnet-111938 is not set on this node, skip"
2026-06-12T11:21:48.603535786Z time="2026-06-12T11:21:48Z" level=error msg="error syncing 'nic': handler harvester-network-link-monitor-controller: synchronize links to link monitor nic failed, error: results may be incomplete or inconsistent, requeuing"
2026-06-12T11:21:48.603541922Z time="2026-06-12T11:21:48Z" level=info msg="link monitor nic has been changed, spec: {NodeSelector:map[] TargetLinkRule:{TypeRule:device NameRule:}}"
2026-06-12T11:21:48.617104470Z time="2026-06-12T11:21:48Z" level=info msg="tear down VLAN network successfully"
2026-06-12T11:21:48.668860341Z time="2026-06-12T11:21:48Z" level=info msg="link monitor cnet-111938 has been changed, spec: {NodeSelector:map[] TargetLinkRule:{TypeRule: NameRule:cnet-111938(-br|-bo)}}"
2026-06-12T11:21:48.869510783Z time="2026-06-12T11:21:48Z" level=info msg="link monitor nic has been changed, spec: {NodeSelector:map[] TargetLinkRule:{TypeRule:device NameRule:}}"
2026-06-12T11:21:48.880195970Z time="2026-06-12T11:21:48Z" level=info msg="link monitor cnet-111938 has been changed, spec: {NodeSelector:map[] TargetLinkRule:{TypeRule: NameRule:cnet-111938(-br|-bo)}}"
2026-06-12T11:21:48.969134214Z time="2026-06-12T11:21:48Z" level=info msg="link monitor nic has been changed, spec: {NodeSelector:map[] TargetLinkRule:{TypeRule:device NameRule:}}"
2026-06-12T11:21:48.985224595Z time="2026-06-12T11:21:48Z" level=error msg="error syncing 'hp-117-tink-system': handler harvester-network-vlanconfig-controller: update status into vlanstatus cnet-111938-hp-117-tink-system-5acf392e failed, error: failed to delete vlanstatus cnet-111938-hp-117-tink-system-5acf392e, error: vlanstatuses.network.harvesterhci.io \"cnet-111938-hp-117-tink-system-5acf392e\" not found, teardown error: <nil>, requeuing"
2026-06-12T11:21:48.986104390Z time="2026-06-12T11:21:48Z" level=info msg="link monitor nic has been changed, spec: {NodeSelector:map[] TargetLinkRule:{TypeRule:device NameRule:}}"
2026-06-12T11:21:49.181472660Z time="2026-06-12T11:21:49Z" level=info msg="link monitor cnet-111938 has been changed, spec: {NodeSelector:map[] TargetLinkRule:{TypeRule: NameRule:cnet-111938(-br|-bo)}}"
2026-06-12T11:21:49.181716338Z time="2026-06-12T11:21:49Z" level=info msg="cluster network cnet-111938 has been changed, vid hash: e3b0c44298fc1c149afbf4c8996fb92427ae41e4649b934ca495991b7852b855"
2026-06-12T11:21:49.181936651Z time="2026-06-12T11:21:49Z" level=info msg="cluster network cnet-111938 is not set on this node, skip"
2026-06-12T11:21:49.182020445Z time="2026-06-12T11:21:49Z" level=info msg="link monitor nic has been changed, spec: {NodeSelector:map[] TargetLinkRule:{TypeRule:device NameRule:}}"
2026-06-12T11:21:49.279736012Z time="2026-06-12T11:21:49Z" level=info msg="link monitor nic has been changed, spec: {NodeSelector:map[] TargetLinkRule:{TypeRule:device NameRule:}}"
2026-06-12T11:21:49.868294127Z time="2026-06-12T11:21:49Z" level=info msg="link monitor cnet-111938 has been changed, spec: {NodeSelector:map[] TargetLinkRule:{TypeRule: NameRule:cnet-111938(-br|-bo)}}"
2026-06-12T11:22:08.264313599Z time="2026-06-12T11:22:08Z" level=info msg="link monitor cnet-111938 has been removed"
2026-06-12T11:26:13.763256505Z time="2026-06-12T11:26:13Z" level=info msg="cluster network cnet-eno50 has been changed, vid hash: "
2026-06-12T11:26:13.763357303Z time="2026-06-12T11:26:13Z" level=info msg="cluster network cnet-eno50 is not set on this node, skip"
2026-06-12T11:26:13.777519045Z time="2026-06-12T11:26:13Z" level=info msg="cluster network cnet-eno50 has been changed, vid hash: "
2026-06-12T11:26:13.777588362Z time="2026-06-12T11:26:13Z" level=info msg="cluster network cnet-eno50 is not set on this node, skip"
2026-06-12T11:26:13.800319222Z time="2026-06-12T11:26:13Z" level=info msg="vlan config cnet-eno50 has been changed, spec: {Description: ClusterNetwork:cnet-eno50 NodeSelector:map[] Uplink:{NICs:[eno50] LinkAttrs:0x25afe5d2f140 BondOptions:0x25afe38371b8}}"
2026-06-12T11:26:13.800336851Z time="2026-06-12T11:26:13Z" level=info msg="vc cnet-eno50 matchedNodes: [hp-117-tink-system hp-150-tink-system hp-69-tink-system], include this node: hp-117-tink-system"
2026-06-12T11:26:13.807199843Z time="2026-06-12T11:26:13Z" level=info msg="cluster network cnet-eno50 has been changed, vid hash: "
2026-06-12T11:26:13.878940574Z time="2026-06-12T11:26:13Z" level=info msg="cluster network cnet-eno50 is not set on this node, skip"
2026-06-12T11:26:13.878957271Z time="2026-06-12T11:26:13Z" level=info msg="cluster network cnet-eno50 has been changed, vid hash: 72d1b5da6eeaf1789df86487da50ad5e9dadb5ffaecb56b6de592aa286c9c1b8"
2026-06-12T11:26:13.879019795Z time="2026-06-12T11:26:13Z" level=info msg="cluster network cnet-eno50 is not set on this node, skip"
2026-06-12T11:26:13.883895534Z time="2026-06-12T11:26:13Z" level=info msg="link monitor nic has been changed, spec: {NodeSelector:map[] TargetLinkRule:{TypeRule:device NameRule:}}"
2026-06-12T11:26:14.113215170Z time="2026-06-12T11:26:14Z" level=error msg="error syncing 'nic': handler harvester-network-link-monitor-controller: synchronize links to link monitor nic failed, error: results may be incomplete or inconsistent, requeuing"
2026-06-12T11:26:14.125752623Z time="2026-06-12T11:26:14Z" level=info msg="link monitor nic has been changed, spec: {NodeSelector:map[] TargetLinkRule:{TypeRule:device NameRule:}}"
2026-06-12T11:26:14.130802862Z time="2026-06-12T11:26:14Z" level=info msg="vlan config cnet-eno50 has been changed, spec: {Description: ClusterNetwork:cnet-eno50 NodeSelector:map[] Uplink:{NICs:[eno50] LinkAttrs:0x25afe3bef260 BondOptions:0x25afe7b08828}}"
2026-06-12T11:26:14.130828102Z time="2026-06-12T11:26:14Z" level=info msg="vc cnet-eno50 matchedNodes: [hp-117-tink-system hp-150-tink-system hp-69-tink-system], include this node: hp-117-tink-system"
2026-06-12T11:26:14.133809833Z time="2026-06-12T11:26:14Z" level=info msg="link monitor nic has been changed, spec: {NodeSelector:map[] TargetLinkRule:{TypeRule:device NameRule:}}"
2026-06-12T11:26:14.280786844Z time="2026-06-12T11:26:14Z" level=info msg="link monitor nic has been changed, spec: {NodeSelector:map[] TargetLinkRule:{TypeRule:device NameRule:}}"
2026-06-12T11:26:14.379543502Z time="2026-06-12T11:26:14Z" level=info msg="link monitor nic has been changed, spec: {NodeSelector:map[] TargetLinkRule:{TypeRule:device NameRule:}}"
2026-06-12T11:26:14.381648811Z time="2026-06-12T11:26:14Z" level=info msg="cluster network cnet-eno50 has been changed, vid hash: 72d1b5da6eeaf1789df86487da50ad5e9dadb5ffaecb56b6de592aa286c9c1b8"
2026-06-12T11:26:14.480170554Z time="2026-06-12T11:26:14Z" level=info msg="link monitor nic has been changed, spec: {NodeSelector:map[] TargetLinkRule:{TypeRule:device NameRule:}}"
2026-06-12T11:26:14.581830800Z time="2026-06-12T11:26:14Z" level=info msg="cluster network cnet-eno50 will add 1 vlans, remove 0 vlans"
2026-06-12T11:26:14.678508670Z time="2026-06-12T11:26:14Z" level=info msg="cluster network cnet-eno50 has been changed, vid hash: 72d1b5da6eeaf1789df86487da50ad5e9dadb5ffaecb56b6de592aa286c9c1b8"
2026-06-12T11:26:14.679633358Z time="2026-06-12T11:26:14Z" level=info msg="vlan config cnet-eno50 has been changed, spec: {Description: ClusterNetwork:cnet-eno50 NodeSelector:map[] Uplink:{NICs:[eno50] LinkAttrs:0x25afe5bdfdd0 BondOptions:0x25afe3c123d8}}"
2026-06-12T11:26:14.679660687Z time="2026-06-12T11:26:14Z" level=info msg="vc cnet-eno50 matchedNodes: [hp-117-tink-system hp-150-tink-system hp-69-tink-system], include this node: hp-117-tink-system"
2026-06-12T11:26:14.680777335Z time="2026-06-12T11:26:14Z" level=info msg="cluster network cnet-eno50 will add 0 vlans, remove 0 vlans"
2026-06-12T11:26:14.779224127Z time="2026-06-12T11:26:14Z" level=info msg="link monitor cnet-eno50 has been changed, spec: {NodeSelector:map[] TargetLinkRule:{TypeRule: NameRule:cnet-eno50(-br|-bo)}}"
2026-06-12T11:26:14.782695329Z time="2026-06-12T11:26:14Z" level=info msg="link monitor nic has been changed, spec: {NodeSelector:map[] TargetLinkRule:{TypeRule:device NameRule:}}"
2026-06-12T11:26:14.792896297Z time="2026-06-12T11:26:14Z" level=info msg="cluster network cnet-eno50 has been changed, vid hash: 72d1b5da6eeaf1789df86487da50ad5e9dadb5ffaecb56b6de592aa286c9c1b8"
2026-06-12T11:26:14.878412249Z time="2026-06-12T11:26:14Z" level=info msg="vlan config cnet-eno50 has been changed, spec: {Description: ClusterNetwork:cnet-eno50 NodeSelector:map[] Uplink:{NICs:[eno50] LinkAttrs:0x25afe5bdfdd0 BondOptions:0x25afe3c123d8}}"
2026-06-12T11:26:14.878432421Z time="2026-06-12T11:26:14Z" level=info msg="vc cnet-eno50 matchedNodes: [hp-117-tink-system hp-150-tink-system hp-69-tink-system], include this node: hp-117-tink-system"
2026-06-12T11:26:14.878990262Z time="2026-06-12T11:26:14Z" level=info msg="cluster network cnet-eno50 will add 0 vlans, remove 0 vlans"
2026-06-12T11:26:14.879826288Z time="2026-06-12T11:26:14Z" level=info msg="link monitor cnet-eno50 has been changed, spec: {NodeSelector:map[] TargetLinkRule:{TypeRule: NameRule:cnet-eno50(-br|-bo)}}"
2026-06-12T11:26:14.981341438Z time="2026-06-12T11:26:14Z" level=error msg="error syncing 'nic': handler harvester-network-link-monitor-controller: synchronize links to link monitor nic failed, error: results may be incomplete or inconsistent, requeuing"
2026-06-12T11:26:14.981359463Z time="2026-06-12T11:26:14Z" level=info msg="link monitor nic has been changed, spec: {NodeSelector:map[] TargetLinkRule:{TypeRule:device NameRule:}}"
2026-06-12T11:26:15.081024392Z time="2026-06-12T11:26:15Z" level=info msg="link monitor cnet-eno50 has been changed, spec: {NodeSelector:map[] TargetLinkRule:{TypeRule: NameRule:cnet-eno50(-br|-bo)}}"
2026-06-12T11:26:15.181330037Z time="2026-06-12T11:26:15Z" level=info msg="link monitor cnet-eno50 has been changed, spec: {NodeSelector:map[] TargetLinkRule:{TypeRule: NameRule:cnet-eno50(-br|-bo)}}"
2026-06-12T11:26:15.182380322Z time="2026-06-12T11:26:15Z" level=error msg="error syncing 'cnet-eno50': handler harvester-network-vlanconfig-controller: set up VLAN failed, vlanconfig: cnet-eno50, node: hp-117-tink-system, error: list links failed, error: results may be incomplete or inconsistent, requeuing"
2026-06-12T11:26:15.278613783Z time="2026-06-12T11:26:15Z" level=info msg="vlan config cnet-eno50 has been changed, spec: {Description: ClusterNetwork:cnet-eno50 NodeSelector:map[] Uplink:{NICs:[eno50] LinkAttrs:0x25afe5bdfdd0 BondOptions:0x25afe3c123d8}}"
2026-06-12T11:26:15.278630569Z time="2026-06-12T11:26:15Z" level=info msg="vc cnet-eno50 matchedNodes: [hp-117-tink-system hp-150-tink-system hp-69-tink-system], include this node: hp-117-tink-system"
2026-06-12T11:26:15.379161123Z time="2026-06-12T11:26:15Z" level=info msg="link monitor nic has been changed, spec: {NodeSelector:map[] TargetLinkRule:{TypeRule:device NameRule:}}"
2026-06-12T11:26:15.389446539Z time="2026-06-12T11:26:15Z" level=info msg="cluster network cnet-eno50 has been changed, vid hash: 72d1b5da6eeaf1789df86487da50ad5e9dadb5ffaecb56b6de592aa286c9c1b8"
2026-06-12T11:26:15.391171396Z time="2026-06-12T11:26:15Z" level=info msg="cluster network cnet-eno50 will add 0 vlans, remove 0 vlans"
2026-06-12T11:26:15.585090008Z time="2026-06-12T11:26:15Z" level=info msg="link monitor cnet-eno50 has been changed, spec: {NodeSelector:map[] TargetLinkRule:{TypeRule: NameRule:cnet-eno50(-br|-bo)}}"
2026-06-12T11:26:18.434816360Z time="2026-06-12T11:26:18Z" level=info msg="link monitor nic has been changed, spec: {NodeSelector:map[] TargetLinkRule:{TypeRule:device NameRule:}}"
2026-06-12T11:26:18.436572538Z time="2026-06-12T11:26:18Z" level=info msg="link monitor cnet-eno50 has been changed, spec: {NodeSelector:map[] TargetLinkRule:{TypeRule: NameRule:cnet-eno50(-br|-bo)}}"
2026-06-12T11:26:20.855227053Z time="2026-06-12T11:26:20Z" level=info msg="link monitor cnet-eno50 has been changed, spec: {NodeSelector:map[] TargetLinkRule:{TypeRule: NameRule:cnet-eno50(-br|-bo)}}"
2026-06-12T11:26:20.855257074Z time="2026-06-12T11:26:20Z" level=info msg="link monitor nic has been changed, spec: {NodeSelector:map[] TargetLinkRule:{TypeRule:device NameRule:}}"
2026-06-12T11:26:20.922267915Z time="2026-06-12T11:26:20Z" level=info msg="link monitor nic has been changed, spec: {NodeSelector:map[] TargetLinkRule:{TypeRule:device NameRule:}}"
2026-06-12T11:26:24.183451732Z time="2026-06-12T11:26:24Z" level=info msg="link monitor nic has been changed, spec: {NodeSelector:map[] TargetLinkRule:{TypeRule:device NameRule:}}"
2026-06-12T11:26:24.273620203Z time="2026-06-12T11:26:24Z" level=info msg="link monitor nic has been changed, spec: {NodeSelector:map[] TargetLinkRule:{TypeRule:device NameRule:}}"
2026-06-12T11:26:24.286581392Z time="2026-06-12T11:26:24Z" level=info msg="link monitor nic has been changed, spec: {NodeSelector:map[] TargetLinkRule:{TypeRule:device NameRule:}}"
2026-06-12T11:26:24.354074259Z time="2026-06-12T11:26:24Z" level=info msg="link monitor nic has been changed, spec: {NodeSelector:map[] TargetLinkRule:{TypeRule:device NameRule:}}"
2026-06-12T11:26:29.583446024Z time="2026-06-12T11:26:29Z" level=info msg="link monitor nic has been changed, spec: {NodeSelector:map[] TargetLinkRule:{TypeRule:device NameRule:}}"
2026-06-12T11:26:36.239309824Z time="2026-06-12T11:26:36Z" level=info msg="link monitor nic has been changed, spec: {NodeSelector:map[] TargetLinkRule:{TypeRule:device NameRule:}}"
2026-06-12T11:26:39.311344975Z time="2026-06-12T11:26:39Z" level=info msg="link monitor nic has been changed, spec: {NodeSelector:map[] TargetLinkRule:{TypeRule:device NameRule:}}"
2026-06-12T11:26:39.824275746Z time="2026-06-12T11:26:39Z" level=info msg="link monitor nic has been changed, spec: {NodeSelector:map[] TargetLinkRule:{TypeRule:device NameRule:}}"
2026-06-12T11:26:41.820721454Z time="2026-06-12T11:26:41Z" level=info msg="link monitor nic has been changed, spec: {NodeSelector:map[] TargetLinkRule:{TypeRule:device NameRule:}}"
2026-06-12T11:26:58.960348384Z time="2026-06-12T11:26:58Z" level=info msg="link monitor nic has been changed, spec: {NodeSelector:map[] TargetLinkRule:{TypeRule:device NameRule:}}"
2026-06-12T11:26:59.897451157Z time="2026-06-12T11:26:59Z" level=info msg="link monitor nic has been changed, spec: {NodeSelector:map[] TargetLinkRule:{TypeRule:device NameRule:}}"
2026-06-12T11:26:59.898485419Z time="2026-06-12T11:26:59Z" level=info msg="link monitor cnet-eno50 has been changed, spec: {NodeSelector:map[] TargetLinkRule:{TypeRule: NameRule:cnet-eno50(-br|-bo)}}"
2026-06-12T11:27:11.897775073Z time="2026-06-12T11:27:11Z" level=info msg="vlan config cnet-eno50 has been removed"
2026-06-12T11:27:11.898081502Z time="2026-06-12T11:27:11Z" level=info msg="start to tear down VLAN network"
2026-06-12T11:27:11.898095144Z time="2026-06-12T11:27:11Z" level=info msg="cnet-eno50-bo set no master"
2026-06-12T11:27:11.904460276Z time="2026-06-12T11:27:11Z" level=info msg="cluster network cnet-eno50 has been changed, vid hash: e3b0c44298fc1c149afbf4c8996fb92427ae41e4649b934ca495991b7852b855"
2026-06-12T11:27:11.904514044Z time="2026-06-12T11:27:11Z" level=info msg="link monitor nic has been changed, spec: {NodeSelector:map[] TargetLinkRule:{TypeRule:device NameRule:}}"
2026-06-12T11:27:11.904665164Z time="2026-06-12T11:27:11Z" level=info msg="link monitor cnet-eno50 has been changed, spec: {NodeSelector:map[] TargetLinkRule:{TypeRule: NameRule:cnet-eno50(-br|-bo)}}"
2026-06-12T11:27:11.979826354Z time="2026-06-12T11:27:11Z" level=info msg="cluster network cnet-eno50 is not set on this node, skip"
2026-06-12T11:27:11.979842695Z time="2026-06-12T11:27:11Z" level=info msg="cluster network cnet-eno50 has been changed, vid hash: e3b0c44298fc1c149afbf4c8996fb92427ae41e4649b934ca495991b7852b855"
2026-06-12T11:27:11.980706248Z time="2026-06-12T11:27:11Z" level=info msg="cluster network cnet-eno50 is not set on this node, skip"
2026-06-12T11:27:12.078619767Z time="2026-06-12T11:27:12Z" level=info msg="Setting NIC eno50 to UP state (current: down)"
2026-06-12T11:27:12.083033744Z time="2026-06-12T11:27:12Z" level=info msg="link monitor cnet-eno50 has been changed, spec: {NodeSelector:map[] TargetLinkRule:{TypeRule: NameRule:cnet-eno50(-br|-bo)}}"
2026-06-12T11:27:12.096143177Z time="2026-06-12T11:27:12Z" level=info msg="link monitor nic has been changed, spec: {NodeSelector:map[] TargetLinkRule:{TypeRule:device NameRule:}}"
2026-06-12T11:27:12.305283015Z time="2026-06-12T11:27:12Z" level=error msg="error syncing 'cnet-eno50': handler harvester-network-link-monitor-controller: synchronize links to link monitor cnet-eno50 failed, error: results may be incomplete or inconsistent, requeuing"
2026-06-12T11:27:12.305302435Z time="2026-06-12T11:27:12Z" level=info msg="link monitor cnet-eno50 has been changed, spec: {NodeSelector:map[] TargetLinkRule:{TypeRule: NameRule:cnet-eno50(-br|-bo)}}"
2026-06-12T11:27:12.306572148Z time="2026-06-12T11:27:12Z" level=error msg="error syncing 'nic': handler harvester-network-link-monitor-controller: synchronize links to link monitor nic failed, error: results may be incomplete or inconsistent, requeuing"
2026-06-12T11:27:12.306590184Z time="2026-06-12T11:27:12Z" level=info msg="link monitor nic has been changed, spec: {NodeSelector:map[] TargetLinkRule:{TypeRule:device NameRule:}}"
2026-06-12T11:27:12.378865143Z time="2026-06-12T11:27:12Z" level=info msg="tear down VLAN network successfully"
2026-06-12T11:27:12.483738828Z time="2026-06-12T11:27:12Z" level=info msg="link monitor cnet-eno50 has been changed, spec: {NodeSelector:map[] TargetLinkRule:{TypeRule: NameRule:cnet-eno50(-br|-bo)}}"
2026-06-12T11:27:12.580837147Z time="2026-06-12T11:27:12Z" level=info msg="link monitor nic has been changed, spec: {NodeSelector:map[] TargetLinkRule:{TypeRule:device NameRule:}}"
2026-06-12T11:27:12.582897210Z time="2026-06-12T11:27:12Z" level=error msg="error syncing 'cnet-eno50': handler harvester-network-vlanconfig-controller: vlanconfigs.network.harvesterhci.io \"cnet-eno50\" not found, requeuing"
2026-06-12T11:27:12.590139553Z time="2026-06-12T11:27:12Z" level=info msg="link monitor cnet-eno50 has been changed, spec: {NodeSelector:map[] TargetLinkRule:{TypeRule: NameRule:cnet-eno50(-br|-bo)}}"
2026-06-12T11:27:12.609053114Z time="2026-06-12T11:27:12Z" level=info msg="link monitor nic has been changed, spec: {NodeSelector:map[] TargetLinkRule:{TypeRule:device NameRule:}}"
2026-06-12T11:27:12.683034370Z time="2026-06-12T11:27:12Z" level=info msg="link monitor nic has been changed, spec: {NodeSelector:map[] TargetLinkRule:{TypeRule:device NameRule:}}"
2026-06-12T11:27:12.779721549Z time="2026-06-12T11:27:12Z" level=info msg="cluster network cnet-eno50 has been changed, vid hash: e3b0c44298fc1c149afbf4c8996fb92427ae41e4649b934ca495991b7852b855"
2026-06-12T11:27:12.779845949Z time="2026-06-12T11:27:12Z" level=info msg="cluster network cnet-eno50 is not set on this node, skip"
2026-06-12T11:27:12.878853273Z time="2026-06-12T11:27:12Z" level=info msg="link monitor nic has been changed, spec: {NodeSelector:map[] TargetLinkRule:{TypeRule:device NameRule:}}"
2026-06-12T11:27:12.978403761Z time="2026-06-12T11:27:12Z" level=info msg="link monitor cnet-eno50 has been changed, spec: {NodeSelector:map[] TargetLinkRule:{TypeRule: NameRule:cnet-eno50(-br|-bo)}}"
2026-06-12T11:27:12.982433105Z time="2026-06-12T11:27:12Z" level=info msg="link monitor cnet-eno50 has been changed, spec: {NodeSelector:map[] TargetLinkRule:{TypeRule: NameRule:cnet-eno50(-br|-bo)}}"
2026-06-12T11:27:13.000604039Z time="2026-06-12T11:27:13Z" level=info msg="link monitor nic has been changed, spec: {NodeSelector:map[] TargetLinkRule:{TypeRule:device NameRule:}}"
2026-06-12T11:27:13.179293172Z time="2026-06-12T11:27:13Z" level=info msg="link monitor nic has been changed, spec: {NodeSelector:map[] TargetLinkRule:{TypeRule:device NameRule:}}"
2026-06-12T11:27:31.977848875Z time="2026-06-12T11:27:31Z" level=info msg="link monitor cnet-eno50 has been removed"
2026-06-12T12:01:19.839025314Z time="2026-06-12T12:01:19Z" level=info msg="cluster network cnet-eno50 has been changed, vid hash: "
2026-06-12T12:01:19.839152181Z time="2026-06-12T12:01:19Z" level=info msg="cluster network cnet-eno50 is not set on this node, skip"
2026-06-12T12:01:19.845595455Z time="2026-06-12T12:01:19Z" level=info msg="cluster network cnet-eno50 has been changed, vid hash: "
2026-06-12T12:01:19.845695656Z time="2026-06-12T12:01:19Z" level=info msg="cluster network cnet-eno50 is not set on this node, skip"
2026-06-12T12:01:19.868831155Z time="2026-06-12T12:01:19Z" level=info msg="vlan config cnet-eno50 has been changed, spec: {Description: ClusterNetwork:cnet-eno50 NodeSelector:map[] Uplink:{NICs:[eno50] LinkAttrs:0x25afe636af00 BondOptions:0x25afe3836f18}}"
2026-06-12T12:01:19.868860587Z time="2026-06-12T12:01:19Z" level=info msg="vc cnet-eno50 matchedNodes: [hp-117-tink-system hp-150-tink-system hp-69-tink-system], include this node: hp-117-tink-system"
2026-06-12T12:01:19.878582244Z time="2026-06-12T12:01:19Z" level=info msg="cluster network cnet-eno50 has been changed, vid hash: "
2026-06-12T12:01:19.878674337Z time="2026-06-12T12:01:19Z" level=info msg="cluster network cnet-eno50 is not set on this node, skip"
2026-06-12T12:01:19.941138884Z time="2026-06-12T12:01:19Z" level=info msg="cluster network cnet-eno50 has been changed, vid hash: 72d1b5da6eeaf1789df86487da50ad5e9dadb5ffaecb56b6de592aa286c9c1b8"
2026-06-12T12:01:19.944294140Z time="2026-06-12T12:01:19Z" level=info msg="link monitor nic has been changed, spec: {NodeSelector:map[] TargetLinkRule:{TypeRule:device NameRule:}}"
2026-06-12T12:01:20.182115897Z time="2026-06-12T12:01:20Z" level=info msg="cluster network cnet-eno50 is not set on this node, skip"
2026-06-12T12:01:20.184210620Z time="2026-06-12T12:01:20Z" level=error msg="error syncing 'nic': handler harvester-network-link-monitor-controller: synchronize links to link monitor nic failed, error: results may be incomplete or inconsistent, requeuing"
2026-06-12T12:01:20.184229079Z time="2026-06-12T12:01:20Z" level=info msg="link monitor nic has been changed, spec: {NodeSelector:map[] TargetLinkRule:{TypeRule:device NameRule:}}"
2026-06-12T12:01:20.269232615Z time="2026-06-12T12:01:20Z" level=info msg="vlan config cnet-eno50 has been changed, spec: {Description: ClusterNetwork:cnet-eno50 NodeSelector:map[] Uplink:{NICs:[eno50] LinkAttrs:0x25afe7fc4360 BondOptions:0x25afe3837428}}"
2026-06-12T12:01:20.269250580Z time="2026-06-12T12:01:20Z" level=info msg="vc cnet-eno50 matchedNodes: [hp-117-tink-system hp-150-tink-system hp-69-tink-system], include this node: hp-117-tink-system"
2026-06-12T12:01:20.278997960Z time="2026-06-12T12:01:20Z" level=info msg="link monitor nic has been changed, spec: {NodeSelector:map[] TargetLinkRule:{TypeRule:device NameRule:}}"
2026-06-12T12:01:20.479480002Z time="2026-06-12T12:01:20Z" level=info msg="cluster network cnet-eno50 has been changed, vid hash: 72d1b5da6eeaf1789df86487da50ad5e9dadb5ffaecb56b6de592aa286c9c1b8"
2026-06-12T12:01:20.482222871Z time="2026-06-12T12:01:20Z" level=info msg="cluster network cnet-eno50 will add 1 vlans, remove 0 vlans"
2026-06-12T12:01:20.569275367Z time="2026-06-12T12:01:20Z" level=info msg="link monitor nic has been changed, spec: {NodeSelector:map[] TargetLinkRule:{TypeRule:device NameRule:}}"
2026-06-12T12:01:20.669332562Z time="2026-06-12T12:01:20Z" level=info msg="link monitor nic has been changed, spec: {NodeSelector:map[] TargetLinkRule:{TypeRule:device NameRule:}}"
2026-06-12T12:01:20.786124205Z time="2026-06-12T12:01:20Z" level=info msg="cluster network cnet-eno50 has been changed, vid hash: 72d1b5da6eeaf1789df86487da50ad5e9dadb5ffaecb56b6de592aa286c9c1b8"
2026-06-12T12:01:20.786330634Z time="2026-06-12T12:01:20Z" level=info msg="vlan config cnet-eno50 has been changed, spec: {Description: ClusterNetwork:cnet-eno50 NodeSelector:map[] Uplink:{NICs:[eno50] LinkAttrs:0x25afe393fc20 BondOptions:0x25afe7b08228}}"
2026-06-12T12:01:20.786341128Z time="2026-06-12T12:01:20Z" level=info msg="vc cnet-eno50 matchedNodes: [hp-117-tink-system hp-150-tink-system hp-69-tink-system], include this node: hp-117-tink-system"
2026-06-12T12:01:20.879238309Z time="2026-06-12T12:01:20Z" level=info msg="cluster network cnet-eno50 will add 0 vlans, remove 0 vlans"
2026-06-12T12:01:20.980633808Z time="2026-06-12T12:01:20Z" level=info msg="link monitor nic has been changed, spec: {NodeSelector:map[] TargetLinkRule:{TypeRule:device NameRule:}}"
2026-06-12T12:01:20.982589251Z time="2026-06-12T12:01:20Z" level=info msg="vlan config cnet-eno50 has been changed, spec: {Description: ClusterNetwork:cnet-eno50 NodeSelector:map[] Uplink:{NICs:[eno50] LinkAttrs:0x25afe393fc20 BondOptions:0x25afe7b08228}}"
2026-06-12T12:01:20.982604945Z time="2026-06-12T12:01:20Z" level=info msg="vc cnet-eno50 matchedNodes: [hp-117-tink-system hp-150-tink-system hp-69-tink-system], include this node: hp-117-tink-system"
2026-06-12T12:01:20.987876191Z time="2026-06-12T12:01:20Z" level=info msg="cluster network cnet-eno50 has been changed, vid hash: 72d1b5da6eeaf1789df86487da50ad5e9dadb5ffaecb56b6de592aa286c9c1b8"
2026-06-12T12:01:21.078961062Z time="2026-06-12T12:01:21Z" level=info msg="link monitor cnet-eno50 has been changed, spec: {NodeSelector:map[] TargetLinkRule:{TypeRule: NameRule:cnet-eno50(-br|-bo)}}"
2026-06-12T12:01:21.079954866Z time="2026-06-12T12:01:21Z" level=info msg="cluster network cnet-eno50 will add 0 vlans, remove 0 vlans"
2026-06-12T12:01:21.085839469Z time="2026-06-12T12:01:21Z" level=info msg="cluster network cnet-eno50 has been changed, vid hash: 72d1b5da6eeaf1789df86487da50ad5e9dadb5ffaecb56b6de592aa286c9c1b8"
2026-06-12T12:01:21.087571281Z time="2026-06-12T12:01:21Z" level=info msg="cluster network cnet-eno50 will add 0 vlans, remove 0 vlans"
2026-06-12T12:01:21.178782621Z time="2026-06-12T12:01:21Z" level=info msg="link monitor cnet-eno50 has been changed, spec: {NodeSelector:map[] TargetLinkRule:{TypeRule: NameRule:cnet-eno50(-br|-bo)}}"
2026-06-12T12:01:21.184019448Z time="2026-06-12T12:01:21Z" level=info msg="link monitor cnet-eno50 has been changed, spec: {NodeSelector:map[] TargetLinkRule:{TypeRule: NameRule:cnet-eno50(-br|-bo)}}"
2026-06-12T12:01:21.194885876Z time="2026-06-12T12:01:21Z" level=info msg="link monitor cnet-eno50 has been changed, spec: {NodeSelector:map[] TargetLinkRule:{TypeRule: NameRule:cnet-eno50(-br|-bo)}}"
2026-06-12T12:01:21.285859293Z time="2026-06-12T12:01:21Z" level=info msg="link monitor nic has been changed, spec: {NodeSelector:map[] TargetLinkRule:{TypeRule:device NameRule:}}"
2026-06-12T12:01:21.448136308Z time="2026-06-12T12:01:21Z" level=info msg="link monitor cnet-eno50 has been changed, spec: {NodeSelector:map[] TargetLinkRule:{TypeRule: NameRule:cnet-eno50(-br|-bo)}}"
2026-06-12T12:01:21.582171725Z time="2026-06-12T12:01:21Z" level=info msg="link monitor nic has been changed, spec: {NodeSelector:map[] TargetLinkRule:{TypeRule:device NameRule:}}"
2026-06-12T12:01:35.951445127Z time="2026-06-12T12:01:35Z" level=info msg="link monitor cnet-eno50 has been changed, spec: {NodeSelector:map[] TargetLinkRule:{TypeRule: NameRule:cnet-eno50(-br|-bo)}}"
2026-06-12T12:04:32.636784923Z time="2026-06-12T12:04:32Z" level=info msg="link monitor nic has been changed, spec: {NodeSelector:map[] TargetLinkRule:{TypeRule:device NameRule:}}"
2026-06-12T12:04:32.636803822Z time="2026-06-12T12:04:32Z" level=info msg="link monitor cnet-eno50 has been changed, spec: {NodeSelector:map[] TargetLinkRule:{TypeRule: NameRule:cnet-eno50(-br|-bo)}}"
2026-06-12T12:04:32.705589806Z time="2026-06-12T12:04:32Z" level=info msg="link monitor nic has been changed, spec: {NodeSelector:map[] TargetLinkRule:{TypeRule:device NameRule:}}"
2026-06-12T12:04:32.797503593Z time="2026-06-12T12:04:32Z" level=info msg="link monitor nic has been changed, spec: {NodeSelector:map[] TargetLinkRule:{TypeRule:device NameRule:}}"
2026-06-12T12:04:33.859720519Z time="2026-06-12T12:04:33Z" level=info msg="link monitor nic has been changed, spec: {NodeSelector:map[] TargetLinkRule:{TypeRule:device NameRule:}}"
2026-06-12T12:04:37.645026097Z time="2026-06-12T12:04:37Z" level=info msg="link monitor nic has been changed, spec: {NodeSelector:map[] TargetLinkRule:{TypeRule:device NameRule:}}"
2026-06-12T12:04:37.673563559Z time="2026-06-12T12:04:37Z" level=info msg="link monitor nic has been changed, spec: {NodeSelector:map[] TargetLinkRule:{TypeRule:device NameRule:}}"
2026-06-12T12:04:37.674763737Z time="2026-06-12T12:04:37Z" level=info msg="link monitor cnet-eno50 has been changed, spec: {NodeSelector:map[] TargetLinkRule:{TypeRule: NameRule:cnet-eno50(-br|-bo)}}"
2026-06-12T12:07:35.078613147Z time="2026-06-12T12:07:35Z" level=info msg="link monitor cnet-eno50 has been changed, spec: {NodeSelector:map[] TargetLinkRule:{TypeRule: NameRule:cnet-eno50(-br|-bo)}}"
2026-06-12T12:07:35.078631693Z time="2026-06-12T12:07:35Z" level=info msg="link monitor nic has been changed, spec: {NodeSelector:map[] TargetLinkRule:{TypeRule:device NameRule:}}"
2026-06-12T12:07:35.184076875Z time="2026-06-12T12:07:35Z" level=info msg="link monitor nic has been changed, spec: {NodeSelector:map[] TargetLinkRule:{TypeRule:device NameRule:}}"
2026-06-12T12:07:49.664923243Z time="2026-06-12T12:07:49Z" level=info msg="link monitor nic has been changed, spec: {NodeSelector:map[] TargetLinkRule:{TypeRule:device NameRule:}}"
2026-06-12T12:07:49.727763540Z time="2026-06-12T12:07:49Z" level=info msg="link monitor nic has been changed, spec: {NodeSelector:map[] TargetLinkRule:{TypeRule:device NameRule:}}"
2026-06-12T12:07:50.223298562Z time="2026-06-12T12:07:50Z" level=info msg="link monitor nic has been changed, spec: {NodeSelector:map[] TargetLinkRule:{TypeRule:device NameRule:}}"
2026-06-12T12:07:51.785543216Z time="2026-06-12T12:07:51Z" level=info msg="link monitor nic has been changed, spec: {NodeSelector:map[] TargetLinkRule:{TypeRule:device NameRule:}}"
2026-06-12T12:07:52.822768863Z time="2026-06-12T12:07:52Z" level=info msg="link monitor nic has been changed, spec: {NodeSelector:map[] TargetLinkRule:{TypeRule:device NameRule:}}"
2026-06-12T12:07:52.823744057Z time="2026-06-12T12:07:52Z" level=info msg="link monitor cnet-eno50 has been changed, spec: {NodeSelector:map[] TargetLinkRule:{TypeRule: NameRule:cnet-eno50(-br|-bo)}}"
2026-06-12T12:08:10.173137899Z time="2026-06-12T12:08:10Z" level=info msg="vlan config cnet-eno50 has been removed"
2026-06-12T12:08:10.173429954Z time="2026-06-12T12:08:10Z" level=info msg="start to tear down VLAN network"
2026-06-12T12:08:10.173446577Z time="2026-06-12T12:08:10Z" level=info msg="cnet-eno50-bo set no master"
2026-06-12T12:08:10.174838370Z time="2026-06-12T12:08:10Z" level=info msg="cluster network cnet-eno50 has been changed, vid hash: e3b0c44298fc1c149afbf4c8996fb92427ae41e4649b934ca495991b7852b855"
2026-06-12T12:08:10.179249527Z time="2026-06-12T12:08:10Z" level=error msg="error syncing 'cnet-eno50': handler harvester-network-cn-controller: can't run diff on an empty vidset, requeuing"
2026-06-12T12:08:10.268751581Z time="2026-06-12T12:08:10Z" level=info msg="cluster network cnet-eno50 has been changed, vid hash: e3b0c44298fc1c149afbf4c8996fb92427ae41e4649b934ca495991b7852b855"
2026-06-12T12:08:10.283981502Z time="2026-06-12T12:08:10Z" level=info msg="link monitor nic has been changed, spec: {NodeSelector:map[] TargetLinkRule:{TypeRule:device NameRule:}}"
2026-06-12T12:08:10.284060508Z time="2026-06-12T12:08:10Z" level=info msg="link monitor cnet-eno50 has been changed, spec: {NodeSelector:map[] TargetLinkRule:{TypeRule: NameRule:cnet-eno50(-br|-bo)}}"
2026-06-12T12:08:10.353232963Z time="2026-06-12T12:08:10Z" level=info msg="cluster network cnet-eno50 is not set on this node, skip"
2026-06-12T12:08:10.353258601Z time="2026-06-12T12:08:10Z" level=info msg="cluster network cnet-eno50 has been changed, vid hash: e3b0c44298fc1c149afbf4c8996fb92427ae41e4649b934ca495991b7852b855"
2026-06-12T12:08:10.353416091Z time="2026-06-12T12:08:10Z" level=info msg="cluster network cnet-eno50 is not set on this node, skip"
2026-06-12T12:08:10.381283072Z time="2026-06-12T12:08:10Z" level=info msg="Setting NIC eno50 to UP state (current: down)"
2026-06-12T12:08:10.399236895Z time="2026-06-12T12:08:10Z" level=info msg="link monitor cnet-eno50 has been changed, spec: {NodeSelector:map[] TargetLinkRule:{TypeRule: NameRule:cnet-eno50(-br|-bo)}}"
2026-06-12T12:08:10.699825098Z time="2026-06-12T12:08:10Z" level=error msg="error syncing 'nic': handler harvester-network-link-monitor-controller: synchronize links to link monitor nic failed, error: results may be incomplete or inconsistent, requeuing"
2026-06-12T12:08:10.699845001Z time="2026-06-12T12:08:10Z" level=info msg="link monitor nic has been changed, spec: {NodeSelector:map[] TargetLinkRule:{TypeRule:device NameRule:}}"
2026-06-12T12:08:10.700442000Z time="2026-06-12T12:08:10Z" level=error msg="error syncing 'cnet-eno50': handler harvester-network-link-monitor-controller: synchronize links to link monitor cnet-eno50 failed, error: results may be incomplete or inconsistent, requeuing"
2026-06-12T12:08:10.700448283Z time="2026-06-12T12:08:10Z" level=info msg="link monitor cnet-eno50 has been changed, spec: {NodeSelector:map[] TargetLinkRule:{TypeRule: NameRule:cnet-eno50(-br|-bo)}}"
2026-06-12T12:08:10.768708917Z time="2026-06-12T12:08:10Z" level=info msg="tear down VLAN network successfully"
2026-06-12T12:08:10.868836419Z time="2026-06-12T12:08:10Z" level=info msg="link monitor cnet-eno50 has been changed, spec: {NodeSelector:map[] TargetLinkRule:{TypeRule: NameRule:cnet-eno50(-br|-bo)}}"
2026-06-12T12:08:10.968681071Z time="2026-06-12T12:08:10Z" level=info msg="link monitor nic has been changed, spec: {NodeSelector:map[] TargetLinkRule:{TypeRule:device NameRule:}}"
2026-06-12T12:08:10.981219693Z time="2026-06-12T12:08:10Z" level=info msg="link monitor nic has been changed, spec: {NodeSelector:map[] TargetLinkRule:{TypeRule:device NameRule:}}"
2026-06-12T12:08:11.072440364Z time="2026-06-12T12:08:11Z" level=error msg="error syncing 'cnet-eno50': handler harvester-network-vlanconfig-controller: update status into vlanstatus cnet-eno50-hp-117-tink-system-22a1be67 failed, error: failed to delete vlanstatus cnet-eno50-hp-117-tink-system-22a1be67, error: vlanstatuses.network.harvesterhci.io \"cnet-eno50-hp-117-tink-system-22a1be67\" not found, teardown error: <nil>, requeuing"
2026-06-12T12:08:11.079267802Z time="2026-06-12T12:08:11Z" level=info msg="link monitor nic has been changed, spec: {NodeSelector:map[] TargetLinkRule:{TypeRule:device NameRule:}}"
2026-06-12T12:08:11.198376722Z time="2026-06-12T12:08:11Z" level=info msg="link monitor nic has been changed, spec: {NodeSelector:map[] TargetLinkRule:{TypeRule:device NameRule:}}"
2026-06-12T12:08:11.355006861Z time="2026-06-12T12:08:11Z" level=info msg="link monitor nic has been changed, spec: {NodeSelector:map[] TargetLinkRule:{TypeRule:device NameRule:}}"
2026-06-12T12:08:11.356031534Z time="2026-06-12T12:08:11Z" level=info msg="link monitor cnet-eno50 has been changed, spec: {NodeSelector:map[] TargetLinkRule:{TypeRule: NameRule:cnet-eno50(-br|-bo)}}"
2026-06-12T12:08:11.659919811Z time="2026-06-12T12:08:11Z" level=info msg="link monitor nic has been changed, spec: {NodeSelector:map[] TargetLinkRule:{TypeRule:device NameRule:}}"
2026-06-12T12:08:13.239952465Z time="2026-06-12T12:08:13Z" level=info msg="link monitor cnet-eno50 has been changed, spec: {NodeSelector:map[] TargetLinkRule:{TypeRule: NameRule:cnet-eno50(-br|-bo)}}"
2026-06-12T12:08:30.247030441Z time="2026-06-12T12:08:30Z" level=info msg="link monitor cnet-eno50 has been removed"
2026-06-12T12:57:45.548455026Z time="2026-06-12T12:57:45Z" level=info msg="cluster network mgmt has been changed, vid hash: d4735e3a265e16eee03f59718b9b5d03019c07d8b6c51f90da3a666eec13ab35"
2026-06-12T12:57:45.550454007Z time="2026-06-12T12:57:45Z" level=info msg="cluster network mgmt will add 1 vlans, remove 0 vlans"
2026-06-12T12:57:45.556480960Z time="2026-06-12T12:57:45Z" level=info msg="link monitor nic has been changed, spec: {NodeSelector:map[] TargetLinkRule:{TypeRule:device NameRule:}}"
2026-06-12T12:57:46.332593372Z time="2026-06-12T12:57:46Z" level=info msg="link monitor mgmt has been changed, spec: {NodeSelector:map[] TargetLinkRule:{TypeRule: NameRule:mgmt(-br|-bo)}}"
2026-06-12T12:57:46.582704480Z time="2026-06-12T12:57:46Z" level=info msg="link monitor nic has been changed, spec: {NodeSelector:map[] TargetLinkRule:{TypeRule:device NameRule:}}"
2026-06-12T13:12:37.391531870Z time="2026-06-12T13:12:37Z" level=info msg="cluster network mgmt has been changed, vid hash: e3b0c44298fc1c149afbf4c8996fb92427ae41e4649b934ca495991b7852b855"
2026-06-12T13:12:37.393383420Z time="2026-06-12T13:12:37Z" level=info msg="cluster network mgmt will add 0 vlans, remove 1 vlans"
2026-06-12T13:12:37.399478829Z time="2026-06-12T13:12:37Z" level=info msg="link monitor nic has been changed, spec: {NodeSelector:map[] TargetLinkRule:{TypeRule:device NameRule:}}"
2026-06-12T15:00:22.760723182Z time="2026-06-12T15:00:22Z" level=info msg="cluster network cnet-145836 has been changed, vid hash: "
2026-06-12T15:00:22.760777286Z time="2026-06-12T15:00:22Z" level=info msg="cluster network cnet-145836 is not set on this node, skip"
2026-06-12T15:00:22.771339407Z time="2026-06-12T15:00:22Z" level=info msg="cluster network cnet-145836 has been changed, vid hash: "
2026-06-12T15:00:22.771412628Z time="2026-06-12T15:00:22Z" level=info msg="cluster network cnet-145836 is not set on this node, skip"
2026-06-12T15:00:22.787870078Z time="2026-06-12T15:00:22Z" level=info msg="vlan config hp-69-tink-system has been changed, spec: {Description: ClusterNetwork:cnet-145836 NodeSelector:map[kubernetes.io/hostname:hp-69-tink-system] Uplink:{NICs:[eno50] LinkAttrs:0x25afe6348e10 BondOptions:0x25afe3c12588}}"
2026-06-12T15:00:22.805701866Z time="2026-06-12T15:00:22Z" level=info msg="cluster network cnet-145836 has been changed, vid hash: "
2026-06-12T15:00:22.805717989Z time="2026-06-12T15:00:22Z" level=info msg="cluster network cnet-145836 is not set on this node, skip"
2026-06-12T15:00:22.807867823Z time="2026-06-12T15:00:22Z" level=info msg="vlan config hp-117-tink-system has been changed, spec: {Description: ClusterNetwork:cnet-145836 NodeSelector:map[kubernetes.io/hostname:hp-117-tink-system] Uplink:{NICs:[eno50] LinkAttrs:0x25afe7e495f0 BondOptions:0x25afe7b08b40}}"
2026-06-12T15:00:22.807886462Z time="2026-06-12T15:00:22Z" level=info msg="vc hp-117-tink-system matchedNodes: [hp-117-tink-system], include this node: hp-117-tink-system"
2026-06-12T15:00:22.819513604Z time="2026-06-12T15:00:22Z" level=info msg="vlan config hp-69-tink-system has been changed, spec: {Description: ClusterNetwork:cnet-145836 NodeSelector:map[kubernetes.io/hostname:hp-69-tink-system] Uplink:{NICs:[eno50] LinkAttrs:0x25afe50a4360 BondOptions:0x25afe7b09248}}"
2026-06-12T15:00:22.832680427Z time="2026-06-12T15:00:22Z" level=info msg="vlan config hp-150-tink-system has been changed, spec: {Description: ClusterNetwork:cnet-145836 NodeSelector:map[kubernetes.io/hostname:hp-150-tink-system] Uplink:{NICs:[eno50] LinkAttrs:0x25afe6557e00 BondOptions:0x25afe3c12a08}}"
2026-06-12T15:00:22.869326553Z time="2026-06-12T15:00:22Z" level=info msg="vlan config hp-150-tink-system has been changed, spec: {Description: ClusterNetwork:cnet-145836 NodeSelector:map[kubernetes.io/hostname:hp-150-tink-system] Uplink:{NICs:[eno50] LinkAttrs:0x25afe50a4660 BondOptions:0x25afe7b09440}}"
2026-06-12T15:00:22.877131641Z time="2026-06-12T15:00:22Z" level=info msg="link monitor nic has been changed, spec: {NodeSelector:map[] TargetLinkRule:{TypeRule:device NameRule:}}"
2026-06-12T15:00:22.879347536Z time="2026-06-12T15:00:22Z" level=info msg="vlan config hp-69-tink-system has been changed, spec: {Description: ClusterNetwork:cnet-145836 NodeSelector:map[kubernetes.io/hostname:hp-69-tink-system] Uplink:{NICs:[eno50] LinkAttrs:0x25afe50a4e70 BondOptions:0x25afe7b096b0}}"
2026-06-12T15:00:22.893011372Z time="2026-06-12T15:00:22Z" level=info msg="vlan config hp-150-tink-system has been changed, spec: {Description: ClusterNetwork:cnet-145836 NodeSelector:map[kubernetes.io/hostname:hp-150-tink-system] Uplink:{NICs:[eno50] LinkAttrs:0x25afe50a5860 BondOptions:0x25afe7b099b0}}"
2026-06-12T15:00:23.113102882Z time="2026-06-12T15:00:23Z" level=error msg="error syncing 'nic': handler harvester-network-link-monitor-controller: synchronize links to link monitor nic failed, error: results may be incomplete or inconsistent, requeuing"
2026-06-12T15:00:23.113124475Z time="2026-06-12T15:00:23Z" level=info msg="link monitor nic has been changed, spec: {NodeSelector:map[] TargetLinkRule:{TypeRule:device NameRule:}}"
2026-06-12T15:00:23.178602657Z time="2026-06-12T15:00:23Z" level=info msg="vlan config hp-117-tink-system has been changed, spec: {Description: ClusterNetwork:cnet-145836 NodeSelector:map[kubernetes.io/hostname:hp-117-tink-system] Uplink:{NICs:[eno50] LinkAttrs:0x25afe50a50b0 BondOptions:0x25afe7b09770}}"
2026-06-12T15:00:23.178617717Z time="2026-06-12T15:00:23Z" level=info msg="vc hp-117-tink-system matchedNodes: [hp-117-tink-system], include this node: hp-117-tink-system"
2026-06-12T15:00:23.182332977Z time="2026-06-12T15:00:23Z" level=info msg="link monitor nic has been changed, spec: {NodeSelector:map[] TargetLinkRule:{TypeRule:device NameRule:}}"
2026-06-12T15:00:23.379190931Z time="2026-06-12T15:00:23Z" level=info msg="cluster network cnet-145836 has been changed, vid hash: 72d1b5da6eeaf1789df86487da50ad5e9dadb5ffaecb56b6de592aa286c9c1b8"
2026-06-12T15:00:23.381081444Z time="2026-06-12T15:00:23Z" level=info msg="cluster network cnet-145836 will add 1 vlans, remove 0 vlans"
2026-06-12T15:00:23.479339748Z time="2026-06-12T15:00:23Z" level=info msg="link monitor nic has been changed, spec: {NodeSelector:map[] TargetLinkRule:{TypeRule:device NameRule:}}"
2026-06-12T15:00:23.492746812Z time="2026-06-12T15:00:23Z" level=info msg="link monitor nic has been changed, spec: {NodeSelector:map[] TargetLinkRule:{TypeRule:device NameRule:}}"
2026-06-12T15:00:23.678776690Z time="2026-06-12T15:00:23Z" level=info msg="link monitor nic has been changed, spec: {NodeSelector:map[] TargetLinkRule:{TypeRule:device NameRule:}}"
2026-06-12T15:00:23.782147538Z time="2026-06-12T15:00:23Z" level=info msg="vlan config hp-117-tink-system has been changed, spec: {Description: ClusterNetwork:cnet-145836 NodeSelector:map[kubernetes.io/hostname:hp-117-tink-system] Uplink:{NICs:[eno50] LinkAttrs:0x25afe50a50b0 BondOptions:0x25afe7b09770}}"
2026-06-12T15:00:23.782166522Z time="2026-06-12T15:00:23Z" level=info msg="vc hp-117-tink-system matchedNodes: [hp-117-tink-system], include this node: hp-117-tink-system"
2026-06-12T15:00:23.788063290Z time="2026-06-12T15:00:23Z" level=info msg="cluster network cnet-145836 has been changed, vid hash: 72d1b5da6eeaf1789df86487da50ad5e9dadb5ffaecb56b6de592aa286c9c1b8"
2026-06-12T15:00:23.879165557Z time="2026-06-12T15:00:23Z" level=info msg="cluster network cnet-145836 will add 0 vlans, remove 0 vlans"
2026-06-12T15:00:23.884596295Z time="2026-06-12T15:00:23Z" level=info msg="cluster network cnet-145836 has been changed, vid hash: 72d1b5da6eeaf1789df86487da50ad5e9dadb5ffaecb56b6de592aa286c9c1b8"
2026-06-12T15:00:23.886232970Z time="2026-06-12T15:00:23Z" level=info msg="cluster network cnet-145836 will add 0 vlans, remove 0 vlans"
2026-06-12T15:00:24.185558641Z time="2026-06-12T15:00:24Z" level=info msg="link monitor nic has been changed, spec: {NodeSelector:map[] TargetLinkRule:{TypeRule:device NameRule:}}"
2026-06-12T15:00:24.770242830Z time="2026-06-12T15:00:24Z" level=info msg="cluster network cnet-145836 has been changed, vid hash: 72d1b5da6eeaf1789df86487da50ad5e9dadb5ffaecb56b6de592aa286c9c1b8"
2026-06-12T15:00:24.772128196Z time="2026-06-12T15:00:24Z" level=info msg="cluster network cnet-145836 will add 0 vlans, remove 0 vlans"
2026-06-12T15:00:25.570667603Z time="2026-06-12T15:00:25Z" level=info msg="link monitor cnet-145836 has been changed, spec: {NodeSelector:map[] TargetLinkRule:{TypeRule: NameRule:cnet-145836(-br|-bo)}}"
2026-06-12T15:00:25.671900376Z time="2026-06-12T15:00:25Z" level=info msg="link monitor cnet-145836 has been changed, spec: {NodeSelector:map[] TargetLinkRule:{TypeRule: NameRule:cnet-145836(-br|-bo)}}"
2026-06-12T15:00:25.684412400Z time="2026-06-12T15:00:25Z" level=info msg="link monitor cnet-145836 has been changed, spec: {NodeSelector:map[] TargetLinkRule:{TypeRule: NameRule:cnet-145836(-br|-bo)}}"
2026-06-12T15:00:25.689667500Z time="2026-06-12T15:00:25Z" level=info msg="link monitor cnet-145836 has been changed, spec: {NodeSelector:map[] TargetLinkRule:{TypeRule: NameRule:cnet-145836(-br|-bo)}}"
2026-06-12T15:00:25.742682727Z time="2026-06-12T15:00:25Z" level=info msg="link monitor nic has been changed, spec: {NodeSelector:map[] TargetLinkRule:{TypeRule:device NameRule:}}"
2026-06-12T15:00:25.769166405Z time="2026-06-12T15:00:25Z" level=info msg="link monitor cnet-145836 has been changed, spec: {NodeSelector:map[] TargetLinkRule:{TypeRule: NameRule:cnet-145836(-br|-bo)}}"
2026-06-12T15:00:38.735247838Z time="2026-06-12T15:00:38Z" level=info msg="link monitor nic has been changed, spec: {NodeSelector:map[] TargetLinkRule:{TypeRule:device NameRule:}}"
2026-06-12T15:09:23.878608619Z time="2026-06-12T15:09:23Z" level=info msg="cluster network cnet-145836 has been changed, vid hash: e3b0c44298fc1c149afbf4c8996fb92427ae41e4649b934ca495991b7852b855"
2026-06-12T15:09:23.880927677Z time="2026-06-12T15:09:23Z" level=info msg="cluster network cnet-145836 will add 0 vlans, remove 1 vlans"
2026-06-12T15:09:23.886365985Z time="2026-06-12T15:09:23Z" level=info msg="link monitor nic has been changed, spec: {NodeSelector:map[] TargetLinkRule:{TypeRule:device NameRule:}}"
2026-06-12T15:09:26.906654596Z time="2026-06-12T15:09:26Z" level=info msg="vlan config hp-69-tink-system has been removed"
2026-06-12T15:09:26.924591943Z time="2026-06-12T15:09:26Z" level=info msg="cluster network cnet-145836 has been changed, vid hash: e3b0c44298fc1c149afbf4c8996fb92427ae41e4649b934ca495991b7852b855"
2026-06-12T15:09:26.926587231Z time="2026-06-12T15:09:26Z" level=info msg="cluster network cnet-145836 will add 0 vlans, remove 0 vlans"
2026-06-12T15:09:26.935325558Z time="2026-06-12T15:09:26Z" level=info msg="vlan config hp-117-tink-system has been removed"
2026-06-12T15:09:26.935635913Z time="2026-06-12T15:09:26Z" level=info msg="start to tear down VLAN network"
2026-06-12T15:09:26.935655615Z time="2026-06-12T15:09:26Z" level=info msg="cnet-145836-bo set no master"
2026-06-12T15:09:26.942344585Z time="2026-06-12T15:09:26Z" level=info msg="link monitor cnet-145836 has been changed, spec: {NodeSelector:map[] TargetLinkRule:{TypeRule: NameRule:cnet-145836(-br|-bo)}}"
2026-06-12T15:09:26.942522257Z time="2026-06-12T15:09:26Z" level=info msg="link monitor nic has been changed, spec: {NodeSelector:map[] TargetLinkRule:{TypeRule:device NameRule:}}"
2026-06-12T15:09:26.979411686Z time="2026-06-12T15:09:26Z" level=info msg="vlan config hp-150-tink-system has been removed"
2026-06-12T15:09:27.028867701Z time="2026-06-12T15:09:27Z" level=info msg="cluster network cnet-145836 has been changed, vid hash: e3b0c44298fc1c149afbf4c8996fb92427ae41e4649b934ca495991b7852b855"
2026-06-12T15:09:27.079714757Z time="2026-06-12T15:09:27Z" level=info msg="cluster network cnet-145836 is not set on this node, skip"
2026-06-12T15:09:27.092178999Z time="2026-06-12T15:09:27Z" level=info msg="link monitor cnet-145836 has been changed, spec: {NodeSelector:map[] TargetLinkRule:{TypeRule: NameRule:cnet-145836(-br|-bo)}}"
2026-06-12T15:09:27.094265624Z time="2026-06-12T15:09:27Z" level=info msg="Setting NIC eno50 to UP state (current: down)"
2026-06-12T15:09:27.179054281Z time="2026-06-12T15:09:27Z" level=info msg="link monitor cnet-145836 has been changed, spec: {NodeSelector:map[] TargetLinkRule:{TypeRule: NameRule:cnet-145836(-br|-bo)}}"
2026-06-12T15:09:27.327334800Z time="2026-06-12T15:09:27Z" level=info msg="cluster network cnet-145836 has been changed, vid hash: e3b0c44298fc1c149afbf4c8996fb92427ae41e4649b934ca495991b7852b855"
2026-06-12T15:09:27.393147967Z time="2026-06-12T15:09:27Z" level=info msg="link monitor nic has been changed, spec: {NodeSelector:map[] TargetLinkRule:{TypeRule:device NameRule:}}"
2026-06-12T15:09:27.412558802Z time="2026-06-12T15:09:27Z" level=info msg="cluster network cnet-145836 is not set on this node, skip"
2026-06-12T15:09:27.479556446Z time="2026-06-12T15:09:27Z" level=info msg="tear down VLAN network successfully"
2026-06-12T15:09:27.581688936Z time="2026-06-12T15:09:27Z" level=error msg="error syncing 'cnet-145836': handler harvester-network-link-monitor-controller: synchronize links to link monitor cnet-145836 failed, error: results may be incomplete or inconsistent, requeuing"
2026-06-12T15:09:27.581713511Z time="2026-06-12T15:09:27Z" level=info msg="link monitor cnet-145836 has been changed, spec: {NodeSelector:map[] TargetLinkRule:{TypeRule: NameRule:cnet-145836(-br|-bo)}}"
2026-06-12T15:09:27.600096980Z time="2026-06-12T15:09:27Z" level=info msg="link monitor nic has been changed, spec: {NodeSelector:map[] TargetLinkRule:{TypeRule:device NameRule:}}"
2026-06-12T15:09:27.779731310Z time="2026-06-12T15:09:27Z" level=info msg="link monitor nic has been changed, spec: {NodeSelector:map[] TargetLinkRule:{TypeRule:device NameRule:}}"
2026-06-12T15:09:27.781926795Z time="2026-06-12T15:09:27Z" level=error msg="error syncing 'hp-117-tink-system': handler harvester-network-vlanconfig-controller: update status into vlanstatus cnet-145836-hp-117-tink-system-bc604c62 failed, error: failed to delete vlanstatus cnet-145836-hp-117-tink-system-bc604c62, error: vlanstatuses.network.harvesterhci.io \"cnet-145836-hp-117-tink-system-bc604c62\" not found, teardown error: <nil>, requeuing"
2026-06-12T15:09:27.781952587Z time="2026-06-12T15:09:27Z" level=info msg="link monitor cnet-145836 has been changed, spec: {NodeSelector:map[] TargetLinkRule:{TypeRule: NameRule:cnet-145836(-br|-bo)}}"
2026-06-12T15:09:27.882167233Z time="2026-06-12T15:09:27Z" level=info msg="link monitor nic has been changed, spec: {NodeSelector:map[] TargetLinkRule:{TypeRule:device NameRule:}}"
2026-06-12T15:09:27.999204019Z time="2026-06-12T15:09:27Z" level=info msg="link monitor cnet-145836 has been changed, spec: {NodeSelector:map[] TargetLinkRule:{TypeRule: NameRule:cnet-145836(-br|-bo)}}"
2026-06-12T15:09:28.082516953Z time="2026-06-12T15:09:28Z" level=info msg="link monitor cnet-145836 has been changed, spec: {NodeSelector:map[] TargetLinkRule:{TypeRule: NameRule:cnet-145836(-br|-bo)}}"
2026-06-12T15:09:28.179776965Z time="2026-06-12T15:09:28Z" level=info msg="link monitor cnet-145836 has been changed, spec: {NodeSelector:map[] TargetLinkRule:{TypeRule: NameRule:cnet-145836(-br|-bo)}}"
2026-06-12T15:09:28.183456869Z time="2026-06-12T15:09:28Z" level=info msg="link monitor cnet-145836 has been changed, spec: {NodeSelector:map[] TargetLinkRule:{TypeRule: NameRule:cnet-145836(-br|-bo)}}"
2026-06-12T15:09:28.385891231Z time="2026-06-12T15:09:28Z" level=info msg="link monitor nic has been changed, spec: {NodeSelector:map[] TargetLinkRule:{TypeRule:device NameRule:}}"
2026-06-12T15:09:47.065542350Z time="2026-06-12T15:09:47Z" level=info msg="link monitor cnet-145836 has been removed"
2026-06-12T15:11:27.113098034Z time="2026-06-12T15:11:27Z" level=info msg="cluster network cnet-150800 has been changed, vid hash: "
2026-06-12T15:11:27.113214227Z time="2026-06-12T15:11:27Z" level=info msg="cluster network cnet-150800 is not set on this node, skip"
2026-06-12T15:11:27.119761121Z time="2026-06-12T15:11:27Z" level=info msg="cluster network cnet-150800 has been changed, vid hash: "
2026-06-12T15:11:27.119853550Z time="2026-06-12T15:11:27Z" level=info msg="cluster network cnet-150800 is not set on this node, skip"
2026-06-12T15:11:27.132931895Z time="2026-06-12T15:11:27Z" level=info msg="vlan config hp-69-tink-system has been changed, spec: {Description: ClusterNetwork:cnet-150800 NodeSelector:map[kubernetes.io/hostname:hp-69-tink-system] Uplink:{NICs:[eno50] LinkAttrs:0x25afe60b25d0 BondOptions:0x25afe7b09710}}"
2026-06-12T15:11:27.144588444Z time="2026-06-12T15:11:27Z" level=info msg="cluster network cnet-150800 has been changed, vid hash: "
2026-06-12T15:11:27.144680968Z time="2026-06-12T15:11:27Z" level=info msg="cluster network cnet-150800 is not set on this node, skip"
2026-06-12T15:11:27.152404311Z time="2026-06-12T15:11:27Z" level=info msg="vlan config hp-69-tink-system has been changed, spec: {Description: ClusterNetwork:cnet-150800 NodeSelector:map[kubernetes.io/hostname:hp-69-tink-system] Uplink:{NICs:[eno50] LinkAttrs:0x25afe65578c0 BondOptions:0x25afe3c13da0}}"
2026-06-12T15:11:27.157684717Z time="2026-06-12T15:11:27Z" level=info msg="vlan config hp-69-tink-system has been changed, spec: {Description: ClusterNetwork:cnet-150800 NodeSelector:map[kubernetes.io/hostname:hp-69-tink-system] Uplink:{NICs:[eno50] LinkAttrs:0x25afe65578c0 BondOptions:0x25afe3c13da0}}"
2026-06-12T15:11:27.161804806Z time="2026-06-12T15:11:27Z" level=info msg="vlan config hp-117-tink-system has been changed, spec: {Description: ClusterNetwork:cnet-150800 NodeSelector:map[kubernetes.io/hostname:hp-117-tink-system] Uplink:{NICs:[eno50] LinkAttrs:0x25afe60b3290 BondOptions:0x25afe7b09a28}}"
2026-06-12T15:11:27.161821745Z time="2026-06-12T15:11:27Z" level=info msg="vc hp-117-tink-system matchedNodes: [hp-117-tink-system], include this node: hp-117-tink-system"
2026-06-12T15:11:27.183632218Z time="2026-06-12T15:11:27Z" level=info msg="vlan config hp-69-tink-system has been changed, spec: {Description: ClusterNetwork:cnet-150800 NodeSelector:map[kubernetes.io/hostname:hp-69-tink-system] Uplink:{NICs:[eno50] LinkAttrs:0x25afe65561b0 BondOptions:0x25afe3c12078}}"
2026-06-12T15:11:27.183674306Z time="2026-06-12T15:11:27Z" level=info msg="vlan config hp-150-tink-system has been changed, spec: {Description: ClusterNetwork:cnet-150800 NodeSelector:map[kubernetes.io/hostname:hp-150-tink-system] Uplink:{NICs:[eno50] LinkAttrs:0x25afe6556360 BondOptions:0x25afe3c120f0}}"
2026-06-12T15:11:27.278612250Z time="2026-06-12T15:11:27Z" level=info msg="vlan config hp-150-tink-system has been changed, spec: {Description: ClusterNetwork:cnet-150800 NodeSelector:map[kubernetes.io/hostname:hp-150-tink-system] Uplink:{NICs:[eno50] LinkAttrs:0x25afe4cada10 BondOptions:0x25afe7b082a0}}"
2026-06-12T15:11:27.278683979Z time="2026-06-12T15:11:27Z" level=info msg="vlan config hp-150-tink-system has been changed, spec: {Description: ClusterNetwork:cnet-150800 NodeSelector:map[kubernetes.io/hostname:hp-150-tink-system] Uplink:{NICs:[eno50] LinkAttrs:0x25afe6556750 BondOptions:0x25afe3c12330}}"
2026-06-12T15:11:27.284026817Z time="2026-06-12T15:11:27Z" level=info msg="link monitor nic has been changed, spec: {NodeSelector:map[] TargetLinkRule:{TypeRule:device NameRule:}}"
2026-06-12T15:11:27.589439095Z time="2026-06-12T15:11:27Z" level=error msg="error syncing 'nic': handler harvester-network-link-monitor-controller: synchronize links to link monitor nic failed, error: results may be incomplete or inconsistent, requeuing"
2026-06-12T15:11:27.589466702Z time="2026-06-12T15:11:27Z" level=info msg="link monitor nic has been changed, spec: {NodeSelector:map[] TargetLinkRule:{TypeRule:device NameRule:}}"
2026-06-12T15:11:27.604053536Z time="2026-06-12T15:11:27Z" level=info msg="link monitor nic has been changed, spec: {NodeSelector:map[] TargetLinkRule:{TypeRule:device NameRule:}}"
2026-06-12T15:11:27.678686208Z time="2026-06-12T15:11:27Z" level=info msg="vlan config hp-117-tink-system has been changed, spec: {Description: ClusterNetwork:cnet-150800 NodeSelector:map[kubernetes.io/hostname:hp-117-tink-system] Uplink:{NICs:[eno50] LinkAttrs:0x25afe6556540 BondOptions:0x25afe3c121e0}}"
2026-06-12T15:11:27.678709252Z time="2026-06-12T15:11:27Z" level=info msg="vc hp-117-tink-system matchedNodes: [hp-117-tink-system], include this node: hp-117-tink-system"
2026-06-12T15:11:27.679656769Z time="2026-06-12T15:11:27Z" level=info msg="link monitor nic has been changed, spec: {NodeSelector:map[] TargetLinkRule:{TypeRule:device NameRule:}}"
2026-06-12T15:11:27.880440992Z time="2026-06-12T15:11:27Z" level=info msg="cluster network cnet-150800 has been changed, vid hash: 72d1b5da6eeaf1789df86487da50ad5e9dadb5ffaecb56b6de592aa286c9c1b8"
2026-06-12T15:11:27.887282853Z time="2026-06-12T15:11:27Z" level=info msg="link monitor nic has been changed, spec: {NodeSelector:map[] TargetLinkRule:{TypeRule:device NameRule:}}"
2026-06-12T15:11:27.979165615Z time="2026-06-12T15:11:27Z" level=info msg="cluster network cnet-150800 will add 1 vlans, remove 0 vlans"
2026-06-12T15:11:27.980065277Z time="2026-06-12T15:11:27Z" level=info msg="link monitor nic has been changed, spec: {NodeSelector:map[] TargetLinkRule:{TypeRule:device NameRule:}}"
2026-06-12T15:11:28.078769165Z time="2026-06-12T15:11:28Z" level=info msg="vlan config hp-117-tink-system has been changed, spec: {Description: ClusterNetwork:cnet-150800 NodeSelector:map[kubernetes.io/hostname:hp-117-tink-system] Uplink:{NICs:[eno50] LinkAttrs:0x25afe6556540 BondOptions:0x25afe3c121e0}}"
2026-06-12T15:11:28.079936350Z time="2026-06-12T15:11:28Z" level=info msg="vc hp-117-tink-system matchedNodes: [hp-117-tink-system], include this node: hp-117-tink-system"
2026-06-12T15:11:28.178490017Z time="2026-06-12T15:11:28Z" level=info msg="cluster network cnet-150800 has been changed, vid hash: 72d1b5da6eeaf1789df86487da50ad5e9dadb5ffaecb56b6de592aa286c9c1b8"
2026-06-12T15:11:28.182739361Z time="2026-06-12T15:11:28Z" level=info msg="link monitor nic has been changed, spec: {NodeSelector:map[] TargetLinkRule:{TypeRule:device NameRule:}}"
2026-06-12T15:11:28.183509292Z time="2026-06-12T15:11:28Z" level=info msg="cluster network cnet-150800 will add 0 vlans, remove 0 vlans"
2026-06-12T15:11:28.279149277Z time="2026-06-12T15:11:28Z" level=info msg="link monitor nic has been changed, spec: {NodeSelector:map[] TargetLinkRule:{TypeRule:device NameRule:}}"
2026-06-12T15:11:28.313746730Z time="2026-06-12T15:11:28Z" level=info msg="vlan config hp-117-tink-system has been changed, spec: {Description: ClusterNetwork:cnet-150800 NodeSelector:map[kubernetes.io/hostname:hp-117-tink-system] Uplink:{NICs:[eno50] LinkAttrs:0x25afe6556540 BondOptions:0x25afe3c121e0}}"
2026-06-12T15:11:28.313789034Z time="2026-06-12T15:11:28Z" level=info msg="vc hp-117-tink-system matchedNodes: [hp-117-tink-system], include this node: hp-117-tink-system"
2026-06-12T15:11:28.385125350Z time="2026-06-12T15:11:28Z" level=info msg="cluster network cnet-150800 has been changed, vid hash: 72d1b5da6eeaf1789df86487da50ad5e9dadb5ffaecb56b6de592aa286c9c1b8"
2026-06-12T15:11:28.479249458Z time="2026-06-12T15:11:28Z" level=info msg="link monitor nic has been changed, spec: {NodeSelector:map[] TargetLinkRule:{TypeRule:device NameRule:}}"
2026-06-12T15:11:28.482601132Z time="2026-06-12T15:11:28Z" level=info msg="cluster network cnet-150800 will add 0 vlans, remove 0 vlans"
2026-06-12T15:11:29.123657383Z time="2026-06-12T15:11:29Z" level=info msg="cluster network cnet-150800 has been changed, vid hash: 72d1b5da6eeaf1789df86487da50ad5e9dadb5ffaecb56b6de592aa286c9c1b8"
2026-06-12T15:11:29.125693236Z time="2026-06-12T15:11:29Z" level=info msg="cluster network cnet-150800 will add 0 vlans, remove 0 vlans"
2026-06-12T15:11:29.923038250Z time="2026-06-12T15:11:29Z" level=info msg="link monitor cnet-150800 has been changed, spec: {NodeSelector:map[] TargetLinkRule:{TypeRule: NameRule:cnet-150800(-br|-bo)}}"
2026-06-12T15:11:29.937618891Z time="2026-06-12T15:11:29Z" level=info msg="link monitor cnet-150800 has been changed, spec: {NodeSelector:map[] TargetLinkRule:{TypeRule: NameRule:cnet-150800(-br|-bo)}}"
2026-06-12T15:11:29.954267132Z time="2026-06-12T15:11:29Z" level=info msg="link monitor cnet-150800 has been changed, spec: {NodeSelector:map[] TargetLinkRule:{TypeRule: NameRule:cnet-150800(-br|-bo)}}"
2026-06-12T15:11:29.962759993Z time="2026-06-12T15:11:29Z" level=info msg="link monitor cnet-150800 has been changed, spec: {NodeSelector:map[] TargetLinkRule:{TypeRule: NameRule:cnet-150800(-br|-bo)}}"
2026-06-12T15:11:29.964393576Z time="2026-06-12T15:11:29Z" level=info msg="link monitor cnet-150800 has been changed, spec: {NodeSelector:map[] TargetLinkRule:{TypeRule: NameRule:cnet-150800(-br|-bo)}}"
2026-06-12T15:11:30.085873346Z time="2026-06-12T15:11:30Z" level=info msg="link monitor cnet-150800 has been changed, spec: {NodeSelector:map[] TargetLinkRule:{TypeRule: NameRule:cnet-150800(-br|-bo)}}"
2026-06-12T15:11:43.312290192Z time="2026-06-12T15:11:43Z" level=info msg="link monitor nic has been changed, spec: {NodeSelector:map[] TargetLinkRule:{TypeRule:device NameRule:}}"
2026-06-12T15:27:33.480395477Z time="2026-06-12T15:27:33Z" level=info msg="cluster network cnet-150800 has been changed, vid hash: e3b0c44298fc1c149afbf4c8996fb92427ae41e4649b934ca495991b7852b855"
2026-06-12T15:27:33.483917040Z time="2026-06-12T15:27:33Z" level=info msg="cluster network cnet-150800 will add 0 vlans, remove 1 vlans"
2026-06-12T15:27:33.489921000Z time="2026-06-12T15:27:33Z" level=info msg="link monitor nic has been changed, spec: {NodeSelector:map[] TargetLinkRule:{TypeRule:device NameRule:}}"
2026-06-12T15:27:36.533148651Z time="2026-06-12T15:27:36Z" level=info msg="vlan config hp-69-tink-system has been removed"
2026-06-12T15:27:36.543766519Z time="2026-06-12T15:27:36Z" level=info msg="cluster network cnet-150800 has been changed, vid hash: e3b0c44298fc1c149afbf4c8996fb92427ae41e4649b934ca495991b7852b855"
2026-06-12T15:27:36.545680372Z time="2026-06-12T15:27:36Z" level=info msg="cluster network cnet-150800 will add 0 vlans, remove 0 vlans"
2026-06-12T15:27:36.556663017Z time="2026-06-12T15:27:36Z" level=info msg="vlan config hp-117-tink-system has been removed"
2026-06-12T15:27:36.556924487Z time="2026-06-12T15:27:36Z" level=info msg="start to tear down VLAN network"
2026-06-12T15:27:36.556940212Z time="2026-06-12T15:27:36Z" level=info msg="cnet-150800-bo set no master"
2026-06-12T15:27:36.563867059Z time="2026-06-12T15:27:36Z" level=info msg="link monitor nic has been changed, spec: {NodeSelector:map[] TargetLinkRule:{TypeRule:device NameRule:}}"
2026-06-12T15:27:36.564126244Z time="2026-06-12T15:27:36Z" level=info msg="link monitor cnet-150800 has been changed, spec: {NodeSelector:map[] TargetLinkRule:{TypeRule: NameRule:cnet-150800(-br|-bo)}}"
2026-06-12T15:27:36.564156908Z time="2026-06-12T15:27:36Z" level=info msg="cluster network cnet-150800 has been changed, vid hash: e3b0c44298fc1c149afbf4c8996fb92427ae41e4649b934ca495991b7852b855"
2026-06-12T15:27:36.582206617Z time="2026-06-12T15:27:36Z" level=info msg="vlan config hp-150-tink-system has been removed"
2026-06-12T15:27:36.678520478Z time="2026-06-12T15:27:36Z" level=info msg="cluster network cnet-150800 is not set on this node, skip"
2026-06-12T15:27:36.678539039Z time="2026-06-12T15:27:36Z" level=info msg="cluster network cnet-150800 has been changed, vid hash: e3b0c44298fc1c149afbf4c8996fb92427ae41e4649b934ca495991b7852b855"
2026-06-12T15:27:36.678647425Z time="2026-06-12T15:27:36Z" level=info msg="cluster network cnet-150800 is not set on this node, skip"
2026-06-12T15:27:36.678699135Z time="2026-06-12T15:27:36Z" level=info msg="Setting NIC eno50 to UP state (current: down)"
2026-06-12T15:27:36.694007244Z time="2026-06-12T15:27:36Z" level=info msg="link monitor cnet-150800 has been changed, spec: {NodeSelector:map[] TargetLinkRule:{TypeRule: NameRule:cnet-150800(-br|-bo)}}"
2026-06-12T15:27:36.935509836Z time="2026-06-12T15:27:36Z" level=info msg="link monitor nic has been changed, spec: {NodeSelector:map[] TargetLinkRule:{TypeRule:device NameRule:}}"
2026-06-12T15:27:36.955915848Z time="2026-06-12T15:27:36Z" level=error msg="error syncing 'cnet-150800': handler harvester-network-link-monitor-controller: synchronize links to link monitor cnet-150800 failed, error: results may be incomplete or inconsistent, requeuing"
2026-06-12T15:27:36.955934550Z time="2026-06-12T15:27:36Z" level=info msg="link monitor cnet-150800 has been changed, spec: {NodeSelector:map[] TargetLinkRule:{TypeRule: NameRule:cnet-150800(-br|-bo)}}"
2026-06-12T15:27:36.980363909Z time="2026-06-12T15:27:36Z" level=info msg="tear down VLAN network successfully"
2026-06-12T15:27:37.178955101Z time="2026-06-12T15:27:37Z" level=info msg="link monitor nic has been changed, spec: {NodeSelector:map[] TargetLinkRule:{TypeRule:device NameRule:}}"
2026-06-12T15:27:37.181811230Z time="2026-06-12T15:27:37Z" level=info msg="link monitor cnet-150800 has been changed, spec: {NodeSelector:map[] TargetLinkRule:{TypeRule: NameRule:cnet-150800(-br|-bo)}}"
2026-06-12T15:27:37.183552744Z time="2026-06-12T15:27:37Z" level=error msg="error syncing 'hp-117-tink-system': handler harvester-network-vlanconfig-controller: update status into vlanstatus cnet-150800-hp-117-tink-system-59577d34 failed, error: failed to delete vlanstatus cnet-150800-hp-117-tink-system-59577d34, error: vlanstatuses.network.harvesterhci.io \"cnet-150800-hp-117-tink-system-59577d34\" not found, teardown error: <nil>, requeuing"
2026-06-12T15:27:37.247354659Z time="2026-06-12T15:27:37Z" level=info msg="link monitor nic has been changed, spec: {NodeSelector:map[] TargetLinkRule:{TypeRule:device NameRule:}}"
2026-06-12T15:27:37.261911108Z time="2026-06-12T15:27:37Z" level=info msg="link monitor cnet-150800 has been changed, spec: {NodeSelector:map[] TargetLinkRule:{TypeRule: NameRule:cnet-150800(-br|-bo)}}"
2026-06-12T15:27:37.288591138Z time="2026-06-12T15:27:37Z" level=info msg="link monitor nic has been changed, spec: {NodeSelector:map[] TargetLinkRule:{TypeRule:device NameRule:}}"
2026-06-12T15:27:37.379852909Z time="2026-06-12T15:27:37Z" level=info msg="link monitor nic has been changed, spec: {NodeSelector:map[] TargetLinkRule:{TypeRule:device NameRule:}}"
2026-06-12T15:27:37.551250870Z time="2026-06-12T15:27:37Z" level=info msg="link monitor nic has been changed, spec: {NodeSelector:map[] TargetLinkRule:{TypeRule:device NameRule:}}"
2026-06-12T15:27:37.572177190Z time="2026-06-12T15:27:37Z" level=info msg="link monitor cnet-150800 has been changed, spec: {NodeSelector:map[] TargetLinkRule:{TypeRule: NameRule:cnet-150800(-br|-bo)}}"
2026-06-12T15:27:37.760122717Z time="2026-06-12T15:27:37Z" level=info msg="link monitor cnet-150800 has been changed, spec: {NodeSelector:map[] TargetLinkRule:{TypeRule: NameRule:cnet-150800(-br|-bo)}}"
2026-06-12T15:27:37.783090688Z time="2026-06-12T15:27:37Z" level=info msg="link monitor nic has been changed, spec: {NodeSelector:map[] TargetLinkRule:{TypeRule:device NameRule:}}"
2026-06-12T15:27:56.727137412Z time="2026-06-12T15:27:56Z" level=info msg="link monitor cnet-150800 has been removed"
2026-06-12T20:42:54.080717208Z time="2026-06-12T20:42:54Z" level=info msg="link monitor nic has been changed, spec: {NodeSelector:map[] TargetLinkRule:{TypeRule:device NameRule:}}"
2026-06-12T20:42:54.080744319Z time="2026-06-12T20:42:54Z" level=info msg="cluster network mgmt has been changed, vid hash: e3b0c44298fc1c149afbf4c8996fb92427ae41e4649b934ca495991b7852b855"
2026-06-12T20:42:54.082902338Z time="2026-06-12T20:42:54Z" level=info msg="link monitor mgmt has been changed, spec: {NodeSelector:map[] TargetLinkRule:{TypeRule: NameRule:mgmt(-br|-bo)}}"
2026-06-12T20:42:54.083584073Z time="2026-06-12T20:42:54Z" level=info msg="cluster network mgmt will add 0 vlans, remove 0 vlans"
