2026-06-12T10:47:38.686743901Z time="2026-06-12T10:47:38Z" level=info msg="Starting harvester-network-controller version v1.8.1-rc1"
2026-06-12T10:47:38.686816664Z time="2026-06-12T10:47:38Z" level=info msg="Set log level to info"
2026-06-12T10:47:38.686856533Z time="2026-06-12T10:47:38Z" level=info msg="namespace harvester-system threadiness 2 nodeName hp-69-tink-system helper-image rancher/harvester-network-helper:master-head"
2026-06-12T10:47:38.778919096Z W0612 10:47:38.778793       1 client_config.go:667] Neither --kubeconfig nor --master was specified.  Using the inClusterConfig.  This might not work.
2026-06-12T10:47:49.081890810Z time="2026-06-12T10:47:49Z" level=info msg="Do not update the existing CRD NetworkAttachmentDefinition"
2026-06-12T10:47:54.083633643Z time="2026-06-12T10:47:54Z" level=info msg="Start link monitor"
2026-06-12T10:47:54.585554352Z time="2026-06-12T10:47:54Z" level=info msg="Starting network.harvesterhci.io/v1beta1, Kind=VlanStatus controller"
2026-06-12T10:47:54.585585345Z time="2026-06-12T10:47:54Z" level=info msg="Starting network.harvesterhci.io/v1beta1, Kind=ClusterNetwork controller"
2026-06-12T10:47:54.585604181Z time="2026-06-12T10:47:54Z" level=info msg="cluster network mgmt has been changed, vid hash: "
2026-06-12T10:47:54.600808752Z time="2026-06-12T10:47:54Z" level=info msg="Starting /v1, Kind=Node controller"
2026-06-12T10:47:54.600842958Z time="2026-06-12T10:47:54Z" level=info msg="Starting k8s.cni.cncf.io/v1, Kind=NetworkAttachmentDefinition controller"
2026-06-12T10:47:54.600862415Z time="2026-06-12T10:47:54Z" level=info msg="Starting network.harvesterhci.io/v1beta1, Kind=HostNetworkConfig controller"
2026-06-12T10:47:54.643706336Z time="2026-06-12T10:47:54Z" level=info msg="Starting network.harvesterhci.io/v1beta1, Kind=LinkMonitor controller"
2026-06-12T10:47:54.643752935Z time="2026-06-12T10:47:54Z" level=info msg="link monitor mgmt has been changed, spec: {NodeSelector:map[] TargetLinkRule:{TypeRule: NameRule:mgmt(-br|-bo)}}"
2026-06-12T10:47:54.645908738Z time="2026-06-12T10:47:54Z" level=info msg="Starting network.harvesterhci.io/v1beta1, Kind=VlanConfig controller"
2026-06-12T10:47:54.645944099Z time="2026-06-12T10:47:54Z" level=info msg="link monitor nic has been changed, spec: {NodeSelector:map[] TargetLinkRule:{TypeRule:device NameRule:}}"
2026-06-12T10:47:54.744979999Z time="2026-06-12T10:47:54Z" level=info msg="link monitor mgmt has been changed, spec: {NodeSelector:map[] TargetLinkRule:{TypeRule: NameRule:mgmt(-br|-bo)}}"
2026-06-12T10:47:54.745876895Z time="2026-06-12T10:47:54Z" level=info msg="link monitor nic has been changed, spec: {NodeSelector:map[] TargetLinkRule:{TypeRule:device NameRule:}}"
2026-06-12T10:47:54.779344804Z time="2026-06-12T10:47:54Z" level=info msg="cluster network mgmt will add 0 vlans, remove 0 vlans"
2026-06-12T11:08:07.979926098Z time="2026-06-12T11:08:07Z" level=info msg="cluster network mgmt has been changed, vid hash: b090147020e033534635010c4f7eb6fc270d44e5df67ea9e744a8087df9ca106"
2026-06-12T11:08:07.981532246Z time="2026-06-12T11:08:07Z" level=info msg="cluster network mgmt will add 0 vlans, remove 0 vlans"
2026-06-12T11:21:24.532628038Z time="2026-06-12T11:21:24Z" level=info msg="cluster network cnet-111938 has been changed, vid hash: "
2026-06-12T11:21:24.532801346Z time="2026-06-12T11:21:24Z" level=info msg="cluster network cnet-111938 is not set on this node, skip"
2026-06-12T11:21:24.552104970Z time="2026-06-12T11:21:24Z" level=info msg="cluster network cnet-111938 has been changed, vid hash: "
2026-06-12T11:21:24.552201050Z time="2026-06-12T11:21:24Z" level=info msg="cluster network cnet-111938 is not set on this node, skip"
2026-06-12T11:21:24.557153641Z time="2026-06-12T11:21:24Z" level=info msg="vlan config hp-69-tink-system has been changed, spec: {Description: ClusterNetwork:cnet-111938 NodeSelector:map[kubernetes.io/hostname:hp-69-tink-system] Uplink:{NICs:[eno50] LinkAttrs:0x3419cef50b0 BondOptions:0x341a2961500}}"
2026-06-12T11:21:24.557213930Z time="2026-06-12T11:21:24Z" level=info msg="vc hp-69-tink-system matchedNodes: [hp-69-tink-system], include this node: hp-69-tink-system"
2026-06-12T11:21:24.571643729Z time="2026-06-12T11:21:24Z" level=info msg="cluster network cnet-111938 has been changed, vid hash: "
2026-06-12T11:21:24.571759081Z time="2026-06-12T11:21:24Z" level=info msg="cluster network cnet-111938 is not set on this node, skip"
2026-06-12T11:21:24.598970986Z time="2026-06-12T11:21:24Z" level=info msg="vlan config hp-117-tink-system has been changed, spec: {Description: ClusterNetwork:cnet-111938 NodeSelector:map[kubernetes.io/hostname:hp-117-tink-system] Uplink:{NICs:[eno50] LinkAttrs:0x3419cef5680 BondOptions:0x341a2961710}}"
2026-06-12T11:21:24.636226329Z time="2026-06-12T11:21:24Z" level=info msg="vlan config hp-117-tink-system has been changed, spec: {Description: ClusterNetwork:cnet-111938 NodeSelector:map[kubernetes.io/hostname:hp-117-tink-system] Uplink:{NICs:[eno50] LinkAttrs:0x3419cc93440 BondOptions:0x341a2961ab8}}"
2026-06-12T11:21:24.641668640Z time="2026-06-12T11:21:24Z" level=info msg="vlan config hp-117-tink-system has been changed, spec: {Description: ClusterNetwork:cnet-111938 NodeSelector:map[kubernetes.io/hostname:hp-117-tink-system] Uplink:{NICs:[eno50] LinkAttrs:0x3419cc93440 BondOptions:0x341a2961ab8}}"
2026-06-12T11:21:24.657437993Z time="2026-06-12T11:21:24Z" level=info msg="vlan config hp-150-tink-system has been changed, spec: {Description: ClusterNetwork:cnet-111938 NodeSelector:map[kubernetes.io/hostname:hp-150-tink-system] Uplink:{NICs:[eno50] LinkAttrs:0x341a1ca6c00 BondOptions:0x341a2eeb770}}"
2026-06-12T11:21:24.684197408Z time="2026-06-12T11:21:24Z" level=info msg="vlan config hp-117-tink-system has been changed, spec: {Description: ClusterNetwork:cnet-111938 NodeSelector:map[kubernetes.io/hostname:hp-117-tink-system] Uplink:{NICs:[eno50] LinkAttrs:0x3419ce26b40 BondOptions:0x341a2961c20}}"
2026-06-12T11:21:24.684222250Z time="2026-06-12T11:21:24Z" level=info msg="vlan config hp-150-tink-system has been changed, spec: {Description: ClusterNetwork:cnet-111938 NodeSelector:map[kubernetes.io/hostname:hp-150-tink-system] Uplink:{NICs:[eno50] LinkAttrs:0x341a1ca7380 BondOptions:0x341a2eebc68}}"
2026-06-12T11:21:24.700539368Z time="2026-06-12T11:21:24Z" level=info msg="vlan config hp-150-tink-system has been changed, spec: {Description: ClusterNetwork:cnet-111938 NodeSelector:map[kubernetes.io/hostname:hp-150-tink-system] Uplink:{NICs:[eno50] LinkAttrs:0x341a1ca7380 BondOptions:0x341a2eebc68}}"
2026-06-12T11:21:24.779130672Z time="2026-06-12T11:21:24Z" level=info msg="vlan config hp-150-tink-system has been changed, spec: {Description: ClusterNetwork:cnet-111938 NodeSelector:map[kubernetes.io/hostname:hp-150-tink-system] Uplink:{NICs:[eno50] LinkAttrs:0x3419ce26f00 BondOptions:0x341a2961d70}}"
2026-06-12T11:21:24.784466842Z time="2026-06-12T11:21:24Z" level=info msg="vlan config hp-150-tink-system has been changed, spec: {Description: ClusterNetwork:cnet-111938 NodeSelector:map[kubernetes.io/hostname:hp-150-tink-system] Uplink:{NICs:[eno50] LinkAttrs:0x3419ce26f00 BondOptions:0x341a2961d70}}"
2026-06-12T11:21:24.849550672Z time="2026-06-12T11:21:24Z" level=info msg="link monitor nic has been changed, spec: {NodeSelector:map[] TargetLinkRule:{TypeRule:device NameRule:}}"
2026-06-12T11:21:24.960512028Z time="2026-06-12T11:21:24Z" level=info msg="cluster network cnet-111938 has been changed, vid hash: 72d1b5da6eeaf1789df86487da50ad5e9dadb5ffaecb56b6de592aa286c9c1b8"
2026-06-12T11:21:25.365138136Z time="2026-06-12T11:21:25Z" level=info msg="cluster network cnet-111938 is not set on this node, skip"
2026-06-12T11:21:25.390187290Z time="2026-06-12T11:21:25Z" level=error msg="error syncing 'nic': handler harvester-network-link-monitor-controller: synchronize links to link monitor nic failed, error: results may be incomplete or inconsistent, requeuing"
2026-06-12T11:21:25.390231240Z time="2026-06-12T11:21:25Z" level=info msg="link monitor nic has been changed, spec: {NodeSelector:map[] TargetLinkRule:{TypeRule:device NameRule:}}"
2026-06-12T11:21:25.643897835Z time="2026-06-12T11:21:25Z" level=info msg="link monitor nic has been changed, spec: {NodeSelector:map[] TargetLinkRule:{TypeRule:device NameRule:}}"
2026-06-12T11:21:25.645610074Z time="2026-06-12T11:21:25Z" level=info msg="vlan config hp-69-tink-system has been changed, spec: {Description: ClusterNetwork:cnet-111938 NodeSelector:map[kubernetes.io/hostname:hp-69-tink-system] Uplink:{NICs:[eno50] LinkAttrs:0x341a1ca6390 BondOptions:0x341a2eeb680}}"
2026-06-12T11:21:25.645631018Z time="2026-06-12T11:21:25Z" level=info msg="vc hp-69-tink-system matchedNodes: [hp-69-tink-system], include this node: hp-69-tink-system"
2026-06-12T11:21:25.778997116Z time="2026-06-12T11:21:25Z" level=info msg="link monitor nic has been changed, spec: {NodeSelector:map[] TargetLinkRule:{TypeRule:device NameRule:}}"
2026-06-12T11:21:25.848208968Z time="2026-06-12T11:21:25Z" level=info msg="link monitor nic has been changed, spec: {NodeSelector:map[] TargetLinkRule:{TypeRule:device NameRule:}}"
2026-06-12T11:21:25.944348258Z time="2026-06-12T11:21:25Z" level=info msg="link monitor nic has been changed, spec: {NodeSelector:map[] TargetLinkRule:{TypeRule:device NameRule:}}"
2026-06-12T11:21:26.044223681Z time="2026-06-12T11:21:26Z" level=info msg="vlan config hp-69-tink-system has been changed, spec: {Description: ClusterNetwork:cnet-111938 NodeSelector:map[kubernetes.io/hostname:hp-69-tink-system] Uplink:{NICs:[eno50] LinkAttrs:0x341a1ca6390 BondOptions:0x341a2eeb680}}"
2026-06-12T11:21:26.044244778Z time="2026-06-12T11:21:26Z" level=info msg="vc hp-69-tink-system matchedNodes: [hp-69-tink-system], include this node: hp-69-tink-system"
2026-06-12T11:21:26.079772758Z time="2026-06-12T11:21:26Z" level=info msg="cluster network cnet-111938 has been changed, vid hash: 72d1b5da6eeaf1789df86487da50ad5e9dadb5ffaecb56b6de592aa286c9c1b8"
2026-06-12T11:21:26.281224083Z time="2026-06-12T11:21:26Z" level=info msg="cluster network cnet-111938 will add 1 vlans, remove 0 vlans"
2026-06-12T11:21:26.359749680Z time="2026-06-12T11:21:26Z" level=info msg="link monitor nic has been changed, spec: {NodeSelector:map[] TargetLinkRule:{TypeRule:device NameRule:}}"
2026-06-12T11:21:26.379307011Z time="2026-06-12T11:21:26Z" level=info msg="cluster network cnet-111938 has been changed, vid hash: 72d1b5da6eeaf1789df86487da50ad5e9dadb5ffaecb56b6de592aa286c9c1b8"
2026-06-12T11:21:26.380516112Z time="2026-06-12T11:21:26Z" level=info msg="cluster network cnet-111938 will add 0 vlans, remove 0 vlans"
2026-06-12T11:21:26.410582876Z time="2026-06-12T11:21:26Z" level=info msg="vlan config hp-69-tink-system has been changed, spec: {Description: ClusterNetwork:cnet-111938 NodeSelector:map[kubernetes.io/hostname:hp-69-tink-system] Uplink:{NICs:[eno50] LinkAttrs:0x341a1ca6390 BondOptions:0x341a2eeb680}}"
2026-06-12T11:21:26.410609263Z time="2026-06-12T11:21:26Z" level=info msg="vc hp-69-tink-system matchedNodes: [hp-69-tink-system], include this node: hp-69-tink-system"
2026-06-12T11:21:26.484517415Z time="2026-06-12T11:21:26Z" level=info msg="cluster network cnet-111938 has been changed, vid hash: 72d1b5da6eeaf1789df86487da50ad5e9dadb5ffaecb56b6de592aa286c9c1b8"
2026-06-12T11:21:26.485870688Z time="2026-06-12T11:21:26Z" level=info msg="cluster network cnet-111938 will add 0 vlans, remove 0 vlans"
2026-06-12T11:21:27.147367528Z time="2026-06-12T11:21:27Z" level=info msg="link monitor cnet-111938 has been changed, spec: {NodeSelector:map[] TargetLinkRule:{TypeRule: NameRule:cnet-111938(-br|-bo)}}"
2026-06-12T11:21:27.163911750Z time="2026-06-12T11:21:27Z" level=info msg="link monitor cnet-111938 has been changed, spec: {NodeSelector:map[] TargetLinkRule:{TypeRule: NameRule:cnet-111938(-br|-bo)}}"
2026-06-12T11:21:27.180776127Z time="2026-06-12T11:21:27Z" level=info msg="link monitor cnet-111938 has been changed, spec: {NodeSelector:map[] TargetLinkRule:{TypeRule: NameRule:cnet-111938(-br|-bo)}}"
2026-06-12T11:21:27.188355149Z time="2026-06-12T11:21:27Z" level=info msg="link monitor cnet-111938 has been changed, spec: {NodeSelector:map[] TargetLinkRule:{TypeRule: NameRule:cnet-111938(-br|-bo)}}"
2026-06-12T11:21:27.244154650Z time="2026-06-12T11:21:27Z" level=info msg="link monitor cnet-111938 has been changed, spec: {NodeSelector:map[] TargetLinkRule:{TypeRule: NameRule:cnet-111938(-br|-bo)}}"
2026-06-12T11:21:32.425941125Z time="2026-06-12T11:21:32Z" level=info msg="cluster network cnet-111938 has been changed, vid hash: e3b0c44298fc1c149afbf4c8996fb92427ae41e4649b934ca495991b7852b855"
2026-06-12T11:21:32.427663506Z time="2026-06-12T11:21:32Z" level=info msg="cluster network cnet-111938 will add 0 vlans, remove 1 vlans"
2026-06-12T11:21:32.433775249Z time="2026-06-12T11:21:32Z" level=info msg="link monitor nic has been changed, spec: {NodeSelector:map[] TargetLinkRule:{TypeRule:device NameRule:}}"
2026-06-12T11:21:33.973034047Z time="2026-06-12T11:21:33Z" level=info msg="cluster network cnet-111938 has been changed, vid hash: 72d1b5da6eeaf1789df86487da50ad5e9dadb5ffaecb56b6de592aa286c9c1b8"
2026-06-12T11:21:33.975550819Z time="2026-06-12T11:21:33Z" level=info msg="cluster network cnet-111938 will add 1 vlans, remove 0 vlans"
2026-06-12T11:21:34.044269770Z time="2026-06-12T11:21:34Z" level=info msg="link monitor nic has been changed, spec: {NodeSelector:map[] TargetLinkRule:{TypeRule:device NameRule:}}"
2026-06-12T11:21:38.087381591Z time="2026-06-12T11:21:38Z" level=info msg="link monitor nic has been changed, spec: {NodeSelector:map[] TargetLinkRule:{TypeRule:device NameRule:}}"
2026-06-12T11:21:38.087430574Z time="2026-06-12T11:21:38Z" level=info msg="link monitor cnet-111938 has been changed, spec: {NodeSelector:map[] TargetLinkRule:{TypeRule: NameRule:cnet-111938(-br|-bo)}}"
2026-06-12T11:21:38.184210696Z time="2026-06-12T11:21:38Z" level=info msg="link monitor nic has been changed, spec: {NodeSelector:map[] TargetLinkRule:{TypeRule:device NameRule:}}"
2026-06-12T11:21:40.819354995Z time="2026-06-12T11:21:40Z" level=info msg="link monitor cnet-111938 has been changed, spec: {NodeSelector:map[] TargetLinkRule:{TypeRule: NameRule:cnet-111938(-br|-bo)}}"
2026-06-12T11:21:40.854083302Z time="2026-06-12T11:21:40Z" level=info msg="cluster network cnet-111938 has been changed, vid hash: e3b0c44298fc1c149afbf4c8996fb92427ae41e4649b934ca495991b7852b855"
2026-06-12T11:21:40.855880962Z time="2026-06-12T11:21:40Z" level=info msg="cluster network cnet-111938 will add 0 vlans, remove 1 vlans"
2026-06-12T11:21:40.861548348Z time="2026-06-12T11:21:40Z" level=info msg="link monitor nic has been changed, spec: {NodeSelector:map[] TargetLinkRule:{TypeRule:device NameRule:}}"
2026-06-12T11:21:41.776110511Z time="2026-06-12T11:21:41Z" level=info msg="link monitor nic has been changed, spec: {NodeSelector:map[] TargetLinkRule:{TypeRule:device NameRule:}}"
2026-06-12T11:21:41.777935883Z time="2026-06-12T11:21:41Z" level=info msg="link monitor cnet-111938 has been changed, spec: {NodeSelector:map[] TargetLinkRule:{TypeRule: NameRule:cnet-111938(-br|-bo)}}"
2026-06-12T11:21:48.081172366Z time="2026-06-12T11:21:48Z" level=info msg="vlan config hp-69-tink-system has been removed"
2026-06-12T11:21:48.081739734Z time="2026-06-12T11:21:48Z" level=info msg="start to tear down VLAN network"
2026-06-12T11:21:48.081772589Z time="2026-06-12T11:21:48Z" level=info msg="cnet-111938-bo set no master"
2026-06-12T11:21:48.088510725Z time="2026-06-12T11:21:48Z" level=info msg="link monitor nic has been changed, spec: {NodeSelector:map[] TargetLinkRule:{TypeRule:device NameRule:}}"
2026-06-12T11:21:48.088608943Z time="2026-06-12T11:21:48Z" level=info msg="link monitor cnet-111938 has been changed, spec: {NodeSelector:map[] TargetLinkRule:{TypeRule: NameRule:cnet-111938(-br|-bo)}}"
2026-06-12T11:21:48.095581237Z time="2026-06-12T11:21:48Z" level=info msg="cluster network cnet-111938 has been changed, vid hash: e3b0c44298fc1c149afbf4c8996fb92427ae41e4649b934ca495991b7852b855"
2026-06-12T11:21:48.180218586Z time="2026-06-12T11:21:48Z" level=info msg="vlan config hp-150-tink-system has been removed"
2026-06-12T11:21:48.290093542Z time="2026-06-12T11:21:48Z" level=info msg="Setting NIC eno50 to UP state (current: down)"
2026-06-12T11:21:48.659546976Z time="2026-06-12T11:21:48Z" level=info msg="link monitor nic has been changed, spec: {NodeSelector:map[] TargetLinkRule:{TypeRule:device NameRule:}}"
2026-06-12T11:21:48.672126624Z time="2026-06-12T11:21:48Z" level=info msg="cluster network cnet-111938 is not set on this node, skip"
2026-06-12T11:21:48.672147571Z time="2026-06-12T11:21:48Z" level=info msg="cluster network cnet-111938 has been changed, vid hash: e3b0c44298fc1c149afbf4c8996fb92427ae41e4649b934ca495991b7852b855"
2026-06-12T11:21:48.672524732Z time="2026-06-12T11:21:48Z" level=info msg="cluster network cnet-111938 is not set on this node, skip"
2026-06-12T11:21:48.673301042Z time="2026-06-12T11:21:48Z" level=error msg="error syncing 'cnet-111938': handler harvester-network-link-monitor-controller: synchronize links to link monitor cnet-111938 failed, error: results may be incomplete or inconsistent, requeuing"
2026-06-12T11:21:48.673316680Z time="2026-06-12T11:21:48Z" level=info msg="link monitor cnet-111938 has been changed, spec: {NodeSelector:map[] TargetLinkRule:{TypeRule: NameRule:cnet-111938(-br|-bo)}}"
2026-06-12T11:21:48.745127219Z time="2026-06-12T11:21:48Z" level=info msg="tear down VLAN network successfully"
2026-06-12T11:21:49.079132057Z time="2026-06-12T11:21:49Z" level=info msg="link monitor nic has been changed, spec: {NodeSelector:map[] TargetLinkRule:{TypeRule:device NameRule:}}"
2026-06-12T11:21:49.143572755Z time="2026-06-12T11:21:49Z" level=info msg="link monitor cnet-111938 has been changed, spec: {NodeSelector:map[] TargetLinkRule:{TypeRule: NameRule:cnet-111938(-br|-bo)}}"
2026-06-12T11:21:49.144154063Z time="2026-06-12T11:21:49Z" level=info msg="cluster network cnet-111938 has been changed, vid hash: e3b0c44298fc1c149afbf4c8996fb92427ae41e4649b934ca495991b7852b855"
2026-06-12T11:21:49.144301104Z time="2026-06-12T11:21:49Z" level=info msg="cluster network cnet-111938 is not set on this node, skip"
2026-06-12T11:21:49.243685354Z time="2026-06-12T11:21:49Z" level=info msg="link monitor nic has been changed, spec: {NodeSelector:map[] TargetLinkRule:{TypeRule:device NameRule:}}"
2026-06-12T11:21:49.245392515Z time="2026-06-12T11:21:49Z" level=info msg="link monitor cnet-111938 has been changed, spec: {NodeSelector:map[] TargetLinkRule:{TypeRule: NameRule:cnet-111938(-br|-bo)}}"
2026-06-12T11:21:49.279567956Z time="2026-06-12T11:21:49Z" level=error msg="error syncing 'hp-69-tink-system': handler harvester-network-vlanconfig-controller: update status into vlanstatus cnet-111938-hp-69-tink-system-8d50df77 failed, error: failed to delete vlanstatus cnet-111938-hp-69-tink-system-8d50df77, error: vlanstatuses.network.harvesterhci.io \"cnet-111938-hp-69-tink-system-8d50df77\" not found, teardown error: <nil>, requeuing"
2026-06-12T11:21:49.343512020Z time="2026-06-12T11:21:49Z" level=info msg="link monitor cnet-111938 has been changed, spec: {NodeSelector:map[] TargetLinkRule:{TypeRule: NameRule:cnet-111938(-br|-bo)}}"
2026-06-12T11:21:49.345202932Z time="2026-06-12T11:21:49Z" level=info msg="link monitor nic has been changed, spec: {NodeSelector:map[] TargetLinkRule:{TypeRule:device NameRule:}}"
2026-06-12T11:21:50.324410402Z time="2026-06-12T11:21:50Z" level=info msg="link monitor nic has been changed, spec: {NodeSelector:map[] TargetLinkRule:{TypeRule:device NameRule:}}"
2026-06-12T11:22:08.273441468Z time="2026-06-12T11:22:08Z" level=info msg="link monitor cnet-111938 has been removed"
2026-06-12T11:26:13.769340582Z time="2026-06-12T11:26:13Z" level=info msg="cluster network cnet-eno50 has been changed, vid hash: "
2026-06-12T11:26:13.769525637Z time="2026-06-12T11:26:13Z" level=info msg="cluster network cnet-eno50 is not set on this node, skip"
2026-06-12T11:26:13.783419669Z time="2026-06-12T11:26:13Z" level=info msg="cluster network cnet-eno50 has been changed, vid hash: "
2026-06-12T11:26:13.783524860Z time="2026-06-12T11:26:13Z" level=info msg="cluster network cnet-eno50 is not set on this node, skip"
2026-06-12T11:26:13.806341102Z time="2026-06-12T11:26:13Z" level=info msg="vlan config cnet-eno50 has been changed, spec: {Description: ClusterNetwork:cnet-eno50 NodeSelector:map[] Uplink:{NICs:[eno50] LinkAttrs:0x3419d4163f0 BondOptions:0x341a2eea720}}"
2026-06-12T11:26:13.806363694Z time="2026-06-12T11:26:13Z" level=info msg="vc cnet-eno50 matchedNodes: [hp-117-tink-system hp-150-tink-system hp-69-tink-system], include this node: hp-69-tink-system"
2026-06-12T11:26:13.813222930Z time="2026-06-12T11:26:13Z" level=info msg="cluster network cnet-eno50 has been changed, vid hash: "
2026-06-12T11:26:13.880062666Z time="2026-06-12T11:26:13Z" level=info msg="cluster network cnet-eno50 is not set on this node, skip"
2026-06-12T11:26:13.880110734Z time="2026-06-12T11:26:13Z" level=info msg="cluster network cnet-eno50 has been changed, vid hash: 72d1b5da6eeaf1789df86487da50ad5e9dadb5ffaecb56b6de592aa286c9c1b8"
2026-06-12T11:26:13.885621734Z time="2026-06-12T11:26:13Z" level=info msg="link monitor nic has been changed, spec: {NodeSelector:map[] TargetLinkRule:{TypeRule:device NameRule:}}"
2026-06-12T11:26:14.313128251Z time="2026-06-12T11:26:14Z" level=info msg="cluster network cnet-eno50 is not set on this node, skip"
2026-06-12T11:26:14.379067437Z time="2026-06-12T11:26:14Z" level=info msg="link monitor nic has been changed, spec: {NodeSelector:map[] TargetLinkRule:{TypeRule:device NameRule:}}"
2026-06-12T11:26:14.386426551Z time="2026-06-12T11:26:14Z" level=info msg="cluster network cnet-eno50 has been changed, vid hash: 72d1b5da6eeaf1789df86487da50ad5e9dadb5ffaecb56b6de592aa286c9c1b8"
2026-06-12T11:26:14.480106004Z time="2026-06-12T11:26:14Z" level=error msg="error syncing 'cnet-eno50': handler harvester-network-cn-controller: can't run diff on an empty vidset, requeuing"
2026-06-12T11:26:14.543413241Z time="2026-06-12T11:26:14Z" level=info msg="cluster network cnet-eno50 has been changed, vid hash: 72d1b5da6eeaf1789df86487da50ad5e9dadb5ffaecb56b6de592aa286c9c1b8"
2026-06-12T11:26:14.579900317Z time="2026-06-12T11:26:14Z" level=info msg="link monitor nic has been changed, spec: {NodeSelector:map[] TargetLinkRule:{TypeRule:device NameRule:}}"
2026-06-12T11:26:14.579927949Z time="2026-06-12T11:26:14Z" level=error msg="error syncing 'cnet-eno50': handler harvester-network-cn-controller: can't run diff on an empty vidset, requeuing"
2026-06-12T11:26:14.580981548Z time="2026-06-12T11:26:14Z" level=info msg="link monitor nic has been changed, spec: {NodeSelector:map[] TargetLinkRule:{TypeRule:device NameRule:}}"
2026-06-12T11:26:14.680155104Z time="2026-06-12T11:26:14Z" level=info msg="cluster network cnet-eno50 has been changed, vid hash: 72d1b5da6eeaf1789df86487da50ad5e9dadb5ffaecb56b6de592aa286c9c1b8"
2026-06-12T11:26:14.780657735Z time="2026-06-12T11:26:14Z" level=info msg="link monitor cnet-eno50 has been changed, spec: {NodeSelector:map[] TargetLinkRule:{TypeRule: NameRule:cnet-eno50(-br|-bo)}}"
2026-06-12T11:26:14.878923729Z time="2026-06-12T11:26:14Z" level=info msg="link monitor nic has been changed, spec: {NodeSelector:map[] TargetLinkRule:{TypeRule:device NameRule:}}"
2026-06-12T11:26:14.880779002Z time="2026-06-12T11:26:14Z" level=error msg="error syncing 'cnet-eno50': handler harvester-network-cn-controller: can't run diff on an empty vidset, requeuing"
2026-06-12T11:26:14.880922663Z time="2026-06-12T11:26:14Z" level=info msg="vlan config cnet-eno50 has been changed, spec: {Description: ClusterNetwork:cnet-eno50 NodeSelector:map[] Uplink:{NICs:[eno50] LinkAttrs:0x341a1da13e0 BondOptions:0x341a2eeb0f8}}"
2026-06-12T11:26:14.880939923Z time="2026-06-12T11:26:14Z" level=info msg="vc cnet-eno50 matchedNodes: [hp-117-tink-system hp-150-tink-system hp-69-tink-system], include this node: hp-69-tink-system"
2026-06-12T11:26:14.980449504Z time="2026-06-12T11:26:14Z" level=info msg="link monitor nic has been changed, spec: {NodeSelector:map[] TargetLinkRule:{TypeRule:device NameRule:}}"
2026-06-12T11:26:15.078930892Z time="2026-06-12T11:26:14Z" level=info msg="cluster network cnet-eno50 has been changed, vid hash: 72d1b5da6eeaf1789df86487da50ad5e9dadb5ffaecb56b6de592aa286c9c1b8"
2026-06-12T11:26:15.100014141Z time="2026-06-12T11:26:15Z" level=info msg="link monitor cnet-eno50 has been changed, spec: {NodeSelector:map[] TargetLinkRule:{TypeRule: NameRule:cnet-eno50(-br|-bo)}}"
2026-06-12T11:26:15.280015662Z time="2026-06-12T11:26:15Z" level=info msg="cluster network cnet-eno50 will add 1 vlans, remove 0 vlans"
2026-06-12T11:26:15.285026249Z time="2026-06-12T11:26:15Z" level=info msg="link monitor nic has been changed, spec: {NodeSelector:map[] TargetLinkRule:{TypeRule:device NameRule:}}"
2026-06-12T11:26:15.381011057Z time="2026-06-12T11:26:15Z" level=info msg="link monitor cnet-eno50 has been changed, spec: {NodeSelector:map[] TargetLinkRule:{TypeRule: NameRule:cnet-eno50(-br|-bo)}}"
2026-06-12T11:26:15.381846382Z time="2026-06-12T11:26:15Z" level=info msg="link monitor nic has been changed, spec: {NodeSelector:map[] TargetLinkRule:{TypeRule:device NameRule:}}"
2026-06-12T11:26:15.681406533Z time="2026-06-12T11:26:15Z" level=info msg="vlan config cnet-eno50 has been changed, spec: {Description: ClusterNetwork:cnet-eno50 NodeSelector:map[] Uplink:{NICs:[eno50] LinkAttrs:0x341a1da13e0 BondOptions:0x341a2eeb0f8}}"
2026-06-12T11:26:15.681444724Z time="2026-06-12T11:26:15Z" level=info msg="vc cnet-eno50 matchedNodes: [hp-117-tink-system hp-150-tink-system hp-69-tink-system], include this node: hp-69-tink-system"
2026-06-12T11:26:15.778975404Z time="2026-06-12T11:26:15Z" level=info msg="cluster network cnet-eno50 has been changed, vid hash: 72d1b5da6eeaf1789df86487da50ad5e9dadb5ffaecb56b6de592aa286c9c1b8"
2026-06-12T11:26:15.779396362Z time="2026-06-12T11:26:15Z" level=info msg="link monitor cnet-eno50 has been changed, spec: {NodeSelector:map[] TargetLinkRule:{TypeRule: NameRule:cnet-eno50(-br|-bo)}}"
2026-06-12T11:26:15.780771359Z time="2026-06-12T11:26:15Z" level=info msg="cluster network cnet-eno50 will add 0 vlans, remove 0 vlans"
2026-06-12T11:26:16.011189633Z time="2026-06-12T11:26:16Z" level=info msg="vlan config cnet-eno50 has been changed, spec: {Description: ClusterNetwork:cnet-eno50 NodeSelector:map[] Uplink:{NICs:[eno50] LinkAttrs:0x341a1da13e0 BondOptions:0x341a2eeb0f8}}"
2026-06-12T11:26:16.011221496Z time="2026-06-12T11:26:16Z" level=info msg="vc cnet-eno50 matchedNodes: [hp-117-tink-system hp-150-tink-system hp-69-tink-system], include this node: hp-69-tink-system"
2026-06-12T11:26:16.178994467Z time="2026-06-12T11:26:16Z" level=info msg="cluster network cnet-eno50 has been changed, vid hash: 72d1b5da6eeaf1789df86487da50ad5e9dadb5ffaecb56b6de592aa286c9c1b8"
2026-06-12T11:26:16.180624098Z time="2026-06-12T11:26:16Z" level=info msg="cluster network cnet-eno50 will add 0 vlans, remove 0 vlans"
2026-06-12T11:26:20.503711461Z time="2026-06-12T11:26:20Z" level=info msg="link monitor cnet-eno50 has been changed, spec: {NodeSelector:map[] TargetLinkRule:{TypeRule: NameRule:cnet-eno50(-br|-bo)}}"
2026-06-12T11:26:20.966571818Z time="2026-06-12T11:26:20Z" level=info msg="link monitor cnet-eno50 has been changed, spec: {NodeSelector:map[] TargetLinkRule:{TypeRule: NameRule:cnet-eno50(-br|-bo)}}"
2026-06-12T11:26:20.966620263Z time="2026-06-12T11:26:20Z" level=info msg="link monitor nic has been changed, spec: {NodeSelector:map[] TargetLinkRule:{TypeRule:device NameRule:}}"
2026-06-12T11:26:21.051736513Z time="2026-06-12T11:26:21Z" level=info msg="link monitor nic has been changed, spec: {NodeSelector:map[] TargetLinkRule:{TypeRule:device NameRule:}}"
2026-06-12T11:26:30.612342097Z time="2026-06-12T11:26:30Z" level=info msg="link monitor nic has been changed, spec: {NodeSelector:map[] TargetLinkRule:{TypeRule:device NameRule:}}"
2026-06-12T11:26:36.243361870Z time="2026-06-12T11:26:36Z" level=info msg="link monitor nic has been changed, spec: {NodeSelector:map[] TargetLinkRule:{TypeRule:device NameRule:}}"
2026-06-12T11:26:42.416306002Z time="2026-06-12T11:26:42Z" level=info msg="link monitor nic has been changed, spec: {NodeSelector:map[] TargetLinkRule:{TypeRule:device NameRule:}}"
2026-06-12T11:26:42.523300395Z time="2026-06-12T11:26:42Z" level=info msg="link monitor nic has been changed, spec: {NodeSelector:map[] TargetLinkRule:{TypeRule:device NameRule:}}"
2026-06-12T11:26:57.747440892Z time="2026-06-12T11:26:57Z" level=info msg="link monitor nic has been changed, spec: {NodeSelector:map[] TargetLinkRule:{TypeRule:device NameRule:}}"
2026-06-12T11:26:59.163907728Z time="2026-06-12T11:26:59Z" level=info msg="link monitor nic has been changed, spec: {NodeSelector:map[] TargetLinkRule:{TypeRule:device NameRule:}}"
2026-06-12T11:26:59.979527822Z time="2026-06-12T11:26:59Z" level=info msg="link monitor nic has been changed, spec: {NodeSelector:map[] TargetLinkRule:{TypeRule:device NameRule:}}"
2026-06-12T11:26:59.980385113Z time="2026-06-12T11:26:59Z" level=info msg="link monitor cnet-eno50 has been changed, spec: {NodeSelector:map[] TargetLinkRule:{TypeRule: NameRule:cnet-eno50(-br|-bo)}}"
2026-06-12T11:27:11.903535113Z time="2026-06-12T11:27:11Z" level=info msg="vlan config cnet-eno50 has been removed"
2026-06-12T11:27:11.904059624Z time="2026-06-12T11:27:11Z" level=info msg="start to tear down VLAN network"
2026-06-12T11:27:11.904082940Z time="2026-06-12T11:27:11Z" level=info msg="cnet-eno50-bo set no master"
2026-06-12T11:27:11.910337779Z time="2026-06-12T11:27:11Z" level=info msg="cluster network cnet-eno50 has been changed, vid hash: e3b0c44298fc1c149afbf4c8996fb92427ae41e4649b934ca495991b7852b855"
2026-06-12T11:27:11.978974062Z time="2026-06-12T11:27:11Z" level=info msg="link monitor nic has been changed, spec: {NodeSelector:map[] TargetLinkRule:{TypeRule:device NameRule:}}"
2026-06-12T11:27:11.979588626Z time="2026-06-12T11:27:11Z" level=info msg="link monitor cnet-eno50 has been changed, spec: {NodeSelector:map[] TargetLinkRule:{TypeRule: NameRule:cnet-eno50(-br|-bo)}}"
2026-06-12T11:27:12.081548974Z time="2026-06-12T11:27:12Z" level=info msg="cluster network cnet-eno50 is not set on this node, skip"
2026-06-12T11:27:12.081577871Z time="2026-06-12T11:27:12Z" level=info msg="cluster network cnet-eno50 has been changed, vid hash: e3b0c44298fc1c149afbf4c8996fb92427ae41e4649b934ca495991b7852b855"
2026-06-12T11:27:12.086429016Z time="2026-06-12T11:27:12Z" level=info msg="link monitor nic has been changed, spec: {NodeSelector:map[] TargetLinkRule:{TypeRule:device NameRule:}}"
2026-06-12T11:27:12.179121490Z time="2026-06-12T11:27:12Z" level=info msg="cluster network cnet-eno50 is not set on this node, skip"
2026-06-12T11:27:12.179219403Z time="2026-06-12T11:27:12Z" level=info msg="Setting NIC eno50 to UP state (current: down)"
2026-06-12T11:27:12.282997665Z time="2026-06-12T11:27:12Z" level=info msg="link monitor cnet-eno50 has been changed, spec: {NodeSelector:map[] TargetLinkRule:{TypeRule: NameRule:cnet-eno50(-br|-bo)}}"
2026-06-12T11:27:12.294556288Z time="2026-06-12T11:27:12Z" level=info msg="link monitor nic has been changed, spec: {NodeSelector:map[] TargetLinkRule:{TypeRule:device NameRule:}}"
2026-06-12T11:27:12.680233277Z time="2026-06-12T11:27:12Z" level=info msg="tear down VLAN network successfully"
2026-06-12T11:27:12.780178906Z time="2026-06-12T11:27:12Z" level=error msg="error syncing 'cnet-eno50': handler harvester-network-link-monitor-controller: synchronize links to link monitor cnet-eno50 failed, error: results may be incomplete or inconsistent, requeuing"
2026-06-12T11:27:12.780213986Z time="2026-06-12T11:27:12Z" level=info msg="link monitor cnet-eno50 has been changed, spec: {NodeSelector:map[] TargetLinkRule:{TypeRule: NameRule:cnet-eno50(-br|-bo)}}"
2026-06-12T11:27:12.844567137Z time="2026-06-12T11:27:12Z" level=error msg="error syncing 'nic': handler harvester-network-link-monitor-controller: synchronize links to link monitor nic failed, error: results may be incomplete or inconsistent, requeuing"
2026-06-12T11:27:12.844594732Z time="2026-06-12T11:27:12Z" level=info msg="link monitor nic has been changed, spec: {NodeSelector:map[] TargetLinkRule:{TypeRule:device NameRule:}}"
2026-06-12T11:27:12.944189546Z time="2026-06-12T11:27:12Z" level=info msg="link monitor nic has been changed, spec: {NodeSelector:map[] TargetLinkRule:{TypeRule:device NameRule:}}"
2026-06-12T11:27:12.979707730Z time="2026-06-12T11:27:12Z" level=info msg="cluster network cnet-eno50 has been changed, vid hash: e3b0c44298fc1c149afbf4c8996fb92427ae41e4649b934ca495991b7852b855"
2026-06-12T11:27:12.979850316Z time="2026-06-12T11:27:12Z" level=info msg="cluster network cnet-eno50 is not set on this node, skip"
2026-06-12T11:27:12.981719426Z time="2026-06-12T11:27:12Z" level=info msg="link monitor nic has been changed, spec: {NodeSelector:map[] TargetLinkRule:{TypeRule:device NameRule:}}"
2026-06-12T11:27:13.079963237Z time="2026-06-12T11:27:13Z" level=info msg="link monitor cnet-eno50 has been changed, spec: {NodeSelector:map[] TargetLinkRule:{TypeRule: NameRule:cnet-eno50(-br|-bo)}}"
2026-06-12T11:27:13.243664297Z time="2026-06-12T11:27:13Z" level=error msg="error syncing 'cnet-eno50': handler harvester-network-vlanconfig-controller: update status into vlanstatus cnet-eno50-hp-69-tink-system-e41e343f failed, error: failed to delete vlanstatus cnet-eno50-hp-69-tink-system-e41e343f, error: vlanstatuses.network.harvesterhci.io \"cnet-eno50-hp-69-tink-system-e41e343f\" not found, teardown error: <nil>, requeuing"
2026-06-12T11:27:13.284226748Z time="2026-06-12T11:27:13Z" level=info msg="link monitor cnet-eno50 has been changed, spec: {NodeSelector:map[] TargetLinkRule:{TypeRule: NameRule:cnet-eno50(-br|-bo)}}"
2026-06-12T11:27:31.983450204Z time="2026-06-12T11:27:31Z" level=info msg="link monitor cnet-eno50 has been removed"
2026-06-12T12:01:19.846231542Z time="2026-06-12T12:01:19Z" level=info msg="cluster network cnet-eno50 has been changed, vid hash: "
2026-06-12T12:01:19.846354514Z time="2026-06-12T12:01:19Z" level=info msg="cluster network cnet-eno50 is not set on this node, skip"
2026-06-12T12:01:19.879429242Z time="2026-06-12T12:01:19Z" level=info msg="vlan config cnet-eno50 has been changed, spec: {Description: ClusterNetwork:cnet-eno50 NodeSelector:map[] Uplink:{NICs:[eno50] LinkAttrs:0x341a22eb0b0 BondOptions:0x341a2eea5e8}}"
2026-06-12T12:01:19.879463291Z time="2026-06-12T12:01:19Z" level=info msg="vc cnet-eno50 matchedNodes: [hp-117-tink-system hp-150-tink-system hp-69-tink-system], include this node: hp-69-tink-system"
2026-06-12T12:01:19.899383834Z time="2026-06-12T12:01:19Z" level=info msg="cluster network cnet-eno50 has been changed, vid hash: "
2026-06-12T12:01:19.979222587Z time="2026-06-12T12:01:19Z" level=info msg="cluster network cnet-eno50 is not set on this node, skip"
2026-06-12T12:01:19.979259289Z time="2026-06-12T12:01:19Z" level=info msg="cluster network cnet-eno50 has been changed, vid hash: "
2026-06-12T12:01:19.979309703Z time="2026-06-12T12:01:19Z" level=info msg="cluster network cnet-eno50 is not set on this node, skip"
2026-06-12T12:01:19.980300454Z time="2026-06-12T12:01:19Z" level=info msg="cluster network cnet-eno50 has been changed, vid hash: 72d1b5da6eeaf1789df86487da50ad5e9dadb5ffaecb56b6de592aa286c9c1b8"
2026-06-12T12:01:19.980349233Z time="2026-06-12T12:01:19Z" level=info msg="cluster network cnet-eno50 is not set on this node, skip"
2026-06-12T12:01:20.184347852Z time="2026-06-12T12:01:20Z" level=info msg="link monitor nic has been changed, spec: {NodeSelector:map[] TargetLinkRule:{TypeRule:device NameRule:}}"
2026-06-12T12:01:20.459148935Z time="2026-06-12T12:01:20Z" level=info msg="cluster network cnet-eno50 has been changed, vid hash: 72d1b5da6eeaf1789df86487da50ad5e9dadb5ffaecb56b6de592aa286c9c1b8"
2026-06-12T12:01:20.691553528Z time="2026-06-12T12:01:20Z" level=error msg="error syncing 'nic': handler harvester-network-link-monitor-controller: synchronize links to link monitor nic failed, error: results may be incomplete or inconsistent, requeuing"
2026-06-12T12:01:20.691593050Z time="2026-06-12T12:01:20Z" level=info msg="link monitor nic has been changed, spec: {NodeSelector:map[] TargetLinkRule:{TypeRule:device NameRule:}}"
2026-06-12T12:01:20.779898440Z time="2026-06-12T12:01:20Z" level=info msg="vlan config cnet-eno50 has been changed, spec: {Description: ClusterNetwork:cnet-eno50 NodeSelector:map[] Uplink:{NICs:[eno50] LinkAttrs:0x3419cf111a0 BondOptions:0x3419ce37578}}"
2026-06-12T12:01:20.779928918Z time="2026-06-12T12:01:20Z" level=info msg="vc cnet-eno50 matchedNodes: [hp-117-tink-system hp-150-tink-system hp-69-tink-system], include this node: hp-69-tink-system"
2026-06-12T12:01:20.781207276Z time="2026-06-12T12:01:20Z" level=error msg="error syncing 'cnet-eno50': handler harvester-network-cn-controller: can't run diff on an empty vidset, requeuing"
2026-06-12T12:01:20.879027789Z time="2026-06-12T12:01:20Z" level=info msg="cluster network cnet-eno50 has been changed, vid hash: 72d1b5da6eeaf1789df86487da50ad5e9dadb5ffaecb56b6de592aa286c9c1b8"
2026-06-12T12:01:20.880665443Z time="2026-06-12T12:01:20Z" level=error msg="error syncing 'cnet-eno50': handler harvester-network-cn-controller: can't run diff on an empty vidset, requeuing"
2026-06-12T12:01:20.980412424Z time="2026-06-12T12:01:20Z" level=info msg="cluster network cnet-eno50 has been changed, vid hash: 72d1b5da6eeaf1789df86487da50ad5e9dadb5ffaecb56b6de592aa286c9c1b8"
2026-06-12T12:01:20.982334391Z time="2026-06-12T12:01:20Z" level=error msg="error syncing 'cnet-eno50': handler harvester-network-cn-controller: can't run diff on an empty vidset, requeuing"
2026-06-12T12:01:21.003540530Z time="2026-06-12T12:01:21Z" level=info msg="cluster network cnet-eno50 has been changed, vid hash: 72d1b5da6eeaf1789df86487da50ad5e9dadb5ffaecb56b6de592aa286c9c1b8"
2026-06-12T12:01:21.179147937Z time="2026-06-12T12:01:21Z" level=info msg="link monitor cnet-eno50 has been changed, spec: {NodeSelector:map[] TargetLinkRule:{TypeRule: NameRule:cnet-eno50(-br|-bo)}}"
2026-06-12T12:01:21.179805956Z time="2026-06-12T12:01:21Z" level=info msg="link monitor nic has been changed, spec: {NodeSelector:map[] TargetLinkRule:{TypeRule:device NameRule:}}"
2026-06-12T12:01:21.281613603Z time="2026-06-12T12:01:21Z" level=error msg="error syncing 'cnet-eno50': handler harvester-network-cn-controller: can't run diff on an empty vidset, requeuing"
2026-06-12T12:01:21.343746108Z time="2026-06-12T12:01:21Z" level=info msg="cluster network cnet-eno50 has been changed, vid hash: 72d1b5da6eeaf1789df86487da50ad5e9dadb5ffaecb56b6de592aa286c9c1b8"
2026-06-12T12:01:21.379891048Z time="2026-06-12T12:01:21Z" level=info msg="cluster network cnet-eno50 will add 1 vlans, remove 0 vlans"
2026-06-12T12:01:21.380214866Z time="2026-06-12T12:01:21Z" level=info msg="link monitor cnet-eno50 has been changed, spec: {NodeSelector:map[] TargetLinkRule:{TypeRule: NameRule:cnet-eno50(-br|-bo)}}"
2026-06-12T12:01:21.380995566Z time="2026-06-12T12:01:21Z" level=info msg="link monitor nic has been changed, spec: {NodeSelector:map[] TargetLinkRule:{TypeRule:device NameRule:}}"
2026-06-12T12:01:21.479902841Z time="2026-06-12T12:01:21Z" level=info msg="link monitor cnet-eno50 has been changed, spec: {NodeSelector:map[] TargetLinkRule:{TypeRule: NameRule:cnet-eno50(-br|-bo)}}"
2026-06-12T12:01:21.483405585Z time="2026-06-12T12:01:21Z" level=info msg="link monitor nic has been changed, spec: {NodeSelector:map[] TargetLinkRule:{TypeRule:device NameRule:}}"
2026-06-12T12:01:21.679241893Z time="2026-06-12T12:01:21Z" level=info msg="link monitor nic has been changed, spec: {NodeSelector:map[] TargetLinkRule:{TypeRule:device NameRule:}}"
2026-06-12T12:01:21.679427903Z time="2026-06-12T12:01:21Z" level=info msg="vlan config cnet-eno50 has been changed, spec: {Description: ClusterNetwork:cnet-eno50 NodeSelector:map[] Uplink:{NICs:[eno50] LinkAttrs:0x3419cf111a0 BondOptions:0x3419ce37578}}"
2026-06-12T12:01:21.679449718Z time="2026-06-12T12:01:21Z" level=info msg="vc cnet-eno50 matchedNodes: [hp-117-tink-system hp-150-tink-system hp-69-tink-system], include this node: hp-69-tink-system"
2026-06-12T12:01:21.698513187Z time="2026-06-12T12:01:21Z" level=info msg="cluster network cnet-eno50 has been changed, vid hash: 72d1b5da6eeaf1789df86487da50ad5e9dadb5ffaecb56b6de592aa286c9c1b8"
2026-06-12T12:01:21.700317956Z time="2026-06-12T12:01:21Z" level=info msg="cluster network cnet-eno50 will add 0 vlans, remove 0 vlans"
2026-06-12T12:01:21.784314412Z time="2026-06-12T12:01:21Z" level=info msg="vlan config cnet-eno50 has been changed, spec: {Description: ClusterNetwork:cnet-eno50 NodeSelector:map[] Uplink:{NICs:[eno50] LinkAttrs:0x3419cf111a0 BondOptions:0x3419ce37578}}"
2026-06-12T12:01:21.784343482Z time="2026-06-12T12:01:21Z" level=info msg="vc cnet-eno50 matchedNodes: [hp-117-tink-system hp-150-tink-system hp-69-tink-system], include this node: hp-69-tink-system"
2026-06-12T12:01:21.881123675Z time="2026-06-12T12:01:21Z" level=info msg="cluster network cnet-eno50 has been changed, vid hash: 72d1b5da6eeaf1789df86487da50ad5e9dadb5ffaecb56b6de592aa286c9c1b8"
2026-06-12T12:01:21.943834550Z time="2026-06-12T12:01:21Z" level=info msg="cluster network cnet-eno50 will add 0 vlans, remove 0 vlans"
2026-06-12T12:01:36.468356827Z time="2026-06-12T12:01:36Z" level=info msg="link monitor nic has been changed, spec: {NodeSelector:map[] TargetLinkRule:{TypeRule:device NameRule:}}"
2026-06-12T12:04:33.079390617Z time="2026-06-12T12:04:33Z" level=info msg="link monitor cnet-eno50 has been changed, spec: {NodeSelector:map[] TargetLinkRule:{TypeRule: NameRule:cnet-eno50(-br|-bo)}}"
2026-06-12T12:04:33.079421696Z time="2026-06-12T12:04:33Z" level=info msg="link monitor nic has been changed, spec: {NodeSelector:map[] TargetLinkRule:{TypeRule:device NameRule:}}"
2026-06-12T12:04:33.184589220Z time="2026-06-12T12:04:33Z" level=info msg="link monitor nic has been changed, spec: {NodeSelector:map[] TargetLinkRule:{TypeRule:device NameRule:}}"
2026-06-12T12:04:35.038872502Z time="2026-06-12T12:04:35Z" level=info msg="link monitor nic has been changed, spec: {NodeSelector:map[] TargetLinkRule:{TypeRule:device NameRule:}}"
2026-06-12T12:04:35.146767521Z time="2026-06-12T12:04:35Z" level=info msg="link monitor nic has been changed, spec: {NodeSelector:map[] TargetLinkRule:{TypeRule:device NameRule:}}"
2026-06-12T12:04:37.768975159Z time="2026-06-12T12:04:37Z" level=info msg="link monitor nic has been changed, spec: {NodeSelector:map[] TargetLinkRule:{TypeRule:device NameRule:}}"
2026-06-12T12:04:38.749761173Z time="2026-06-12T12:04:38Z" level=info msg="link monitor nic has been changed, spec: {NodeSelector:map[] TargetLinkRule:{TypeRule:device NameRule:}}"
2026-06-12T12:04:38.751699342Z time="2026-06-12T12:04:38Z" level=info msg="link monitor cnet-eno50 has been changed, spec: {NodeSelector:map[] TargetLinkRule:{TypeRule: NameRule:cnet-eno50(-br|-bo)}}"
2026-06-12T12:07:34.726625223Z time="2026-06-12T12:07:34Z" level=info msg="link monitor cnet-eno50 has been changed, spec: {NodeSelector:map[] TargetLinkRule:{TypeRule: NameRule:cnet-eno50(-br|-bo)}}"
2026-06-12T12:07:34.726663430Z time="2026-06-12T12:07:34Z" level=info msg="link monitor nic has been changed, spec: {NodeSelector:map[] TargetLinkRule:{TypeRule:device NameRule:}}"
2026-06-12T12:07:35.584429386Z time="2026-06-12T12:07:35Z" level=info msg="link monitor nic has been changed, spec: {NodeSelector:map[] TargetLinkRule:{TypeRule:device NameRule:}}"
2026-06-12T12:07:50.740468027Z time="2026-06-12T12:07:50Z" level=info msg="link monitor nic has been changed, spec: {NodeSelector:map[] TargetLinkRule:{TypeRule:device NameRule:}}"
2026-06-12T12:07:51.876327227Z time="2026-06-12T12:07:51Z" level=info msg="link monitor nic has been changed, spec: {NodeSelector:map[] TargetLinkRule:{TypeRule:device NameRule:}}"
2026-06-12T12:07:51.878209374Z time="2026-06-12T12:07:51Z" level=info msg="link monitor cnet-eno50 has been changed, spec: {NodeSelector:map[] TargetLinkRule:{TypeRule: NameRule:cnet-eno50(-br|-bo)}}"
2026-06-12T12:08:10.177245563Z time="2026-06-12T12:08:10Z" level=info msg="vlan config cnet-eno50 has been removed"
2026-06-12T12:08:10.177690153Z time="2026-06-12T12:08:10Z" level=info msg="start to tear down VLAN network"
2026-06-12T12:08:10.177725774Z time="2026-06-12T12:08:10Z" level=info msg="cnet-eno50-bo set no master"
2026-06-12T12:08:10.178911916Z time="2026-06-12T12:08:10Z" level=info msg="cluster network cnet-eno50 has been changed, vid hash: e3b0c44298fc1c149afbf4c8996fb92427ae41e4649b934ca495991b7852b855"
2026-06-12T12:08:10.243665801Z time="2026-06-12T12:08:10Z" level=info msg="link monitor nic has been changed, spec: {NodeSelector:map[] TargetLinkRule:{TypeRule:device NameRule:}}"
2026-06-12T12:08:10.243978567Z time="2026-06-12T12:08:10Z" level=info msg="link monitor cnet-eno50 has been changed, spec: {NodeSelector:map[] TargetLinkRule:{TypeRule: NameRule:cnet-eno50(-br|-bo)}}"
2026-06-12T12:08:10.446850338Z time="2026-06-12T12:08:10Z" level=error msg="error syncing 'cnet-eno50': handler harvester-network-cn-controller: can't run diff on an empty vidset, requeuing"
2026-06-12T12:08:10.446880136Z time="2026-06-12T12:08:10Z" level=info msg="cluster network cnet-eno50 has been changed, vid hash: e3b0c44298fc1c149afbf4c8996fb92427ae41e4649b934ca495991b7852b855"
2026-06-12T12:08:10.448123624Z time="2026-06-12T12:08:10Z" level=info msg="cluster network cnet-eno50 is not set on this node, skip"
2026-06-12T12:08:10.579041493Z time="2026-06-12T12:08:10Z" level=info msg="cluster network cnet-eno50 has been changed, vid hash: e3b0c44298fc1c149afbf4c8996fb92427ae41e4649b934ca495991b7852b855"
2026-06-12T12:08:10.579093479Z time="2026-06-12T12:08:10Z" level=info msg="Setting NIC eno50 to UP state (current: down)"
2026-06-12T12:08:10.645384753Z time="2026-06-12T12:08:10Z" level=info msg="link monitor nic has been changed, spec: {NodeSelector:map[] TargetLinkRule:{TypeRule:device NameRule:}}"
2026-06-12T12:08:10.743897937Z time="2026-06-12T12:08:10Z" level=info msg="link monitor cnet-eno50 has been changed, spec: {NodeSelector:map[] TargetLinkRule:{TypeRule: NameRule:cnet-eno50(-br|-bo)}}"
2026-06-12T12:08:11.286753118Z time="2026-06-12T12:08:11Z" level=info msg="cluster network cnet-eno50 is not set on this node, skip"
2026-06-12T12:08:11.301429938Z time="2026-06-12T12:08:11Z" level=error msg="error syncing 'nic': handler harvester-network-link-monitor-controller: synchronize links to link monitor nic failed, error: results may be incomplete or inconsistent, requeuing"
2026-06-12T12:08:11.301458248Z time="2026-06-12T12:08:11Z" level=info msg="link monitor nic has been changed, spec: {NodeSelector:map[] TargetLinkRule:{TypeRule:device NameRule:}}"
2026-06-12T12:08:11.343538622Z time="2026-06-12T12:08:11Z" level=info msg="tear down VLAN network successfully"
2026-06-12T12:08:11.344005472Z time="2026-06-12T12:08:11Z" level=error msg="error syncing 'cnet-eno50': handler harvester-network-link-monitor-controller: synchronize links to link monitor cnet-eno50 failed, error: results may be incomplete or inconsistent, requeuing"
2026-06-12T12:08:11.344020149Z time="2026-06-12T12:08:11Z" level=info msg="link monitor cnet-eno50 has been changed, spec: {NodeSelector:map[] TargetLinkRule:{TypeRule: NameRule:cnet-eno50(-br|-bo)}}"
2026-06-12T12:08:11.379856137Z time="2026-06-12T12:08:11Z" level=info msg="link monitor nic has been changed, spec: {NodeSelector:map[] TargetLinkRule:{TypeRule:device NameRule:}}"
2026-06-12T12:08:11.381864469Z time="2026-06-12T12:08:11Z" level=info msg="link monitor cnet-eno50 has been changed, spec: {NodeSelector:map[] TargetLinkRule:{TypeRule: NameRule:cnet-eno50(-br|-bo)}}"
2026-06-12T12:08:11.546410628Z time="2026-06-12T12:08:11Z" level=error msg="error syncing 'cnet-eno50': handler harvester-network-vlanconfig-controller: update status into vlanstatus cnet-eno50-hp-69-tink-system-e41e343f failed, error: failed to delete vlanstatus cnet-eno50-hp-69-tink-system-e41e343f, error: vlanstatuses.network.harvesterhci.io \"cnet-eno50-hp-69-tink-system-e41e343f\" not found, teardown error: <nil>, requeuing"
2026-06-12T12:08:11.603697471Z time="2026-06-12T12:08:11Z" level=info msg="link monitor nic has been changed, spec: {NodeSelector:map[] TargetLinkRule:{TypeRule:device NameRule:}}"
2026-06-12T12:08:11.664171852Z time="2026-06-12T12:08:11Z" level=info msg="link monitor nic has been changed, spec: {NodeSelector:map[] TargetLinkRule:{TypeRule:device NameRule:}}"
2026-06-12T12:08:11.937524304Z time="2026-06-12T12:08:11Z" level=info msg="link monitor cnet-eno50 has been changed, spec: {NodeSelector:map[] TargetLinkRule:{TypeRule: NameRule:cnet-eno50(-br|-bo)}}"
2026-06-12T12:08:30.251349653Z time="2026-06-12T12:08:30Z" level=info msg="link monitor cnet-eno50 has been removed"
2026-06-12T12:08:30.257402948Z time="2026-06-12T12:08:30Z" level=error msg="error syncing 'cnet-eno50': handler harvester-network-link-monitor-controller: linkmonitors.network.harvesterhci.io \"cnet-eno50\" not found, requeuing"
2026-06-12T12:57:45.557259237Z time="2026-06-12T12:57:45Z" level=info msg="cluster network mgmt has been changed, vid hash: d4735e3a265e16eee03f59718b9b5d03019c07d8b6c51f90da3a666eec13ab35"
2026-06-12T12:57:45.558955889Z time="2026-06-12T12:57:45Z" level=info msg="cluster network mgmt will add 1 vlans, remove 0 vlans"
2026-06-12T12:57:45.565313295Z time="2026-06-12T12:57:45Z" level=info msg="link monitor mgmt has been changed, spec: {NodeSelector:map[] TargetLinkRule:{TypeRule: NameRule:mgmt(-br|-bo)}}"
2026-06-12T12:57:46.325832511Z time="2026-06-12T12:57:46Z" level=info msg="link monitor mgmt has been changed, spec: {NodeSelector:map[] TargetLinkRule:{TypeRule: NameRule:mgmt(-br|-bo)}}"
2026-06-12T12:57:46.325875801Z time="2026-06-12T12:57:46Z" level=info msg="link monitor nic has been changed, spec: {NodeSelector:map[] TargetLinkRule:{TypeRule:device NameRule:}}"
2026-06-12T12:57:46.331739672Z time="2026-06-12T12:57:46Z" level=error msg="error syncing 'nic': handler harvester-network-link-monitor-controller: synchronize links to link monitor nic failed, error: results may be incomplete or inconsistent, requeuing"
2026-06-12T12:57:46.381042199Z time="2026-06-12T12:57:46Z" level=info msg="link monitor mgmt has been changed, spec: {NodeSelector:map[] TargetLinkRule:{TypeRule: NameRule:mgmt(-br|-bo)}}"
2026-06-12T12:57:46.381269818Z time="2026-06-12T12:57:46Z" level=info msg="link monitor nic has been changed, spec: {NodeSelector:map[] TargetLinkRule:{TypeRule:device NameRule:}}"
2026-06-12T12:57:46.585238098Z time="2026-06-12T12:57:46Z" level=info msg="link monitor mgmt has been changed, spec: {NodeSelector:map[] TargetLinkRule:{TypeRule: NameRule:mgmt(-br|-bo)}}"
2026-06-12T12:57:46.590058197Z time="2026-06-12T12:57:46Z" level=info msg="link monitor mgmt has been changed, spec: {NodeSelector:map[] TargetLinkRule:{TypeRule: NameRule:mgmt(-br|-bo)}}"
2026-06-12T12:57:46.591047043Z time="2026-06-12T12:57:46Z" level=info msg="link monitor nic has been changed, spec: {NodeSelector:map[] TargetLinkRule:{TypeRule:device NameRule:}}"
2026-06-12T12:57:46.684120878Z time="2026-06-12T12:57:46Z" level=info msg="link monitor nic has been changed, spec: {NodeSelector:map[] TargetLinkRule:{TypeRule:device NameRule:}}"
2026-06-12T12:57:46.690035124Z time="2026-06-12T12:57:46Z" level=info msg="link monitor nic has been changed, spec: {NodeSelector:map[] TargetLinkRule:{TypeRule:device NameRule:}}"
2026-06-12T12:58:01.811335584Z time="2026-06-12T12:58:01Z" level=info msg="link monitor nic has been changed, spec: {NodeSelector:map[] TargetLinkRule:{TypeRule:device NameRule:}}"
2026-06-12T12:58:12.661834762Z time="2026-06-12T12:58:12Z" level=info msg="link monitor nic has been changed, spec: {NodeSelector:map[] TargetLinkRule:{TypeRule:device NameRule:}}"
2026-06-12T12:58:15.916352197Z time="2026-06-12T12:58:15Z" level=info msg="link monitor nic has been changed, spec: {NodeSelector:map[] TargetLinkRule:{TypeRule:device NameRule:}}"
2026-06-12T12:58:25.134225402Z time="2026-06-12T12:58:25Z" level=info msg="link monitor nic has been changed, spec: {NodeSelector:map[] TargetLinkRule:{TypeRule:device NameRule:}}"
2026-06-12T12:58:30.995322833Z time="2026-06-12T12:58:30Z" level=info msg="link monitor nic has been changed, spec: {NodeSelector:map[] TargetLinkRule:{TypeRule:device NameRule:}}"
2026-06-12T13:00:15.931292985Z time="2026-06-12T13:00:15Z" level=info msg="link monitor nic has been changed, spec: {NodeSelector:map[] TargetLinkRule:{TypeRule:device NameRule:}}"
2026-06-12T13:00:15.932682138Z time="2026-06-12T13:00:15Z" level=info msg="link monitor mgmt has been changed, spec: {NodeSelector:map[] TargetLinkRule:{TypeRule: NameRule:mgmt(-br|-bo)}}"
2026-06-12T13:12:37.443933934Z time="2026-06-12T13:12:37Z" level=info msg="cluster network mgmt has been changed, vid hash: e3b0c44298fc1c149afbf4c8996fb92427ae41e4649b934ca495991b7852b855"
2026-06-12T13:12:37.445533900Z time="2026-06-12T13:12:37Z" level=info msg="cluster network mgmt will add 0 vlans, remove 1 vlans"
2026-06-12T13:12:37.451151117Z time="2026-06-12T13:12:37Z" level=info msg="link monitor mgmt has been changed, spec: {NodeSelector:map[] TargetLinkRule:{TypeRule: NameRule:mgmt(-br|-bo)}}"
2026-06-12T15:00:22.766334274Z time="2026-06-12T15:00:22Z" level=info msg="cluster network cnet-145836 has been changed, vid hash: "
2026-06-12T15:00:22.766414656Z time="2026-06-12T15:00:22Z" level=info msg="cluster network cnet-145836 is not set on this node, skip"
2026-06-12T15:00:22.776892139Z time="2026-06-12T15:00:22Z" level=info msg="cluster network cnet-145836 has been changed, vid hash: "
2026-06-12T15:00:22.777008605Z time="2026-06-12T15:00:22Z" level=info msg="cluster network cnet-145836 is not set on this node, skip"
2026-06-12T15:00:22.793680541Z time="2026-06-12T15:00:22Z" level=info msg="vlan config hp-69-tink-system has been changed, spec: {Description: ClusterNetwork:cnet-145836 NodeSelector:map[kubernetes.io/hostname:hp-69-tink-system] Uplink:{NICs:[eno50] LinkAttrs:0x341a22ea810 BondOptions:0x341a29610e0}}"
2026-06-12T15:00:22.793718525Z time="2026-06-12T15:00:22Z" level=info msg="vc hp-69-tink-system matchedNodes: [hp-69-tink-system], include this node: hp-69-tink-system"
2026-06-12T15:00:22.811394409Z time="2026-06-12T15:00:22Z" level=info msg="cluster network cnet-145836 has been changed, vid hash: "
2026-06-12T15:00:22.812864547Z time="2026-06-12T15:00:22Z" level=info msg="vlan config hp-117-tink-system has been changed, spec: {Description: ClusterNetwork:cnet-145836 NodeSelector:map[kubernetes.io/hostname:hp-117-tink-system] Uplink:{NICs:[eno50] LinkAttrs:0x341a22eae10 BondOptions:0x341a2961230}}"
2026-06-12T15:00:22.858344316Z time="2026-06-12T15:00:22Z" level=info msg="vlan config hp-150-tink-system has been changed, spec: {Description: ClusterNetwork:cnet-145836 NodeSelector:map[kubernetes.io/hostname:hp-150-tink-system] Uplink:{NICs:[eno50] LinkAttrs:0x341a1ca6720 BondOptions:0x3419ce36a20}}"
2026-06-12T15:00:22.944537583Z time="2026-06-12T15:00:22Z" level=info msg="vlan config hp-117-tink-system has been changed, spec: {Description: ClusterNetwork:cnet-145836 NodeSelector:map[kubernetes.io/hostname:hp-117-tink-system] Uplink:{NICs:[eno50] LinkAttrs:0x3419cef5c50 BondOptions:0x3419ce369c0}}"
2026-06-12T15:00:22.979971122Z time="2026-06-12T15:00:22Z" level=info msg="cluster network cnet-145836 is not set on this node, skip"
2026-06-12T15:00:22.984709443Z time="2026-06-12T15:00:22Z" level=info msg="vlan config hp-150-tink-system has been changed, spec: {Description: ClusterNetwork:cnet-145836 NodeSelector:map[kubernetes.io/hostname:hp-150-tink-system] Uplink:{NICs:[eno50] LinkAttrs:0x3419cbdd260 BondOptions:0x341a2961848}}"
2026-06-12T15:00:22.984736417Z time="2026-06-12T15:00:22Z" level=info msg="vlan config hp-117-tink-system has been changed, spec: {Description: ClusterNetwork:cnet-145836 NodeSelector:map[kubernetes.io/hostname:hp-117-tink-system] Uplink:{NICs:[eno50] LinkAttrs:0x3419cbdd0b0 BondOptions:0x341a2961728}}"
2026-06-12T15:00:22.985618853Z time="2026-06-12T15:00:22Z" level=info msg="link monitor nic has been changed, spec: {NodeSelector:map[] TargetLinkRule:{TypeRule:device NameRule:}}"
2026-06-12T15:00:22.994924706Z time="2026-06-12T15:00:22Z" level=info msg="vlan config hp-117-tink-system has been changed, spec: {Description: ClusterNetwork:cnet-145836 NodeSelector:map[kubernetes.io/hostname:hp-117-tink-system] Uplink:{NICs:[eno50] LinkAttrs:0x3419cbdd0b0 BondOptions:0x341a2961728}}"
2026-06-12T15:00:23.379258908Z time="2026-06-12T15:00:23Z" level=info msg="link monitor nic has been changed, spec: {NodeSelector:map[] TargetLinkRule:{TypeRule:device NameRule:}}"
2026-06-12T15:00:23.381859767Z time="2026-06-12T15:00:23Z" level=info msg="cluster network cnet-145836 has been changed, vid hash: 72d1b5da6eeaf1789df86487da50ad5e9dadb5ffaecb56b6de592aa286c9c1b8"
2026-06-12T15:00:23.479706638Z time="2026-06-12T15:00:23Z" level=info msg="link monitor nic has been changed, spec: {NodeSelector:map[] TargetLinkRule:{TypeRule:device NameRule:}}"
2026-06-12T15:00:23.480543628Z time="2026-06-12T15:00:23Z" level=error msg="error syncing 'cnet-145836': handler harvester-network-cn-controller: can't run diff on an empty vidset, requeuing"
2026-06-12T15:00:23.486330782Z time="2026-06-12T15:00:23Z" level=info msg="cluster network cnet-145836 has been changed, vid hash: 72d1b5da6eeaf1789df86487da50ad5e9dadb5ffaecb56b6de592aa286c9c1b8"
2026-06-12T15:00:23.487717162Z time="2026-06-12T15:00:23Z" level=error msg="error syncing 'cnet-145836': handler harvester-network-cn-controller: can't run diff on an empty vidset, requeuing"
2026-06-12T15:00:23.498167680Z time="2026-06-12T15:00:23Z" level=info msg="cluster network cnet-145836 has been changed, vid hash: 72d1b5da6eeaf1789df86487da50ad5e9dadb5ffaecb56b6de592aa286c9c1b8"
2026-06-12T15:00:23.579094494Z time="2026-06-12T15:00:23Z" level=info msg="link monitor nic has been changed, spec: {NodeSelector:map[] TargetLinkRule:{TypeRule:device NameRule:}}"
2026-06-12T15:00:23.581046364Z time="2026-06-12T15:00:23Z" level=info msg="vlan config hp-69-tink-system has been changed, spec: {Description: ClusterNetwork:cnet-145836 NodeSelector:map[kubernetes.io/hostname:hp-69-tink-system] Uplink:{NICs:[eno50] LinkAttrs:0x3419cbdced0 BondOptions:0x341a2961698}}"
2026-06-12T15:00:23.581075611Z time="2026-06-12T15:00:23Z" level=info msg="vc hp-69-tink-system matchedNodes: [hp-69-tink-system], include this node: hp-69-tink-system"
2026-06-12T15:00:23.786832961Z time="2026-06-12T15:00:23Z" level=info msg="link monitor nic has been changed, spec: {NodeSelector:map[] TargetLinkRule:{TypeRule:device NameRule:}}"
2026-06-12T15:00:23.879749491Z time="2026-06-12T15:00:23Z" level=error msg="error syncing 'cnet-145836': handler harvester-network-cn-controller: can't run diff on an empty vidset, requeuing"
2026-06-12T15:00:23.979009151Z time="2026-06-12T15:00:23Z" level=info msg="cluster network cnet-145836 has been changed, vid hash: 72d1b5da6eeaf1789df86487da50ad5e9dadb5ffaecb56b6de592aa286c9c1b8"
2026-06-12T15:00:24.000522526Z time="2026-06-12T15:00:24Z" level=info msg="link monitor nic has been changed, spec: {NodeSelector:map[] TargetLinkRule:{TypeRule:device NameRule:}}"
2026-06-12T15:00:24.181882855Z time="2026-06-12T15:00:24Z" level=info msg="cluster network cnet-145836 will add 1 vlans, remove 0 vlans"
2026-06-12T15:00:24.191063761Z time="2026-06-12T15:00:24Z" level=info msg="link monitor nic has been changed, spec: {NodeSelector:map[] TargetLinkRule:{TypeRule:device NameRule:}}"
2026-06-12T15:00:24.381826043Z time="2026-06-12T15:00:24Z" level=info msg="vlan config hp-69-tink-system has been changed, spec: {Description: ClusterNetwork:cnet-145836 NodeSelector:map[kubernetes.io/hostname:hp-69-tink-system] Uplink:{NICs:[eno50] LinkAttrs:0x3419cbdced0 BondOptions:0x341a2961698}}"
2026-06-12T15:00:24.381859938Z time="2026-06-12T15:00:24Z" level=info msg="vc hp-69-tink-system matchedNodes: [hp-69-tink-system], include this node: hp-69-tink-system"
2026-06-12T15:00:24.479011408Z time="2026-06-12T15:00:24Z" level=info msg="cluster network cnet-145836 has been changed, vid hash: 72d1b5da6eeaf1789df86487da50ad5e9dadb5ffaecb56b6de592aa286c9c1b8"
2026-06-12T15:00:24.480257030Z time="2026-06-12T15:00:24Z" level=info msg="cluster network cnet-145836 will add 0 vlans, remove 0 vlans"
2026-06-12T15:00:24.513996952Z time="2026-06-12T15:00:24Z" level=info msg="vlan config hp-69-tink-system has been changed, spec: {Description: ClusterNetwork:cnet-145836 NodeSelector:map[kubernetes.io/hostname:hp-69-tink-system] Uplink:{NICs:[eno50] LinkAttrs:0x3419cbdced0 BondOptions:0x341a2961698}}"
2026-06-12T15:00:24.514031124Z time="2026-06-12T15:00:24Z" level=info msg="vc hp-69-tink-system matchedNodes: [hp-69-tink-system], include this node: hp-69-tink-system"
2026-06-12T15:00:24.585635341Z time="2026-06-12T15:00:24Z" level=info msg="cluster network cnet-145836 has been changed, vid hash: 72d1b5da6eeaf1789df86487da50ad5e9dadb5ffaecb56b6de592aa286c9c1b8"
2026-06-12T15:00:24.640955475Z time="2026-06-12T15:00:24Z" level=info msg="link monitor nic has been changed, spec: {NodeSelector:map[] TargetLinkRule:{TypeRule:device NameRule:}}"
2026-06-12T15:00:24.681213160Z time="2026-06-12T15:00:24Z" level=info msg="cluster network cnet-145836 will add 0 vlans, remove 0 vlans"
2026-06-12T15:00:24.780603134Z time="2026-06-12T15:00:24Z" level=info msg="cluster network cnet-145836 has been changed, vid hash: 72d1b5da6eeaf1789df86487da50ad5e9dadb5ffaecb56b6de592aa286c9c1b8"
2026-06-12T15:00:24.781919343Z time="2026-06-12T15:00:24Z" level=info msg="cluster network cnet-145836 will add 0 vlans, remove 0 vlans"
2026-06-12T15:00:25.576340050Z time="2026-06-12T15:00:25Z" level=info msg="link monitor cnet-145836 has been changed, spec: {NodeSelector:map[] TargetLinkRule:{TypeRule: NameRule:cnet-145836(-br|-bo)}}"
2026-06-12T15:00:25.590724223Z time="2026-06-12T15:00:25Z" level=info msg="link monitor cnet-145836 has been changed, spec: {NodeSelector:map[] TargetLinkRule:{TypeRule: NameRule:cnet-145836(-br|-bo)}}"
2026-06-12T15:00:25.605283700Z time="2026-06-12T15:00:25Z" level=info msg="link monitor cnet-145836 has been changed, spec: {NodeSelector:map[] TargetLinkRule:{TypeRule: NameRule:cnet-145836(-br|-bo)}}"
2026-06-12T15:00:25.615402376Z time="2026-06-12T15:00:25Z" level=info msg="link monitor cnet-145836 has been changed, spec: {NodeSelector:map[] TargetLinkRule:{TypeRule: NameRule:cnet-145836(-br|-bo)}}"
2026-06-12T15:00:25.646955200Z time="2026-06-12T15:00:25Z" level=info msg="link monitor cnet-145836 has been changed, spec: {NodeSelector:map[] TargetLinkRule:{TypeRule: NameRule:cnet-145836(-br|-bo)}}"
2026-06-12T15:00:25.679385007Z time="2026-06-12T15:00:25Z" level=info msg="link monitor cnet-145836 has been changed, spec: {NodeSelector:map[] TargetLinkRule:{TypeRule: NameRule:cnet-145836(-br|-bo)}}"
2026-06-12T15:00:25.690120802Z time="2026-06-12T15:00:25Z" level=info msg="link monitor cnet-145836 has been changed, spec: {NodeSelector:map[] TargetLinkRule:{TypeRule: NameRule:cnet-145836(-br|-bo)}}"
2026-06-12T15:00:39.251294089Z time="2026-06-12T15:00:39Z" level=info msg="link monitor nic has been changed, spec: {NodeSelector:map[] TargetLinkRule:{TypeRule:device NameRule:}}"
2026-06-12T15:05:04.366372789Z time="2026-06-12T15:05:04Z" level=info msg="link monitor nic has been changed, spec: {NodeSelector:map[] TargetLinkRule:{TypeRule:device NameRule:}}"
2026-06-12T15:05:04.366428512Z time="2026-06-12T15:05:04Z" level=info msg="link monitor cnet-145836 has been changed, spec: {NodeSelector:map[] TargetLinkRule:{TypeRule: NameRule:cnet-145836(-br|-bo)}}"
2026-06-12T15:05:07.040319983Z time="2026-06-12T15:05:07Z" level=info msg="link monitor nic has been changed, spec: {NodeSelector:map[] TargetLinkRule:{TypeRule:device NameRule:}}"
2026-06-12T15:05:22.387273683Z time="2026-06-12T15:05:22Z" level=info msg="link monitor nic has been changed, spec: {NodeSelector:map[] TargetLinkRule:{TypeRule:device NameRule:}}"
2026-06-12T15:07:02.283255676Z time="2026-06-12T15:07:02Z" level=info msg="link monitor nic has been changed, spec: {NodeSelector:map[] TargetLinkRule:{TypeRule:device NameRule:}}"
2026-06-12T15:07:04.755735206Z time="2026-06-12T15:07:04Z" level=info msg="link monitor nic has been changed, spec: {NodeSelector:map[] TargetLinkRule:{TypeRule:device NameRule:}}"
2026-06-12T15:07:13.077037517Z time="2026-06-12T15:07:13Z" level=info msg="link monitor nic has been changed, spec: {NodeSelector:map[] TargetLinkRule:{TypeRule:device NameRule:}}"
2026-06-12T15:07:15.843397300Z time="2026-06-12T15:07:15Z" level=info msg="link monitor nic has been changed, spec: {NodeSelector:map[] TargetLinkRule:{TypeRule:device NameRule:}}"
2026-06-12T15:07:20.147308857Z time="2026-06-12T15:07:20Z" level=info msg="link monitor nic has been changed, spec: {NodeSelector:map[] TargetLinkRule:{TypeRule:device NameRule:}}"
2026-06-12T15:07:30.900790730Z time="2026-06-12T15:07:30Z" level=info msg="link monitor nic has been changed, spec: {NodeSelector:map[] TargetLinkRule:{TypeRule:device NameRule:}}"
2026-06-12T15:08:44.177102918Z time="2026-06-12T15:08:44Z" level=info msg="link monitor nic has been changed, spec: {NodeSelector:map[] TargetLinkRule:{TypeRule:device NameRule:}}"
2026-06-12T15:09:05.998080604Z time="2026-06-12T15:09:05Z" level=info msg="link monitor nic has been changed, spec: {NodeSelector:map[] TargetLinkRule:{TypeRule:device NameRule:}}"
2026-06-12T15:09:23.879840093Z time="2026-06-12T15:09:23Z" level=info msg="cluster network cnet-145836 has been changed, vid hash: e3b0c44298fc1c149afbf4c8996fb92427ae41e4649b934ca495991b7852b855"
2026-06-12T15:09:23.896787819Z time="2026-06-12T15:09:23Z" level=info msg="cluster network cnet-145836 will add 0 vlans, remove 1 vlans"
2026-06-12T15:09:23.903201108Z time="2026-06-12T15:09:23Z" level=info msg="link monitor nic has been changed, spec: {NodeSelector:map[] TargetLinkRule:{TypeRule:device NameRule:}}"
2026-06-12T15:09:23.915142228Z time="2026-06-12T15:09:23Z" level=info msg="link monitor nic has been changed, spec: {NodeSelector:map[] TargetLinkRule:{TypeRule:device NameRule:}}"
2026-06-12T15:09:23.916910589Z time="2026-06-12T15:09:23Z" level=info msg="link monitor cnet-145836 has been changed, spec: {NodeSelector:map[] TargetLinkRule:{TypeRule: NameRule:cnet-145836(-br|-bo)}}"
2026-06-12T15:09:26.908004756Z time="2026-06-12T15:09:26Z" level=info msg="vlan config hp-69-tink-system has been removed"
2026-06-12T15:09:26.908469036Z time="2026-06-12T15:09:26Z" level=info msg="start to tear down VLAN network"
2026-06-12T15:09:26.908495707Z time="2026-06-12T15:09:26Z" level=info msg="cnet-145836-bo set no master"
2026-06-12T15:09:26.915346678Z time="2026-06-12T15:09:26Z" level=info msg="link monitor nic has been changed, spec: {NodeSelector:map[] TargetLinkRule:{TypeRule:device NameRule:}}"
2026-06-12T15:09:26.915374170Z time="2026-06-12T15:09:26Z" level=info msg="link monitor cnet-145836 has been changed, spec: {NodeSelector:map[] TargetLinkRule:{TypeRule: NameRule:cnet-145836(-br|-bo)}}"
2026-06-12T15:09:26.925561049Z time="2026-06-12T15:09:26Z" level=info msg="cluster network cnet-145836 has been changed, vid hash: e3b0c44298fc1c149afbf4c8996fb92427ae41e4649b934ca495991b7852b855"
2026-06-12T15:09:26.936471202Z time="2026-06-12T15:09:26Z" level=info msg="vlan config hp-117-tink-system has been removed"
2026-06-12T15:09:26.984816577Z time="2026-06-12T15:09:26Z" level=info msg="vlan config hp-150-tink-system has been removed"
2026-06-12T15:09:27.181940900Z time="2026-06-12T15:09:27Z" level=info msg="cluster network cnet-145836 is not set on this node, skip"
2026-06-12T15:09:27.181982524Z time="2026-06-12T15:09:27Z" level=info msg="cluster network cnet-145836 has been changed, vid hash: e3b0c44298fc1c149afbf4c8996fb92427ae41e4649b934ca495991b7852b855"
2026-06-12T15:09:27.182293461Z time="2026-06-12T15:09:27Z" level=info msg="cluster network cnet-145836 is not set on this node, skip"
2026-06-12T15:09:27.185395123Z time="2026-06-12T15:09:27Z" level=info msg="link monitor nic has been changed, spec: {NodeSelector:map[] TargetLinkRule:{TypeRule:device NameRule:}}"
2026-06-12T15:09:27.379404763Z time="2026-06-12T15:09:27Z" level=info msg="Setting NIC eno50 to UP state (current: down)"
2026-06-12T15:09:27.380391242Z time="2026-06-12T15:09:27Z" level=info msg="cluster network cnet-145836 has been changed, vid hash: e3b0c44298fc1c149afbf4c8996fb92427ae41e4649b934ca495991b7852b855"
2026-06-12T15:09:27.400613657Z time="2026-06-12T15:09:27Z" level=info msg="link monitor cnet-145836 has been changed, spec: {NodeSelector:map[] TargetLinkRule:{TypeRule: NameRule:cnet-145836(-br|-bo)}}"
2026-06-12T15:09:27.479294511Z time="2026-06-12T15:09:27Z" level=info msg="link monitor nic has been changed, spec: {NodeSelector:map[] TargetLinkRule:{TypeRule:device NameRule:}}"
2026-06-12T15:09:28.021592497Z time="2026-06-12T15:09:28Z" level=error msg="error syncing 'cnet-145836': handler harvester-network-link-monitor-controller: synchronize links to link monitor cnet-145836 failed, error: results may be incomplete or inconsistent, requeuing"
2026-06-12T15:09:28.021855662Z time="2026-06-12T15:09:28Z" level=info msg="link monitor nic has been changed, spec: {NodeSelector:map[] TargetLinkRule:{TypeRule:device NameRule:}}"
2026-06-12T15:09:28.022217364Z time="2026-06-12T15:09:28Z" level=info msg="cluster network cnet-145836 is not set on this node, skip"
2026-06-12T15:09:28.035819205Z time="2026-06-12T15:09:28Z" level=info msg="tear down VLAN network successfully"
2026-06-12T15:09:28.078831876Z time="2026-06-12T15:09:28Z" level=info msg="link monitor cnet-145836 has been changed, spec: {NodeSelector:map[] TargetLinkRule:{TypeRule: NameRule:cnet-145836(-br|-bo)}}"
2026-06-12T15:09:28.085626954Z time="2026-06-12T15:09:28Z" level=info msg="link monitor cnet-145836 has been changed, spec: {NodeSelector:map[] TargetLinkRule:{TypeRule: NameRule:cnet-145836(-br|-bo)}}"
2026-06-12T15:09:28.307536202Z time="2026-06-12T15:09:28Z" level=info msg="link monitor nic has been changed, spec: {NodeSelector:map[] TargetLinkRule:{TypeRule:device NameRule:}}"
2026-06-12T15:09:28.387066318Z time="2026-06-12T15:09:28Z" level=info msg="link monitor nic has been changed, spec: {NodeSelector:map[] TargetLinkRule:{TypeRule:device NameRule:}}"
2026-06-12T15:09:29.280875137Z time="2026-06-12T15:09:29Z" level=info msg="link monitor cnet-145836 has been changed, spec: {NodeSelector:map[] TargetLinkRule:{TypeRule: NameRule:cnet-145836(-br|-bo)}}"
2026-06-12T15:09:47.066366644Z time="2026-06-12T15:09:47Z" level=info msg="link monitor cnet-145836 has been removed"
2026-06-12T15:11:27.113809346Z time="2026-06-12T15:11:27Z" level=info msg="cluster network cnet-150800 has been changed, vid hash: "
2026-06-12T15:11:27.113950749Z time="2026-06-12T15:11:27Z" level=info msg="cluster network cnet-150800 is not set on this node, skip"
2026-06-12T15:11:27.120159849Z time="2026-06-12T15:11:27Z" level=info msg="cluster network cnet-150800 has been changed, vid hash: "
2026-06-12T15:11:27.120313279Z time="2026-06-12T15:11:27Z" level=info msg="cluster network cnet-150800 is not set on this node, skip"
2026-06-12T15:11:27.133671750Z time="2026-06-12T15:11:27Z" level=info msg="vlan config hp-69-tink-system has been changed, spec: {Description: ClusterNetwork:cnet-150800 NodeSelector:map[kubernetes.io/hostname:hp-69-tink-system] Uplink:{NICs:[eno50] LinkAttrs:0x341a236a6c0 BondOptions:0x3419ce36e88}}"
2026-06-12T15:11:27.133697650Z time="2026-06-12T15:11:27Z" level=info msg="vc hp-69-tink-system matchedNodes: [hp-69-tink-system], include this node: hp-69-tink-system"
2026-06-12T15:11:27.144968753Z time="2026-06-12T15:11:27Z" level=info msg="cluster network cnet-150800 has been changed, vid hash: "
2026-06-12T15:11:27.162569658Z time="2026-06-12T15:11:27Z" level=info msg="vlan config hp-117-tink-system has been changed, spec: {Description: ClusterNetwork:cnet-150800 NodeSelector:map[kubernetes.io/hostname:hp-117-tink-system] Uplink:{NICs:[eno50] LinkAttrs:0x341a1f63260 BondOptions:0x341a2961458}}"
2026-06-12T15:11:27.180010020Z time="2026-06-12T15:11:27Z" level=info msg="vlan config hp-117-tink-system has been changed, spec: {Description: ClusterNetwork:cnet-150800 NodeSelector:map[kubernetes.io/hostname:hp-117-tink-system] Uplink:{NICs:[eno50] LinkAttrs:0x341a1f63b00 BondOptions:0x341a2961620}}"
2026-06-12T15:11:27.239457004Z time="2026-06-12T15:11:27Z" level=info msg="vlan config hp-150-tink-system has been changed, spec: {Description: ClusterNetwork:cnet-150800 NodeSelector:map[kubernetes.io/hostname:hp-150-tink-system] Uplink:{NICs:[eno50] LinkAttrs:0x341a1ca7ad0 BondOptions:0x341a2961878}}"
2026-06-12T15:11:27.279558201Z time="2026-06-12T15:11:27Z" level=info msg="vlan config hp-117-tink-system has been changed, spec: {Description: ClusterNetwork:cnet-150800 NodeSelector:map[kubernetes.io/hostname:hp-117-tink-system] Uplink:{NICs:[eno50] LinkAttrs:0x3419ce68cf0 BondOptions:0x341a29619b0}}"
2026-06-12T15:11:27.279583547Z time="2026-06-12T15:11:27Z" level=info msg="vlan config hp-150-tink-system has been changed, spec: {Description: ClusterNetwork:cnet-150800 NodeSelector:map[kubernetes.io/hostname:hp-150-tink-system] Uplink:{NICs:[eno50] LinkAttrs:0x3419ce27140 BondOptions:0x3419ce37758}}"
2026-06-12T15:11:27.280367487Z time="2026-06-12T15:11:27Z" level=info msg="cluster network cnet-150800 is not set on this node, skip"
2026-06-12T15:11:27.284805426Z time="2026-06-12T15:11:27Z" level=info msg="vlan config hp-150-tink-system has been changed, spec: {Description: ClusterNetwork:cnet-150800 NodeSelector:map[kubernetes.io/hostname:hp-150-tink-system] Uplink:{NICs:[eno50] LinkAttrs:0x3419ce27140 BondOptions:0x3419ce37758}}"
2026-06-12T15:11:27.285971956Z time="2026-06-12T15:11:27Z" level=info msg="link monitor nic has been changed, spec: {NodeSelector:map[] TargetLinkRule:{TypeRule:device NameRule:}}"
2026-06-12T15:11:27.714692174Z time="2026-06-12T15:11:27Z" level=info msg="vlan config hp-69-tink-system has been changed, spec: {Description: ClusterNetwork:cnet-150800 NodeSelector:map[kubernetes.io/hostname:hp-69-tink-system] Uplink:{NICs:[eno50] LinkAttrs:0x341a1ca7740 BondOptions:0x341a2961818}}"
2026-06-12T15:11:27.714744691Z time="2026-06-12T15:11:27Z" level=info msg="vc hp-69-tink-system matchedNodes: [hp-69-tink-system], include this node: hp-69-tink-system"
2026-06-12T15:11:27.879537000Z time="2026-06-12T15:11:27Z" level=info msg="cluster network cnet-150800 has been changed, vid hash: 72d1b5da6eeaf1789df86487da50ad5e9dadb5ffaecb56b6de592aa286c9c1b8"
2026-06-12T15:11:27.896377763Z time="2026-06-12T15:11:27Z" level=info msg="link monitor nic has been changed, spec: {NodeSelector:map[] TargetLinkRule:{TypeRule:device NameRule:}}"
2026-06-12T15:11:27.982376883Z time="2026-06-12T15:11:27Z" level=info msg="cluster network cnet-150800 will add 1 vlans, remove 0 vlans"
2026-06-12T15:11:28.180226200Z time="2026-06-12T15:11:28Z" level=info msg="link monitor nic has been changed, spec: {NodeSelector:map[] TargetLinkRule:{TypeRule:device NameRule:}}"
2026-06-12T15:11:28.380628133Z time="2026-06-12T15:11:28Z" level=info msg="link monitor nic has been changed, spec: {NodeSelector:map[] TargetLinkRule:{TypeRule:device NameRule:}}"
2026-06-12T15:11:28.579370552Z time="2026-06-12T15:11:28Z" level=info msg="link monitor nic has been changed, spec: {NodeSelector:map[] TargetLinkRule:{TypeRule:device NameRule:}}"
2026-06-12T15:11:28.579614409Z time="2026-06-12T15:11:28Z" level=info msg="vlan config hp-69-tink-system has been changed, spec: {Description: ClusterNetwork:cnet-150800 NodeSelector:map[kubernetes.io/hostname:hp-69-tink-system] Uplink:{NICs:[eno50] LinkAttrs:0x341a1ca7740 BondOptions:0x341a2961818}}"
2026-06-12T15:11:28.579627928Z time="2026-06-12T15:11:28Z" level=info msg="vc hp-69-tink-system matchedNodes: [hp-69-tink-system], include this node: hp-69-tink-system"
2026-06-12T15:11:28.678880192Z time="2026-06-12T15:11:28Z" level=info msg="cluster network cnet-150800 has been changed, vid hash: 72d1b5da6eeaf1789df86487da50ad5e9dadb5ffaecb56b6de592aa286c9c1b8"
2026-06-12T15:11:28.680384154Z time="2026-06-12T15:11:28Z" level=info msg="cluster network cnet-150800 will add 0 vlans, remove 0 vlans"
2026-06-12T15:11:28.713367549Z time="2026-06-12T15:11:28Z" level=info msg="vlan config hp-69-tink-system has been changed, spec: {Description: ClusterNetwork:cnet-150800 NodeSelector:map[kubernetes.io/hostname:hp-69-tink-system] Uplink:{NICs:[eno50] LinkAttrs:0x341a1ca7740 BondOptions:0x341a2961818}}"
2026-06-12T15:11:28.713394117Z time="2026-06-12T15:11:28Z" level=info msg="vc hp-69-tink-system matchedNodes: [hp-69-tink-system], include this node: hp-69-tink-system"
2026-06-12T15:11:28.721325736Z time="2026-06-12T15:11:28Z" level=info msg="cluster network cnet-150800 has been changed, vid hash: 72d1b5da6eeaf1789df86487da50ad5e9dadb5ffaecb56b6de592aa286c9c1b8"
2026-06-12T15:11:28.722587569Z time="2026-06-12T15:11:28Z" level=info msg="cluster network cnet-150800 will add 0 vlans, remove 0 vlans"
2026-06-12T15:11:29.061819079Z time="2026-06-12T15:11:29Z" level=info msg="link monitor nic has been changed, spec: {NodeSelector:map[] TargetLinkRule:{TypeRule:device NameRule:}}"
2026-06-12T15:11:29.124296562Z time="2026-06-12T15:11:29Z" level=info msg="cluster network cnet-150800 has been changed, vid hash: 72d1b5da6eeaf1789df86487da50ad5e9dadb5ffaecb56b6de592aa286c9c1b8"
2026-06-12T15:11:29.126085280Z time="2026-06-12T15:11:29Z" level=info msg="cluster network cnet-150800 will add 0 vlans, remove 0 vlans"
2026-06-12T15:11:29.923539379Z time="2026-06-12T15:11:29Z" level=info msg="link monitor cnet-150800 has been changed, spec: {NodeSelector:map[] TargetLinkRule:{TypeRule: NameRule:cnet-150800(-br|-bo)}}"
2026-06-12T15:11:29.938412564Z time="2026-06-12T15:11:29Z" level=info msg="link monitor cnet-150800 has been changed, spec: {NodeSelector:map[] TargetLinkRule:{TypeRule: NameRule:cnet-150800(-br|-bo)}}"
2026-06-12T15:11:29.955628571Z time="2026-06-12T15:11:29Z" level=info msg="link monitor cnet-150800 has been changed, spec: {NodeSelector:map[] TargetLinkRule:{TypeRule: NameRule:cnet-150800(-br|-bo)}}"
2026-06-12T15:11:29.986060348Z time="2026-06-12T15:11:29Z" level=info msg="link monitor cnet-150800 has been changed, spec: {NodeSelector:map[] TargetLinkRule:{TypeRule: NameRule:cnet-150800(-br|-bo)}}"
2026-06-12T15:11:30.086983684Z time="2026-06-12T15:11:30Z" level=info msg="link monitor cnet-150800 has been changed, spec: {NodeSelector:map[] TargetLinkRule:{TypeRule: NameRule:cnet-150800(-br|-bo)}}"
2026-06-12T15:11:43.315391447Z time="2026-06-12T15:11:43Z" level=info msg="link monitor nic has been changed, spec: {NodeSelector:map[] TargetLinkRule:{TypeRule:device NameRule:}}"
2026-06-12T15:11:57.775072101Z time="2026-06-12T15:11:57Z" level=info msg="link monitor cnet-150800 has been changed, spec: {NodeSelector:map[] TargetLinkRule:{TypeRule: NameRule:cnet-150800(-br|-bo)}}"
2026-06-12T15:11:57.775281151Z time="2026-06-12T15:11:57Z" level=info msg="link monitor nic has been changed, spec: {NodeSelector:map[] TargetLinkRule:{TypeRule:device NameRule:}}"
2026-06-12T15:12:00.752035936Z time="2026-06-12T15:12:00Z" level=info msg="link monitor nic has been changed, spec: {NodeSelector:map[] TargetLinkRule:{TypeRule:device NameRule:}}"
2026-06-12T15:12:16.083197040Z time="2026-06-12T15:12:16Z" level=info msg="link monitor nic has been changed, spec: {NodeSelector:map[] TargetLinkRule:{TypeRule:device NameRule:}}"
2026-06-12T15:14:11.923944961Z time="2026-06-12T15:14:11Z" level=info msg="link monitor nic has been changed, spec: {NodeSelector:map[] TargetLinkRule:{TypeRule:device NameRule:}}"
2026-06-12T15:14:11.938723945Z time="2026-06-12T15:14:11Z" level=info msg="link monitor cnet-150800 has been changed, spec: {NodeSelector:map[] TargetLinkRule:{TypeRule: NameRule:cnet-150800(-br|-bo)}}"
2026-06-12T15:14:11.943774474Z time="2026-06-12T15:14:11Z" level=info msg="link monitor nic has been changed, spec: {NodeSelector:map[] TargetLinkRule:{TypeRule:device NameRule:}}"
2026-06-12T15:14:26.955221661Z time="2026-06-12T15:14:26Z" level=info msg="link monitor cnet-150800 has been changed, spec: {NodeSelector:map[] TargetLinkRule:{TypeRule: NameRule:cnet-150800(-br|-bo)}}"
2026-06-12T15:14:26.955279628Z time="2026-06-12T15:14:26Z" level=info msg="link monitor nic has been changed, spec: {NodeSelector:map[] TargetLinkRule:{TypeRule:device NameRule:}}"
2026-06-12T15:14:29.964555065Z time="2026-06-12T15:14:29Z" level=info msg="link monitor nic has been changed, spec: {NodeSelector:map[] TargetLinkRule:{TypeRule:device NameRule:}}"
2026-06-12T15:14:45.075268563Z time="2026-06-12T15:14:45Z" level=info msg="link monitor nic has been changed, spec: {NodeSelector:map[] TargetLinkRule:{TypeRule:device NameRule:}}"
2026-06-12T15:15:55.310172790Z time="2026-06-12T15:15:55Z" level=info msg="link monitor nic has been changed, spec: {NodeSelector:map[] TargetLinkRule:{TypeRule:device NameRule:}}"
2026-06-12T15:15:55.312166750Z time="2026-06-12T15:15:55Z" level=info msg="link monitor cnet-150800 has been changed, spec: {NodeSelector:map[] TargetLinkRule:{TypeRule: NameRule:cnet-150800(-br|-bo)}}"
2026-06-12T15:15:57.182127041Z time="2026-06-12T15:15:57Z" level=info msg="link monitor cnet-150800 has been changed, spec: {NodeSelector:map[] TargetLinkRule:{TypeRule: NameRule:cnet-150800(-br|-bo)}}"
2026-06-12T15:15:57.182788580Z time="2026-06-12T15:15:57Z" level=info msg="link monitor nic has been changed, spec: {NodeSelector:map[] TargetLinkRule:{TypeRule:device NameRule:}}"
2026-06-12T15:16:00.333434595Z time="2026-06-12T15:16:00Z" level=info msg="link monitor nic has been changed, spec: {NodeSelector:map[] TargetLinkRule:{TypeRule:device NameRule:}}"
2026-06-12T15:16:15.699353120Z time="2026-06-12T15:16:15Z" level=info msg="link monitor nic has been changed, spec: {NodeSelector:map[] TargetLinkRule:{TypeRule:device NameRule:}}"
2026-06-12T15:17:55.816280494Z time="2026-06-12T15:17:55Z" level=info msg="link monitor nic has been changed, spec: {NodeSelector:map[] TargetLinkRule:{TypeRule:device NameRule:}}"
2026-06-12T15:17:55.818352447Z time="2026-06-12T15:17:55Z" level=info msg="link monitor cnet-150800 has been changed, spec: {NodeSelector:map[] TargetLinkRule:{TypeRule: NameRule:cnet-150800(-br|-bo)}}"
2026-06-12T15:19:25.314465714Z time="2026-06-12T15:19:25Z" level=info msg="link monitor cnet-150800 has been changed, spec: {NodeSelector:map[] TargetLinkRule:{TypeRule: NameRule:cnet-150800(-br|-bo)}}"
2026-06-12T15:19:25.314518542Z time="2026-06-12T15:19:25Z" level=info msg="link monitor nic has been changed, spec: {NodeSelector:map[] TargetLinkRule:{TypeRule:device NameRule:}}"
2026-06-12T15:19:27.719755217Z time="2026-06-12T15:19:27Z" level=info msg="link monitor nic has been changed, spec: {NodeSelector:map[] TargetLinkRule:{TypeRule:device NameRule:}}"
2026-06-12T15:19:43.059241410Z time="2026-06-12T15:19:43Z" level=info msg="link monitor nic has been changed, spec: {NodeSelector:map[] TargetLinkRule:{TypeRule:device NameRule:}}"
2026-06-12T15:21:34.982943662Z time="2026-06-12T15:21:34Z" level=info msg="link monitor nic has been changed, spec: {NodeSelector:map[] TargetLinkRule:{TypeRule:device NameRule:}}"
2026-06-12T15:21:34.983900239Z time="2026-06-12T15:21:34Z" level=info msg="link monitor cnet-150800 has been changed, spec: {NodeSelector:map[] TargetLinkRule:{TypeRule: NameRule:cnet-150800(-br|-bo)}}"
2026-06-12T15:21:58.067311140Z time="2026-06-12T15:21:58Z" level=info msg="link monitor cnet-150800 has been changed, spec: {NodeSelector:map[] TargetLinkRule:{TypeRule: NameRule:cnet-150800(-br|-bo)}}"
2026-06-12T15:21:58.067400230Z time="2026-06-12T15:21:58Z" level=info msg="link monitor nic has been changed, spec: {NodeSelector:map[] TargetLinkRule:{TypeRule:device NameRule:}}"
2026-06-12T15:22:00.762754758Z time="2026-06-12T15:22:00Z" level=info msg="link monitor nic has been changed, spec: {NodeSelector:map[] TargetLinkRule:{TypeRule:device NameRule:}}"
2026-06-12T15:22:16.147273894Z time="2026-06-12T15:22:16Z" level=info msg="link monitor nic has been changed, spec: {NodeSelector:map[] TargetLinkRule:{TypeRule:device NameRule:}}"
2026-06-12T15:23:57.301376366Z time="2026-06-12T15:23:57Z" level=info msg="link monitor nic has been changed, spec: {NodeSelector:map[] TargetLinkRule:{TypeRule:device NameRule:}}"
2026-06-12T15:23:57.303357690Z time="2026-06-12T15:23:57Z" level=info msg="link monitor cnet-150800 has been changed, spec: {NodeSelector:map[] TargetLinkRule:{TypeRule: NameRule:cnet-150800(-br|-bo)}}"
2026-06-12T15:24:58.060808259Z time="2026-06-12T15:24:58Z" level=info msg="link monitor nic has been changed, spec: {NodeSelector:map[] TargetLinkRule:{TypeRule:device NameRule:}}"
2026-06-12T15:24:58.060854412Z time="2026-06-12T15:24:58Z" level=info msg="link monitor cnet-150800 has been changed, spec: {NodeSelector:map[] TargetLinkRule:{TypeRule: NameRule:cnet-150800(-br|-bo)}}"
2026-06-12T15:25:01.014551228Z time="2026-06-12T15:25:01Z" level=info msg="link monitor nic has been changed, spec: {NodeSelector:map[] TargetLinkRule:{TypeRule:device NameRule:}}"
2026-06-12T15:25:16.371562999Z time="2026-06-12T15:25:16Z" level=info msg="link monitor nic has been changed, spec: {NodeSelector:map[] TargetLinkRule:{TypeRule:device NameRule:}}"
2026-06-12T15:26:10.892267626Z time="2026-06-12T15:26:10Z" level=info msg="link monitor nic has been changed, spec: {NodeSelector:map[] TargetLinkRule:{TypeRule:device NameRule:}}"
2026-06-12T15:26:10.895661716Z time="2026-06-12T15:26:10Z" level=info msg="link monitor cnet-150800 has been changed, spec: {NodeSelector:map[] TargetLinkRule:{TypeRule: NameRule:cnet-150800(-br|-bo)}}"
2026-06-12T15:27:33.484873221Z time="2026-06-12T15:27:33Z" level=info msg="cluster network cnet-150800 has been changed, vid hash: e3b0c44298fc1c149afbf4c8996fb92427ae41e4649b934ca495991b7852b855"
2026-06-12T15:27:33.486661843Z time="2026-06-12T15:27:33Z" level=info msg="cluster network cnet-150800 will add 0 vlans, remove 1 vlans"
2026-06-12T15:27:33.492290655Z time="2026-06-12T15:27:33Z" level=info msg="link monitor nic has been changed, spec: {NodeSelector:map[] TargetLinkRule:{TypeRule:device NameRule:}}"
2026-06-12T15:27:36.537238427Z time="2026-06-12T15:27:36Z" level=info msg="vlan config hp-69-tink-system has been removed"
2026-06-12T15:27:36.537760176Z time="2026-06-12T15:27:36Z" level=info msg="start to tear down VLAN network"
2026-06-12T15:27:36.537782923Z time="2026-06-12T15:27:36Z" level=info msg="cnet-150800-bo set no master"
2026-06-12T15:27:36.545097364Z time="2026-06-12T15:27:36Z" level=info msg="link monitor nic has been changed, spec: {NodeSelector:map[] TargetLinkRule:{TypeRule:device NameRule:}}"
2026-06-12T15:27:36.545122176Z time="2026-06-12T15:27:36Z" level=info msg="link monitor cnet-150800 has been changed, spec: {NodeSelector:map[] TargetLinkRule:{TypeRule: NameRule:cnet-150800(-br|-bo)}}"
2026-06-12T15:27:36.547857103Z time="2026-06-12T15:27:36Z" level=info msg="cluster network cnet-150800 has been changed, vid hash: e3b0c44298fc1c149afbf4c8996fb92427ae41e4649b934ca495991b7852b855"
2026-06-12T15:27:36.579874254Z time="2026-06-12T15:27:36Z" level=info msg="vlan config hp-117-tink-system has been removed"
2026-06-12T15:27:36.586540537Z time="2026-06-12T15:27:36Z" level=info msg="vlan config hp-150-tink-system has been removed"
2026-06-12T15:27:36.879557278Z time="2026-06-12T15:27:36Z" level=info msg="cluster network cnet-150800 is not set on this node, skip"
2026-06-12T15:27:36.879607229Z time="2026-06-12T15:27:36Z" level=info msg="cluster network cnet-150800 has been changed, vid hash: e3b0c44298fc1c149afbf4c8996fb92427ae41e4649b934ca495991b7852b855"
2026-06-12T15:27:36.879790360Z time="2026-06-12T15:27:36Z" level=info msg="Setting NIC eno50 to UP state (current: down)"
2026-06-12T15:27:36.880792995Z time="2026-06-12T15:27:36Z" level=info msg="link monitor nic has been changed, spec: {NodeSelector:map[] TargetLinkRule:{TypeRule:device NameRule:}}"
2026-06-12T15:27:36.979459840Z time="2026-06-12T15:27:36Z" level=info msg="link monitor cnet-150800 has been changed, spec: {NodeSelector:map[] TargetLinkRule:{TypeRule: NameRule:cnet-150800(-br|-bo)}}"
2026-06-12T15:27:37.443786207Z time="2026-06-12T15:27:37Z" level=info msg="cluster network cnet-150800 is not set on this node, skip"
2026-06-12T15:27:37.449123852Z time="2026-06-12T15:27:37Z" level=info msg="link monitor nic has been changed, spec: {NodeSelector:map[] TargetLinkRule:{TypeRule:device NameRule:}}"
2026-06-12T15:27:37.479937969Z time="2026-06-12T15:27:37Z" level=error msg="error syncing 'cnet-150800': handler harvester-network-link-monitor-controller: synchronize links to link monitor cnet-150800 failed, error: results may be incomplete or inconsistent, requeuing"
2026-06-12T15:27:37.479962829Z time="2026-06-12T15:27:37Z" level=info msg="link monitor cnet-150800 has been changed, spec: {NodeSelector:map[] TargetLinkRule:{TypeRule: NameRule:cnet-150800(-br|-bo)}}"
2026-06-12T15:27:37.643561863Z time="2026-06-12T15:27:37Z" level=info msg="tear down VLAN network successfully"
2026-06-12T15:27:37.745916612Z time="2026-06-12T15:27:37Z" level=info msg="link monitor nic has been changed, spec: {NodeSelector:map[] TargetLinkRule:{TypeRule:device NameRule:}}"
2026-06-12T15:27:37.787471864Z time="2026-06-12T15:27:37Z" level=info msg="link monitor nic has been changed, spec: {NodeSelector:map[] TargetLinkRule:{TypeRule:device NameRule:}}"
2026-06-12T15:27:37.843509894Z time="2026-06-12T15:27:37Z" level=info msg="link monitor cnet-150800 has been changed, spec: {NodeSelector:map[] TargetLinkRule:{TypeRule: NameRule:cnet-150800(-br|-bo)}}"
2026-06-12T15:27:38.082877327Z time="2026-06-12T15:27:38Z" level=error msg="error syncing 'hp-69-tink-system': handler harvester-network-vlanconfig-controller: update status into vlanstatus cnet-150800-hp-69-tink-system-a3f6c9f5 failed, error: failed to delete vlanstatus cnet-150800-hp-69-tink-system-a3f6c9f5, error: vlanstatuses.network.harvesterhci.io \"cnet-150800-hp-69-tink-system-a3f6c9f5\" not found, teardown error: <nil>, requeuing"
2026-06-12T15:27:38.084819209Z time="2026-06-12T15:27:38Z" level=info msg="link monitor cnet-150800 has been changed, spec: {NodeSelector:map[] TargetLinkRule:{TypeRule: NameRule:cnet-150800(-br|-bo)}}"
2026-06-12T15:27:56.731395646Z time="2026-06-12T15:27:56Z" level=info msg="link monitor cnet-150800 has been removed"
2026-06-12T15:28:13.307971941Z time="2026-06-12T15:28:13Z" level=info msg="link monitor mgmt has been changed, spec: {NodeSelector:map[] TargetLinkRule:{TypeRule: NameRule:mgmt(-br|-bo)}}"
2026-06-12T15:28:13.308043851Z time="2026-06-12T15:28:13Z" level=info msg="link monitor nic has been changed, spec: {NodeSelector:map[] TargetLinkRule:{TypeRule:device NameRule:}}"
2026-06-12T15:28:28.371385694Z time="2026-06-12T15:28:28Z" level=info msg="link monitor nic has been changed, spec: {NodeSelector:map[] TargetLinkRule:{TypeRule:device NameRule:}}"
2026-06-12T15:28:57.001281673Z time="2026-06-12T15:28:57Z" level=info msg="link monitor nic has been changed, spec: {NodeSelector:map[] TargetLinkRule:{TypeRule:device NameRule:}}"
2026-06-12T15:28:59.636776094Z time="2026-06-12T15:28:59Z" level=info msg="link monitor nic has been changed, spec: {NodeSelector:map[] TargetLinkRule:{TypeRule:device NameRule:}}"
2026-06-12T15:29:14.963296433Z time="2026-06-12T15:29:14Z" level=info msg="link monitor nic has been changed, spec: {NodeSelector:map[] TargetLinkRule:{TypeRule:device NameRule:}}"
2026-06-12T15:29:59.719802617Z time="2026-06-12T15:29:59Z" level=info msg="link monitor nic has been changed, spec: {NodeSelector:map[] TargetLinkRule:{TypeRule:device NameRule:}}"
2026-06-12T15:30:13.919614078Z time="2026-06-12T15:30:13Z" level=info msg="link monitor nic has been changed, spec: {NodeSelector:map[] TargetLinkRule:{TypeRule:device NameRule:}}"
2026-06-12T15:30:13.921668685Z time="2026-06-12T15:30:13Z" level=info msg="link monitor mgmt has been changed, spec: {NodeSelector:map[] TargetLinkRule:{TypeRule: NameRule:mgmt(-br|-bo)}}"
2026-06-12T20:47:54.180064086Z time="2026-06-12T20:47:54Z" level=info msg="cluster network mgmt has been changed, vid hash: e3b0c44298fc1c149afbf4c8996fb92427ae41e4649b934ca495991b7852b855"
2026-06-12T20:47:54.181846632Z time="2026-06-12T20:47:54Z" level=info msg="cluster network mgmt will add 0 vlans, remove 0 vlans"
2026-06-12T20:47:54.245293201Z time="2026-06-12T20:47:54Z" level=info msg="link monitor mgmt has been changed, spec: {NodeSelector:map[] TargetLinkRule:{TypeRule: NameRule:mgmt(-br|-bo)}}"
2026-06-12T20:47:54.245345481Z time="2026-06-12T20:47:54Z" level=info msg="link monitor nic has been changed, spec: {NodeSelector:map[] TargetLinkRule:{TypeRule:device NameRule:}}"
