2026-06-12T10:42:45.119839669Z time="2026-06-12T10:42:45Z" level=info msg="Starting harvester-load-balancer version v1.8.1-rc1"
2026-06-12T10:42:45.121895072Z I0612 10:42:45.121812       1 leaderelection.go:257] attempting to acquire leader lease kube-system/harvester-load-balancer...
2026-06-12T10:42:45.148765804Z I0612 10:42:45.148273       1 leaderelection.go:271] successfully acquired lease kube-system/harvester-load-balancer
2026-06-12T10:42:45.149110843Z time="2026-06-12T10:42:45Z" level=info msg="Initialize IP pool from kube-vip configmap"
2026-06-12T10:42:45.420014636Z time="2026-06-12T10:42:45Z" level=info msg="Starting /v1, Kind=Service controller"
2026-06-12T10:42:45.538859935Z time="2026-06-12T10:42:45Z" level=info msg="Starting discovery.k8s.io/v1, Kind=EndpointSlice controller"
2026-06-12T10:42:45.821306054Z time="2026-06-12T10:42:45Z" level=info msg="Starting k8s.cni.cncf.io/v1, Kind=NetworkAttachmentDefinition controller"
2026-06-12T10:42:46.030619099Z time="2026-06-12T10:42:46Z" level=info msg="Starting loadbalancer.harvesterhci.io/v1beta1, Kind=IPPool controller"
2026-06-12T10:42:46.030637411Z time="2026-06-12T10:42:46Z" level=info msg="Starting loadbalancer.harvesterhci.io/v1beta1, Kind=LoadBalancer controller"
2026-06-12T10:42:46.121568008Z E0612 10:42:46.121465       1 reflector.go:200] "Failed to watch" err="failed to list *v1.VirtualMachineInstance: the server could not find the requested resource (get virtualmachineinstances.meta.k8s.io)" logger="UnhandledError" reflector="github.com/rancher/lasso/pkg/cache/cache.go:145" type="*v1.VirtualMachineInstance"
2026-06-12T10:42:46.122266254Z E0612 10:42:46.122171       1 reflector.go:200] "Failed to watch" err="failed to list *v1.VirtualMachine: the server could not find the requested resource (get virtualmachines.meta.k8s.io)" logger="UnhandledError" reflector="github.com/rancher/lasso/pkg/cache/cache.go:145" type="*v1.VirtualMachine"
2026-06-12T10:42:46.978528062Z E0612 10:42:46.978395       1 reflector.go:200] "Failed to watch" err="failed to list *v1.VirtualMachine: the server could not find the requested resource (get virtualmachines.meta.k8s.io)" logger="UnhandledError" reflector="github.com/rancher/lasso/pkg/cache/cache.go:145" type="*v1.VirtualMachine"
2026-06-12T10:42:47.192196128Z E0612 10:42:47.192064       1 reflector.go:200] "Failed to watch" err="failed to list *v1.VirtualMachineInstance: the server could not find the requested resource (get virtualmachineinstances.meta.k8s.io)" logger="UnhandledError" reflector="github.com/rancher/lasso/pkg/cache/cache.go:145" type="*v1.VirtualMachineInstance"
2026-06-12T10:42:48.689397855Z E0612 10:42:48.689236       1 reflector.go:200] "Failed to watch" err="failed to list *v1.VirtualMachine: the server could not find the requested resource (get virtualmachines.meta.k8s.io)" logger="UnhandledError" reflector="github.com/rancher/lasso/pkg/cache/cache.go:145" type="*v1.VirtualMachine"
2026-06-12T10:42:50.034827053Z E0612 10:42:50.034756       1 reflector.go:200] "Failed to watch" err="failed to list *v1.VirtualMachineInstance: the server could not find the requested resource (get virtualmachineinstances.meta.k8s.io)" logger="UnhandledError" reflector="github.com/rancher/lasso/pkg/cache/cache.go:145" type="*v1.VirtualMachineInstance"
2026-06-12T10:42:54.265286229Z E0612 10:42:54.265192       1 reflector.go:200] "Failed to watch" err="failed to list *v1.VirtualMachineInstance: the server could not find the requested resource (get virtualmachineinstances.meta.k8s.io)" logger="UnhandledError" reflector="github.com/rancher/lasso/pkg/cache/cache.go:145" type="*v1.VirtualMachineInstance"
2026-06-12T10:42:54.437053544Z E0612 10:42:54.436943       1 reflector.go:200] "Failed to watch" err="failed to list *v1.VirtualMachine: the server could not find the requested resource (get virtualmachines.meta.k8s.io)" logger="UnhandledError" reflector="github.com/rancher/lasso/pkg/cache/cache.go:145" type="*v1.VirtualMachine"
2026-06-12T10:43:05.863168025Z E0612 10:43:05.863036       1 reflector.go:200] "Failed to watch" err="failed to list *v1.VirtualMachine: the server could not find the requested resource (get virtualmachines.meta.k8s.io)" logger="UnhandledError" reflector="github.com/rancher/lasso/pkg/cache/cache.go:145" type="*v1.VirtualMachine"
2026-06-12T10:43:06.960848660Z E0612 10:43:06.960680       1 reflector.go:200] "Failed to watch" err="failed to list *v1.VirtualMachineInstance: the server could not find the requested resource (get virtualmachineinstances.meta.k8s.io)" logger="UnhandledError" reflector="github.com/rancher/lasso/pkg/cache/cache.go:145" type="*v1.VirtualMachineInstance"
2026-06-12T10:43:31.632303525Z time="2026-06-12T10:43:31Z" level=info msg="Starting kubevirt.io/v1, Kind=VirtualMachineInstance controller"
2026-06-12T10:43:31.632337254Z time="2026-06-12T10:43:31Z" level=info msg="Starting kubevirt.io/v1, Kind=VirtualMachine controller"
2026-06-12T12:08:07.181855995Z time="2026-06-12T12:08:07Z" level=error msg="error syncing 'default/vm-11h54m14s376292-06-12': handler harvester-lb-vm-controller: virtualmachines.kubevirt.io \"vm-11h54m14s376292-06-12\" not found, requeuing"
2026-06-12T12:13:36.620147647Z time="2026-06-12T12:13:36Z" level=error msg="error syncing 'default/stopped-0649301298-vm-12h06m47s328335-06-12': handler harvester-lb-vm-controller: virtualmachines.kubevirt.io \"stopped-0649301298-vm-12h06m47s328335-06-12\" not found, requeuing"
