2026-06-12T10:42:44.951904656Z time="2026-06-12T10:42:44Z" level=info msg="generated self-signed CA certificate CN=dynamiclistener-ca@1781260964,O=dynamiclistener-org: notBefore=2026-06-12 10:42:44.951173191 +0000 UTC notAfter=2036-06-09 10:42:44.951173191 +0000 UTC"
2026-06-12T10:42:44.965132788Z time="2026-06-12T10:42:44Z" level=info msg="Listening on :8443"
2026-06-12T10:42:44.966757631Z time="2026-06-12T10:42:44Z" level=info msg="certificate CN=dynamic,O=dynamic signed by CN=dynamiclistener-ca@1781260964,O=dynamiclistener-org: notBefore=2026-06-12 10:42:44 +0000 UTC notAfter=2027-06-12 10:42:44 +0000 UTC"
2026-06-12T10:42:44.966927533Z time="2026-06-12T10:42:44Z" level=warning msg="dynamiclistener [::]:8443: no cached certificate available for preload - deferring certificate load until storage initialization or first client request"
2026-06-12T10:42:44.972705535Z time="2026-06-12T10:42:44Z" level=info msg="Creating new TLS secret for harvester-system/harvester-node-manager-webhook-tls (count: 1): map[listener.cattle.io/cn-harvester-node-manager-webhook.har-ef92b8:harvester-node-manager-webhook.harvester-system.svc listener.cattle.io/fingerprint:SHA1=1D13AE2CD1D79FA0EF5F61FD23B819993352CEBB]"
2026-06-12T10:42:44.991702687Z time="2026-06-12T10:42:44Z" level=info msg="Active TLS secret harvester-system/harvester-node-manager-webhook-tls (ver=4925) (count 1): map[listener.cattle.io/cn-harvester-node-manager-webhook.har-ef92b8:harvester-node-manager-webhook.harvester-system.svc listener.cattle.io/fingerprint:SHA1=1D13AE2CD1D79FA0EF5F61FD23B819993352CEBB]"
2026-06-12T10:42:46.104345194Z time="2026-06-12T10:42:46Z" level=info msg="Starting /v1, Kind=Secret controller"
2026-06-12T10:42:46.104551787Z time="2026-06-12T10:42:46Z" level=info msg="Starting apiregistration.k8s.io/v1, Kind=APIService controller"
2026-06-12T10:42:46.104722709Z time="2026-06-12T10:42:46Z" level=info msg="Starting apiextensions.k8s.io/v1, Kind=CustomResourceDefinition controller"
2026-06-12T10:42:46.104950257Z time="2026-06-12T10:42:46Z" level=info msg="Sleeping for 15 seconds then applying webhook config"
2026-06-12T10:42:46.120029641Z time="2026-06-12T10:42:46Z" level=info msg="Updating TLS secret for harvester-system/harvester-node-manager-webhook-tls (count: 1): map[listener.cattle.io/cn-harvester-node-manager-webhook.har-ef92b8:harvester-node-manager-webhook.harvester-system.svc listener.cattle.io/fingerprint:SHA1=1D13AE2CD1D79FA0EF5F61FD23B819993352CEBB]"
2026-06-12T10:42:48.736503547Z W0612 10:42:48.736389       1 gvks.go:80] Failed to read API for groups: map[upload.cdi.kubevirt.io/v1beta1:stale GroupVersion discovery: upload.cdi.kubevirt.io/v1beta1]
2026-06-12T10:42:49.900501507Z W0612 10:42:49.900384       1 gvks.go:80] Failed to read API for groups: map[upload.cdi.kubevirt.io/v1beta1:stale GroupVersion discovery: upload.cdi.kubevirt.io/v1beta1]
2026-06-12T10:43:28.788266424Z W0612 10:43:28.788073       1 gvks.go:80] Failed to read API for groups: map[subresources.kubevirt.io/v1:stale GroupVersion discovery: subresources.kubevirt.io/v1 subresources.kubevirt.io/v1alpha3:stale GroupVersion discovery: subresources.kubevirt.io/v1alpha3]
2026-06-12T10:44:05.355806051Z W0612 10:44:05.355699       1 gvks.go:80] Failed to read API for groups: map[ext.cattle.io/v1:stale GroupVersion discovery: ext.cattle.io/v1 subresources.kubevirt.io/v1:stale GroupVersion discovery: subresources.kubevirt.io/v1 subresources.kubevirt.io/v1alpha3:stale GroupVersion discovery: subresources.kubevirt.io/v1alpha3]
2026-06-12T10:44:06.167449656Z W0612 10:44:06.167321       1 gvks.go:80] Failed to read API for groups: map[ext.cattle.io/v1:stale GroupVersion discovery: ext.cattle.io/v1]
2026-06-12T10:44:08.114179549Z W0612 10:44:08.114056       1 gvks.go:80] Failed to read API for groups: map[ext.cattle.io/v1:stale GroupVersion discovery: ext.cattle.io/v1]
2026-06-12T10:44:09.092230744Z W0612 10:44:09.092084       1 gvks.go:80] Failed to read API for groups: map[ext.cattle.io/v1:stale GroupVersion discovery: ext.cattle.io/v1]
2026-06-12T10:44:09.217285826Z W0612 10:44:09.217158       1 gvks.go:80] Failed to read API for groups: map[ext.cattle.io/v1:stale GroupVersion discovery: ext.cattle.io/v1]
2026-06-12T10:44:09.245541149Z W0612 10:44:09.245411       1 gvks.go:80] Failed to read API for groups: map[ext.cattle.io/v1:stale GroupVersion discovery: ext.cattle.io/v1]
2026-06-12T10:44:09.567599402Z W0612 10:44:09.567490       1 gvks.go:80] Failed to read API for groups: map[ext.cattle.io/v1:stale GroupVersion discovery: ext.cattle.io/v1]
2026-06-12T10:44:09.637057259Z W0612 10:44:09.636951       1 gvks.go:80] Failed to read API for groups: map[ext.cattle.io/v1:stale GroupVersion discovery: ext.cattle.io/v1]
2026-06-12T10:44:09.738155218Z W0612 10:44:09.738057       1 gvks.go:80] Failed to read API for groups: map[ext.cattle.io/v1:stale GroupVersion discovery: ext.cattle.io/v1]
2026-06-12T10:44:09.759675558Z W0612 10:44:09.759537       1 gvks.go:80] Failed to read API for groups: map[ext.cattle.io/v1:stale GroupVersion discovery: ext.cattle.io/v1]
2026-06-12T10:44:14.763599432Z W0612 10:44:14.763477       1 gvks.go:80] Failed to read API for groups: map[ext.cattle.io/v1:stale GroupVersion discovery: ext.cattle.io/v1]
2026-06-12T10:44:18.768263356Z W0612 10:44:18.768073       1 gvks.go:80] Failed to read API for groups: map[ext.cattle.io/v1:stale GroupVersion discovery: ext.cattle.io/v1]
2026-06-12T10:44:26.961487246Z W0612 10:44:26.961396       1 gvks.go:80] Failed to read API for groups: map[ext.cattle.io/v1:stale GroupVersion discovery: ext.cattle.io/v1]
2026-06-12T10:44:28.214460915Z W0612 10:44:28.214348       1 gvks.go:80] Failed to read API for groups: map[ext.cattle.io/v1:stale GroupVersion discovery: ext.cattle.io/v1]
2026-06-12T11:02:37.280631249Z W0612 11:02:37.280493       1 gvks.go:80] Failed to read API for groups: map[custom.metrics.k8s.io/v1beta1:stale GroupVersion discovery: custom.metrics.k8s.io/v1beta1]
2026-06-12T11:03:07.416774120Z W0612 11:03:07.416683       1 gvks.go:80] Failed to read API for groups: map[custom.metrics.k8s.io/v1beta1:stale GroupVersion discovery: custom.metrics.k8s.io/v1beta1]
2026-06-12T11:05:24.528032111Z W0612 11:05:24.527907       1 gvks.go:80] Failed to read API for groups: map[ext.cattle.io/v1:stale GroupVersion discovery: ext.cattle.io/v1]
2026-06-12T20:42:45.261461031Z time="2026-06-12T20:42:45Z" level=info msg="Sleeping for 15 seconds then applying webhook config"
2026-06-12T20:42:45.264567005Z time="2026-06-12T20:42:45Z" level=info msg="Updating TLS secret for harvester-system/harvester-node-manager-webhook-tls (count: 1): map[listener.cattle.io/cn-harvester-node-manager-webhook.har-ef92b8:harvester-node-manager-webhook.harvester-system.svc listener.cattle.io/fingerprint:SHA1=1D13AE2CD1D79FA0EF5F61FD23B819993352CEBB]"
