2026-06-12T15:45:32.240652925Z time="2026-06-12T15:45:32Z" level=info msg="Starting Harvester Admission Webhook Server version d46887de (d46887de)"
2026-06-12T15:45:32.255773135Z time="2026-06-12T15:45:32Z" level=info msg="add validation handler for [nodes]. (Node)"
2026-06-12T15:45:32.255810685Z time="2026-06-12T15:45:32Z" level=info msg="add validation handler for [persistentvolumeclaims]. (PersistentVolumeClaim)"
2026-06-12T15:45:32.255817232Z time="2026-06-12T15:45:32Z" level=info msg="add validation handler for [volumeremotebackups].harvesterhci.io (VolumeRemoteBackup)"
2026-06-12T15:45:32.255821671Z time="2026-06-12T15:45:32Z" level=info msg="add validation handler for [volumeremoterestores].harvesterhci.io (VolumeRemoteRestore)"
2026-06-12T15:45:32.255827147Z time="2026-06-12T15:45:32Z" level=info msg="add validation handler for [keypairs].harvesterhci.io (KeyPair)"
2026-06-12T15:45:32.255831622Z time="2026-06-12T15:45:32Z" level=info msg="add validation handler for [virtualmachines virtualmachines/status].kubevirt.io (VirtualMachine)"
2026-06-12T15:45:32.255836288Z time="2026-06-12T15:45:32Z" level=info msg="add validation handler for [virtualmachineimages].harvesterhci.io (VirtualMachineImage)"
2026-06-12T15:45:32.255869306Z time="2026-06-12T15:45:32Z" level=info msg="add validation handler for [upgrades].harvesterhci.io (Upgrade)"
2026-06-12T15:45:32.255888075Z time="2026-06-12T15:45:32Z" level=info msg="add validation handler for [virtualmachinebackups].harvesterhci.io (VirtualMachineBackup)"
2026-06-12T15:45:32.255892443Z time="2026-06-12T15:45:32Z" level=info msg="add validation handler for [virtualmachinerestores].harvesterhci.io (VirtualMachineRestore)"
2026-06-12T15:45:32.255896428Z time="2026-06-12T15:45:32Z" level=info msg="add validation handler for [settings].harvesterhci.io (Setting)"
2026-06-12T15:45:32.255901056Z time="2026-06-12T15:45:32Z" level=info msg="add validation handler for [virtualmachinetemplateversions].harvesterhci.io (VirtualMachineTemplateVersion)"
2026-06-12T15:45:32.255929826Z time="2026-06-12T15:45:32Z" level=info msg="add validation handler for [managedcharts].management.cattle.io (ManagedChart)"
2026-06-12T15:45:32.255948054Z time="2026-06-12T15:45:32Z" level=info msg="add validation handler for [bundles].fleet.cattle.io (Bundle)"
2026-06-12T15:45:32.255979547Z time="2026-06-12T15:45:32Z" level=info msg="add validation handler for [bundledeployments].fleet.cattle.io (BundleDeployment)"
2026-06-12T15:45:32.255985281Z time="2026-06-12T15:45:32Z" level=info msg="add validation handler for [storageclasses].storage.k8s.io (StorageClass)"
2026-06-12T15:45:32.255990180Z time="2026-06-12T15:45:32Z" level=info msg="add validation handler for [namespaces]. (Namespace)"
2026-06-12T15:45:32.256000809Z time="2026-06-12T15:45:32Z" level=info msg="add validation handler for [addons].harvesterhci.io (Addon)"
2026-06-12T15:45:32.256005634Z time="2026-06-12T15:45:32Z" level=info msg="add validation handler for [versions].harvesterhci.io (Version)"
2026-06-12T15:45:32.256010106Z time="2026-06-12T15:45:32Z" level=info msg="add validation handler for [volumesnapshots].snapshot.storage.k8s.io (VolumeSnapshot)"
2026-06-12T15:45:32.256020561Z time="2026-06-12T15:45:32Z" level=info msg="add validation handler for [resourcequotas].harvesterhci.io (ResourceQuota)"
2026-06-12T15:45:32.256029876Z time="2026-06-12T15:45:32Z" level=info msg="add validation handler for [schedulevmbackups].harvesterhci.io (ScheduleVMBackup)"
2026-06-12T15:45:32.256034020Z time="2026-06-12T15:45:32Z" level=info msg="add validation handler for [secrets]. (Secret)"
2026-06-12T15:45:32.256061989Z time="2026-06-12T15:45:32Z" level=info msg="add validation handler for [supportbundles].harvesterhci.io (SupportBundle)"
2026-06-12T15:45:32.256117918Z time="2026-06-12T15:45:32Z" level=info msg="add validation handler for [datavolumes].cdi.kubevirt.io (DataVolume)"
2026-06-12T15:45:32.256157020Z time="2026-06-12T15:45:32Z" level=info msg="add validation handler for [deployments].apps (Deployment)"
2026-06-12T15:45:32.256183373Z time="2026-06-12T15:45:32Z" level=info msg="add validation handler for [network-attachment-definitions].k8s.cni.cncf.io (NetworkAttachmentDefinition)"
2026-06-12T15:45:32.256194560Z time="2026-06-12T15:45:32Z" level=info msg="add mutation handler for [persistentvolumeclaims]. (PersistentVolumeClaim)"
2026-06-12T15:45:32.256199142Z time="2026-06-12T15:45:32Z" level=info msg="add mutation handler for [pods]. (Pod)"
2026-06-12T15:45:32.256203650Z time="2026-06-12T15:45:32Z" level=info msg="add mutation handler for [virtualmachinetemplateversions].harvesterhci.io (VirtualMachineTemplateVersion)"
2026-06-12T15:45:32.256212991Z time="2026-06-12T15:45:32Z" level=info msg="add mutation handler for [upgrades].harvesterhci.io (Upgrade)"
2026-06-12T15:45:32.256233405Z time="2026-06-12T15:45:32Z" level=info msg="add mutation handler for [virtualmachines].kubevirt.io (VirtualMachine)"
2026-06-12T15:45:32.256253211Z time="2026-06-12T15:45:32Z" level=info msg="add mutation handler for [virtualmachineinstances].kubevirt.io (VirtualMachineInstance)"
2026-06-12T15:45:32.256263503Z time="2026-06-12T15:45:32Z" level=info msg="add mutation handler for [virtualmachineimages].harvesterhci.io (VirtualMachineImage)"
2026-06-12T15:45:32.256273615Z time="2026-06-12T15:45:32Z" level=info msg="add mutation handler for [virtualmachinebackups].harvesterhci.io (VirtualMachineBackup)"
2026-06-12T15:45:32.256309453Z time="2026-06-12T15:45:32Z" level=info msg="add mutation handler for [storageclasses].storage.k8s.io (StorageClass)"
2026-06-12T15:45:32.261197565Z time="2026-06-12T15:45:32Z" level=info msg="Active TLS secret harvester-system/harvester-webhook-tls (ver=323729) (count 1): map[listener.cattle.io/cn-harvester-webhook.harvester-system.svc:harvester-webhook.harvester-system.svc listener.cattle.io/fingerprint:SHA1=059C8B78EFBCECEC0C277C297023A8FD3E054C83]"
2026-06-12T15:45:32.261385236Z time="2026-06-12T15:45:32Z" level=info msg="Listening on :9443"
2026-06-12T15:45:32.300594070Z I0612 15:45:32.300361       7 warnings.go:110] "Warning: cluster.x-k8s.io/v1beta1 Cluster is deprecated; use cluster.x-k8s.io/v1beta2 Cluster"
2026-06-12T15:45:32.301680863Z I0612 15:45:32.301515       7 warnings.go:110] "Warning: cluster.x-k8s.io/v1beta1 Machine is deprecated; use cluster.x-k8s.io/v1beta2 Machine"
2026-06-12T15:45:32.309590198Z I0612 15:45:32.309391       7 warnings.go:110] "Warning: cluster.x-k8s.io/v1beta1 Cluster is deprecated; use cluster.x-k8s.io/v1beta2 Cluster"
2026-06-12T15:45:32.310739053Z I0612 15:45:32.310622       7 warnings.go:110] "Warning: cluster.x-k8s.io/v1beta1 Machine is deprecated; use cluster.x-k8s.io/v1beta2 Machine"
2026-06-12T15:45:32.312977301Z I0612 15:45:32.312667       7 warnings.go:110] "Warning: v1 Endpoints is deprecated in v1.33+; use discovery.k8s.io/v1 EndpointSlice"
2026-06-12T15:45:32.323462838Z I0612 15:45:32.323295       7 warnings.go:110] "Warning: v1 Endpoints is deprecated in v1.33+; use discovery.k8s.io/v1 EndpointSlice"
2026-06-12T15:45:34.084694454Z time="2026-06-12T15:45:34Z" level=info msg="Starting harvesterhci.io/v1beta1, Kind=VirtualMachineTemplateVersion controller"
2026-06-12T15:45:34.084747331Z time="2026-06-12T15:45:34Z" level=info msg="Starting network.harvesterhci.io/v1beta1, Kind=VlanStatus controller"
2026-06-12T15:45:34.084755331Z time="2026-06-12T15:45:34Z" level=info msg="Starting harvesterhci.io/v1beta1, Kind=VirtualMachineRestore controller"
2026-06-12T15:45:34.084770034Z time="2026-06-12T15:45:34Z" level=info msg="Starting harvesterhci.io/v1beta1, Kind=Addon controller"
2026-06-12T15:45:34.084800470Z time="2026-06-12T15:45:34Z" level=info msg="Starting harvesterhci.io/v1beta1, Kind=VirtualMachineBackup controller"
2026-06-12T15:45:34.084847227Z time="2026-06-12T15:45:34Z" level=info msg="Starting longhorn.io/v1beta2, Kind=Volume controller"
2026-06-12T15:45:34.084959080Z time="2026-06-12T15:45:34Z" level=info msg="Starting /v1, Kind=Endpoints controller"
2026-06-12T15:45:34.085007707Z time="2026-06-12T15:45:34Z" level=info msg="Starting harvesterhci.io/v1beta1, Kind=Upgrade controller"
2026-06-12T15:45:34.085039700Z time="2026-06-12T15:45:34Z" level=info msg="Starting apps/v1, Kind=Deployment controller"
2026-06-12T15:45:34.085156002Z time="2026-06-12T15:45:34Z" level=info msg="Starting snapshot.storage.k8s.io/v1, Kind=VolumeSnapshotClass controller"
2026-06-12T15:45:34.085176138Z time="2026-06-12T15:45:34Z" level=info msg="Starting fleet.cattle.io/v1alpha1, Kind=Cluster controller"
2026-06-12T15:45:34.085196762Z time="2026-06-12T15:45:34Z" level=info msg="Starting logging.banzaicloud.io/v1beta1, Kind=Flow controller"
2026-06-12T15:45:34.085207088Z time="2026-06-12T15:45:34Z" level=info msg="Starting harvesterhci.io/v1beta1, Kind=ScheduleVMBackup controller"
2026-06-12T15:45:34.085297793Z time="2026-06-12T15:45:34Z" level=info msg="Starting /v1, Kind=ResourceQuota controller"
2026-06-12T15:45:34.085371632Z time="2026-06-12T15:45:34Z" level=info msg="Starting harvesterhci.io/v1beta1, Kind=VirtualMachineTemplate controller"
2026-06-12T15:45:34.085526882Z time="2026-06-12T15:45:34Z" level=info msg="Starting /v1, Kind=PersistentVolumeClaim controller"
2026-06-12T15:45:34.085618771Z time="2026-06-12T15:45:34Z" level=info msg="Starting batch/v1, Kind=Job controller"
2026-06-12T15:45:34.085711239Z time="2026-06-12T15:45:34Z" level=info msg="Starting network.harvesterhci.io/v1beta1, Kind=VlanConfig controller"
2026-06-12T15:45:34.085716592Z time="2026-06-12T15:45:34Z" level=info msg="Starting management.cattle.io/v3, Kind=Feature controller"
2026-06-12T15:45:34.085760219Z time="2026-06-12T15:45:34Z" level=info msg="Starting harvesterhci.io/v1beta1, Kind=Setting controller"
2026-06-12T15:45:34.085861933Z time="2026-06-12T15:45:34Z" level=info msg="Starting longhorn.io/v1beta2, Kind=Engine controller"
2026-06-12T15:45:34.086152030Z time="2026-06-12T15:45:34Z" level=info msg="Starting harvesterhci.io/v1beta1, Kind=VirtualMachineImage controller"
2026-06-12T15:45:34.086564948Z time="2026-06-12T15:45:34Z" level=info msg="Starting harvesterhci.io/v1beta1, Kind=UpgradeLog controller"
2026-06-12T15:45:34.086856293Z time="2026-06-12T15:45:34Z" level=info msg="Starting cluster.x-k8s.io/v1beta1, Kind=Cluster controller"
2026-06-12T15:45:34.087640825Z time="2026-06-12T15:45:34Z" level=info msg="Starting logging.banzaicloud.io/v1beta1, Kind=ClusterFlow controller"
2026-06-12T15:45:34.087923560Z time="2026-06-12T15:45:34Z" level=info msg="Starting longhorn.io/v1beta2, Kind=Node controller"
2026-06-12T15:45:34.087939495Z time="2026-06-12T15:45:34Z" level=info msg="Starting harvesterhci.io/v1beta1, Kind=KeyPair controller"
2026-06-12T15:45:34.088127573Z time="2026-06-12T15:45:34Z" level=info msg="Starting /v1, Kind=Secret controller"
2026-06-12T15:45:34.088143565Z time="2026-06-12T15:45:34Z" level=info msg="Starting logging.banzaicloud.io/v1beta1, Kind=ClusterOutput controller"
2026-06-12T15:45:34.088159043Z time="2026-06-12T15:45:34Z" level=info msg="Starting logging.banzaicloud.io/v1beta1, Kind=Output controller"
2026-06-12T15:45:34.088233209Z time="2026-06-12T15:45:34Z" level=info msg="Starting kubevirt.io/v1, Kind=KubeVirt controller"
2026-06-12T15:45:34.088607175Z time="2026-06-12T15:45:34Z" level=info msg="Starting apiregistration.k8s.io/v1, Kind=APIService controller"
2026-06-12T15:45:34.088633025Z time="2026-06-12T15:45:34Z" level=info msg="Sleeping for 15 seconds then applying webhook config"
2026-06-12T15:45:34.088638455Z time="2026-06-12T15:45:34Z" level=info msg="Starting kubevirt.io/v1, Kind=VirtualMachineInstanceMigration controller"
2026-06-12T15:45:34.088675094Z time="2026-06-12T15:45:34Z" level=info msg="Starting harvesterhci.io/v1beta1, Kind=VolumeRemoteBackup controller"
2026-06-12T15:45:34.088776044Z time="2026-06-12T15:45:34Z" level=info msg="Starting kubevirt.io/v1, Kind=VirtualMachine controller"
2026-06-12T15:45:34.089539776Z time="2026-06-12T15:45:34Z" level=info msg="Starting harvesterhci.io/v1beta1, Kind=ResourceQuota controller"
2026-06-12T15:45:34.089813504Z time="2026-06-12T15:45:34Z" level=info msg="Starting /v1, Kind=Node controller"
2026-06-12T15:45:34.090250510Z time="2026-06-12T15:45:34Z" level=info msg="Starting apiextensions.k8s.io/v1, Kind=CustomResourceDefinition controller"
2026-06-12T15:45:34.090280632Z time="2026-06-12T15:45:34Z" level=info msg="Starting /v1, Kind=Pod controller"
2026-06-12T15:45:34.090457216Z time="2026-06-12T15:45:34Z" level=info msg="Starting management.cattle.io/v3, Kind=ManagedChart controller"
2026-06-12T15:45:34.090717912Z time="2026-06-12T15:45:34Z" level=info msg="Starting k8s.cni.cncf.io/v1, Kind=NetworkAttachmentDefinition controller"
2026-06-12T15:45:34.090870419Z time="2026-06-12T15:45:34Z" level=info msg="Starting kubevirt.io/v1, Kind=VirtualMachineInstance controller"
2026-06-12T15:45:34.091147950Z time="2026-06-12T15:45:34Z" level=info msg="Starting harvesterhci.io/v1beta1, Kind=Version controller"
2026-06-12T15:45:34.091817710Z time="2026-06-12T15:45:34Z" level=info msg="Starting cluster.x-k8s.io/v1beta1, Kind=Machine controller"
2026-06-12T15:45:34.091920482Z time="2026-06-12T15:45:34Z" level=info msg="Starting /v1, Kind=Namespace controller"
2026-06-12T15:45:34.091955069Z time="2026-06-12T15:45:34Z" level=info msg="Starting storage.k8s.io/v1, Kind=StorageClass controller"
2026-06-12T15:45:34.092962747Z time="2026-06-12T15:45:34Z" level=info msg="Starting network.harvesterhci.io/v1beta1, Kind=ClusterNetwork controller"
2026-06-12T15:45:34.093598434Z time="2026-06-12T15:45:34Z" level=info msg="Updating TLS secret for harvester-system/harvester-webhook-tls (count: 1): map[listener.cattle.io/cn-harvester-webhook.harvester-system.svc:harvester-webhook.harvester-system.svc listener.cattle.io/fingerprint:SHA1=059C8B78EFBCECEC0C277C297023A8FD3E054C83]"
2026-06-12T15:51:09.311609071Z I0612 15:51:09.311419       7 warnings.go:110] "Warning: cluster.x-k8s.io/v1beta1 Machine is deprecated; use cluster.x-k8s.io/v1beta2 Machine"
2026-06-12T15:53:33.311347810Z I0612 15:53:33.311172       7 warnings.go:110] "Warning: cluster.x-k8s.io/v1beta1 Cluster is deprecated; use cluster.x-k8s.io/v1beta2 Cluster"
2026-06-12T15:55:17.326864295Z I0612 15:55:17.326689       7 warnings.go:110] "Warning: v1 Endpoints is deprecated in v1.33+; use discovery.k8s.io/v1 EndpointSlice"
2026-06-12T15:58:08.314533061Z I0612 15:58:08.314343       7 warnings.go:110] "Warning: cluster.x-k8s.io/v1beta1 Machine is deprecated; use cluster.x-k8s.io/v1beta2 Machine"
2026-06-12T16:02:51.329686422Z I0612 16:02:51.329537       7 warnings.go:110] "Warning: v1 Endpoints is deprecated in v1.33+; use discovery.k8s.io/v1 EndpointSlice"
2026-06-12T16:03:32.313643873Z I0612 16:03:32.313464       7 warnings.go:110] "Warning: cluster.x-k8s.io/v1beta1 Cluster is deprecated; use cluster.x-k8s.io/v1beta2 Cluster"
2026-06-12T16:05:55.317355193Z I0612 16:05:55.317142       7 warnings.go:110] "Warning: cluster.x-k8s.io/v1beta1 Machine is deprecated; use cluster.x-k8s.io/v1beta2 Machine"
2026-06-12T16:11:10.316567713Z I0612 16:11:10.316368       7 warnings.go:110] "Warning: cluster.x-k8s.io/v1beta1 Cluster is deprecated; use cluster.x-k8s.io/v1beta2 Cluster"
2026-06-12T16:11:20.319250193Z I0612 16:11:20.319023       7 warnings.go:110] "Warning: cluster.x-k8s.io/v1beta1 Machine is deprecated; use cluster.x-k8s.io/v1beta2 Machine"
2026-06-12T16:12:26.332783795Z I0612 16:12:26.332620       7 warnings.go:110] "Warning: v1 Endpoints is deprecated in v1.33+; use discovery.k8s.io/v1 EndpointSlice"
2026-06-12T16:17:27.321497857Z I0612 16:17:27.321352       7 warnings.go:110] "Warning: cluster.x-k8s.io/v1beta1 Machine is deprecated; use cluster.x-k8s.io/v1beta2 Machine"
2026-06-12T16:17:45.319580437Z I0612 16:17:45.319409       7 warnings.go:110] "Warning: cluster.x-k8s.io/v1beta1 Cluster is deprecated; use cluster.x-k8s.io/v1beta2 Cluster"
2026-06-12T16:20:30.335802750Z I0612 16:20:30.335587       7 warnings.go:110] "Warning: v1 Endpoints is deprecated in v1.33+; use discovery.k8s.io/v1 EndpointSlice"
2026-06-12T16:23:11.321641042Z I0612 16:23:11.321431       7 warnings.go:110] "Warning: cluster.x-k8s.io/v1beta1 Cluster is deprecated; use cluster.x-k8s.io/v1beta2 Cluster"
2026-06-12T16:24:17.324277754Z I0612 16:24:17.324083       7 warnings.go:110] "Warning: cluster.x-k8s.io/v1beta1 Machine is deprecated; use cluster.x-k8s.io/v1beta2 Machine"
2026-06-12T16:28:11.324784573Z I0612 16:28:11.324546       7 warnings.go:110] "Warning: cluster.x-k8s.io/v1beta1 Cluster is deprecated; use cluster.x-k8s.io/v1beta2 Cluster"
2026-06-12T16:28:18.337927540Z I0612 16:28:18.337784       7 warnings.go:110] "Warning: v1 Endpoints is deprecated in v1.33+; use discovery.k8s.io/v1 EndpointSlice"
2026-06-12T16:31:56.327217825Z I0612 16:31:56.327030       7 warnings.go:110] "Warning: cluster.x-k8s.io/v1beta1 Machine is deprecated; use cluster.x-k8s.io/v1beta2 Machine"
2026-06-12T16:34:01.340632976Z I0612 16:34:01.340447       7 warnings.go:110] "Warning: v1 Endpoints is deprecated in v1.33+; use discovery.k8s.io/v1 EndpointSlice"
2026-06-12T16:38:03.326657630Z I0612 16:38:03.326445       7 warnings.go:110] "Warning: cluster.x-k8s.io/v1beta1 Cluster is deprecated; use cluster.x-k8s.io/v1beta2 Cluster"
2026-06-12T16:39:57.343871326Z I0612 16:39:57.343699       7 warnings.go:110] "Warning: v1 Endpoints is deprecated in v1.33+; use discovery.k8s.io/v1 EndpointSlice"
2026-06-12T16:40:53.329355634Z I0612 16:40:53.329119       7 warnings.go:110] "Warning: cluster.x-k8s.io/v1beta1 Machine is deprecated; use cluster.x-k8s.io/v1beta2 Machine"
2026-06-12T16:45:12.329236018Z I0612 16:45:12.328914       7 warnings.go:110] "Warning: cluster.x-k8s.io/v1beta1 Cluster is deprecated; use cluster.x-k8s.io/v1beta2 Cluster"
2026-06-12T16:48:49.346039769Z I0612 16:48:49.345841       7 warnings.go:110] "Warning: v1 Endpoints is deprecated in v1.33+; use discovery.k8s.io/v1 EndpointSlice"
2026-06-12T16:49:59.332259212Z I0612 16:49:59.332034       7 warnings.go:110] "Warning: cluster.x-k8s.io/v1beta1 Machine is deprecated; use cluster.x-k8s.io/v1beta2 Machine"
2026-06-12T16:54:07.331899174Z I0612 16:54:07.331691       7 warnings.go:110] "Warning: cluster.x-k8s.io/v1beta1 Cluster is deprecated; use cluster.x-k8s.io/v1beta2 Cluster"
2026-06-12T16:57:19.334634441Z I0612 16:57:19.334440       7 warnings.go:110] "Warning: cluster.x-k8s.io/v1beta1 Machine is deprecated; use cluster.x-k8s.io/v1beta2 Machine"
2026-06-12T16:57:50.349232919Z I0612 16:57:50.349015       7 warnings.go:110] "Warning: v1 Endpoints is deprecated in v1.33+; use discovery.k8s.io/v1 EndpointSlice"
2026-06-12T16:59:17.334813254Z I0612 16:59:17.334655       7 warnings.go:110] "Warning: cluster.x-k8s.io/v1beta1 Cluster is deprecated; use cluster.x-k8s.io/v1beta2 Cluster"
2026-06-12T17:04:15.337152938Z I0612 17:04:15.336931       7 warnings.go:110] "Warning: cluster.x-k8s.io/v1beta1 Machine is deprecated; use cluster.x-k8s.io/v1beta2 Machine"
2026-06-12T17:04:54.336880383Z I0612 17:04:54.336707       7 warnings.go:110] "Warning: cluster.x-k8s.io/v1beta1 Cluster is deprecated; use cluster.x-k8s.io/v1beta2 Cluster"
2026-06-12T17:06:44.352767668Z I0612 17:06:44.352444       7 warnings.go:110] "Warning: v1 Endpoints is deprecated in v1.33+; use discovery.k8s.io/v1 EndpointSlice"
2026-06-12T17:10:06.340217143Z I0612 17:10:06.340053       7 warnings.go:110] "Warning: cluster.x-k8s.io/v1beta1 Cluster is deprecated; use cluster.x-k8s.io/v1beta2 Cluster"
2026-06-12T17:12:06.339756562Z I0612 17:12:06.339535       7 warnings.go:110] "Warning: cluster.x-k8s.io/v1beta1 Machine is deprecated; use cluster.x-k8s.io/v1beta2 Machine"
2026-06-12T17:15:26.355180486Z I0612 17:15:26.354952       7 warnings.go:110] "Warning: v1 Endpoints is deprecated in v1.33+; use discovery.k8s.io/v1 EndpointSlice"
2026-06-12T17:19:47.342187173Z I0612 17:19:47.342004       7 warnings.go:110] "Warning: cluster.x-k8s.io/v1beta1 Cluster is deprecated; use cluster.x-k8s.io/v1beta2 Cluster"
2026-06-12T17:20:16.341351616Z I0612 17:20:16.341242       7 warnings.go:110] "Warning: cluster.x-k8s.io/v1beta1 Machine is deprecated; use cluster.x-k8s.io/v1beta2 Machine"
2026-06-12T17:24:00.358132011Z I0612 17:24:00.357953       7 warnings.go:110] "Warning: v1 Endpoints is deprecated in v1.33+; use discovery.k8s.io/v1 EndpointSlice"
2026-06-12T17:29:00.344418178Z I0612 17:29:00.344223       7 warnings.go:110] "Warning: cluster.x-k8s.io/v1beta1 Machine is deprecated; use cluster.x-k8s.io/v1beta2 Machine"
2026-06-12T17:29:14.344643271Z I0612 17:29:14.344433       7 warnings.go:110] "Warning: cluster.x-k8s.io/v1beta1 Cluster is deprecated; use cluster.x-k8s.io/v1beta2 Cluster"
2026-06-12T17:31:23.359941842Z I0612 17:31:23.359657       7 warnings.go:110] "Warning: v1 Endpoints is deprecated in v1.33+; use discovery.k8s.io/v1 EndpointSlice"
2026-06-12T17:34:55.346866056Z I0612 17:34:55.346638       7 warnings.go:110] "Warning: cluster.x-k8s.io/v1beta1 Machine is deprecated; use cluster.x-k8s.io/v1beta2 Machine"
2026-06-12T17:35:00.347680081Z I0612 17:35:00.347406       7 warnings.go:110] "Warning: cluster.x-k8s.io/v1beta1 Cluster is deprecated; use cluster.x-k8s.io/v1beta2 Cluster"
2026-06-12T17:37:09.362602762Z I0612 17:37:09.362388       7 warnings.go:110] "Warning: v1 Endpoints is deprecated in v1.33+; use discovery.k8s.io/v1 EndpointSlice"
2026-06-12T17:41:43.349311982Z I0612 17:41:43.349094       7 warnings.go:110] "Warning: cluster.x-k8s.io/v1beta1 Machine is deprecated; use cluster.x-k8s.io/v1beta2 Machine"
2026-06-12T17:44:00.366011179Z I0612 17:44:00.365810       7 warnings.go:110] "Warning: v1 Endpoints is deprecated in v1.33+; use discovery.k8s.io/v1 EndpointSlice"
2026-06-12T17:44:45.349415259Z I0612 17:44:45.349217       7 warnings.go:110] "Warning: cluster.x-k8s.io/v1beta1 Cluster is deprecated; use cluster.x-k8s.io/v1beta2 Cluster"
2026-06-12T17:50:42.351985583Z I0612 17:50:42.351777       7 warnings.go:110] "Warning: cluster.x-k8s.io/v1beta1 Machine is deprecated; use cluster.x-k8s.io/v1beta2 Machine"
2026-06-12T17:51:32.352419565Z I0612 17:51:32.352201       7 warnings.go:110] "Warning: cluster.x-k8s.io/v1beta1 Cluster is deprecated; use cluster.x-k8s.io/v1beta2 Cluster"
2026-06-12T17:53:41.368522581Z I0612 17:53:41.368260       7 warnings.go:110] "Warning: v1 Endpoints is deprecated in v1.33+; use discovery.k8s.io/v1 EndpointSlice"
2026-06-12T17:57:46.355023416Z I0612 17:57:46.354807       7 warnings.go:110] "Warning: cluster.x-k8s.io/v1beta1 Cluster is deprecated; use cluster.x-k8s.io/v1beta2 Cluster"
2026-06-12T17:59:39.354141775Z I0612 17:59:39.353928       7 warnings.go:110] "Warning: cluster.x-k8s.io/v1beta1 Machine is deprecated; use cluster.x-k8s.io/v1beta2 Machine"
2026-06-12T18:03:08.357541384Z I0612 18:03:08.357393       7 warnings.go:110] "Warning: cluster.x-k8s.io/v1beta1 Cluster is deprecated; use cluster.x-k8s.io/v1beta2 Cluster"
2026-06-12T18:03:26.370653259Z I0612 18:03:26.370416       7 warnings.go:110] "Warning: v1 Endpoints is deprecated in v1.33+; use discovery.k8s.io/v1 EndpointSlice"
2026-06-12T18:05:54.357057715Z I0612 18:05:54.356805       7 warnings.go:110] "Warning: cluster.x-k8s.io/v1beta1 Machine is deprecated; use cluster.x-k8s.io/v1beta2 Machine"
2026-06-12T18:10:40.360429263Z I0612 18:10:40.360199       7 warnings.go:110] "Warning: cluster.x-k8s.io/v1beta1 Cluster is deprecated; use cluster.x-k8s.io/v1beta2 Cluster"
2026-06-12T18:11:17.373940520Z I0612 18:11:17.373744       7 warnings.go:110] "Warning: v1 Endpoints is deprecated in v1.33+; use discovery.k8s.io/v1 EndpointSlice"
2026-06-12T18:14:21.359175876Z I0612 18:14:21.358987       7 warnings.go:110] "Warning: cluster.x-k8s.io/v1beta1 Machine is deprecated; use cluster.x-k8s.io/v1beta2 Machine"
2026-06-12T18:18:38.363162392Z I0612 18:18:38.363005       7 warnings.go:110] "Warning: cluster.x-k8s.io/v1beta1 Cluster is deprecated; use cluster.x-k8s.io/v1beta2 Cluster"
2026-06-12T18:19:42.376707688Z I0612 18:19:42.376562       7 warnings.go:110] "Warning: v1 Endpoints is deprecated in v1.33+; use discovery.k8s.io/v1 EndpointSlice"
2026-06-12T18:20:50.360900493Z I0612 18:20:50.360724       7 warnings.go:110] "Warning: cluster.x-k8s.io/v1beta1 Machine is deprecated; use cluster.x-k8s.io/v1beta2 Machine"
2026-06-12T18:24:58.366180696Z I0612 18:24:58.365962       7 warnings.go:110] "Warning: cluster.x-k8s.io/v1beta1 Cluster is deprecated; use cluster.x-k8s.io/v1beta2 Cluster"
2026-06-12T18:28:01.379753516Z I0612 18:28:01.379567       7 warnings.go:110] "Warning: v1 Endpoints is deprecated in v1.33+; use discovery.k8s.io/v1 EndpointSlice"
2026-06-12T18:28:50.362924605Z I0612 18:28:50.362745       7 warnings.go:110] "Warning: cluster.x-k8s.io/v1beta1 Machine is deprecated; use cluster.x-k8s.io/v1beta2 Machine"
2026-06-12T18:30:32.368001366Z I0612 18:30:32.367823       7 warnings.go:110] "Warning: cluster.x-k8s.io/v1beta1 Cluster is deprecated; use cluster.x-k8s.io/v1beta2 Cluster"
2026-06-12T18:35:17.381851555Z I0612 18:35:17.381693       7 warnings.go:110] "Warning: v1 Endpoints is deprecated in v1.33+; use discovery.k8s.io/v1 EndpointSlice"
2026-06-12T18:35:48.369984139Z I0612 18:35:48.369824       7 warnings.go:110] "Warning: cluster.x-k8s.io/v1beta1 Cluster is deprecated; use cluster.x-k8s.io/v1beta2 Cluster"
2026-06-12T18:35:54.365019593Z I0612 18:35:54.364828       7 warnings.go:110] "Warning: cluster.x-k8s.io/v1beta1 Machine is deprecated; use cluster.x-k8s.io/v1beta2 Machine"
2026-06-12T18:44:28.385071466Z I0612 18:44:28.384494       7 warnings.go:110] "Warning: v1 Endpoints is deprecated in v1.33+; use discovery.k8s.io/v1 EndpointSlice"
2026-06-12T18:44:35.367755525Z I0612 18:44:35.367552       7 warnings.go:110] "Warning: cluster.x-k8s.io/v1beta1 Machine is deprecated; use cluster.x-k8s.io/v1beta2 Machine"
2026-06-12T18:45:33.371930776Z I0612 18:45:33.371707       7 warnings.go:110] "Warning: cluster.x-k8s.io/v1beta1 Cluster is deprecated; use cluster.x-k8s.io/v1beta2 Cluster"
2026-06-12T18:50:00.369740830Z I0612 18:50:00.369552       7 warnings.go:110] "Warning: cluster.x-k8s.io/v1beta1 Machine is deprecated; use cluster.x-k8s.io/v1beta2 Machine"
2026-06-12T18:52:45.387121413Z I0612 18:52:45.386885       7 warnings.go:110] "Warning: v1 Endpoints is deprecated in v1.33+; use discovery.k8s.io/v1 EndpointSlice"
2026-06-12T18:55:27.374775703Z I0612 18:55:27.374590       7 warnings.go:110] "Warning: cluster.x-k8s.io/v1beta1 Cluster is deprecated; use cluster.x-k8s.io/v1beta2 Cluster"
2026-06-12T18:59:54.371816781Z I0612 18:59:54.371582       7 warnings.go:110] "Warning: cluster.x-k8s.io/v1beta1 Machine is deprecated; use cluster.x-k8s.io/v1beta2 Machine"
2026-06-12T19:00:02.388971093Z I0612 19:00:02.388793       7 warnings.go:110] "Warning: v1 Endpoints is deprecated in v1.33+; use discovery.k8s.io/v1 EndpointSlice"
2026-06-12T19:03:46.377095590Z I0612 19:03:46.376888       7 warnings.go:110] "Warning: cluster.x-k8s.io/v1beta1 Cluster is deprecated; use cluster.x-k8s.io/v1beta2 Cluster"
2026-06-12T19:08:02.373796766Z I0612 19:08:02.373606       7 warnings.go:110] "Warning: cluster.x-k8s.io/v1beta1 Machine is deprecated; use cluster.x-k8s.io/v1beta2 Machine"
2026-06-12T19:08:28.391564684Z I0612 19:08:28.391374       7 warnings.go:110] "Warning: v1 Endpoints is deprecated in v1.33+; use discovery.k8s.io/v1 EndpointSlice"
2026-06-12T19:09:18.378421808Z I0612 19:09:18.378231       7 warnings.go:110] "Warning: cluster.x-k8s.io/v1beta1 Cluster is deprecated; use cluster.x-k8s.io/v1beta2 Cluster"
2026-06-12T19:14:40.376400116Z I0612 19:14:40.376195       7 warnings.go:110] "Warning: cluster.x-k8s.io/v1beta1 Machine is deprecated; use cluster.x-k8s.io/v1beta2 Machine"
2026-06-12T19:15:24.380818144Z I0612 19:15:24.380635       7 warnings.go:110] "Warning: cluster.x-k8s.io/v1beta1 Cluster is deprecated; use cluster.x-k8s.io/v1beta2 Cluster"
2026-06-12T19:16:43.394611506Z I0612 19:16:43.394387       7 warnings.go:110] "Warning: v1 Endpoints is deprecated in v1.33+; use discovery.k8s.io/v1 EndpointSlice"
2026-06-12T19:23:04.382582613Z I0612 19:23:04.382385       7 warnings.go:110] "Warning: cluster.x-k8s.io/v1beta1 Cluster is deprecated; use cluster.x-k8s.io/v1beta2 Cluster"
2026-06-12T19:23:22.378849280Z I0612 19:23:22.378601       7 warnings.go:110] "Warning: cluster.x-k8s.io/v1beta1 Machine is deprecated; use cluster.x-k8s.io/v1beta2 Machine"
2026-06-12T19:24:21.397400764Z I0612 19:24:21.397219       7 warnings.go:110] "Warning: v1 Endpoints is deprecated in v1.33+; use discovery.k8s.io/v1 EndpointSlice"
2026-06-12T19:28:53.384396137Z I0612 19:28:53.384205       7 warnings.go:110] "Warning: cluster.x-k8s.io/v1beta1 Cluster is deprecated; use cluster.x-k8s.io/v1beta2 Cluster"
2026-06-12T19:31:19.381301873Z I0612 19:31:19.381090       7 warnings.go:110] "Warning: cluster.x-k8s.io/v1beta1 Machine is deprecated; use cluster.x-k8s.io/v1beta2 Machine"
2026-06-12T19:31:47.399756112Z I0612 19:31:47.399529       7 warnings.go:110] "Warning: v1 Endpoints is deprecated in v1.33+; use discovery.k8s.io/v1 EndpointSlice"
2026-06-12T19:37:56.387044399Z I0612 19:37:56.386875       7 warnings.go:110] "Warning: cluster.x-k8s.io/v1beta1 Cluster is deprecated; use cluster.x-k8s.io/v1beta2 Cluster"
2026-06-12T19:38:10.401684982Z I0612 19:38:10.401499       7 warnings.go:110] "Warning: v1 Endpoints is deprecated in v1.33+; use discovery.k8s.io/v1 EndpointSlice"
2026-06-12T19:41:15.383979794Z I0612 19:41:15.383788       7 warnings.go:110] "Warning: cluster.x-k8s.io/v1beta1 Machine is deprecated; use cluster.x-k8s.io/v1beta2 Machine"
2026-06-12T19:43:18.390286436Z I0612 19:43:18.390058       7 warnings.go:110] "Warning: cluster.x-k8s.io/v1beta1 Cluster is deprecated; use cluster.x-k8s.io/v1beta2 Cluster"
2026-06-12T19:47:39.403354988Z I0612 19:47:39.403147       7 warnings.go:110] "Warning: v1 Endpoints is deprecated in v1.33+; use discovery.k8s.io/v1 EndpointSlice"
2026-06-12T19:49:09.392151520Z I0612 19:49:09.391917       7 warnings.go:110] "Warning: cluster.x-k8s.io/v1beta1 Cluster is deprecated; use cluster.x-k8s.io/v1beta2 Cluster"
2026-06-12T19:51:01.386797894Z I0612 19:51:01.386592       7 warnings.go:110] "Warning: cluster.x-k8s.io/v1beta1 Machine is deprecated; use cluster.x-k8s.io/v1beta2 Machine"
2026-06-12T19:53:49.406531770Z I0612 19:53:49.406351       7 warnings.go:110] "Warning: v1 Endpoints is deprecated in v1.33+; use discovery.k8s.io/v1 EndpointSlice"
2026-06-12T19:54:58.395344893Z I0612 19:54:58.395178       7 warnings.go:110] "Warning: cluster.x-k8s.io/v1beta1 Cluster is deprecated; use cluster.x-k8s.io/v1beta2 Cluster"
2026-06-12T19:57:14.390316253Z I0612 19:57:14.390097       7 warnings.go:110] "Warning: cluster.x-k8s.io/v1beta1 Machine is deprecated; use cluster.x-k8s.io/v1beta2 Machine"
2026-06-12T20:00:46.397739231Z I0612 20:00:46.397475       7 warnings.go:110] "Warning: cluster.x-k8s.io/v1beta1 Cluster is deprecated; use cluster.x-k8s.io/v1beta2 Cluster"
2026-06-12T20:00:56.409197621Z I0612 20:00:56.408946       7 warnings.go:110] "Warning: v1 Endpoints is deprecated in v1.33+; use discovery.k8s.io/v1 EndpointSlice"
2026-06-12T20:03:33.392525197Z I0612 20:03:33.392264       7 warnings.go:110] "Warning: cluster.x-k8s.io/v1beta1 Machine is deprecated; use cluster.x-k8s.io/v1beta2 Machine"
2026-06-12T20:07:17.399759886Z I0612 20:07:17.399576       7 warnings.go:110] "Warning: cluster.x-k8s.io/v1beta1 Cluster is deprecated; use cluster.x-k8s.io/v1beta2 Cluster"
2026-06-12T20:07:34.411438035Z I0612 20:07:34.411236       7 warnings.go:110] "Warning: v1 Endpoints is deprecated in v1.33+; use discovery.k8s.io/v1 EndpointSlice"
2026-06-12T20:10:16.395799789Z I0612 20:10:16.395609       7 warnings.go:110] "Warning: cluster.x-k8s.io/v1beta1 Machine is deprecated; use cluster.x-k8s.io/v1beta2 Machine"
2026-06-12T20:12:38.402665367Z I0612 20:12:38.402445       7 warnings.go:110] "Warning: cluster.x-k8s.io/v1beta1 Cluster is deprecated; use cluster.x-k8s.io/v1beta2 Cluster"
2026-06-12T20:13:28.414457640Z I0612 20:13:28.414235       7 warnings.go:110] "Warning: v1 Endpoints is deprecated in v1.33+; use discovery.k8s.io/v1 EndpointSlice"
2026-06-12T20:19:36.397255494Z I0612 20:19:36.396992       7 warnings.go:110] "Warning: cluster.x-k8s.io/v1beta1 Machine is deprecated; use cluster.x-k8s.io/v1beta2 Machine"
2026-06-12T20:20:08.404897290Z I0612 20:20:08.404710       7 warnings.go:110] "Warning: cluster.x-k8s.io/v1beta1 Cluster is deprecated; use cluster.x-k8s.io/v1beta2 Cluster"
2026-06-12T20:21:46.416934364Z I0612 20:21:46.416724       7 warnings.go:110] "Warning: v1 Endpoints is deprecated in v1.33+; use discovery.k8s.io/v1 EndpointSlice"
2026-06-12T20:26:04.406872893Z I0612 20:26:04.406679       7 warnings.go:110] "Warning: cluster.x-k8s.io/v1beta1 Cluster is deprecated; use cluster.x-k8s.io/v1beta2 Cluster"
2026-06-12T20:28:40.398907953Z I0612 20:28:40.398693       7 warnings.go:110] "Warning: cluster.x-k8s.io/v1beta1 Machine is deprecated; use cluster.x-k8s.io/v1beta2 Machine"
2026-06-12T20:28:59.419927068Z I0612 20:28:59.419675       7 warnings.go:110] "Warning: v1 Endpoints is deprecated in v1.33+; use discovery.k8s.io/v1 EndpointSlice"
2026-06-12T20:33:59.408998677Z I0612 20:33:59.408776       7 warnings.go:110] "Warning: cluster.x-k8s.io/v1beta1 Cluster is deprecated; use cluster.x-k8s.io/v1beta2 Cluster"
2026-06-12T20:37:45.401963883Z I0612 20:37:45.401771       7 warnings.go:110] "Warning: cluster.x-k8s.io/v1beta1 Machine is deprecated; use cluster.x-k8s.io/v1beta2 Machine"
2026-06-12T20:38:07.422389802Z I0612 20:38:07.422174       7 warnings.go:110] "Warning: v1 Endpoints is deprecated in v1.33+; use discovery.k8s.io/v1 EndpointSlice"
2026-06-12T20:39:48.410886284Z I0612 20:39:48.410704       7 warnings.go:110] "Warning: cluster.x-k8s.io/v1beta1 Cluster is deprecated; use cluster.x-k8s.io/v1beta2 Cluster"
2026-06-12T20:43:18.405111557Z I0612 20:43:18.404772       7 warnings.go:110] "Warning: cluster.x-k8s.io/v1beta1 Machine is deprecated; use cluster.x-k8s.io/v1beta2 Machine"
2026-06-12T20:44:24.424372948Z I0612 20:44:24.424146       7 warnings.go:110] "Warning: v1 Endpoints is deprecated in v1.33+; use discovery.k8s.io/v1 EndpointSlice"
2026-06-12T20:46:45.414242189Z I0612 20:46:45.414071       7 warnings.go:110] "Warning: cluster.x-k8s.io/v1beta1 Cluster is deprecated; use cluster.x-k8s.io/v1beta2 Cluster"
2026-06-12T20:50:41.427314465Z I0612 20:50:41.427124       7 warnings.go:110] "Warning: v1 Endpoints is deprecated in v1.33+; use discovery.k8s.io/v1 EndpointSlice"
2026-06-12T20:51:38.407708865Z I0612 20:51:38.407500       7 warnings.go:110] "Warning: cluster.x-k8s.io/v1beta1 Machine is deprecated; use cluster.x-k8s.io/v1beta2 Machine"
2026-06-12T20:55:18.416933924Z I0612 20:55:18.416745       7 warnings.go:110] "Warning: cluster.x-k8s.io/v1beta1 Cluster is deprecated; use cluster.x-k8s.io/v1beta2 Cluster"
2026-06-12T20:55:53.429568128Z I0612 20:55:53.429356       7 warnings.go:110] "Warning: v1 Endpoints is deprecated in v1.33+; use discovery.k8s.io/v1 EndpointSlice"
2026-06-12T20:58:22.409926688Z I0612 20:58:22.409728       7 warnings.go:110] "Warning: cluster.x-k8s.io/v1beta1 Machine is deprecated; use cluster.x-k8s.io/v1beta2 Machine"
2026-06-12T21:04:30.411863538Z I0612 21:04:30.411670       7 warnings.go:110] "Warning: cluster.x-k8s.io/v1beta1 Machine is deprecated; use cluster.x-k8s.io/v1beta2 Machine"
2026-06-12T21:04:30.418531375Z I0612 21:04:30.418317       7 warnings.go:110] "Warning: cluster.x-k8s.io/v1beta1 Cluster is deprecated; use cluster.x-k8s.io/v1beta2 Cluster"
2026-06-12T21:05:47.432004048Z I0612 21:05:47.431707       7 warnings.go:110] "Warning: v1 Endpoints is deprecated in v1.33+; use discovery.k8s.io/v1 EndpointSlice"
2026-06-12T21:11:32.434099257Z I0612 21:11:32.433899       7 warnings.go:110] "Warning: v1 Endpoints is deprecated in v1.33+; use discovery.k8s.io/v1 EndpointSlice"
2026-06-12T21:13:31.414111183Z I0612 21:13:31.413899       7 warnings.go:110] "Warning: cluster.x-k8s.io/v1beta1 Machine is deprecated; use cluster.x-k8s.io/v1beta2 Machine"
2026-06-12T21:13:46.421827400Z I0612 21:13:46.421581       7 warnings.go:110] "Warning: cluster.x-k8s.io/v1beta1 Cluster is deprecated; use cluster.x-k8s.io/v1beta2 Cluster"
2026-06-12T21:19:24.436766425Z I0612 21:19:24.436572       7 warnings.go:110] "Warning: v1 Endpoints is deprecated in v1.33+; use discovery.k8s.io/v1 EndpointSlice"
2026-06-12T21:20:13.424286206Z I0612 21:20:13.424103       7 warnings.go:110] "Warning: cluster.x-k8s.io/v1beta1 Cluster is deprecated; use cluster.x-k8s.io/v1beta2 Cluster"
2026-06-12T21:22:02.415782376Z I0612 21:22:02.415597       7 warnings.go:110] "Warning: cluster.x-k8s.io/v1beta1 Machine is deprecated; use cluster.x-k8s.io/v1beta2 Machine"
2026-06-12T21:25:09.440044000Z I0612 21:25:09.439830       7 warnings.go:110] "Warning: v1 Endpoints is deprecated in v1.33+; use discovery.k8s.io/v1 EndpointSlice"
2026-06-12T21:28:25.427006404Z I0612 21:28:25.426773       7 warnings.go:110] "Warning: cluster.x-k8s.io/v1beta1 Cluster is deprecated; use cluster.x-k8s.io/v1beta2 Cluster"
2026-06-12T21:31:50.418472135Z I0612 21:31:50.418270       7 warnings.go:110] "Warning: cluster.x-k8s.io/v1beta1 Machine is deprecated; use cluster.x-k8s.io/v1beta2 Machine"
2026-06-12T21:33:12.444053565Z I0612 21:33:12.443838       7 warnings.go:110] "Warning: v1 Endpoints is deprecated in v1.33+; use discovery.k8s.io/v1 EndpointSlice"
2026-06-12T21:34:20.429808041Z I0612 21:34:20.429620       7 warnings.go:110] "Warning: cluster.x-k8s.io/v1beta1 Cluster is deprecated; use cluster.x-k8s.io/v1beta2 Cluster"
2026-06-12T21:39:19.420644390Z I0612 21:39:19.420473       7 warnings.go:110] "Warning: cluster.x-k8s.io/v1beta1 Machine is deprecated; use cluster.x-k8s.io/v1beta2 Machine"
2026-06-12T21:40:29.433055771Z I0612 21:40:29.432854       7 warnings.go:110] "Warning: cluster.x-k8s.io/v1beta1 Cluster is deprecated; use cluster.x-k8s.io/v1beta2 Cluster"
2026-06-12T21:41:44.446392472Z I0612 21:41:44.446186       7 warnings.go:110] "Warning: v1 Endpoints is deprecated in v1.33+; use discovery.k8s.io/v1 EndpointSlice"
2026-06-12T21:46:59.423043119Z I0612 21:46:59.422824       7 warnings.go:110] "Warning: cluster.x-k8s.io/v1beta1 Machine is deprecated; use cluster.x-k8s.io/v1beta2 Machine"
2026-06-12T21:47:51.436064841Z I0612 21:47:51.435876       7 warnings.go:110] "Warning: cluster.x-k8s.io/v1beta1 Cluster is deprecated; use cluster.x-k8s.io/v1beta2 Cluster"
2026-06-12T21:50:28.449117140Z I0612 21:50:28.448897       7 warnings.go:110] "Warning: v1 Endpoints is deprecated in v1.33+; use discovery.k8s.io/v1 EndpointSlice"
2026-06-12T21:52:31.426417401Z I0612 21:52:31.426205       7 warnings.go:110] "Warning: cluster.x-k8s.io/v1beta1 Machine is deprecated; use cluster.x-k8s.io/v1beta2 Machine"
2026-06-12T21:54:42.438767948Z I0612 21:54:42.438586       7 warnings.go:110] "Warning: cluster.x-k8s.io/v1beta1 Cluster is deprecated; use cluster.x-k8s.io/v1beta2 Cluster"
2026-06-12T21:55:39.451161080Z I0612 21:55:39.450970       7 warnings.go:110] "Warning: v1 Endpoints is deprecated in v1.33+; use discovery.k8s.io/v1 EndpointSlice"
2026-06-12T21:59:38.427893627Z I0612 21:59:38.427715       7 warnings.go:110] "Warning: cluster.x-k8s.io/v1beta1 Machine is deprecated; use cluster.x-k8s.io/v1beta2 Machine"
2026-06-12T22:04:35.440902064Z I0612 22:04:35.440717       7 warnings.go:110] "Warning: cluster.x-k8s.io/v1beta1 Cluster is deprecated; use cluster.x-k8s.io/v1beta2 Cluster"
2026-06-12T22:05:23.452773819Z I0612 22:05:23.452569       7 warnings.go:110] "Warning: v1 Endpoints is deprecated in v1.33+; use discovery.k8s.io/v1 EndpointSlice"
2026-06-12T22:07:32.430066457Z I0612 22:07:32.429854       7 warnings.go:110] "Warning: cluster.x-k8s.io/v1beta1 Machine is deprecated; use cluster.x-k8s.io/v1beta2 Machine"
2026-06-12T22:12:38.443164936Z I0612 22:12:38.442949       7 warnings.go:110] "Warning: cluster.x-k8s.io/v1beta1 Cluster is deprecated; use cluster.x-k8s.io/v1beta2 Cluster"
2026-06-12T22:12:43.455265179Z I0612 22:12:43.455044       7 warnings.go:110] "Warning: v1 Endpoints is deprecated in v1.33+; use discovery.k8s.io/v1 EndpointSlice"
2026-06-12T22:16:14.432148148Z I0612 22:16:14.431959       7 warnings.go:110] "Warning: cluster.x-k8s.io/v1beta1 Machine is deprecated; use cluster.x-k8s.io/v1beta2 Machine"
2026-06-12T22:20:40.446265615Z I0612 22:20:40.446066       7 warnings.go:110] "Warning: cluster.x-k8s.io/v1beta1 Cluster is deprecated; use cluster.x-k8s.io/v1beta2 Cluster"
2026-06-12T22:22:42.458273186Z I0612 22:22:42.458059       7 warnings.go:110] "Warning: v1 Endpoints is deprecated in v1.33+; use discovery.k8s.io/v1 EndpointSlice"
2026-06-12T22:24:47.434971090Z I0612 22:24:47.434782       7 warnings.go:110] "Warning: cluster.x-k8s.io/v1beta1 Machine is deprecated; use cluster.x-k8s.io/v1beta2 Machine"
2026-06-12T22:28:22.449087403Z I0612 22:28:22.448861       7 warnings.go:110] "Warning: cluster.x-k8s.io/v1beta1 Cluster is deprecated; use cluster.x-k8s.io/v1beta2 Cluster"
2026-06-12T22:28:41.460059594Z I0612 22:28:41.459852       7 warnings.go:110] "Warning: v1 Endpoints is deprecated in v1.33+; use discovery.k8s.io/v1 EndpointSlice"
2026-06-12T22:31:30.437585443Z I0612 22:31:30.437333       7 warnings.go:110] "Warning: cluster.x-k8s.io/v1beta1 Machine is deprecated; use cluster.x-k8s.io/v1beta2 Machine"
2026-06-12T22:34:04.462636716Z I0612 22:34:04.462452       7 warnings.go:110] "Warning: v1 Endpoints is deprecated in v1.33+; use discovery.k8s.io/v1 EndpointSlice"
2026-06-12T22:34:42.451634661Z I0612 22:34:42.451404       7 warnings.go:110] "Warning: cluster.x-k8s.io/v1beta1 Cluster is deprecated; use cluster.x-k8s.io/v1beta2 Cluster"
2026-06-12T22:38:25.440129684Z I0612 22:38:25.439915       7 warnings.go:110] "Warning: cluster.x-k8s.io/v1beta1 Machine is deprecated; use cluster.x-k8s.io/v1beta2 Machine"
2026-06-12T22:40:25.464178602Z I0612 22:40:25.464038       7 warnings.go:110] "Warning: v1 Endpoints is deprecated in v1.33+; use discovery.k8s.io/v1 EndpointSlice"
2026-06-12T22:41:38.453252479Z I0612 22:41:38.453056       7 warnings.go:110] "Warning: cluster.x-k8s.io/v1beta1 Cluster is deprecated; use cluster.x-k8s.io/v1beta2 Cluster"
2026-06-12T22:47:30.466877562Z I0612 22:47:30.466659       7 warnings.go:110] "Warning: v1 Endpoints is deprecated in v1.33+; use discovery.k8s.io/v1 EndpointSlice"
2026-06-12T22:47:36.455559073Z I0612 22:47:36.455311       7 warnings.go:110] "Warning: cluster.x-k8s.io/v1beta1 Cluster is deprecated; use cluster.x-k8s.io/v1beta2 Cluster"
2026-06-12T22:47:51.441952633Z I0612 22:47:51.441784       7 warnings.go:110] "Warning: cluster.x-k8s.io/v1beta1 Machine is deprecated; use cluster.x-k8s.io/v1beta2 Machine"
2026-06-12T22:53:13.458961323Z I0612 22:53:13.458780       7 warnings.go:110] "Warning: cluster.x-k8s.io/v1beta1 Cluster is deprecated; use cluster.x-k8s.io/v1beta2 Cluster"
2026-06-12T22:54:17.469625423Z I0612 22:54:17.469440       7 warnings.go:110] "Warning: v1 Endpoints is deprecated in v1.33+; use discovery.k8s.io/v1 EndpointSlice"
2026-06-12T22:56:15.445551352Z I0612 22:56:15.445359       7 warnings.go:110] "Warning: cluster.x-k8s.io/v1beta1 Machine is deprecated; use cluster.x-k8s.io/v1beta2 Machine"
2026-06-12T22:58:28.460537460Z I0612 22:58:28.460282       7 warnings.go:110] "Warning: cluster.x-k8s.io/v1beta1 Cluster is deprecated; use cluster.x-k8s.io/v1beta2 Cluster"
2026-06-12T22:59:40.471719038Z I0612 22:59:40.471511       7 warnings.go:110] "Warning: v1 Endpoints is deprecated in v1.33+; use discovery.k8s.io/v1 EndpointSlice"
2026-06-12T23:03:06.448152456Z I0612 23:03:06.447909       7 warnings.go:110] "Warning: cluster.x-k8s.io/v1beta1 Machine is deprecated; use cluster.x-k8s.io/v1beta2 Machine"
2026-06-12T23:05:01.474061118Z I0612 23:05:01.473821       7 warnings.go:110] "Warning: v1 Endpoints is deprecated in v1.33+; use discovery.k8s.io/v1 EndpointSlice"
2026-06-12T23:05:34.462556746Z I0612 23:05:34.462369       7 warnings.go:110] "Warning: cluster.x-k8s.io/v1beta1 Cluster is deprecated; use cluster.x-k8s.io/v1beta2 Cluster"
2026-06-12T23:10:36.477297378Z I0612 23:10:36.477088       7 warnings.go:110] "Warning: v1 Endpoints is deprecated in v1.33+; use discovery.k8s.io/v1 EndpointSlice"
2026-06-12T23:11:08.464987604Z I0612 23:11:08.464752       7 warnings.go:110] "Warning: cluster.x-k8s.io/v1beta1 Cluster is deprecated; use cluster.x-k8s.io/v1beta2 Cluster"
2026-06-12T23:12:47.451103799Z I0612 23:12:47.450921       7 warnings.go:110] "Warning: cluster.x-k8s.io/v1beta1 Machine is deprecated; use cluster.x-k8s.io/v1beta2 Machine"
