2026-06-12T10:44:17.917495625Z W0612 10:44:17.917297       1 client_config.go:667] Neither --kubeconfig nor --master was specified.  Using the inClusterConfig.  This might not work.
2026-06-12T10:44:17.918909440Z {"component":"virt-controller","level":"info","msg":"STARTING informer CRDInformer","pos":"virtinformers.go:381","timestamp":"2026-06-12T10:44:17.918824Z"}
2026-06-12T10:44:17.918929697Z {"component":"virt-controller","level":"info","msg":"STARTING informer kubeVirtInformer","pos":"virtinformers.go:381","timestamp":"2026-06-12T10:44:17.918862Z"}
2026-06-12T10:44:19.320932946Z {"component":"virt-controller","level":"info","msg":"Updating cluster config from KubeVirt to resource version '7686'","pos":"configuration.go:346","timestamp":"2026-06-12T10:44:19.320839Z"}
2026-06-12T10:44:19.321182409Z {"component":"virt-controller","level":"info","msg":"set log verbosity to 2","pos":"application.go:538","timestamp":"2026-06-12T10:44:19.321097Z"}
2026-06-12T10:44:19.321254163Z {"component":"virt-controller","level":"info","msg":"setting rate limiter to 200 QPS and 400 Burst","pos":"application.go:529","timestamp":"2026-06-12T10:44:19.321160Z"}
2026-06-12T10:44:19.321455307Z {"component":"virt-controller","level":"info","msg":"setting rate limiter to 200 QPS and 400 Burst","pos":"application.go:529","timestamp":"2026-06-12T10:44:19.321358Z"}
2026-06-12T10:44:19.321891732Z {"component":"virt-controller","level":"info","msg":"No DRA FG detected, DRA integration disabled","pos":"application.go:380","timestamp":"2026-06-12T10:44:19.321789Z"}
2026-06-12T10:44:19.321906088Z {"component":"virt-controller","level":"info","msg":"set log verbosity to 2","pos":"application.go:538","timestamp":"2026-06-12T10:44:19.321813Z"}
2026-06-12T10:44:19.321918626Z {"component":"virt-controller","level":"info","msg":"set log verbosity to 2","pos":"application.go:538","timestamp":"2026-06-12T10:44:19.321859Z"}
2026-06-12T10:44:19.321937634Z {"component":"virt-controller","level":"info","msg":"setting rate limiter to 200 QPS and 400 Burst","pos":"application.go:529","timestamp":"2026-06-12T10:44:19.321885Z"}
2026-06-12T10:44:19.322080146Z {"component":"virt-controller","level":"info","msg":"CDI detected, DataVolume integration enabled","pos":"application.go:420","timestamp":"2026-06-12T10:44:19.322022Z"}
2026-06-12T10:44:19.322203709Z {"component":"virt-controller","level":"info","msg":"set log verbosity to 2","pos":"application.go:538","timestamp":"2026-06-12T10:44:19.322139Z"}
2026-06-12T10:44:19.322208265Z {"component":"virt-controller","level":"info","msg":"set log verbosity to 2","pos":"application.go:538","timestamp":"2026-06-12T10:44:19.322124Z"}
2026-06-12T10:44:19.322229497Z {"component":"virt-controller","level":"info","msg":"set log verbosity to 2","pos":"application.go:538","timestamp":"2026-06-12T10:44:19.322185Z"}
2026-06-12T10:44:19.322456397Z {"component":"virt-controller","level":"info","msg":"setting rate limiter to 200 QPS and 400 Burst","pos":"application.go:529","timestamp":"2026-06-12T10:44:19.322306Z"}
2026-06-12T10:44:19.322517828Z {"component":"virt-controller","level":"info","msg":"setting rate limiter to 200 QPS and 400 Burst","pos":"application.go:529","timestamp":"2026-06-12T10:44:19.322477Z"}
2026-06-12T10:44:19.322606573Z {"component":"virt-controller","level":"info","msg":"setting rate limiter to 200 QPS and 400 Burst","pos":"application.go:529","timestamp":"2026-06-12T10:44:19.322552Z"}
2026-06-12T10:44:19.322623329Z {"component":"virt-controller","level":"info","msg":"set log verbosity to 2","pos":"application.go:538","timestamp":"2026-06-12T10:44:19.322563Z"}
2026-06-12T10:44:19.425925812Z {"component":"virt-controller","level":"info","msg":"we are on kubernetes","pos":"application.go:441","timestamp":"2026-06-12T10:44:19.425702Z"}
2026-06-12T10:44:19.426052519Z W0612 10:44:19.426000       1 client_config.go:667] Neither --kubeconfig nor --master was specified.  Using the inClusterConfig.  This might not work.
2026-06-12T10:44:19.427132560Z {"component":"virt-controller","level":"info","msg":"Exporter Image: registry.suse.com/suse/sles/15.7/virt-exportserver:1.7.0-150700.3.21.1","pos":"template.go:1309","timestamp":"2026-06-12T10:44:19.426999Z"}
2026-06-12T10:44:19.428180048Z I0612 10:44:19.428063       1 shared_informer.go:683] "Warning: resync period is smaller than resync check period and the informer has already started. Changing it to the resync check period" resyncPeriod="5m0s" resyncCheckPeriod="15h52m53.94042107s"
2026-06-12T10:44:19.428893666Z {"component":"virt-controller","level":"info","msg":"Updating cluster config from KubeVirt to resource version '7686'","pos":"configuration.go:346","timestamp":"2026-06-12T10:44:19.428783Z"}
2026-06-12T10:44:19.429304295Z W0612 10:44:19.429206       1 client_config.go:667] Neither --kubeconfig nor --master was specified.  Using the inClusterConfig.  This might not work.
2026-06-12T10:44:19.429394003Z {"action":"listening","component":"virt-controller","interface":"0.0.0.0","level":"info","port":8443,"pos":"application.go:551","service":"http","timestamp":"2026-06-12T10:44:19.429241Z"}
2026-06-12T10:44:19.429483347Z {"component":"virt-controller","level":"info","msg":"certificate with common name 'export.kubevirt.io@1781261057' retrieved.","pos":"cert-manager.go:198","timestamp":"2026-06-12T10:44:19.429404Z"}
2026-06-12T10:44:19.429511116Z {"component":"virt-controller","level":"info","msg":"certificate with common name 'virt-controller.harvester-system.pod.cluster.local' retrieved.","pos":"cert-manager.go:198","timestamp":"2026-06-12T10:44:19.429461Z"}
2026-06-12T10:44:19.430349178Z I0612 10:44:19.430269       1 leaderelection.go:257] attempting to acquire leader lease harvester-system/virt-controller...
2026-06-12T10:44:21.499379478Z {"component":"virt-controller","level":"info","msg":"Updating cluster config from KubeVirt to resource version '7851'","pos":"configuration.go:346","timestamp":"2026-06-12T10:44:21.499286Z"}
2026-06-12T10:44:21.499445023Z {"component":"virt-controller","level":"info","msg":"Updating cluster config from KubeVirt to resource version '7851'","pos":"configuration.go:346","timestamp":"2026-06-12T10:44:21.499330Z"}
2026-06-12T10:44:21.499462308Z {"component":"virt-controller","level":"info","msg":"setting rate limiter to 200 QPS and 400 Burst","pos":"application.go:529","timestamp":"2026-06-12T10:44:21.499375Z"}
2026-06-12T10:44:21.499475431Z {"component":"virt-controller","level":"info","msg":"set log verbosity to 2","pos":"application.go:538","timestamp":"2026-06-12T10:44:21.499439Z"}
2026-06-12T10:44:30.909180384Z {"component":"virt-controller","level":"info","msg":"Updating cluster config from KubeVirt to resource version '8005'","pos":"configuration.go:346","timestamp":"2026-06-12T10:44:30.909077Z"}
2026-06-12T10:44:30.909202545Z {"component":"virt-controller","level":"info","msg":"Updating cluster config from KubeVirt to resource version '8005'","pos":"configuration.go:346","timestamp":"2026-06-12T10:44:30.909114Z"}
2026-06-12T10:44:30.909207650Z {"component":"virt-controller","level":"info","msg":"setting rate limiter to 200 QPS and 400 Burst","pos":"application.go:529","timestamp":"2026-06-12T10:44:30.909134Z"}
2026-06-12T10:44:30.909273809Z {"component":"virt-controller","level":"info","msg":"set log verbosity to 2","pos":"application.go:538","timestamp":"2026-06-12T10:44:30.909199Z"}
2026-06-12T10:45:12.232343646Z {"component":"virt-controller","level":"info","msg":"Updating cluster config from KubeVirt to resource version '8658'","pos":"configuration.go:346","timestamp":"2026-06-12T10:45:12.232257Z"}
2026-06-12T10:45:12.232356664Z {"component":"virt-controller","level":"info","msg":"setting rate limiter to 200 QPS and 400 Burst","pos":"application.go:529","timestamp":"2026-06-12T10:45:12.232300Z"}
2026-06-12T10:45:12.232370892Z {"component":"virt-controller","level":"info","msg":"Updating cluster config from KubeVirt to resource version '8658'","pos":"configuration.go:346","timestamp":"2026-06-12T10:45:12.232308Z"}
2026-06-12T10:45:12.232465357Z {"component":"virt-controller","level":"info","msg":"set log verbosity to 2","pos":"application.go:538","timestamp":"2026-06-12T10:45:12.232355Z"}
2026-06-12T10:45:17.269966281Z {"component":"virt-controller","level":"info","msg":"Updating cluster config from KubeVirt to resource version '8714'","pos":"configuration.go:346","timestamp":"2026-06-12T10:45:17.269711Z"}
2026-06-12T10:45:17.269995509Z {"component":"virt-controller","level":"info","msg":"setting rate limiter to 200 QPS and 400 Burst","pos":"application.go:529","timestamp":"2026-06-12T10:45:17.269776Z"}
2026-06-12T10:45:17.270001381Z {"component":"virt-controller","level":"info","msg":"set log verbosity to 2","pos":"application.go:538","timestamp":"2026-06-12T10:45:17.269836Z"}
2026-06-12T10:45:17.270006314Z {"component":"virt-controller","level":"info","msg":"Updating cluster config from KubeVirt to resource version '8714'","pos":"configuration.go:346","timestamp":"2026-06-12T10:45:17.269750Z"}
2026-06-12T10:47:33.418074305Z {"component":"virt-controller","level":"info","msg":"Updating cluster config from KubeVirt to resource version '11763'","pos":"configuration.go:346","timestamp":"2026-06-12T10:47:33.417943Z"}
2026-06-12T10:47:33.418100183Z {"component":"virt-controller","level":"info","msg":"Updating cluster config from KubeVirt to resource version '11763'","pos":"configuration.go:346","timestamp":"2026-06-12T10:47:33.417975Z"}
2026-06-12T10:47:33.418109505Z {"component":"virt-controller","level":"info","msg":"setting rate limiter to 200 QPS and 400 Burst","pos":"application.go:529","timestamp":"2026-06-12T10:47:33.417994Z"}
2026-06-12T10:47:33.418121666Z {"component":"virt-controller","level":"info","msg":"set log verbosity to 2","pos":"application.go:538","timestamp":"2026-06-12T10:47:33.418078Z"}
2026-06-12T10:47:43.149567082Z {"component":"virt-controller","level":"info","msg":"Updating cluster config from KubeVirt to resource version '12151'","pos":"configuration.go:346","timestamp":"2026-06-12T10:47:43.149424Z"}
2026-06-12T10:47:43.149593881Z {"component":"virt-controller","level":"info","msg":"Updating cluster config from KubeVirt to resource version '12151'","pos":"configuration.go:346","timestamp":"2026-06-12T10:47:43.149471Z"}
2026-06-12T10:47:43.149599410Z {"component":"virt-controller","level":"info","msg":"setting rate limiter to 200 QPS and 400 Burst","pos":"application.go:529","timestamp":"2026-06-12T10:47:43.149486Z"}
2026-06-12T10:47:43.149604100Z {"component":"virt-controller","level":"info","msg":"set log verbosity to 2","pos":"application.go:538","timestamp":"2026-06-12T10:47:43.149505Z"}
2026-06-12T10:48:34.689542951Z {"component":"virt-controller","level":"info","msg":"Updating cluster config from KubeVirt to resource version '13457'","pos":"configuration.go:346","timestamp":"2026-06-12T10:48:34.689432Z"}
2026-06-12T10:48:34.689610182Z {"component":"virt-controller","level":"info","msg":"Updating cluster config from KubeVirt to resource version '13457'","pos":"configuration.go:346","timestamp":"2026-06-12T10:48:34.689542Z"}
2026-06-12T10:48:34.689634096Z {"component":"virt-controller","level":"info","msg":"setting rate limiter to 200 QPS and 400 Burst","pos":"application.go:529","timestamp":"2026-06-12T10:48:34.689590Z"}
2026-06-12T10:48:34.689667580Z {"component":"virt-controller","level":"info","msg":"set log verbosity to 2","pos":"application.go:538","timestamp":"2026-06-12T10:48:34.689617Z"}
2026-06-12T13:10:14.208908050Z {"component":"virt-controller","level":"info","msg":"Updating cluster config from KubeVirt to resource version '153659'","pos":"configuration.go:346","timestamp":"2026-06-12T13:10:14.208794Z"}
2026-06-12T13:10:14.209061600Z {"component":"virt-controller","level":"info","msg":"Updating cluster config from KubeVirt to resource version '153659'","pos":"configuration.go:346","timestamp":"2026-06-12T13:10:14.208966Z"}
2026-06-12T13:10:14.209090562Z {"component":"virt-controller","level":"info","msg":"setting rate limiter to 200 QPS and 400 Burst","pos":"application.go:529","timestamp":"2026-06-12T13:10:14.209016Z"}
2026-06-12T13:10:14.209111645Z {"component":"virt-controller","level":"info","msg":"set log verbosity to 2","pos":"application.go:538","timestamp":"2026-06-12T13:10:14.209068Z"}
2026-06-12T13:10:27.706769317Z {"component":"virt-controller","level":"info","msg":"Updating cluster config from KubeVirt to resource version '154137'","pos":"configuration.go:346","timestamp":"2026-06-12T13:10:27.706634Z"}
2026-06-12T13:10:27.706796481Z {"component":"virt-controller","level":"info","msg":"setting rate limiter to 200 QPS and 400 Burst","pos":"application.go:529","timestamp":"2026-06-12T13:10:27.706698Z"}
2026-06-12T13:10:27.706809541Z {"component":"virt-controller","level":"info","msg":"set log verbosity to 2","pos":"application.go:538","timestamp":"2026-06-12T13:10:27.706753Z"}
2026-06-12T13:10:27.706888856Z {"component":"virt-controller","level":"info","msg":"Updating cluster config from KubeVirt to resource version '154137'","pos":"configuration.go:346","timestamp":"2026-06-12T13:10:27.706822Z"}
2026-06-12T13:10:35.563269237Z {"component":"virt-controller","level":"info","msg":"Updating cluster config from KubeVirt to resource version '154318'","pos":"configuration.go:346","timestamp":"2026-06-12T13:10:35.563129Z"}
2026-06-12T13:10:35.563457815Z {"component":"virt-controller","level":"info","msg":"Updating cluster config from KubeVirt to resource version '154318'","pos":"configuration.go:346","timestamp":"2026-06-12T13:10:35.563244Z"}
2026-06-12T13:10:35.563467931Z {"component":"virt-controller","level":"info","msg":"setting rate limiter to 200 QPS and 400 Burst","pos":"application.go:529","timestamp":"2026-06-12T13:10:35.563310Z"}
2026-06-12T13:10:35.563472318Z {"component":"virt-controller","level":"info","msg":"set log verbosity to 2","pos":"application.go:538","timestamp":"2026-06-12T13:10:35.563366Z"}
2026-06-12T13:11:02.621854997Z {"component":"virt-controller","level":"info","msg":"Updating cluster config from KubeVirt to resource version '154868'","pos":"configuration.go:346","timestamp":"2026-06-12T13:11:02.621763Z"}
2026-06-12T13:11:02.621871816Z {"component":"virt-controller","level":"info","msg":"Updating cluster config from KubeVirt to resource version '154868'","pos":"configuration.go:346","timestamp":"2026-06-12T13:11:02.621778Z"}
2026-06-12T13:11:02.621880208Z {"component":"virt-controller","level":"info","msg":"setting rate limiter to 200 QPS and 400 Burst","pos":"application.go:529","timestamp":"2026-06-12T13:11:02.621825Z"}
2026-06-12T13:11:02.621886370Z {"component":"virt-controller","level":"info","msg":"set log verbosity to 2","pos":"application.go:538","timestamp":"2026-06-12T13:11:02.621849Z"}
2026-06-12T13:11:05.230248277Z {"component":"virt-controller","level":"info","msg":"certificate with common name 'virt-controller.harvester-system.pod.cluster.local' retrieved.","pos":"cert-manager.go:198","timestamp":"2026-06-12T13:11:05.230069Z"}
2026-06-12T13:11:05.230341484Z {"component":"virt-controller","level":"info","msg":"certificate with common name 'export.kubevirt.io@1781261057' retrieved.","pos":"cert-manager.go:198","timestamp":"2026-06-12T13:11:05.230152Z"}
2026-06-12T13:11:05.230350249Z {"component":"virt-controller","level":"info","msg":"certificate with common name 'virt-controller.harvester-system.pod.cluster.local' retrieved.","pos":"cert-manager.go:198","timestamp":"2026-06-12T13:11:05.230289Z"}
2026-06-12T13:11:05.230428700Z {"component":"virt-controller","level":"info","msg":"certificate with common name 'export.kubevirt.io@1781269863' retrieved.","pos":"cert-manager.go:198","timestamp":"2026-06-12T13:11:05.230354Z"}
2026-06-12T13:11:27.216310266Z {"component":"virt-controller","level":"info","msg":"Updating cluster config from KubeVirt to resource version '155459'","pos":"configuration.go:346","timestamp":"2026-06-12T13:11:27.216142Z"}
2026-06-12T13:11:27.216420955Z {"component":"virt-controller","level":"info","msg":"setting rate limiter to 200 QPS and 400 Burst","pos":"application.go:529","timestamp":"2026-06-12T13:11:27.216205Z"}
2026-06-12T13:11:27.216442081Z {"component":"virt-controller","level":"info","msg":"Updating cluster config from KubeVirt to resource version '155459'","pos":"configuration.go:346","timestamp":"2026-06-12T13:11:27.216201Z"}
2026-06-12T13:11:27.216448172Z {"component":"virt-controller","level":"info","msg":"set log verbosity to 2","pos":"application.go:538","timestamp":"2026-06-12T13:11:27.216261Z"}
