2026-06-12T10:41:58.801313269Z {"level":"info","ts":"2026-06-12T10:41:58Z","logger":"setup","msg":"Setting up webhook listener"}
2026-06-12T10:41:58.801364076Z {"level":"info","ts":"2026-06-12T10:41:58Z","logger":"setup","msg":"starting config controller"}
2026-06-12T10:41:58.801441353Z {"level":"info","ts":"2026-06-12T10:41:58Z","logger":"setup","msg":"starting gitops controller"}
2026-06-12T10:41:58.801482774Z {"level":"info","ts":"2026-06-12T10:41:58Z","logger":"setup","msg":"starting gitops status controller"}
2026-06-12T10:41:58.801625352Z {"level":"info","ts":"2026-06-12T10:41:58Z","logger":"controller-runtime.metrics","msg":"Starting metrics server"}
2026-06-12T10:41:58.801755359Z {"level":"info","ts":"2026-06-12T10:41:58Z","logger":"controller-runtime.metrics","msg":"Serving metrics server","bindAddress":":8081","secure":false}
2026-06-12T10:41:58.902052632Z {"level":"info","ts":"2026-06-12T10:41:58Z","logger":"gitjob-reconciler","msg":"Attempting to acquire leader lease...","lock":"cattle-fleet-system/fleet-gitops-leader-election-shard"}
2026-06-12T10:41:58.913073182Z {"level":"info","ts":"2026-06-12T10:41:58Z","logger":"gitjob-reconciler","msg":"Successfully acquired lease","lock":"cattle-fleet-system/fleet-gitops-leader-election-shard"}
2026-06-12T10:41:58.913536278Z {"level":"info","ts":"2026-06-12T10:41:58Z","msg":"Starting EventSource","controller":"configmap","controllerGroup":"","controllerKind":"ConfigMap","source":"kind source: *v1.ConfigMap"}
2026-06-12T10:41:58.913550137Z {"level":"info","ts":"2026-06-12T10:41:58Z","msg":"Starting EventSource","controller":"GitRepoStatus","controllerGroup":"fleet.cattle.io","controllerKind":"GitRepo","source":"*reconciler.forcedDelayingSource[sigs.k8s.io/controller-runtime/pkg/reconcile.Request]"}
2026-06-12T10:41:58.913557053Z {"level":"info","ts":"2026-06-12T10:41:58Z","msg":"Starting EventSource","controller":"GitRepoStatus","controllerGroup":"fleet.cattle.io","controllerKind":"GitRepo","source":"kind source: *v1alpha1.GitRepo"}
2026-06-12T10:41:58.913560589Z {"level":"info","ts":"2026-06-12T10:41:58Z","msg":"Starting EventSource","controller":"gitrepo","controllerGroup":"fleet.cattle.io","controllerKind":"GitRepo","source":"kind source: *v1.Secret"}
2026-06-12T10:41:58.913563597Z {"level":"info","ts":"2026-06-12T10:41:58Z","msg":"Starting EventSource","controller":"gitrepo","controllerGroup":"fleet.cattle.io","controllerKind":"GitRepo","source":"kind source: *v1alpha1.GitRepo"}
2026-06-12T10:41:58.913566702Z {"level":"info","ts":"2026-06-12T10:41:58Z","msg":"Starting EventSource","controller":"gitrepo","controllerGroup":"fleet.cattle.io","controllerKind":"GitRepo","source":"kind source: *v1.Job"}
2026-06-12T10:41:58.914615768Z E0612 10:41:58.914539       7 event.go:359] "Server rejected event (will not retry!)" err="events is forbidden: User \"system:serviceaccount:cattle-fleet-system:gitjob\" cannot create resource \"events\" in API group \"\" in the namespace \"cattle-fleet-system\"" event="&Event{ObjectMeta:{fleet-gitops-leader-election-shard.18b84f5e4416fd14  cattle-fleet-system    0 0001-01-01 00:00:00 +0000 UTC <nil> <nil> map[] map[] [] [] []},InvolvedObject:ObjectReference{Kind:Lease,Namespace:cattle-fleet-system,Name:fleet-gitops-leader-election-shard,UID:8f23b66f-b1cb-437f-a308-00dba430459d,APIVersion:coordination.k8s.io/v1,ResourceVersion:2753,FieldPath:,},Reason:LeaderElection,Message:gitjob-59f544c44d-9vg5s_d6006545-2590-46c9-b598-c13fbd9419d6 became leader,Source:EventSource{Component:gitjob-59f544c44d-9vg5s_d6006545-2590-46c9-b598-c13fbd9419d6,Host:,},FirstTimestamp:2026-06-12 10:41:58.912908564 +0000 UTC m=+0.171209494,LastTimestamp:2026-06-12 10:41:58.912908564 +0000 UTC m=+0.171209494,Count:1,Type:Normal,EventTime:0001-01-01 00:00:00 +0000 UTC,Series:nil,Action:,Related:nil,ReportingController:gitjob-59f544c44d-9vg5s_d6006545-2590-46c9-b598-c13fbd9419d6,ReportingInstance:,}"
2026-06-12T10:41:59.014081737Z {"level":"info","ts":"2026-06-12T10:41:59Z","msg":"Starting Controller","controller":"GitRepoStatus","controllerGroup":"fleet.cattle.io","controllerKind":"GitRepo"}
2026-06-12T10:41:59.014117675Z {"level":"info","ts":"2026-06-12T10:41:59Z","msg":"Starting workers","controller":"GitRepoStatus","controllerGroup":"fleet.cattle.io","controllerKind":"GitRepo","worker count":50}
2026-06-12T10:41:59.114888424Z {"level":"info","ts":"2026-06-12T10:41:59Z","msg":"Starting Controller","controller":"gitrepo","controllerGroup":"fleet.cattle.io","controllerKind":"GitRepo"}
2026-06-12T10:41:59.114903916Z {"level":"info","ts":"2026-06-12T10:41:59Z","msg":"Starting Controller","controller":"configmap","controllerGroup":"","controllerKind":"ConfigMap"}
2026-06-12T10:41:59.114907566Z {"level":"info","ts":"2026-06-12T10:41:59Z","msg":"Starting workers","controller":"configmap","controllerGroup":"","controllerKind":"ConfigMap","worker count":1}
2026-06-12T10:41:59.114942698Z {"level":"info","ts":"2026-06-12T10:41:59Z","msg":"Starting workers","controller":"gitrepo","controllerGroup":"fleet.cattle.io","controllerKind":"GitRepo","worker count":50}
