2026-06-12T10:40:42.192043238Z I0612 10:40:42.191545       1 leaderelection.go:258] "Attempting to acquire leader lease..." lock="cattle-fleet-system/fleet-cleanup-lock"
2026-06-12T10:40:42.307892417Z I0612 10:40:42.307786       1 leaderelection.go:272] "Successfully acquired lease" lock="cattle-fleet-system/fleet-cleanup-lock"
2026-06-12T10:40:42.315413698Z E0612 10:40:42.315301       1 reflector.go:204] "Failed to watch" err="failed to list *v1alpha1.ClusterRegistration: the server could not find the requested resource (get clusterregistrations.meta.k8s.io)" logger="UnhandledError" reflector="pkg/mod/k8s.io/client-go@v0.35.4/tools/cache/reflector.go:289" type="*v1alpha1.ClusterRegistration"
2026-06-12T10:40:42.316151548Z E0612 10:40:42.316064       1 reflector.go:204] "Failed to watch" err="failed to list *v1alpha1.ClusterRegistrationToken: the server could not find the requested resource (get clusterregistrationtokens.meta.k8s.io)" logger="UnhandledError" reflector="pkg/mod/k8s.io/client-go@v0.35.4/tools/cache/reflector.go:289" type="*v1alpha1.ClusterRegistrationToken"
2026-06-12T10:40:43.127876388Z E0612 10:40:43.127777       1 reflector.go:204] "Failed to watch" err="failed to list *v1alpha1.ClusterRegistration: the server could not find the requested resource (get clusterregistrations.meta.k8s.io)" logger="UnhandledError" reflector="pkg/mod/k8s.io/client-go@v0.35.4/tools/cache/reflector.go:289" type="*v1alpha1.ClusterRegistration"
2026-06-12T10:40:43.726901482Z E0612 10:40:43.726788       1 reflector.go:204] "Failed to watch" err="failed to list *v1alpha1.ClusterRegistrationToken: the server could not find the requested resource (get clusterregistrationtokens.meta.k8s.io)" logger="UnhandledError" reflector="pkg/mod/k8s.io/client-go@v0.35.4/tools/cache/reflector.go:289" type="*v1alpha1.ClusterRegistrationToken"
2026-06-12T10:40:45.287901876Z E0612 10:40:45.287788       1 reflector.go:204] "Failed to watch" err="failed to list *v1alpha1.ClusterRegistration: the server could not find the requested resource (get clusterregistrations.meta.k8s.io)" logger="UnhandledError" reflector="pkg/mod/k8s.io/client-go@v0.35.4/tools/cache/reflector.go:289" type="*v1alpha1.ClusterRegistration"
2026-06-12T10:40:46.426826946Z E0612 10:40:46.426681       1 reflector.go:204] "Failed to watch" err="failed to list *v1alpha1.ClusterRegistrationToken: the server could not find the requested resource (get clusterregistrationtokens.meta.k8s.io)" logger="UnhandledError" reflector="pkg/mod/k8s.io/client-go@v0.35.4/tools/cache/reflector.go:289" type="*v1alpha1.ClusterRegistrationToken"
2026-06-12T10:40:49.919686057Z E0612 10:40:49.919542       1 reflector.go:204] "Failed to watch" err="failed to list *v1alpha1.ClusterRegistrationToken: the server could not find the requested resource (get clusterregistrationtokens.meta.k8s.io)" logger="UnhandledError" reflector="pkg/mod/k8s.io/client-go@v0.35.4/tools/cache/reflector.go:289" type="*v1alpha1.ClusterRegistrationToken"
2026-06-12T10:40:50.783350045Z E0612 10:40:50.783218       1 reflector.go:204] "Failed to watch" err="failed to list *v1alpha1.ClusterRegistration: the server could not find the requested resource (get clusterregistrations.meta.k8s.io)" logger="UnhandledError" reflector="pkg/mod/k8s.io/client-go@v0.35.4/tools/cache/reflector.go:289" type="*v1alpha1.ClusterRegistration"
2026-06-12T10:41:00.892468814Z E0612 10:41:00.892297       1 reflector.go:204] "Failed to watch" err="failed to list *v1alpha1.ClusterRegistration: the server could not find the requested resource (get clusterregistrations.meta.k8s.io)" logger="UnhandledError" reflector="pkg/mod/k8s.io/client-go@v0.35.4/tools/cache/reflector.go:289" type="*v1alpha1.ClusterRegistration"
2026-06-12T10:41:00.901281788Z E0612 10:41:00.901192       1 reflector.go:204] "Failed to watch" err="failed to list *v1alpha1.ClusterRegistrationToken: the server could not find the requested resource (get clusterregistrationtokens.meta.k8s.io)" logger="UnhandledError" reflector="pkg/mod/k8s.io/client-go@v0.35.4/tools/cache/reflector.go:289" type="*v1alpha1.ClusterRegistrationToken"
2026-06-12T10:41:15.347255659Z E0612 10:41:15.347116       1 reflector.go:204] "Failed to watch" err="failed to list *v1alpha1.ClusterRegistrationToken: the server could not find the requested resource (get clusterregistrationtokens.meta.k8s.io)" logger="UnhandledError" reflector="pkg/mod/k8s.io/client-go@v0.35.4/tools/cache/reflector.go:289" type="*v1alpha1.ClusterRegistrationToken"
2026-06-12T10:41:21.621764370Z E0612 10:41:21.621626       1 reflector.go:204] "Failed to watch" err="failed to list *v1alpha1.ClusterRegistration: the server could not find the requested resource (get clusterregistrations.meta.k8s.io)" logger="UnhandledError" reflector="pkg/mod/k8s.io/client-go@v0.35.4/tools/cache/reflector.go:289" type="*v1alpha1.ClusterRegistration"
2026-06-12T10:41:47.320825937Z time="2026-06-12T10:41:47Z" level=info msg="Starting rbac.authorization.k8s.io/v1, Kind=RoleBinding controller"
2026-06-12T10:41:47.320910732Z time="2026-06-12T10:41:47Z" level=info msg="Starting fleet.cattle.io/v1alpha1, Kind=ClusterRegistrationToken controller"
2026-06-12T10:41:47.320918657Z time="2026-06-12T10:41:47Z" level=info msg="Starting fleet.cattle.io/v1alpha1, Kind=ClusterRegistration controller"
2026-06-12T10:41:47.320939946Z time="2026-06-12T10:41:47Z" level=info msg="Starting rbac.authorization.k8s.io/v1, Kind=Role controller"
2026-06-12T10:41:47.320961659Z time="2026-06-12T10:41:47Z" level=info msg="Starting fleet.cattle.io/v1alpha1, Kind=ClusterGroup controller"
2026-06-12T10:41:47.320998211Z time="2026-06-12T10:41:47Z" level=info msg="Starting fleet.cattle.io/v1alpha1, Kind=Cluster controller"
2026-06-12T10:41:47.321088605Z time="2026-06-12T10:41:47Z" level=info msg="Starting /v1, Kind=Namespace controller"
2026-06-12T10:41:47.321190996Z time="2026-06-12T10:41:47Z" level=info msg="Starting /v1, Kind=Secret controller"
2026-06-12T10:41:47.322002884Z time="2026-06-12T10:41:47Z" level=info msg="Starting rbac.authorization.k8s.io/v1, Kind=ClusterRole controller"
2026-06-12T10:41:47.322159160Z time="2026-06-12T10:41:47Z" level=info msg="Starting rbac.authorization.k8s.io/v1, Kind=ClusterRoleBinding controller"
2026-06-12T10:41:47.323000243Z time="2026-06-12T10:41:47Z" level=info msg="Starting /v1, Kind=ServiceAccount controller"
