2026-06-12T10:40:42.580565889Z I0612 10:40:42.580416       1 leaderelection.go:258] "Attempting to acquire leader lease..." lock="cattle-fleet-system/fleet-agentmanagement-lock"
2026-06-12T10:40:42.590702672Z I0612 10:40:42.590604       1 leaderelection.go:272] "Successfully acquired lease" lock="cattle-fleet-system/fleet-agentmanagement-lock"
2026-06-12T10:40:42.651577517Z E0612 10:40:42.651400       1 reflector.go:204] "Failed to watch" err="failed to list *v1alpha1.GitRepo: the server could not find the requested resource (get gitrepos.meta.k8s.io)" logger="UnhandledError" reflector="pkg/mod/k8s.io/client-go@v0.35.4/tools/cache/reflector.go:289" type="*v1alpha1.GitRepo"
2026-06-12T10:40:42.654926383Z E0612 10:40:42.654838       1 reflector.go:204] "Failed to watch" err="failed to list *v1alpha1.BundleDeployment: the server could not find the requested resource (get bundledeployments.meta.k8s.io)" logger="UnhandledError" reflector="pkg/mod/k8s.io/client-go@v0.35.4/tools/cache/reflector.go:289" type="*v1alpha1.BundleDeployment"
2026-06-12T10:40:42.655903512Z E0612 10:40:42.655806       1 reflector.go:204] "Failed to watch" err="failed to list *v1alpha1.ClusterRegistrationToken: the server could not find the requested resource (get clusterregistrationtokens.meta.k8s.io)" logger="UnhandledError" reflector="pkg/mod/k8s.io/client-go@v0.35.4/tools/cache/reflector.go:289" type="*v1alpha1.ClusterRegistrationToken"
2026-06-12T10:40:42.657434606Z E0612 10:40:42.657367       1 reflector.go:204] "Failed to watch" err="failed to list *v1alpha1.ClusterRegistration: the server could not find the requested resource (get clusterregistrations.meta.k8s.io)" logger="UnhandledError" reflector="pkg/mod/k8s.io/client-go@v0.35.4/tools/cache/reflector.go:289" type="*v1alpha1.ClusterRegistration"
2026-06-12T10:40:43.647667140Z E0612 10:40:43.647505       1 reflector.go:204] "Failed to watch" err="failed to list *v1alpha1.ClusterRegistration: the server could not find the requested resource (get clusterregistrations.meta.k8s.io)" logger="UnhandledError" reflector="pkg/mod/k8s.io/client-go@v0.35.4/tools/cache/reflector.go:289" type="*v1alpha1.ClusterRegistration"
2026-06-12T10:40:43.814492189Z E0612 10:40:43.814323       1 reflector.go:204] "Failed to watch" err="failed to list *v1alpha1.BundleDeployment: the server could not find the requested resource (get bundledeployments.meta.k8s.io)" logger="UnhandledError" reflector="pkg/mod/k8s.io/client-go@v0.35.4/tools/cache/reflector.go:289" type="*v1alpha1.BundleDeployment"
2026-06-12T10:40:43.940200058Z E0612 10:40:43.940048       1 reflector.go:204] "Failed to watch" err="failed to list *v1alpha1.ClusterRegistrationToken: the server could not find the requested resource (get clusterregistrationtokens.meta.k8s.io)" logger="UnhandledError" reflector="pkg/mod/k8s.io/client-go@v0.35.4/tools/cache/reflector.go:289" type="*v1alpha1.ClusterRegistrationToken"
2026-06-12T10:40:44.158420341Z E0612 10:40:44.158292       1 reflector.go:204] "Failed to watch" err="failed to list *v1alpha1.GitRepo: the server could not find the requested resource (get gitrepos.meta.k8s.io)" logger="UnhandledError" reflector="pkg/mod/k8s.io/client-go@v0.35.4/tools/cache/reflector.go:289" type="*v1alpha1.GitRepo"
2026-06-12T10:40:45.866416163Z E0612 10:40:45.866289       1 reflector.go:204] "Failed to watch" err="failed to list *v1alpha1.BundleDeployment: the server could not find the requested resource (get bundledeployments.meta.k8s.io)" logger="UnhandledError" reflector="pkg/mod/k8s.io/client-go@v0.35.4/tools/cache/reflector.go:289" type="*v1alpha1.BundleDeployment"
2026-06-12T10:40:46.698794100Z E0612 10:40:46.698691       1 reflector.go:204] "Failed to watch" err="failed to list *v1alpha1.ClusterRegistration: the server could not find the requested resource (get clusterregistrations.meta.k8s.io)" logger="UnhandledError" reflector="pkg/mod/k8s.io/client-go@v0.35.4/tools/cache/reflector.go:289" type="*v1alpha1.ClusterRegistration"
2026-06-12T10:40:46.724932051Z E0612 10:40:46.724791       1 reflector.go:204] "Failed to watch" err="failed to list *v1alpha1.ClusterRegistrationToken: the server could not find the requested resource (get clusterregistrationtokens.meta.k8s.io)" logger="UnhandledError" reflector="pkg/mod/k8s.io/client-go@v0.35.4/tools/cache/reflector.go:289" type="*v1alpha1.ClusterRegistrationToken"
2026-06-12T10:40:47.354835761Z E0612 10:40:47.354731       1 reflector.go:204] "Failed to watch" err="failed to list *v1alpha1.GitRepo: the server could not find the requested resource (get gitrepos.meta.k8s.io)" logger="UnhandledError" reflector="pkg/mod/k8s.io/client-go@v0.35.4/tools/cache/reflector.go:289" type="*v1alpha1.GitRepo"
2026-06-12T10:40:50.449712506Z E0612 10:40:50.449591       1 reflector.go:204] "Failed to watch" err="failed to list *v1alpha1.BundleDeployment: the server could not find the requested resource (get bundledeployments.meta.k8s.io)" logger="UnhandledError" reflector="pkg/mod/k8s.io/client-go@v0.35.4/tools/cache/reflector.go:289" type="*v1alpha1.BundleDeployment"
2026-06-12T10:40:51.038284292Z E0612 10:40:51.038160       1 reflector.go:204] "Failed to watch" err="failed to list *v1alpha1.ClusterRegistrationToken: the server could not find the requested resource (get clusterregistrationtokens.meta.k8s.io)" logger="UnhandledError" reflector="pkg/mod/k8s.io/client-go@v0.35.4/tools/cache/reflector.go:289" type="*v1alpha1.ClusterRegistrationToken"
2026-06-12T10:40:51.158069363Z E0612 10:40:51.157939       1 reflector.go:204] "Failed to watch" err="failed to list *v1alpha1.ClusterRegistration: the server could not find the requested resource (get clusterregistrations.meta.k8s.io)" logger="UnhandledError" reflector="pkg/mod/k8s.io/client-go@v0.35.4/tools/cache/reflector.go:289" type="*v1alpha1.ClusterRegistration"
2026-06-12T10:40:51.651360855Z E0612 10:40:51.651207       1 reflector.go:204] "Failed to watch" err="failed to list *v1alpha1.GitRepo: the server could not find the requested resource (get gitrepos.meta.k8s.io)" logger="UnhandledError" reflector="pkg/mod/k8s.io/client-go@v0.35.4/tools/cache/reflector.go:289" type="*v1alpha1.GitRepo"
2026-06-12T10:40:57.712608167Z E0612 10:40:57.712383       1 reflector.go:204] "Failed to watch" err="failed to list *v1alpha1.ClusterRegistration: the server could not find the requested resource (get clusterregistrations.meta.k8s.io)" logger="UnhandledError" reflector="pkg/mod/k8s.io/client-go@v0.35.4/tools/cache/reflector.go:289" type="*v1alpha1.ClusterRegistration"
2026-06-12T10:40:59.228053991Z E0612 10:40:59.227878       1 reflector.go:204] "Failed to watch" err="failed to list *v1alpha1.ClusterRegistrationToken: the server could not find the requested resource (get clusterregistrationtokens.meta.k8s.io)" logger="UnhandledError" reflector="pkg/mod/k8s.io/client-go@v0.35.4/tools/cache/reflector.go:289" type="*v1alpha1.ClusterRegistrationToken"
2026-06-12T10:40:59.328541228Z E0612 10:40:59.328418       1 reflector.go:204] "Failed to watch" err="failed to list *v1alpha1.BundleDeployment: the server could not find the requested resource (get bundledeployments.meta.k8s.io)" logger="UnhandledError" reflector="pkg/mod/k8s.io/client-go@v0.35.4/tools/cache/reflector.go:289" type="*v1alpha1.BundleDeployment"
2026-06-12T10:41:00.583039386Z E0612 10:41:00.582927       1 reflector.go:204] "Failed to watch" err="failed to list *v1alpha1.GitRepo: the server could not find the requested resource (get gitrepos.meta.k8s.io)" logger="UnhandledError" reflector="pkg/mod/k8s.io/client-go@v0.35.4/tools/cache/reflector.go:289" type="*v1alpha1.GitRepo"
2026-06-12T10:41:13.847475497Z E0612 10:41:13.847315       1 reflector.go:204] "Failed to watch" err="failed to list *v1alpha1.ClusterRegistrationToken: the server could not find the requested resource (get clusterregistrationtokens.meta.k8s.io)" logger="UnhandledError" reflector="pkg/mod/k8s.io/client-go@v0.35.4/tools/cache/reflector.go:289" type="*v1alpha1.ClusterRegistrationToken"
2026-06-12T10:41:20.474549204Z E0612 10:41:20.474414       1 reflector.go:204] "Failed to watch" err="failed to list *v1alpha1.ClusterRegistration: the server could not find the requested resource (get clusterregistrations.meta.k8s.io)" logger="UnhandledError" reflector="pkg/mod/k8s.io/client-go@v0.35.4/tools/cache/reflector.go:289" type="*v1alpha1.ClusterRegistration"
2026-06-12T10:41:23.504422590Z E0612 10:41:23.504319       1 reflector.go:204] "Failed to watch" err="failed to list *v1alpha1.GitRepo: the server could not find the requested resource (get gitrepos.meta.k8s.io)" logger="UnhandledError" reflector="pkg/mod/k8s.io/client-go@v0.35.4/tools/cache/reflector.go:289" type="*v1alpha1.GitRepo"
2026-06-12T10:41:24.078206596Z E0612 10:41:24.078033       1 reflector.go:204] "Failed to watch" err="failed to list *v1alpha1.BundleDeployment: the server could not find the requested resource (get bundledeployments.meta.k8s.io)" logger="UnhandledError" reflector="pkg/mod/k8s.io/client-go@v0.35.4/tools/cache/reflector.go:289" type="*v1alpha1.BundleDeployment"
2026-06-12T10:42:06.757021390Z time="2026-06-12T10:42:06Z" level=info msg="Starting fleet.cattle.io/v1alpha1, Kind=BundleDeployment controller"
2026-06-12T10:42:06.757051037Z time="2026-06-12T10:42:06Z" level=info msg="Starting rbac.authorization.k8s.io/v1, Kind=RoleBinding controller"
2026-06-12T10:42:06.757071389Z time="2026-06-12T10:42:06Z" level=info msg="Starting /v1, Kind=ServiceAccount controller"
2026-06-12T10:42:06.757081133Z time="2026-06-12T10:42:06Z" level=info msg="Starting fleet.cattle.io/v1alpha1, Kind=Bundle controller"
2026-06-12T10:42:06.757219925Z time="2026-06-12T10:42:06Z" level=info msg="Starting fleet.cattle.io/v1alpha1, Kind=Cluster controller"
2026-06-12T10:42:06.757392316Z time="2026-06-12T10:42:06Z" level=info msg="Starting fleet.cattle.io/v1alpha1, Kind=ClusterRegistrationToken controller"
2026-06-12T10:42:06.757410518Z time="2026-06-12T10:42:06Z" level=info msg="Starting fleet.cattle.io/v1alpha1, Kind=ClusterGroup controller"
2026-06-12T10:42:06.757465797Z time="2026-06-12T10:42:06Z" level=info msg="Starting /v1, Kind=Namespace controller"
2026-06-12T10:42:06.757615319Z time="2026-06-12T10:42:06Z" level=info msg="Starting rbac.authorization.k8s.io/v1, Kind=ClusterRoleBinding controller"
2026-06-12T10:42:06.758483310Z time="2026-06-12T10:42:06Z" level=info msg="Starting fleet.cattle.io/v1alpha1, Kind=GitRepo controller"
2026-06-12T10:42:06.758500437Z time="2026-06-12T10:42:06Z" level=info msg="Starting fleet.cattle.io/v1alpha1, Kind=ClusterRegistration controller"
2026-06-12T10:42:06.759580702Z time="2026-06-12T10:42:06Z" level=info msg="Update agent bundle for cluster fleet-local/local"
2026-06-12T10:42:06.759598443Z time="2026-06-12T10:42:06Z" level=info msg="Starting /v1, Kind=ConfigMap controller"
2026-06-12T10:42:06.759618804Z time="2026-06-12T10:42:06Z" level=info msg="Starting /v1, Kind=Secret controller"
2026-06-12T10:42:06.759918412Z time="2026-06-12T10:42:06Z" level=info msg="API server config changed, trigger cluster import for cluster fleet-local/local"
2026-06-12T10:42:06.760109475Z time="2026-06-12T10:42:06Z" level=info msg="API server config changed, trigger cluster import for cluster fleet-local/local"
2026-06-12T10:42:06.760747681Z time="2026-06-12T10:42:06Z" level=info msg="Starting rbac.authorization.k8s.io/v1, Kind=Role controller"
2026-06-12T10:42:06.760874706Z time="2026-06-12T10:42:06Z" level=info msg="Starting rbac.authorization.k8s.io/v1, Kind=ClusterRole controller"
2026-06-12T10:42:06.782868593Z time="2026-06-12T10:42:06Z" level=warning msg="cluster fleet-local/local: could not check for config changes" error="Operation cannot be fulfilled on clusters.fleet.cattle.io \"local\": the object has been modified; please apply your changes to the latest version and try again"
2026-06-12T10:42:06.797485136Z time="2026-06-12T10:42:06Z" level=info msg="Update agent bundle for cluster fleet-local/local"
2026-06-12T10:42:06.876107705Z time="2026-06-12T10:42:06Z" level=info msg="ClusterRegistrationToken SA does not exist import-token-local-a73800dc-e605-4497-9569-9be1201b9b20"
2026-06-12T10:42:06.942671439Z time="2026-06-12T10:42:06Z" level=info msg="Waiting for service account token key to be populated for secret fleet-local/import-token-local-a73800dc-e605-4497-9569-9be1201b9b20-token"
2026-06-12T10:42:09.082384726Z time="2026-06-12T10:42:09Z" level=info msg="Update agent bundle for cluster fleet-local/local"
2026-06-12T10:42:09.106495564Z time="2026-06-12T10:42:09Z" level=info msg="Update agent bundle for cluster fleet-local/local"
2026-06-12T10:42:09.145776826Z time="2026-06-12T10:42:09Z" level=info msg="Deleted old agent for cluster (fleet-local/local) in namespace cattle-fleet-local-system"
2026-06-12T10:42:09.424599535Z time="2026-06-12T10:42:09Z" level=info msg="Cluster import for 'fleet-local/local'. Deployed new agent"
2026-06-12T10:42:09.436982555Z time="2026-06-12T10:42:09Z" level=info msg="Update agent bundle for cluster fleet-local/local"
2026-06-12T10:42:09.527767169Z time="2026-06-12T10:42:09Z" level=info msg="Update agent bundle for cluster fleet-local/local"
2026-06-12T10:42:09.570041172Z time="2026-06-12T10:42:09Z" level=info msg="Deleted old agent for cluster (fleet-local/local) in namespace cattle-fleet-local-system"
2026-06-12T10:42:09.668886101Z time="2026-06-12T10:42:09Z" level=info msg="Cluster import for 'fleet-local/local'. Deployed new agent"
2026-06-12T10:42:09.690735870Z time="2026-06-12T10:42:09Z" level=info msg="Update agent bundle for cluster fleet-local/local"
2026-06-12T10:42:09.787516477Z time="2026-06-12T10:42:09Z" level=info msg="Update agent bundle for cluster fleet-local/local"
2026-06-12T10:42:09.852003862Z time="2026-06-12T10:42:09Z" level=info msg="Deleted old agent for cluster (fleet-local/local) in namespace cattle-fleet-local-system"
2026-06-12T10:42:09.954473208Z time="2026-06-12T10:42:09Z" level=info msg="Cluster import for 'fleet-local/local'. Deployed new agent"
2026-06-12T10:42:09.978578159Z time="2026-06-12T10:42:09Z" level=info msg="Update agent bundle for cluster fleet-local/local"
2026-06-12T10:42:10.019757844Z time="2026-06-12T10:42:10Z" level=info msg="Update agent bundle for cluster fleet-local/local"
2026-06-12T10:42:10.129918296Z time="2026-06-12T10:42:10Z" level=info msg="Deleted old agent for cluster (fleet-local/local) in namespace cattle-fleet-local-system"
2026-06-12T10:42:10.293711539Z time="2026-06-12T10:42:10Z" level=info msg="Cluster import for 'fleet-local/local'. Deployed new agent"
2026-06-12T10:42:10.305695402Z time="2026-06-12T10:42:10Z" level=info msg="Update agent bundle for cluster fleet-local/local"
2026-06-12T10:42:10.389234310Z time="2026-06-12T10:42:10Z" level=info msg="Deleted old agent for cluster (fleet-local/local) in namespace cattle-fleet-local-system"
2026-06-12T10:42:10.478181095Z time="2026-06-12T10:42:10Z" level=info msg="Cluster import for 'fleet-local/local'. Deployed new agent"
2026-06-12T10:42:12.029766861Z time="2026-06-12T10:42:12Z" level=info msg="Waiting for service account token key to be populated for secret cluster-fleet-local-local-1a3d67d0a899/request-mlcfx-b8e9a433-fc84-4df2-a7ad-52073a646115-token"
2026-06-12T10:42:14.035876928Z time="2026-06-12T10:42:14Z" level=info msg="Cluster registration request 'fleet-local/request-mlcfx' granted, creating cluster, request service account, registration secret"
2026-06-12T10:42:14.085817767Z time="2026-06-12T10:42:14Z" level=info msg="Cluster registration request 'fleet-local/request-mlcfx' granted, creating cluster, request service account, registration secret"
2026-06-12T10:44:04.707729269Z time="2026-06-12T10:44:04Z" level=info msg="Update agent bundle for cluster fleet-local/local"
2026-06-12T10:48:23.430619659Z time="2026-06-12T10:48:23Z" level=info msg="Update agent bundle for cluster fleet-local/local"
2026-06-12T10:48:23.610830956Z time="2026-06-12T10:48:23Z" level=info msg="Deleted old agent for cluster (fleet-local/local) in namespace cattle-fleet-local-system"
2026-06-12T10:48:23.803403574Z time="2026-06-12T10:48:23Z" level=info msg="Cluster import for 'fleet-local/local'. Deployed new agent"
2026-06-12T10:48:23.932331857Z time="2026-06-12T10:48:23Z" level=info msg="Deleted old agent for cluster (fleet-local/local) in namespace cattle-fleet-local-system"
2026-06-12T10:48:24.153600222Z time="2026-06-12T10:48:24Z" level=info msg="Cluster import for 'fleet-local/local'. Deployed new agent"
2026-06-12T10:48:53.987393155Z time="2026-06-12T10:48:53Z" level=info msg="Update agent bundle for cluster fleet-local/local"
2026-06-12T10:48:54.107713775Z time="2026-06-12T10:48:54Z" level=info msg="Deleted old agent for cluster (fleet-local/local) in namespace cattle-fleet-local-system"
2026-06-12T10:48:54.277882015Z time="2026-06-12T10:48:54Z" level=info msg="Cluster import for 'fleet-local/local'. Deployed new agent"
2026-06-12T10:48:54.417455420Z time="2026-06-12T10:48:54Z" level=info msg="Deleted old agent for cluster (fleet-local/local) in namespace cattle-fleet-local-system"
2026-06-12T10:48:54.552461333Z time="2026-06-12T10:48:54Z" level=info msg="Cluster import for 'fleet-local/local'. Deployed new agent"
2026-06-12T10:49:32.717401854Z time="2026-06-12T10:49:32Z" level=info msg="Waiting for service account token key to be populated for secret cluster-fleet-local-local-1a3d67d0a899/request-mfrvl-586623a5-7ef1-4dc0-84ee-e3624ceed5bc-token"
2026-06-12T10:49:34.731101281Z time="2026-06-12T10:49:34Z" level=info msg="Cluster registration request 'fleet-local/request-mfrvl' granted, creating cluster, request service account, registration secret"
2026-06-12T10:49:34.825247107Z time="2026-06-12T10:49:34Z" level=info msg="Cluster registration request 'fleet-local/request-mfrvl' granted, creating cluster, request service account, registration secret"
2026-06-12T10:49:37.378139662Z time="2026-06-12T10:49:37Z" level=info msg="Update agent bundle for cluster fleet-local/local"
2026-06-12T10:49:37.533209726Z time="2026-06-12T10:49:37Z" level=info msg="Deleted old agent for cluster (fleet-local/local) in namespace cattle-fleet-local-system"
2026-06-12T10:49:37.743077279Z time="2026-06-12T10:49:37Z" level=info msg="Cluster import for 'fleet-local/local'. Deployed new agent"
2026-06-12T10:49:37.757794810Z time="2026-06-12T10:49:37Z" level=info msg="Update agent bundle for cluster fleet-local/local"
2026-06-12T10:49:37.884112927Z time="2026-06-12T10:49:37Z" level=info msg="Deleted old agent for cluster (fleet-local/local) in namespace cattle-fleet-local-system"
2026-06-12T10:49:38.021903918Z time="2026-06-12T10:49:38Z" level=info msg="Cluster import for 'fleet-local/local'. Deployed new agent"
2026-06-12T10:50:10.573479959Z time="2026-06-12T10:50:10Z" level=info msg="Waiting for service account token key to be populated for secret cluster-fleet-local-local-1a3d67d0a899/request-vdktk-f73b75a5-967e-4b50-b8a0-6818f916e100-token"
2026-06-12T10:50:12.595508723Z time="2026-06-12T10:50:12Z" level=info msg="Cluster registration request 'fleet-local/request-vdktk' granted, creating cluster, request service account, registration secret"
2026-06-12T10:50:12.640238654Z time="2026-06-12T10:50:12Z" level=error msg="error syncing 'fleet-local/request-mfrvl': handler cluster-registration: failed to delete fleet-local/request-mfrvl rbac.authorization.k8s.io/v1, Kind=RoleBinding for cluster-registration fleet-local/request-mfrvl: rolebindings.rbac.authorization.k8s.io \"request-mfrvl\" not found, requeuing"
2026-06-12T10:50:12.654454868Z time="2026-06-12T10:50:12Z" level=info msg="Cluster registration request 'fleet-local/request-vdktk' granted, creating cluster, request service account, registration secret"
2026-06-12T11:30:12.608916737Z time="2026-06-12T11:30:12Z" level=info msg="Deleting expired registration secret cattle-fleet-clusters-system/c-55ec9e2303ce17dd5ad5d955a85c0a2c06932a6c98c0f3a541b1d026ac019"
2026-06-12T14:28:30.528730877Z time="2026-06-12T14:28:30Z" level=info msg="Update agent bundle for cluster fleet-local/local"
2026-06-12T14:28:30.661258366Z time="2026-06-12T14:28:30Z" level=info msg="Deleted old agent for cluster (fleet-local/local) in namespace cattle-fleet-local-system"
2026-06-12T14:28:30.781730226Z time="2026-06-12T14:28:30Z" level=info msg="Cluster import for 'fleet-local/local'. Deployed new agent"
2026-06-12T14:28:30.897180002Z time="2026-06-12T14:28:30Z" level=info msg="Deleted old agent for cluster (fleet-local/local) in namespace cattle-fleet-local-system"
2026-06-12T14:28:31.094084790Z time="2026-06-12T14:28:31Z" level=info msg="Cluster import for 'fleet-local/local'. Deployed new agent"
2026-06-12T14:28:31.201265987Z time="2026-06-12T14:28:31Z" level=info msg="Deleted old agent for cluster (fleet-local/local) in namespace cattle-fleet-local-system"
2026-06-12T14:28:31.304297863Z time="2026-06-12T14:28:31Z" level=info msg="Cluster import for 'fleet-local/local'. Deployed new agent"
2026-06-12T14:28:31.417285265Z time="2026-06-12T14:28:31Z" level=info msg="Deleted old agent for cluster (fleet-local/local) in namespace cattle-fleet-local-system"
2026-06-12T14:28:31.523515241Z time="2026-06-12T14:28:31Z" level=info msg="Cluster import for 'fleet-local/local'. Deployed new agent"
2026-06-12T14:28:31.543687244Z time="2026-06-12T14:28:31Z" level=info msg="Update agent bundle for cluster fleet-local/local"
2026-06-12T14:28:31.627100287Z time="2026-06-12T14:28:31Z" level=info msg="Deleted old agent for cluster (fleet-local/local) in namespace cattle-fleet-local-system"
2026-06-12T14:28:31.718065801Z time="2026-06-12T14:28:31Z" level=info msg="Cluster import for 'fleet-local/local'. Deployed new agent"
2026-06-12T14:29:19.789152943Z time="2026-06-12T14:29:19Z" level=info msg="Waiting for service account token key to be populated for secret cluster-fleet-local-local-1a3d67d0a899/request-bzlll-932152c4-0b3c-47e3-81e4-1ce453e5af14-token"
2026-06-12T14:29:21.801726678Z time="2026-06-12T14:29:21Z" level=info msg="Cluster registration request 'fleet-local/request-bzlll' granted, creating cluster, request service account, registration secret"
2026-06-12T14:29:21.864756421Z time="2026-06-12T14:29:21Z" level=info msg="Cluster registration request 'fleet-local/request-bzlll' granted, creating cluster, request service account, registration secret"
2026-06-12T15:09:21.813585303Z time="2026-06-12T15:09:21Z" level=info msg="Deleting expired registration secret cattle-fleet-clusters-system/c-7e4988ceafbf13e6fdb8119c96f6b193e2dc0aad464b6dc130c9c0a34f2b0"
2026-06-12T22:42:06.046543297Z time="2026-06-12T22:42:06Z" level=error msg="error syncing 'fleet-local/import-token-local': handler cluster-group-token: failed to delete fleet-local/import-token-local-a73800dc-e605-4497-9569-9be1201b9b20-role rbac.authorization.k8s.io/v1, Kind=Role for cluster-group-token fleet-local/import-token-local: roles.rbac.authorization.k8s.io \"import-token-local-a73800dc-e605-4497-9569-9be1201b9b20-role\" not found, requeuing"
2026-06-12T22:42:06.048686398Z time="2026-06-12T22:42:06Z" level=error msg="error syncing 'fleet-local/import-token-local': handler cluster-group-token: failed to delete cattle-fleet-clusters-system/import-token-local-a73800dc-e605-4497-9569-9be1201b9b20-creds rbac.authorization.k8s.io/v1, Kind=RoleBinding for cluster-group-token fleet-local/import-token-local: rolebindings.rbac.authorization.k8s.io \"import-token-local-a73800dc-e605-4497-9569-9be1201b9b20-creds\" not found, requeuing"
