Failed to get /apis/authentication.k8s.io/v1/tokenreviews: the server does not allow this method on the requested resource
Failed to get /apis/authentication.k8s.io/v1/selfsubjectreviews: the server does not allow this method on the requested resource
Failed to get /apis/authorization.k8s.io/v1/selfsubjectrulesreviews: the server does not allow this method on the requested resource
Failed to get /apis/authorization.k8s.io/v1/selfsubjectaccessreviews: the server does not allow this method on the requested resource
Failed to get /apis/authorization.k8s.io/v1/subjectaccessreviews: the server does not allow this method on the requested resource
Failed to get /apis/ext.cattle.io/v1/useractivities: the server could not find the requested resource
Failed to get /apis/ext.cattle.io/v1/selfusers: the server does not allow this method on the requested resource
Failed to get /apis/ext.cattle.io/v1/passwordchangerequests: the server does not allow this method on the requested resource
Failed to get /apis/ext.cattle.io/v1/groupmembershiprefreshrequests: the server does not allow this method on the requested resource
Failed to get /api/v1/namespaces/default/bindings: the server does not allow this method on the requested resource
Failed to get /apis/authorization.k8s.io/v1/namespaces/default/localsubjectaccessreviews: the server does not allow this method on the requested resource
Failed to get /apis/upload.cdi.kubevirt.io/v1beta1/namespaces/default/uploadtokenrequests: the server does not allow this method on the requested resource
Failed to get /api/v1/namespaces/kube-system/bindings: the server does not allow this method on the requested resource
Failed to get /apis/authorization.k8s.io/v1/namespaces/kube-system/localsubjectaccessreviews: the server does not allow this method on the requested resource
Failed to get /apis/upload.cdi.kubevirt.io/v1beta1/namespaces/kube-system/uploadtokenrequests: the server does not allow this method on the requested resource
Failed to get /api/v1/namespaces/cattle-system/bindings: the server does not allow this method on the requested resource
Failed to get /apis/authorization.k8s.io/v1/namespaces/cattle-system/localsubjectaccessreviews: the server does not allow this method on the requested resource
Failed to get /apis/upload.cdi.kubevirt.io/v1beta1/namespaces/cattle-system/uploadtokenrequests: the server does not allow this method on the requested resource
Failed to get /api/v1/namespaces/cattle-dashboards/bindings: the server does not allow this method on the requested resource
Failed to get /apis/authorization.k8s.io/v1/namespaces/cattle-dashboards/localsubjectaccessreviews: the server does not allow this method on the requested resource
Failed to get /apis/upload.cdi.kubevirt.io/v1beta1/namespaces/cattle-dashboards/uploadtokenrequests: the server does not allow this method on the requested resource
Failed to get /api/v1/namespaces/cattle-fleet-local-system/bindings: the server does not allow this method on the requested resource
Failed to get /apis/authorization.k8s.io/v1/namespaces/cattle-fleet-local-system/localsubjectaccessreviews: the server does not allow this method on the requested resource
Failed to get /apis/upload.cdi.kubevirt.io/v1beta1/namespaces/cattle-fleet-local-system/uploadtokenrequests: the server does not allow this method on the requested resource
Failed to get /api/v1/namespaces/cattle-fleet-system/bindings: the server does not allow this method on the requested resource
Failed to get /apis/authorization.k8s.io/v1/namespaces/cattle-fleet-system/localsubjectaccessreviews: the server does not allow this method on the requested resource
Failed to get /apis/upload.cdi.kubevirt.io/v1beta1/namespaces/cattle-fleet-system/uploadtokenrequests: the server does not allow this method on the requested resource
Failed to get /api/v1/namespaces/cattle-fleet-clusters-system/bindings: the server does not allow this method on the requested resource
Failed to get /apis/authorization.k8s.io/v1/namespaces/cattle-fleet-clusters-system/localsubjectaccessreviews: the server does not allow this method on the requested resource
Failed to get /apis/upload.cdi.kubevirt.io/v1beta1/namespaces/cattle-fleet-clusters-system/uploadtokenrequests: the server does not allow this method on the requested resource
Failed to get /api/v1/namespaces/cattle-monitoring-system/bindings: the server does not allow this method on the requested resource
Failed to get /apis/authorization.k8s.io/v1/namespaces/cattle-monitoring-system/localsubjectaccessreviews: the server does not allow this method on the requested resource
Failed to get /apis/upload.cdi.kubevirt.io/v1beta1/namespaces/cattle-monitoring-system/uploadtokenrequests: the server does not allow this method on the requested resource
Failed to get /api/v1/namespaces/fleet-local/bindings: the server does not allow this method on the requested resource
Failed to get /apis/authorization.k8s.io/v1/namespaces/fleet-local/localsubjectaccessreviews: the server does not allow this method on the requested resource
Failed to get /apis/upload.cdi.kubevirt.io/v1beta1/namespaces/fleet-local/uploadtokenrequests: the server does not allow this method on the requested resource
Failed to get /api/v1/namespaces/harvester-system/bindings: the server does not allow this method on the requested resource
Failed to get /apis/authorization.k8s.io/v1/namespaces/harvester-system/localsubjectaccessreviews: the server does not allow this method on the requested resource
Failed to get /apis/upload.cdi.kubevirt.io/v1beta1/namespaces/harvester-system/uploadtokenrequests: the server does not allow this method on the requested resource
Failed to get /api/v1/namespaces/local/bindings: the server does not allow this method on the requested resource
Failed to get /apis/authorization.k8s.io/v1/namespaces/local/localsubjectaccessreviews: the server does not allow this method on the requested resource
Failed to get /apis/upload.cdi.kubevirt.io/v1beta1/namespaces/local/uploadtokenrequests: the server does not allow this method on the requested resource
Failed to get /api/v1/namespaces/longhorn-system/bindings: the server does not allow this method on the requested resource
Failed to get /apis/authorization.k8s.io/v1/namespaces/longhorn-system/localsubjectaccessreviews: the server does not allow this method on the requested resource
Failed to get /apis/upload.cdi.kubevirt.io/v1beta1/namespaces/longhorn-system/uploadtokenrequests: the server does not allow this method on the requested resource
Failed to get /api/v1/namespaces/cattle-logging-system/bindings: the server does not allow this method on the requested resource
Failed to get /apis/authorization.k8s.io/v1/namespaces/cattle-logging-system/localsubjectaccessreviews: the server does not allow this method on the requested resource
Failed to get /apis/upload.cdi.kubevirt.io/v1beta1/namespaces/cattle-logging-system/uploadtokenrequests: the server does not allow this method on the requested resource
Failed to get /api/v1/namespaces/cattle-provisioning-capi-system/bindings: the server does not allow this method on the requested resource
Failed to get /apis/authorization.k8s.io/v1/namespaces/cattle-provisioning-capi-system/localsubjectaccessreviews: the server does not allow this method on the requested resource
Failed to get /apis/upload.cdi.kubevirt.io/v1beta1/namespaces/cattle-provisioning-capi-system/uploadtokenrequests: the server does not allow this method on the requested resource
BUG: Support bundle: cannot get log for pod default11h06m21s863801-06-12-619c368b-6mr5m container network-helper: container "network-helper" in pod "default11h06m21s863801-06-12-619c368b-6mr5m" is waiting to start: ContainerCreating
