2026-06-12T15:45:26.127338951Z time="2026-06-12T15:45:26Z" level=info msg="Starting Harvester API Server version d46887de (d46887de)"
2026-06-12T15:45:27.358757798Z time="2026-06-12T15:45:27Z" level=info msg="Do not update the existing CRD Setting"
2026-06-12T15:45:27.358803781Z time="2026-06-12T15:45:27Z" level=info msg="Do not update the existing CRD APIService"
2026-06-12T15:45:27.358809722Z time="2026-06-12T15:45:27Z" level=info msg="Do not update the existing CRD Setting"
2026-06-12T15:45:27.358816066Z time="2026-06-12T15:45:27Z" level=info msg="Do not update the existing CRD User"
2026-06-12T15:45:27.358820658Z time="2026-06-12T15:45:27Z" level=info msg="Do not update the existing CRD Group"
2026-06-12T15:45:27.358824749Z time="2026-06-12T15:45:27Z" level=info msg="Do not update the existing CRD GroupMember"
2026-06-12T15:45:27.358829798Z time="2026-06-12T15:45:27Z" level=info msg="Do not update the existing CRD Token"
2026-06-12T15:45:27.358833923Z time="2026-06-12T15:45:27Z" level=info msg="Do not update the existing CRD NodeDriver"
2026-06-12T15:45:27.358838185Z time="2026-06-12T15:45:27Z" level=info msg="Do not update the existing CRD Feature"
2026-06-12T15:45:27.358842493Z time="2026-06-12T15:45:27Z" level=info msg="Do not update the existing CRD Plan"
2026-06-12T15:45:27.358846621Z time="2026-06-12T15:45:27Z" level=info msg="Do not update the existing CRD Logging"
2026-06-12T15:45:27.382766972Z time="2026-06-12T15:45:27Z" level=info msg="Do not update the existing CRD KeyPair"
2026-06-12T15:45:27.382805310Z time="2026-06-12T15:45:27Z" level=info msg="Do not update the existing CRD Upgrade"
2026-06-12T15:45:27.382810493Z time="2026-06-12T15:45:27Z" level=info msg="Do not update the existing CRD UpgradeLog"
2026-06-12T15:45:27.382815328Z time="2026-06-12T15:45:27Z" level=info msg="Do not update the existing CRD Version"
2026-06-12T15:45:27.382819426Z time="2026-06-12T15:45:27Z" level=info msg="Do not update the existing CRD VirtualMachineImage"
2026-06-12T15:45:27.382836189Z time="2026-06-12T15:45:27Z" level=info msg="Do not update the existing CRD VirtualMachineTemplate"
2026-06-12T15:45:27.382840835Z time="2026-06-12T15:45:27Z" level=info msg="Do not update the existing CRD VirtualMachineTemplateVersion"
2026-06-12T15:45:27.382844963Z time="2026-06-12T15:45:27Z" level=info msg="Do not update the existing CRD VirtualMachineBackup"
2026-06-12T15:45:27.382849605Z time="2026-06-12T15:45:27Z" level=info msg="Do not update the existing CRD VirtualMachineRestore"
2026-06-12T15:45:27.382854163Z time="2026-06-12T15:45:27Z" level=info msg="Do not update the existing CRD Preference"
2026-06-12T15:45:27.382858111Z time="2026-06-12T15:45:27Z" level=info msg="Do not update the existing CRD SupportBundle"
2026-06-12T15:45:27.382862189Z time="2026-06-12T15:45:27Z" level=info msg="Do not update the existing CRD ResourceQuota"
2026-06-12T15:45:27.382865987Z time="2026-06-12T15:45:27Z" level=info msg="Do not update the existing CRD ScheduleVMBackup"
2026-06-12T15:45:27.382870305Z time="2026-06-12T15:45:27Z" level=info msg="Do not update the existing CRD VolumeRemoteBackup"
2026-06-12T15:45:27.382874387Z time="2026-06-12T15:45:27Z" level=info msg="Do not update the existing CRD VolumeRemoteRestore"
2026-06-12T15:45:27.382891877Z time="2026-06-12T15:45:27Z" level=info msg="Do not update the existing CRD BackingImage"
2026-06-12T15:45:27.382896212Z time="2026-06-12T15:45:27Z" level=info msg="Do not update the existing CRD BackingImageDataSource"
2026-06-12T15:45:27.382900130Z time="2026-06-12T15:45:27Z" level=info msg="Do not update the existing CRD Backup"
2026-06-12T15:45:27.382903918Z time="2026-06-12T15:45:27Z" level=info msg="Do not update the existing CRD BackupVolume"
2026-06-12T15:45:27.382907862Z time="2026-06-12T15:45:27Z" level=info msg="Do not update the existing CRD BackupBackingImage"
2026-06-12T15:45:27.382940093Z time="2026-06-12T15:45:27Z" level=info msg="Do not update the existing CRD Engine"
2026-06-12T15:45:27.382944718Z time="2026-06-12T15:45:27Z" level=info msg="Do not update the existing CRD Snapshot"
2026-06-12T15:45:27.382948666Z time="2026-06-12T15:45:27Z" level=info msg="Do not update the existing CRD Volume"
2026-06-12T15:45:27.382972451Z time="2026-06-12T15:45:27Z" level=info msg="Do not update the existing CRD LHNode"
2026-06-12T15:45:27.382988202Z time="2026-06-12T15:45:27Z" level=info msg="Do not update the existing CRD Setting"
2026-06-12T15:45:27.382992854Z time="2026-06-12T15:45:27Z" level=info msg="Do not update the existing CRD BackupTarget"
2026-06-12T15:45:27.382996972Z time="2026-06-12T15:45:27Z" level=info msg="Do not update the existing CRD Cluster"
2026-06-12T15:45:27.383000964Z time="2026-06-12T15:45:27Z" level=info msg="Do not update the existing CRD Cluster"
2026-06-12T15:45:27.383004811Z time="2026-06-12T15:45:27Z" level=info msg="Do not update the existing CRD Cluster"
2026-06-12T15:45:27.383008849Z time="2026-06-12T15:45:27Z" level=info msg="Do not update the existing CRD Machine"
2026-06-12T15:45:27.383030144Z time="2026-06-12T15:45:27Z" level=info msg="Do not update the existing CRD Addon"
2026-06-12T15:45:27.383034860Z time="2026-06-12T15:45:27Z" level=info msg="Do not update the existing CRD Prometheus"
2026-06-12T15:45:27.383039361Z time="2026-06-12T15:45:27Z" level=info msg="Do not update the existing CRD Alertmanager"
2026-06-12T15:45:27.383043289Z time="2026-06-12T15:45:27Z" level=info msg="Do not update the existing CRD ClusterFlow"
2026-06-12T15:45:27.383047114Z time="2026-06-12T15:45:27Z" level=info msg="Do not update the existing CRD ClusterOutput"
2026-06-12T15:45:27.383052427Z time="2026-06-12T15:45:27Z" level=info msg="Do not update the existing CRD Flow"
2026-06-12T15:45:27.383056318Z time="2026-06-12T15:45:27Z" level=info msg="Do not update the existing CRD Output"
2026-06-12T15:45:27.383071215Z time="2026-06-12T15:45:27Z" level=info msg="Do not update the existing CRD NodeConfig"
2026-06-12T15:45:27.383075500Z time="2026-06-12T15:45:27Z" level=info msg="Do not update the existing CRD RKEControlPlane"
2026-06-12T15:45:28.163884474Z time="2026-06-12T15:45:28Z" level=info msg="Waiting for ValidatingWebhookConfiguration harvester-validator..."
2026-06-12T15:45:28.166532183Z time="2026-06-12T15:45:28Z" level=info msg="Waiting for MutatingWebhookConfiguration harvester-mutator..."
2026-06-12T15:45:28.168927079Z time="2026-06-12T15:45:28Z" level=info msg="Admission webhooks are ready"
2026-06-12T15:45:28.302643696Z I0612 15:45:28.302427       7 leaderelection.go:257] attempting to acquire leader lease kube-system/harvester-controllers...
2026-06-12T15:45:29.655628119Z time="2026-06-12T15:45:29Z" level=info msg="Starting harvesterhci.io/v1beta1, Kind=SupportBundle controller"
2026-06-12T15:45:29.656609613Z time="2026-06-12T15:45:29Z" level=info msg="Starting /v1, Kind=Pod controller"
2026-06-12T15:45:29.656634358Z time="2026-06-12T15:45:29Z" level=info msg="Starting harvesterhci.io/v1beta1, Kind=VirtualMachineBackup controller"
2026-06-12T15:45:29.656990077Z time="2026-06-12T15:45:29Z" level=info msg="Starting longhorn.io/v1beta2, Kind=Volume controller"
2026-06-12T15:45:29.657549215Z time="2026-06-12T15:45:29Z" level=info msg="Starting /v1, Kind=ConfigMap controller"
2026-06-12T15:45:29.657703177Z time="2026-06-12T15:45:29Z" level=info msg="Starting snapshot.storage.k8s.io/v1, Kind=VolumeSnapshot controller"
2026-06-12T15:45:29.657857122Z time="2026-06-12T15:45:29Z" level=info msg="Starting harvesterhci.io/v1beta1, Kind=UpgradeLog controller"
2026-06-12T15:45:29.657980175Z time="2026-06-12T15:45:29Z" level=info msg="Starting harvesterhci.io/v1beta1, Kind=VirtualMachineImage controller"
2026-06-12T15:45:29.658092138Z time="2026-06-12T15:45:29Z" level=info msg="Starting kubevirt.io/v1, Kind=KubeVirt controller"
2026-06-12T15:45:29.658234670Z time="2026-06-12T15:45:29Z" level=info msg="Starting storage.k8s.io/v1, Kind=StorageClass controller"
2026-06-12T15:45:29.658275728Z time="2026-06-12T15:45:29Z" level=info msg="Starting longhorn.io/v1beta2, Kind=BackingImage controller"
2026-06-12T15:45:29.658534768Z time="2026-06-12T15:45:29Z" level=info msg="Starting kubevirt.io/v1, Kind=VirtualMachineInstanceMigration controller"
2026-06-12T15:45:29.658559400Z time="2026-06-12T15:45:29Z" level=info msg="Starting k8s.cni.cncf.io/v1, Kind=NetworkAttachmentDefinition controller"
2026-06-12T15:45:29.658818160Z time="2026-06-12T15:45:29Z" level=info msg="Starting harvesterhci.io/v1beta1, Kind=VirtualMachineTemplateVersion controller"
2026-06-12T15:45:29.658893734Z time="2026-06-12T15:45:29Z" level=info msg="Starting rbac.authorization.k8s.io/v1, Kind=ClusterRoleBinding controller"
2026-06-12T15:45:29.658911478Z time="2026-06-12T15:45:29Z" level=info msg="Starting kubevirt.io/v1, Kind=VirtualMachine controller"
2026-06-12T15:45:29.659680049Z time="2026-06-12T15:45:29Z" level=info msg="Starting /v1, Kind=PersistentVolume controller"
2026-06-12T15:45:29.659783609Z time="2026-06-12T15:45:29Z" level=info msg="Starting harvesterhci.io/v1beta1, Kind=KeyPair controller"
2026-06-12T15:45:29.660274775Z time="2026-06-12T15:45:29Z" level=info msg="Starting /v1, Kind=ServiceAccount controller"
2026-06-12T15:45:29.660565281Z time="2026-06-12T15:45:29Z" level=info msg="Starting batch/v1, Kind=Job controller"
2026-06-12T15:45:29.660600806Z time="2026-06-12T15:45:29Z" level=info msg="Starting rbac.authorization.k8s.io/v1, Kind=ClusterRole controller"
2026-06-12T15:45:29.660741315Z time="2026-06-12T15:45:29Z" level=info msg="Starting rbac.authorization.k8s.io/v1, Kind=Role controller"
2026-06-12T15:45:29.660763631Z time="2026-06-12T15:45:29Z" level=info msg="Starting harvesterhci.io/v1beta1, Kind=Setting controller"
2026-06-12T15:45:29.661046172Z time="2026-06-12T15:45:29Z" level=info msg="Starting harvesterhci.io/v1beta1, Kind=Addon controller"
2026-06-12T15:45:29.661247205Z time="2026-06-12T15:45:29Z" level=info msg="Starting rke.cattle.io/v1, Kind=RKEControlPlane controller"
2026-06-12T15:45:29.661302116Z time="2026-06-12T15:45:29Z" level=info msg="Starting kubevirt.io/v1, Kind=VirtualMachineInstance controller"
2026-06-12T15:45:29.661561273Z time="2026-06-12T15:45:29Z" level=info msg="Starting harvesterhci.io/v1beta1, Kind=Upgrade controller"
2026-06-12T15:45:29.661671607Z time="2026-06-12T15:45:29Z" level=info msg="Starting rbac.authorization.k8s.io/v1, Kind=RoleBinding controller"
2026-06-12T15:45:29.661693539Z time="2026-06-12T15:45:29Z" level=info msg="Starting longhorn.io/v1beta2, Kind=Replica controller"
2026-06-12T15:45:29.662932292Z time="2026-06-12T15:45:29Z" level=info msg="Starting /v1, Kind=Node controller"
2026-06-12T15:45:29.662969438Z time="2026-06-12T15:45:29Z" level=info msg="Starting apiextensions.k8s.io/v1, Kind=CustomResourceDefinition controller"
2026-06-12T15:45:29.663211435Z time="2026-06-12T15:45:29Z" level=info msg="Starting /v1, Kind=Namespace controller"
2026-06-12T15:45:29.663598084Z time="2026-06-12T15:45:29Z" level=info msg="Starting apiregistration.k8s.io/v1, Kind=APIService controller"
2026-06-12T15:45:29.663621427Z time="2026-06-12T15:45:29Z" level=info msg="Starting /v1, Kind=PersistentVolumeClaim controller"
2026-06-12T15:45:29.663628979Z time="2026-06-12T15:45:29Z" level=info msg="Starting /v1, Kind=Secret controller"
2026-06-12T15:45:29.722544645Z time="2026-06-12T15:45:29Z" level=info msg="Starting steve aggregation client"
2026-06-12T15:45:29.743122114Z time="2026-06-12T15:45:29Z" level=info msg="Listening on :8443"
2026-06-12T15:45:29.743165001Z time="2026-06-12T15:45:29Z" level=warning msg="dynamiclistener [::]:8443: no cached certificate available for preload - deferring certificate load until storage initialization or first client request"
2026-06-12T15:45:33.163009797Z I0612 15:45:33.162789       7 warnings.go:110] "Warning: kubevirt.io/v1 VirtualMachineInstancePresets is now deprecated and will be removed in v2."
2026-06-12T15:45:33.163108367Z I0612 15:45:33.162941       7 warnings.go:110] "Warning: v1 ComponentStatus is deprecated in v1.19+"
2026-06-12T15:45:33.163840529Z I0612 15:45:33.163745       7 warnings.go:110] "Warning: v1 Endpoints is deprecated in v1.33+; use discovery.k8s.io/v1 EndpointSlice"
2026-06-12T15:45:33.204830294Z time="2026-06-12T15:45:33Z" level=info msg="Watching metadata for apps/v1, Kind=DaemonSet"
2026-06-12T15:45:33.204869459Z time="2026-06-12T15:45:33Z" level=info msg="Watching metadata for cluster.x-k8s.io/v1beta2, Kind=MachineDrainRule"
2026-06-12T15:45:33.204875743Z time="2026-06-12T15:45:33Z" level=info msg="Watching metadata for metal.harvesterhci.io/v1alpha1, Kind=AddressPool"
2026-06-12T15:45:33.204881847Z time="2026-06-12T15:45:33Z" level=info msg="Watching metadata for bmc.tinkerbell.org/v1alpha1, Kind=Machine"
2026-06-12T15:45:33.204887587Z time="2026-06-12T15:45:33Z" level=info msg="Watching metadata for harvesterhci.io/v1beta1, Kind=Addon"
2026-06-12T15:45:33.204893387Z time="2026-06-12T15:45:33Z" level=info msg="Watching metadata for longhorn.io/v1beta2, Kind=Engine"
2026-06-12T15:45:33.204924536Z time="2026-06-12T15:45:33Z" level=info msg="Watching metadata for turtles-capi.cattle.io/v1alpha1, Kind=CAPIProvider"
2026-06-12T15:45:33.204959243Z time="2026-06-12T15:45:33Z" level=info msg="Watching metadata for longhorn.io/v1beta2, Kind=Node"
2026-06-12T15:45:33.204969892Z time="2026-06-12T15:45:33Z" level=info msg="Watching metadata for node.harvesterhci.io/v1beta1, Kind=Ksmtuned"
2026-06-12T15:45:33.204989048Z time="2026-06-12T15:45:33Z" level=info msg="Watching metadata for crd.projectcalico.org/v1, Kind=HostEndpoint"
2026-06-12T15:45:33.204999854Z time="2026-06-12T15:45:33Z" level=info msg="Watching metadata for logging.banzaicloud.io/v1beta1, Kind=Flow"
2026-06-12T15:45:33.205006068Z time="2026-06-12T15:45:33Z" level=info msg="Watching metadata for apps/v1, Kind=Deployment"
2026-06-12T15:45:33.205046304Z time="2026-06-12T15:45:33Z" level=info msg="Watching metadata for harvesterhci.io/v1beta1, Kind=Version"
2026-06-12T15:45:33.205106901Z time="2026-06-12T15:45:33Z" level=info msg="Watching metadata for longhorn.io/v1beta2, Kind=BackupVolume"
2026-06-12T15:45:33.205140987Z time="2026-06-12T15:45:33Z" level=info msg="Watching metadata for catalog.cattle.io/v1, Kind=UIPlugin"
2026-06-12T15:45:33.206293877Z time="2026-06-12T15:45:33Z" level=info msg="Watching metadata for whereabouts.cni.cncf.io/v1alpha1, Kind=IPPool"
2026-06-12T15:45:33.206323758Z time="2026-06-12T15:45:33Z" level=info msg="Watching metadata for pool.kubevirt.io/v1beta1, Kind=VirtualMachinePool"
2026-06-12T15:45:33.206373770Z time="2026-06-12T15:45:33Z" level=info msg="Watching metadata for cdi.kubevirt.io/v1beta1, Kind=CDI"
2026-06-12T15:45:33.206398245Z time="2026-06-12T15:45:33Z" level=info msg="Watching metadata for management.cattle.io/v3, Kind=NodeDriver"
2026-06-12T15:45:33.207892123Z time="2026-06-12T15:45:33Z" level=info msg="Watching metadata for instancetype.kubevirt.io/v1beta1, Kind=VirtualMachineInstancetype"
2026-06-12T15:45:33.207919271Z time="2026-06-12T15:45:33Z" level=info msg="Watching metadata for instancetype.kubevirt.io/v1beta1, Kind=VirtualMachineClusterInstancetype"
2026-06-12T15:45:33.207926012Z time="2026-06-12T15:45:33Z" level=info msg="Watching metadata for cluster.x-k8s.io/v1beta2, Kind=Machine"
2026-06-12T15:45:33.207946573Z time="2026-06-12T15:45:33Z" level=info msg="Watching metadata for crd.projectcalico.org/v1, Kind=IPAMBlock"
2026-06-12T15:45:33.208028494Z time="2026-06-12T15:45:33Z" level=info msg="Watching metadata for cluster.x-k8s.io/v1beta2, Kind=MachineDeployment"
2026-06-12T15:45:33.208048387Z time="2026-06-12T15:45:33Z" level=info msg="Watching metadata for rke.cattle.io/v1, Kind=RKEControlPlane"
2026-06-12T15:45:33.208055365Z time="2026-06-12T15:45:33Z" level=info msg="Watching metadata for cluster.x-k8s.io/v1beta2, Kind=MachineSet"
2026-06-12T15:45:33.208061603Z time="2026-06-12T15:45:33Z" level=info msg="Watching metadata for management.cattle.io/v3, Kind=Setting"
2026-06-12T15:45:33.208086251Z time="2026-06-12T15:45:33Z" level=info msg="Watching metadata for certificates.k8s.io/v1, Kind=CertificateSigningRequest"
2026-06-12T15:45:33.208105727Z time="2026-06-12T15:45:33Z" level=info msg="Watching metadata for network.harvesterhci.io/v1beta1, Kind=HostNetworkConfig"
2026-06-12T15:45:33.208129728Z time="2026-06-12T15:45:33Z" level=info msg="Watching metadata for /v1, Kind=Node"
2026-06-12T15:45:33.208191663Z time="2026-06-12T15:45:33Z" level=info msg="Watching metadata for networking.k8s.io/v1, Kind=ServiceCIDR"
2026-06-12T15:45:33.210366681Z time="2026-06-12T15:45:33Z" level=info msg="Watching metadata for snapshot.storage.k8s.io/v1, Kind=VolumeSnapshotClass"
2026-06-12T15:45:33.211103519Z time="2026-06-12T15:45:33Z" level=info msg="Watching metadata for kubeovn.io/v1, Kind=Configuration"
2026-06-12T15:45:33.211447013Z time="2026-06-12T15:45:33Z" level=info msg="Watching metadata for harvesterhci.io/v1beta1, Kind=VolumeRemoteBackup"
2026-06-12T15:45:33.211677657Z time="2026-06-12T15:45:33Z" level=info msg="Watching metadata for longhorn.io/v1beta2, Kind=LHNode"
2026-06-12T15:45:33.211891602Z time="2026-06-12T15:45:33Z" level=info msg="Watching metadata for kubevirt.io/v1, Kind=VirtualMachineInstanceReplicaSet"
2026-06-12T15:45:33.212309980Z time="2026-06-12T15:45:33Z" level=info msg="Watching metadata for longhorn.io/v1beta2, Kind=SystemRestore"
2026-06-12T15:45:33.212342398Z time="2026-06-12T15:45:33Z" level=info msg="Watching metadata for longhorn.io/v1beta2, Kind=ShareManager"
2026-06-12T15:45:33.212532361Z time="2026-06-12T15:45:33Z" level=info msg="Watching metadata for monitoring.coreos.com/v1, Kind=Prometheus"
2026-06-12T15:45:33.212662152Z time="2026-06-12T15:45:33Z" level=info msg="Watching metadata for /v1, Kind=Service"
2026-06-12T15:45:33.214543329Z time="2026-06-12T15:45:33Z" level=info msg="Watching metadata for logging.banzaicloud.io/v1beta1, Kind=SyslogNGClusterFlow"
2026-06-12T15:45:33.214564100Z time="2026-06-12T15:45:33Z" level=info msg="Watching metadata for crd.projectcalico.org/v1, Kind=NetworkSet"
2026-06-12T15:45:33.214569126Z time="2026-06-12T15:45:33Z" level=info msg="Watching metadata for logging.banzaicloud.io/v1beta1, Kind=FluentdConfig"
2026-06-12T15:45:33.214574081Z time="2026-06-12T15:45:33Z" level=info msg="Watching metadata for admissionregistration.k8s.io/v1, Kind=MutatingWebhookConfiguration"
2026-06-12T15:45:33.214578313Z time="2026-06-12T15:45:33Z" level=info msg="Watching metadata for management.cattle.io/v3, Kind=APIService"
2026-06-12T15:45:33.215233592Z time="2026-06-12T15:45:33Z" level=info msg="Watching metadata for management.cattle.io/v3, Kind=ManagedChart"
2026-06-12T15:45:33.215251143Z time="2026-06-12T15:45:33Z" level=info msg="Watching metadata for /v1, Kind=ConfigMap"
2026-06-12T15:45:33.215611964Z time="2026-06-12T15:45:33Z" level=info msg="Watching metadata for migration.harvesterhci.io/v1beta1, Kind=VirtualMachineImport"
2026-06-12T15:45:33.215641906Z time="2026-06-12T15:45:33Z" level=info msg="Watching metadata for longhorn.io/v1beta2, Kind=Setting"
2026-06-12T15:45:33.215649217Z time="2026-06-12T15:45:33Z" level=info msg="Watching metadata for bmc.tinkerbell.org/v1alpha1, Kind=Job"
2026-06-12T15:45:33.215685636Z time="2026-06-12T15:45:33Z" level=info msg="Watching metadata for storage.k8s.io/v1, Kind=StorageClass"
2026-06-12T15:45:33.215692150Z time="2026-06-12T15:45:33Z" level=info msg="Watching metadata for harvesterhci.io/v1beta1, Kind=LVMVolumeGroup"
2026-06-12T15:45:33.215983849Z time="2026-06-12T15:45:33Z" level=info msg="Watching metadata for logging.banzaicloud.io/v1beta1, Kind=FluentbitAgent"
2026-06-12T15:45:33.216573829Z time="2026-06-12T15:45:33Z" level=info msg="Watching metadata for crd.projectcalico.org/v1, Kind=FelixConfiguration"
2026-06-12T15:45:33.216603000Z time="2026-06-12T15:45:33Z" level=info msg="Watching metadata for /v1, Kind=LimitRange"
2026-06-12T15:45:33.216611009Z time="2026-06-12T15:45:33Z" level=info msg="Watching metadata for telemetry.cattle.io/v1, Kind=SecretRequest"
2026-06-12T15:45:33.216617390Z time="2026-06-12T15:45:33Z" level=info msg="Watching metadata for longhorn.io/v1beta2, Kind=BackingImageManager"
2026-06-12T15:45:33.216624094Z time="2026-06-12T15:45:33Z" level=info msg="Watching metadata for network.harvesterhci.io/v1alpha1, Kind=VirtualMachineNetworkConfig"
2026-06-12T15:45:33.216629934Z time="2026-06-12T15:45:33Z" level=info msg="Watching metadata for crd.projectcalico.org/v1, Kind=NetworkPolicy"
2026-06-12T15:45:33.216636098Z time="2026-06-12T15:45:33Z" level=info msg="Watching metadata for cluster.x-k8s.io/v1beta2, Kind=Cluster"
2026-06-12T15:45:33.216642572Z time="2026-06-12T15:45:33Z" level=info msg="Watching metadata for auditlog.cattle.io/v1, Kind=AuditPolicy"
2026-06-12T15:45:33.216861539Z time="2026-06-12T15:45:33Z" level=info msg="Watching metadata for longhorn.io/v1beta2, Kind=BackingImage"
2026-06-12T15:45:33.216883091Z time="2026-06-12T15:45:33Z" level=info msg="Watching metadata for networking.k8s.io/v1, Kind=Ingress"
2026-06-12T15:45:33.217436926Z time="2026-06-12T15:45:33Z" level=info msg="Watching metadata for tinkerbell.org/v1alpha1, Kind=Hardware"
2026-06-12T15:45:33.217575527Z time="2026-06-12T15:45:33Z" level=info msg="Watching metadata for logging-extensions.banzaicloud.io/v1alpha1, Kind=EventTailer"
2026-06-12T15:45:33.217600239Z time="2026-06-12T15:45:33Z" level=info msg="Watching metadata for batch/v1, Kind=CronJob"
2026-06-12T15:45:33.217606399Z time="2026-06-12T15:45:33Z" level=info msg="Watching metadata for harvesterhci.io/v1beta1, Kind=VirtualMachineImageDownloader"
2026-06-12T15:45:33.217612476Z time="2026-06-12T15:45:33Z" level=info msg="Watching metadata for loadbalancer.harvesterhci.io/v1beta1, Kind=LoadBalancer"
2026-06-12T15:45:33.217618390Z time="2026-06-12T15:45:33Z" level=info msg="Watching metadata for migration.harvesterhci.io/v1beta1, Kind=VmwareSource"
2026-06-12T15:45:33.217624457Z time="2026-06-12T15:45:33Z" level=info msg="Watching metadata for catalog.cattle.io/v1, Kind=App"
2026-06-12T15:45:33.217630374Z time="2026-06-12T15:45:33Z" level=info msg="Watching metadata for storage.k8s.io/v1, Kind=VolumeAttachment"
2026-06-12T15:45:33.217641353Z time="2026-06-12T15:45:33Z" level=info msg="Watching metadata for harvesterhci.io/v1beta1, Kind=VirtualMachineTemplate"
2026-06-12T15:45:33.217667303Z time="2026-06-12T15:45:33Z" level=info msg="Watching metadata for harvesterhci.io/v1beta1, Kind=Upgrade"
2026-06-12T15:45:33.217713967Z time="2026-06-12T15:45:33Z" level=info msg="Watching metadata for monitoring.coreos.com/v1alpha1, Kind=AlertmanagerConfig"
2026-06-12T15:45:33.217735309Z time="2026-06-12T15:45:33Z" level=info msg="Watching metadata for metal.harvesterhci.io/v1alpha1, Kind=Inventory"
2026-06-12T15:45:33.217806301Z time="2026-06-12T15:45:33Z" level=info msg="Watching metadata for batch/v1, Kind=Job"
2026-06-12T15:45:33.217881678Z time="2026-06-12T15:45:33Z" level=info msg="Watching metadata for network.harvesterhci.io/v1beta1, Kind=VlanStatus"
2026-06-12T15:45:33.217948279Z time="2026-06-12T15:45:33Z" level=info msg="Watching metadata for bmc.tinkerbell.org/v1alpha1, Kind=Task"
2026-06-12T15:45:33.218007525Z time="2026-06-12T15:45:33Z" level=info msg="Watching metadata for crd.projectcalico.org/v1, Kind=GlobalNetworkPolicy"
2026-06-12T15:45:33.218577345Z time="2026-06-12T15:45:33Z" level=info msg="Watching metadata for longhorn.io/v1beta2, Kind=BackingImageDataSource"
2026-06-12T15:45:33.218607066Z time="2026-06-12T15:45:33Z" level=info msg="Watching metadata for discovery.k8s.io/v1, Kind=EndpointSlice"
2026-06-12T15:45:33.218613834Z time="2026-06-12T15:45:33Z" level=info msg="Watching metadata for crd.projectcalico.org/v1, Kind=Tier"
2026-06-12T15:45:33.218619363Z time="2026-06-12T15:45:33Z" level=info msg="Watching metadata for /v1, Kind=Secret"
2026-06-12T15:45:33.218625491Z time="2026-06-12T15:45:33Z" level=info msg="Watching metadata for export.kubevirt.io/v1beta1, Kind=VirtualMachineExport"
2026-06-12T15:45:33.218631174Z time="2026-06-12T15:45:33Z" level=info msg="Watching metadata for resource.k8s.io/v1, Kind=ResourceClaimTemplate"
2026-06-12T15:45:33.218636637Z time="2026-06-12T15:45:33Z" level=info msg="Watching metadata for snapshot.kubevirt.io/v1beta1, Kind=VirtualMachineSnapshotContent"
2026-06-12T15:45:33.218642367Z time="2026-06-12T15:45:33Z" level=info msg="Watching metadata for crd.projectcalico.org/v1, Kind=IPAMConfig"
2026-06-12T15:45:33.218670807Z time="2026-06-12T15:45:33Z" level=info msg="Watching metadata for management.cattle.io/v3, Kind=Cluster"
2026-06-12T15:45:33.218733973Z time="2026-06-12T15:45:33Z" level=info msg="Watching metadata for fleet.cattle.io/v1alpha1, Kind=BundleNamespaceMapping"
2026-06-12T15:45:33.218812223Z time="2026-06-12T15:45:33Z" level=info msg="Watching metadata for tinkerbell.org/v1alpha1, Kind=Template"
2026-06-12T15:45:33.218825616Z time="2026-06-12T15:45:33Z" level=info msg="Watching metadata for clone.kubevirt.io/v1beta1, Kind=VirtualMachineClone"
2026-06-12T15:45:33.219015509Z time="2026-06-12T15:45:33Z" level=info msg="Watching metadata for harvesterhci.io/v1beta1, Kind=BlockDevice"
2026-06-12T15:45:33.219819878Z time="2026-06-12T15:45:33Z" level=info msg="Watching metadata for cdi.kubevirt.io/v1beta1, Kind=VolumeImportSource"
2026-06-12T15:45:33.219857115Z time="2026-06-12T15:45:33Z" level=info msg="Watching metadata for /v1, Kind=PersistentVolumeClaim"
2026-06-12T15:45:33.219892329Z time="2026-06-12T15:45:33Z" level=info msg="Watching metadata for rke.cattle.io/v1, Kind=RKEBootstrap"
2026-06-12T15:45:33.220021178Z time="2026-06-12T15:45:33Z" level=info msg="Watching metadata for cdi.kubevirt.io/v1beta1, Kind=VolumeUploadSource"
2026-06-12T15:45:33.220833637Z time="2026-06-12T15:45:33Z" level=info msg="Watching metadata for helm.cattle.io/v1, Kind=HelmChart"
2026-06-12T15:45:33.220892635Z time="2026-06-12T15:45:33Z" level=info msg="Watching metadata for management.cattle.io/v3, Kind=FleetWorkspace"
2026-06-12T15:45:33.220921562Z time="2026-06-12T15:45:33Z" level=info msg="Watching metadata for rbac.authorization.k8s.io/v1, Kind=RoleBinding"
2026-06-12T15:45:33.221006174Z time="2026-06-12T15:45:33Z" level=info msg="Watching metadata for coordination.k8s.io/v1, Kind=Lease"
2026-06-12T15:45:33.221067252Z time="2026-06-12T15:45:33Z" level=info msg="Watching metadata for crd.projectcalico.org/v1, Kind=IPReservation"
2026-06-12T15:45:33.221119430Z time="2026-06-12T15:45:33Z" level=info msg="Watching metadata for ext.cattle.io/v1, Kind=Kubeconfig"
2026-06-12T15:45:33.221205161Z time="2026-06-12T15:45:33Z" level=info msg="Watching metadata for /v1, Kind=ReplicationController"
2026-06-12T15:45:33.221246004Z time="2026-06-12T15:45:33Z" level=info msg="Watching metadata for logging.banzaicloud.io/v1beta1, Kind=SyslogNGConfig"
2026-06-12T15:45:33.221280568Z time="2026-06-12T15:45:33Z" level=info msg="Watching metadata for longhorn.io/v1beta2, Kind=BackupBackingImage"
2026-06-12T15:45:33.221345794Z time="2026-06-12T15:45:33Z" level=info msg="Watching metadata for k8s.cni.cncf.io/v1, Kind=NetworkAttachmentDefinition"
2026-06-12T15:45:33.221449337Z time="2026-06-12T15:45:33Z" level=info msg="Watching metadata for management.cattle.io/v3, Kind=ProxyEndpoint"
2026-06-12T15:45:33.221610824Z time="2026-06-12T15:45:33Z" level=info msg="Watching metadata for resource.k8s.io/v1, Kind=DeviceClass"
2026-06-12T15:45:33.221689452Z time="2026-06-12T15:45:33Z" level=info msg="Watching metadata for /v1, Kind=PodTemplate"
2026-06-12T15:45:33.221782990Z time="2026-06-12T15:45:33Z" level=info msg="Watching metadata for monitoring.coreos.com/v1, Kind=Alertmanager"
2026-06-12T15:45:33.221799329Z time="2026-06-12T15:45:33Z" level=info msg="Watching metadata for fleet.cattle.io/v1alpha1, Kind=BundleDeployment"
2026-06-12T15:45:33.221840397Z time="2026-06-12T15:45:33Z" level=info msg="Watching metadata for harvesterhci.io/v1beta1, Kind=VirtualMachineImage"
2026-06-12T15:45:33.222013117Z time="2026-06-12T15:45:33Z" level=info msg="Watching metadata for apps/v1, Kind=ReplicaSet"
2026-06-12T15:45:33.222121990Z time="2026-06-12T15:45:33Z" level=info msg="Watching metadata for devices.harvesterhci.io/v1beta1, Kind=Node"
2026-06-12T15:45:33.222146695Z time="2026-06-12T15:45:33Z" level=info msg="Watching metadata for catalog.cattle.io/v1, Kind=ClusterRepo"
2026-06-12T15:45:33.222157284Z time="2026-06-12T15:45:33Z" level=info msg="Watching metadata for logging.banzaicloud.io/v1beta1, Kind=NodeAgent"
2026-06-12T15:45:33.222242840Z time="2026-06-12T15:45:33Z" level=info msg="Watching metadata for crd.projectcalico.org/v1, Kind=BlockAffinity"
2026-06-12T15:45:33.222269167Z time="2026-06-12T15:45:33Z" level=info msg="Watching metadata for admissionregistration.k8s.io/v1, Kind=ValidatingWebhookConfiguration"
2026-06-12T15:45:33.222338831Z time="2026-06-12T15:45:33Z" level=info msg="Watching metadata for logging.banzaicloud.io/v1beta1, Kind=ClusterOutput"
2026-06-12T15:45:33.222363707Z time="2026-06-12T15:45:33Z" level=info msg="Watching metadata for monitoring.coreos.com/v1, Kind=PodMonitor"
2026-06-12T15:45:33.222416351Z time="2026-06-12T15:45:33Z" level=info msg="Watching metadata for storage.k8s.io/v1, Kind=CSIStorageCapacity"
2026-06-12T15:45:33.223308081Z time="2026-06-12T15:45:33Z" level=info msg="Watching metadata for devices.harvesterhci.io/v1beta1, Kind=USBDevice"
2026-06-12T15:45:33.223341884Z time="2026-06-12T15:45:33Z" level=info msg="Watching metadata for forklift.cdi.kubevirt.io/v1beta1, Kind=OpenstackVolumePopulator"
2026-06-12T15:45:33.223395456Z time="2026-06-12T15:45:33Z" level=info msg="Watching metadata for cdi.kubevirt.io/v1beta1, Kind=DataVolume"
2026-06-12T15:45:33.223539006Z time="2026-06-12T15:45:33Z" level=info msg="Watching metadata for node.k8s.io/v1, Kind=RuntimeClass"
2026-06-12T15:45:33.223696792Z time="2026-06-12T15:45:33Z" level=info msg="Watching metadata for longhorn.io/v1beta2, Kind=VolumeAttachment"
2026-06-12T15:45:33.223711095Z time="2026-06-12T15:45:33Z" level=info msg="Watching metadata for crd.projectcalico.org/v1, Kind=CalicoNodeStatus"
2026-06-12T15:45:33.223734419Z time="2026-06-12T15:45:33Z" level=info msg="Watching metadata for turtles-capi.cattle.io/v1alpha1, Kind=ClusterctlConfig"
2026-06-12T15:45:33.223817362Z time="2026-06-12T15:45:33Z" level=info msg="Watching metadata for apiregistration.k8s.io/v1, Kind=APIService"
2026-06-12T15:45:33.226762639Z time="2026-06-12T15:45:33Z" level=info msg="Watching metadata for apps/v1, Kind=StatefulSet"
2026-06-12T15:45:33.231721260Z time="2026-06-12T15:45:33Z" level=info msg="Watching metadata for snapshot.storage.k8s.io/v1, Kind=VolumeSnapshotContent"
2026-06-12T15:45:33.231775413Z time="2026-06-12T15:45:33Z" level=info msg="Watching metadata for monitoring.coreos.com/v1, Kind=ThanosRuler"
2026-06-12T15:45:33.231812923Z time="2026-06-12T15:45:33Z" level=info msg="Watching metadata for crd.projectcalico.org/v1, Kind=BGPPeer"
2026-06-12T15:45:33.231845173Z time="2026-06-12T15:45:33Z" level=info msg="Watching metadata for cluster.x-k8s.io/v1beta2, Kind=MachinePool"
2026-06-12T15:45:33.231858776Z time="2026-06-12T15:45:33Z" level=info msg="Watching metadata for policy.networking.k8s.io/v1alpha2, Kind=ClusterNetworkPolicy"
2026-06-12T15:45:33.231874501Z time="2026-06-12T15:45:33Z" level=info msg="Watching metadata for whereabouts.cni.cncf.io/v1alpha1, Kind=NodeSlicePool"
2026-06-12T15:45:33.231888654Z time="2026-06-12T15:45:33Z" level=info msg="Watching metadata for networking.k8s.io/v1, Kind=NetworkPolicy"
2026-06-12T15:45:33.231903334Z time="2026-06-12T15:45:33Z" level=info msg="Watching metadata for longhorn.io/v1beta2, Kind=Backup"
2026-06-12T15:45:33.231989467Z time="2026-06-12T15:45:33Z" level=info msg="Watching metadata for logging.banzaicloud.io/v1beta1, Kind=LoggingRoute"
2026-06-12T15:45:33.232007839Z time="2026-06-12T15:45:33Z" level=info msg="Watching metadata for crd.projectcalico.org/v1, Kind=KubeControllersConfiguration"
2026-06-12T15:45:33.232065415Z time="2026-06-12T15:45:33Z" level=info msg="Watching metadata for fleet.cattle.io/v1alpha1, Kind=ClusterGroup"
2026-06-12T15:45:33.232090831Z time="2026-06-12T15:45:33Z" level=info msg="Watching metadata for crd.projectcalico.org/v1, Kind=ClusterInformation"
2026-06-12T15:45:33.232157145Z time="2026-06-12T15:45:33Z" level=info msg="Watching metadata for harvesterhci.io/v1beta1, Kind=Preference"
2026-06-12T15:45:33.232206305Z time="2026-06-12T15:45:33Z" level=info msg="Watching metadata for longhorn.io/v1beta2, Kind=Orphan"
2026-06-12T15:45:33.232427986Z time="2026-06-12T15:45:33Z" level=info msg="Watching metadata for flowcontrol.apiserver.k8s.io/v1, Kind=FlowSchema"
2026-06-12T15:45:33.232441872Z time="2026-06-12T15:45:33Z" level=info msg="Watching metadata for ipam.cluster.x-k8s.io/v1beta2, Kind=IPAddress"
2026-06-12T15:45:33.232446727Z time="2026-06-12T15:45:33Z" level=info msg="Watching metadata for management.cattle.io/v3, Kind=User"
2026-06-12T15:45:33.232456065Z time="2026-06-12T15:45:33Z" level=info msg="Watching metadata for fleet.cattle.io/v1alpha1, Kind=GitRepoRestriction"
2026-06-12T15:45:33.232789114Z time="2026-06-12T15:45:33Z" level=info msg="Watching metadata for ui.cattle.io/v1, Kind=NavLink"
2026-06-12T15:45:33.233003439Z time="2026-06-12T15:45:33Z" level=info msg="Watching metadata for logging.banzaicloud.io/v1beta1, Kind=Output"
2026-06-12T15:45:33.233021527Z time="2026-06-12T15:45:33Z" level=info msg="Watching metadata for instancetype.kubevirt.io/v1beta1, Kind=VirtualMachinePreference"
2026-06-12T15:45:33.233068425Z time="2026-06-12T15:45:33Z" level=info msg="Watching metadata for /v1, Kind=Event"
2026-06-12T15:45:33.233297323Z time="2026-06-12T15:45:33Z" level=info msg="Watching metadata for kubevirt.io/v1, Kind=KubeVirt"
2026-06-12T15:45:33.233315214Z time="2026-06-12T15:45:33Z" level=info msg="Watching metadata for harvesterhci.io/v1beta1, Kind=Setting"
2026-06-12T15:45:33.233448198Z time="2026-06-12T15:45:33Z" level=info msg="Watching metadata for rbac.authorization.k8s.io/v1, Kind=ClusterRoleBinding"
2026-06-12T15:45:33.233887941Z time="2026-06-12T15:45:33Z" level=info msg="Watching metadata for logging.banzaicloud.io/v1beta1, Kind=SyslogNGOutput"
2026-06-12T15:45:33.234170993Z time="2026-06-12T15:45:33Z" level=info msg="Watching metadata for networking.k8s.io/v1, Kind=IngressClass"
2026-06-12T15:45:33.235562092Z time="2026-06-12T15:45:33Z" level=info msg="Watching metadata for monitoring.coreos.com/v1alpha1, Kind=ScrapeConfig"
2026-06-12T15:45:33.235588399Z time="2026-06-12T15:45:33Z" level=info msg="Watching metadata for rke.cattle.io/v1, Kind=ETCDSnapshot"
2026-06-12T15:45:33.235615337Z time="2026-06-12T15:45:33Z" level=info msg="Watching metadata for cluster.x-k8s.io/v1beta2, Kind=MachineHealthCheck"
2026-06-12T15:45:33.235621714Z time="2026-06-12T15:45:33Z" level=info msg="Watching metadata for cdi.kubevirt.io/v1beta1, Kind=VolumeCloneSource"
2026-06-12T15:45:33.235627528Z time="2026-06-12T15:45:33Z" level=info msg="Watching metadata for management.cattle.io/v3, Kind=ClusterRegistrationToken"
2026-06-12T15:45:33.235633471Z time="2026-06-12T15:45:33Z" level=info msg="Watching metadata for logging.banzaicloud.io/v1beta1, Kind=SyslogNGFlow"
2026-06-12T15:45:33.235645188Z time="2026-06-12T15:45:33Z" level=info msg="Watching metadata for provisioning.cattle.io/v1, Kind=Cluster"
2026-06-12T15:45:33.235651525Z time="2026-06-12T15:45:33Z" level=info msg="Watching metadata for crd.projectcalico.org/v1, Kind=BGPConfiguration"
2026-06-12T15:45:33.235657229Z time="2026-06-12T15:45:33Z" level=info msg="Watching metadata for crd.projectcalico.org/v1, Kind=GlobalNetworkSet"
2026-06-12T15:45:33.235662979Z time="2026-06-12T15:45:33Z" level=info msg="Watching metadata for cdi.kubevirt.io/v1beta1, Kind=StorageProfile"
2026-06-12T15:45:33.235668699Z time="2026-06-12T15:45:33Z" level=info msg="Watching metadata for policy/v1, Kind=PodDisruptionBudget"
2026-06-12T15:45:33.235674579Z time="2026-06-12T15:45:33Z" level=info msg="Watching metadata for autoscaling/v2, Kind=HorizontalPodAutoscaler"
2026-06-12T15:45:33.235680389Z time="2026-06-12T15:45:33Z" level=info msg="Watching metadata for node.harvesterhci.io/v1beta1, Kind=CloudInit"
2026-06-12T15:45:33.235849642Z time="2026-06-12T15:45:33Z" level=info msg="Watching metadata for loadbalancer.harvesterhci.io/v1beta1, Kind=IPPool"
2026-06-12T15:45:33.236013251Z time="2026-06-12T15:45:33Z" level=info msg="Watching metadata for crd.projectcalico.org/v1, Kind=StagedNetworkPolicy"
2026-06-12T15:45:33.236151278Z time="2026-06-12T15:45:33Z" level=info msg="Watching metadata for harvesterhci.io/v1beta1, Kind=VirtualMachineBackup"
2026-06-12T15:45:33.236324973Z time="2026-06-12T15:45:33Z" level=info msg="Watching metadata for logging.banzaicloud.io/v1beta1, Kind=SyslogNGClusterOutput"
2026-06-12T15:45:33.236353406Z time="2026-06-12T15:45:33Z" level=info msg="Watching metadata for rke.cattle.io/v1, Kind=RKECluster"
2026-06-12T15:45:33.236565909Z time="2026-06-12T15:45:33Z" level=info msg="Watching metadata for harvesterhci.io/v1beta1, Kind=NetworkFilesystem"
2026-06-12T15:45:33.236587123Z time="2026-06-12T15:45:33Z" level=info msg="Watching metadata for devices.harvesterhci.io/v1beta1, Kind=SRIOVNetworkDevice"
2026-06-12T15:45:33.236713493Z time="2026-06-12T15:45:33Z" level=info msg="Watching metadata for whereabouts.cni.cncf.io/v1alpha1, Kind=OverlappingRangeIPReservation"
2026-06-12T15:45:33.236878451Z time="2026-06-12T15:45:33Z" level=info msg="Watching metadata for fleet.cattle.io/v1alpha1, Kind=Content"
2026-06-12T15:45:33.236896395Z time="2026-06-12T15:45:33Z" level=info msg="Watching metadata for monitoring.coreos.com/v1, Kind=Probe"
2026-06-12T15:45:33.236974052Z time="2026-06-12T15:45:33Z" level=info msg="Watching metadata for management.cattle.io/v3, Kind=Preference"
2026-06-12T15:45:33.237047480Z time="2026-06-12T15:45:33Z" level=info msg="Watching metadata for apps/v1, Kind=ControllerRevision"
2026-06-12T15:45:33.237194667Z time="2026-06-12T15:45:33Z" level=info msg="Watching metadata for fleet.cattle.io/v1alpha1, Kind=Bundle"
2026-06-12T15:45:33.237228511Z time="2026-06-12T15:45:33Z" level=info msg="Watching metadata for networking.k8s.io/v1, Kind=IPAddress"
2026-06-12T15:45:33.237305195Z time="2026-06-12T15:45:33Z" level=info msg="Watching metadata for bmc.tinkerbell.org/v1alpha1, Kind=BaseboardManagement"
2026-06-12T15:45:33.237347501Z time="2026-06-12T15:45:33Z" level=info msg="Watching metadata for harvesterhci.io/v1beta1, Kind=VirtualMachineTemplateVersion"
2026-06-12T15:45:33.237392567Z time="2026-06-12T15:45:33Z" level=info msg="Watching metadata for kubevirt.io/v1, Kind=VirtualMachineInstancePreset"
2026-06-12T15:45:33.237465695Z time="2026-06-12T15:45:33Z" level=info msg="Watching metadata for management.cattle.io/v3, Kind=GroupMember"
2026-06-12T15:45:33.237517882Z time="2026-06-12T15:45:33Z" level=info msg="Watching metadata for management.cattle.io/v3, Kind=UserAttribute"
2026-06-12T15:45:33.237554501Z time="2026-06-12T15:45:33Z" level=info msg="Watching metadata for longhorn.io/v1beta2, Kind=Volume"
2026-06-12T15:45:33.237618419Z time="2026-06-12T15:45:33Z" level=info msg="Watching metadata for network.harvesterhci.io/v1alpha1, Kind=IPPool"
2026-06-12T15:45:33.237663675Z time="2026-06-12T15:45:33Z" level=info msg="Watching metadata for rbac.authorization.k8s.io/v1, Kind=Role"
2026-06-12T15:45:33.237755624Z time="2026-06-12T15:45:33Z" level=info msg="Watching metadata for migration.harvesterhci.io/v1beta1, Kind=OvaSource"
2026-06-12T15:45:33.237887350Z time="2026-06-12T15:45:33Z" level=info msg="Watching metadata for node.harvesterhci.io/v1beta1, Kind=Hugepage"
2026-06-12T15:45:33.237904773Z time="2026-06-12T15:45:33Z" level=info msg="Watching metadata for rbac.authorization.k8s.io/v1, Kind=ClusterRole"
2026-06-12T15:45:33.237958707Z time="2026-06-12T15:45:33Z" level=info msg="Watching metadata for snapshot.kubevirt.io/v1beta1, Kind=VirtualMachineRestore"
2026-06-12T15:45:33.238039994Z time="2026-06-12T15:45:33Z" level=info msg="Watching metadata for bmc.tinkerbell.org/v1alpha1, Kind=BMCTask"
2026-06-12T15:45:33.238052987Z time="2026-06-12T15:45:33Z" level=info msg="Watching metadata for logging.banzaicloud.io/v1beta1, Kind=ClusterFlow"
2026-06-12T15:45:33.238117762Z time="2026-06-12T15:45:33Z" level=info msg="Watching metadata for storage.k8s.io/v1, Kind=VolumeAttributesClass"
2026-06-12T15:45:33.238168380Z time="2026-06-12T15:45:33Z" level=info msg="Watching metadata for cdi.kubevirt.io/v1beta1, Kind=DataSource"
2026-06-12T15:45:33.238217640Z time="2026-06-12T15:45:33Z" level=info msg="Watching metadata for monitoring.coreos.com/v1alpha1, Kind=PrometheusAgent"
2026-06-12T15:45:33.238266269Z time="2026-06-12T15:45:33Z" level=info msg="Watching metadata for logging-extensions.banzaicloud.io/v1alpha1, Kind=HostTailer"
2026-06-12T15:45:33.238336678Z time="2026-06-12T15:45:33Z" level=info msg="Watching metadata for cdi.kubevirt.io/v1beta1, Kind=CDIConfig"
2026-06-12T15:45:33.238411354Z time="2026-06-12T15:45:33Z" level=info msg="Watching metadata for harvesterhci.io/v1beta1, Kind=VolumeRemoteRestore"
2026-06-12T15:45:33.238453123Z time="2026-06-12T15:45:33Z" level=info msg="Watching metadata for longhorn.io/v1beta2, Kind=BackupTarget"
2026-06-12T15:45:33.238508480Z time="2026-06-12T15:45:33Z" level=info msg="Watching metadata for devices.harvesterhci.io/v1beta1, Kind=VGPUDevice"
2026-06-12T15:45:33.238606717Z time="2026-06-12T15:45:33Z" level=info msg="Watching metadata for crd.projectcalico.org/v1, Kind=StagedKubernetesNetworkPolicy"
2026-06-12T15:45:33.238735253Z time="2026-06-12T15:45:33Z" level=info msg="Watching metadata for longhorn.io/v1beta2, Kind=SupportBundle"
2026-06-12T15:45:33.238770100Z time="2026-06-12T15:45:33Z" level=info msg="Watching metadata for crd.projectcalico.org/v1, Kind=IPAMHandle"
2026-06-12T15:45:33.238859447Z time="2026-06-12T15:45:33Z" level=info msg="Watching metadata for logging.banzaicloud.io/v1beta1, Kind=Logging"
2026-06-12T15:45:33.238888968Z time="2026-06-12T15:45:33Z" level=info msg="Watching metadata for snapshot.kubevirt.io/v1beta1, Kind=VirtualMachineSnapshot"
2026-06-12T15:45:33.238950129Z time="2026-06-12T15:45:33Z" level=info msg="Watching metadata for fleet.cattle.io/v1alpha1, Kind=ClusterRegistration"
2026-06-12T15:45:33.239007732Z time="2026-06-12T15:45:33Z" level=info msg="Watching metadata for tinkerbell.org/v1alpha1, Kind=WorkflowData"
2026-06-12T15:45:33.239059926Z time="2026-06-12T15:45:33Z" level=info msg="Watching metadata for kubevirt.io/v1, Kind=VirtualMachine"
2026-06-12T15:45:33.239118928Z time="2026-06-12T15:45:33Z" level=info msg="Watching metadata for devices.harvesterhci.io/v1beta1, Kind=PCIDevice"
2026-06-12T15:45:33.239149446Z time="2026-06-12T15:45:33Z" level=info msg="Watching metadata for management.cattle.io/v3, Kind=Token"
2026-06-12T15:45:33.239227116Z time="2026-06-12T15:45:33Z" level=info msg="Watching metadata for monitoring.coreos.com/v1, Kind=PrometheusRule"
2026-06-12T15:45:33.239257595Z time="2026-06-12T15:45:33Z" level=info msg="Watching metadata for harvesterhci.io/v1beta1, Kind=SupportBundle"
2026-06-12T15:45:33.239329659Z time="2026-06-12T15:45:33Z" level=info msg="Watching metadata for node.harvesterhci.io/v1beta1, Kind=NodeConfig"
2026-06-12T15:45:33.239383481Z time="2026-06-12T15:45:33Z" level=info msg="Watching metadata for fleet.cattle.io/v1alpha1, Kind=HelmOp"
2026-06-12T15:45:33.239433796Z time="2026-06-12T15:45:33Z" level=info msg="Watching metadata for crd.projectcalico.org/v1, Kind=BGPFilter"
2026-06-12T15:45:33.239503050Z time="2026-06-12T15:45:33Z" level=info msg="Watching metadata for rke.cattle.io/v1, Kind=RKEBootstrapTemplate"
2026-06-12T15:45:33.239554796Z time="2026-06-12T15:45:33Z" level=info msg="Watching metadata for /v1, Kind=PersistentVolume"
2026-06-12T15:45:33.239646993Z time="2026-06-12T15:45:33Z" level=info msg="Watching metadata for management.cattle.io/v3, Kind=PodSecurityAdmissionConfigurationTemplate"
2026-06-12T15:45:33.239852041Z time="2026-06-12T15:45:33Z" level=info msg="Watching metadata for harvesterhci.io/v1beta1, Kind=ScheduleVMBackup"
2026-06-12T15:45:33.239864318Z time="2026-06-12T15:45:33Z" level=info msg="Watching metadata for longhorn.io/v1beta2, Kind=EngineImage"
2026-06-12T15:45:33.239923978Z time="2026-06-12T15:45:33Z" level=info msg="Watching metadata for helm.cattle.io/v1, Kind=HelmChartConfig"
2026-06-12T15:45:33.239959268Z time="2026-06-12T15:45:33Z" level=info msg="Watching metadata for k3s.cattle.io/v1, Kind=ETCDSnapshotFile"
2026-06-12T15:45:33.240035567Z time="2026-06-12T15:45:33Z" level=info msg="Watching metadata for fleet.cattle.io/v1alpha1, Kind=Cluster"
2026-06-12T15:45:33.240055657Z time="2026-06-12T15:45:33Z" level=info msg="Watching metadata for cdi.kubevirt.io/v1beta1, Kind=DataImportCron"
2026-06-12T15:45:33.240114188Z time="2026-06-12T15:45:33Z" level=info msg="Watching metadata for admissionregistration.k8s.io/v1, Kind=ValidatingAdmissionPolicy"
2026-06-12T15:45:33.240166565Z time="2026-06-12T15:45:33Z" level=info msg="Watching metadata for network.harvesterhci.io/v1beta1, Kind=ClusterNetwork"
2026-06-12T15:45:33.240221065Z time="2026-06-12T15:45:33Z" level=info msg="Watching metadata for harvesterhci.io/v1beta1, Kind=UpgradeLog"
2026-06-12T15:45:33.240274818Z time="2026-06-12T15:45:33Z" level=info msg="Watching metadata for harvesterhci.io/v1beta1, Kind=VirtualMachineRestore"
2026-06-12T15:45:33.240332865Z time="2026-06-12T15:45:33Z" level=info msg="Watching metadata for events.k8s.io/v1, Kind=Event"
2026-06-12T15:45:33.240360984Z time="2026-06-12T15:45:33Z" level=info msg="Watching metadata for kubevirt.io/v1, Kind=VirtualMachineInstance"
2026-06-12T15:45:33.240410248Z time="2026-06-12T15:45:33Z" level=info msg="Watching metadata for management.cattle.io/v3, Kind=Group"
2026-06-12T15:45:33.240472360Z time="2026-06-12T15:45:33Z" level=info msg="Watching metadata for k3s.cattle.io/v1, Kind=Addon"
2026-06-12T15:45:33.240538804Z time="2026-06-12T15:45:33Z" level=info msg="Watching metadata for ext.cattle.io/v1, Kind=Token"
2026-06-12T15:45:33.240583335Z time="2026-06-12T15:45:33Z" level=info msg="Watching metadata for devices.harvesterhci.io/v1beta1, Kind=SRIOVGPUDevice"
2026-06-12T15:45:33.240678112Z time="2026-06-12T15:45:33Z" level=info msg="Watching metadata for fleet.cattle.io/v1alpha1, Kind=Schedule"
2026-06-12T15:45:33.240688721Z time="2026-06-12T15:45:33Z" level=info msg="Watching metadata for runtime.cluster.x-k8s.io/v1beta2, Kind=ExtensionConfig"
2026-06-12T15:45:33.240759269Z time="2026-06-12T15:45:33Z" level=info msg="Watching metadata for network.harvesterhci.io/v1beta1, Kind=LinkMonitor"
2026-06-12T15:45:33.240785867Z time="2026-06-12T15:45:33Z" level=info msg="Watching metadata for ipam.cluster.x-k8s.io/v1beta2, Kind=IPAddressClaim"
2026-06-12T15:45:33.240873748Z time="2026-06-12T15:45:33Z" level=info msg="Watching metadata for metal.harvesterhci.io/v1alpha1, Kind=Cluster"
2026-06-12T15:45:33.240890071Z time="2026-06-12T15:45:33Z" level=info msg="Watching metadata for fleet.cattle.io/v1alpha1, Kind=Policy"
2026-06-12T15:45:33.240967060Z time="2026-06-12T15:45:33Z" level=info msg="Watching metadata for scheduling.k8s.io/v1, Kind=PriorityClass"
2026-06-12T15:45:33.240992489Z time="2026-06-12T15:45:33Z" level=info msg="Watching metadata for management.cattle.io/v3, Kind=AuthConfig"
2026-06-12T15:45:33.241083882Z time="2026-06-12T15:45:33Z" level=info msg="Watching metadata for fleet.cattle.io/v1alpha1, Kind=ImageScan"
2026-06-12T15:45:33.241121629Z time="2026-06-12T15:45:33Z" level=info msg="Watching metadata for admissionregistration.k8s.io/v1, Kind=ValidatingAdmissionPolicyBinding"
2026-06-12T15:45:33.241206844Z time="2026-06-12T15:45:33Z" level=info msg="Watching metadata for storage.k8s.io/v1, Kind=CSIDriver"
2026-06-12T15:45:33.241232581Z time="2026-06-12T15:45:33Z" level=info msg="Watching metadata for /v1, Kind=ServiceAccount"
2026-06-12T15:45:33.241314880Z time="2026-06-12T15:45:33Z" level=info msg="Watching metadata for management.cattle.io/v3, Kind=ClusterProxyConfig"
2026-06-12T15:45:33.241343389Z time="2026-06-12T15:45:33Z" level=info msg="Watching metadata for management.cattle.io/v3, Kind=Feature"
2026-06-12T15:45:33.241398316Z time="2026-06-12T15:45:33Z" level=info msg="Watching metadata for /v1, Kind=Namespace"
2026-06-12T15:45:33.241429396Z time="2026-06-12T15:45:33Z" level=info msg="Watching metadata for devices.harvesterhci.io/v1beta1, Kind=PCIDeviceClaim"
2026-06-12T15:45:33.241521669Z time="2026-06-12T15:45:33Z" level=info msg="Watching metadata for longhorn.io/v1beta2, Kind=SystemBackup"
2026-06-12T15:45:33.241624699Z time="2026-06-12T15:45:33Z" level=info msg="Watching metadata for addons.cluster.x-k8s.io/v1beta2, Kind=ClusterResourceSetBinding"
2026-06-12T15:45:33.241670268Z time="2026-06-12T15:45:33Z" level=info msg="Watching metadata for tinkerbell.org/v1alpha1, Kind=Workflow"
2026-06-12T15:45:33.241734356Z time="2026-06-12T15:45:33Z" level=info msg="Watching metadata for network.harvesterhci.io/v1beta1, Kind=VlanConfig"
2026-06-12T15:45:33.241812119Z time="2026-06-12T15:45:33Z" level=info msg="Watching metadata for cdi.kubevirt.io/v1beta1, Kind=ObjectTransfer"
2026-06-12T15:45:33.241836711Z time="2026-06-12T15:45:33Z" level=info msg="Watching metadata for longhorn.io/v1beta2, Kind=Replica"
2026-06-12T15:45:33.241943245Z time="2026-06-12T15:45:33Z" level=info msg="Watching metadata for migration.harvesterhci.io/v1beta1, Kind=OpenstackSource"
2026-06-12T15:45:33.241966298Z time="2026-06-12T15:45:33Z" level=info msg="Watching metadata for fleet.cattle.io/v1alpha1, Kind=GitRepo"
2026-06-12T15:45:33.242045430Z time="2026-06-12T15:45:33Z" level=info msg="Watching metadata for devices.harvesterhci.io/v1beta1, Kind=MigConfiguration"
2026-06-12T15:45:33.242069151Z time="2026-06-12T15:45:33Z" level=info msg="Watching metadata for /v1, Kind=ResourceQuota"
2026-06-12T15:45:33.242149918Z time="2026-06-12T15:45:33Z" level=info msg="Watching metadata for crd.projectcalico.org/v1, Kind=StagedGlobalNetworkPolicy"
2026-06-12T15:45:33.242199041Z time="2026-06-12T15:45:33Z" level=info msg="Watching metadata for longhorn.io/v1beta2, Kind=Snapshot"
2026-06-12T15:45:33.242242001Z time="2026-06-12T15:45:33Z" level=info msg="Watching metadata for migrations.kubevirt.io/v1alpha1, Kind=MigrationPolicy"
2026-06-12T15:45:33.242309209Z time="2026-06-12T15:45:33Z" level=info msg="Watching metadata for storage.k8s.io/v1, Kind=CSINode"
2026-06-12T15:45:33.242364860Z time="2026-06-12T15:45:33Z" level=info msg="Watching metadata for addons.cluster.x-k8s.io/v1beta2, Kind=ClusterResourceSet"
2026-06-12T15:45:33.242423298Z time="2026-06-12T15:45:33Z" level=info msg="Watching metadata for rke.cattle.io/v1, Kind=CustomMachine"
2026-06-12T15:45:33.242526522Z time="2026-06-12T15:45:33Z" level=info msg="Watching metadata for resource.k8s.io/v1, Kind=ResourceClaim"
2026-06-12T15:45:33.242557215Z time="2026-06-12T15:45:33Z" level=info msg="Watching metadata for flowcontrol.apiserver.k8s.io/v1, Kind=PriorityLevelConfiguration"
2026-06-12T15:45:33.243121294Z time="2026-06-12T15:45:33Z" level=info msg="Watching metadata for fleet.cattle.io/v1alpha1, Kind=ClusterRegistrationToken"
2026-06-12T15:45:33.243147931Z time="2026-06-12T15:45:33Z" level=info msg="Watching metadata for longhorn.io/v1beta2, Kind=InstanceManager"
2026-06-12T15:45:33.243155200Z time="2026-06-12T15:45:33Z" level=info msg="Watching metadata for upgrade.cattle.io/v1, Kind=Plan"
2026-06-12T15:45:33.243161070Z time="2026-06-12T15:45:33Z" level=info msg="Watching metadata for longhorn.io/v1beta2, Kind=RecurringJob"
2026-06-12T15:45:33.243167394Z time="2026-06-12T15:45:33Z" level=info msg="Watching metadata for crd.projectcalico.org/v1, Kind=IPPool"
2026-06-12T15:45:33.243192516Z time="2026-06-12T15:45:33Z" level=info msg="Watching metadata for catalog.cattle.io/v1, Kind=Operation"
2026-06-12T15:45:33.243313089Z time="2026-06-12T15:45:33Z" level=info msg="Watching metadata for resource.k8s.io/v1, Kind=ResourceSlice"
2026-06-12T15:45:33.243332922Z time="2026-06-12T15:45:33Z" level=info msg="Watching metadata for harvesterhci.io/v1beta1, Kind=KeyPair"
2026-06-12T15:45:33.243399276Z time="2026-06-12T15:45:33Z" level=info msg="Watching metadata for apiextensions.k8s.io/v1, Kind=CustomResourceDefinition"
2026-06-12T15:45:33.243509060Z time="2026-06-12T15:45:33Z" level=info msg="Watching metadata for instancetype.kubevirt.io/v1beta1, Kind=VirtualMachineClusterPreference"
2026-06-12T15:45:33.243722127Z time="2026-06-12T15:45:33Z" level=info msg="Watching metadata for /v1, Kind=Pod"
2026-06-12T15:45:33.243785330Z time="2026-06-12T15:45:33Z" level=info msg="Watching metadata for monitoring.coreos.com/v1, Kind=ServiceMonitor"
2026-06-12T15:45:33.243822019Z time="2026-06-12T15:45:33Z" level=info msg="Watching metadata for cluster.x-k8s.io/v1beta2, Kind=ClusterClass"
2026-06-12T15:45:33.243892351Z time="2026-06-12T15:45:33Z" level=info msg="Watching metadata for harvesterhci.io/v1beta1, Kind=ResourceQuota"
2026-06-12T15:45:33.244254377Z time="2026-06-12T15:45:33Z" level=info msg="Watching metadata for kubevirt.io/v1, Kind=VirtualMachineInstanceMigration"
2026-06-12T15:45:33.244268443Z time="2026-06-12T15:45:33Z" level=info msg="Watching metadata for devices.harvesterhci.io/v1beta1, Kind=USBDeviceClaim"
2026-06-12T15:45:33.244274423Z time="2026-06-12T15:45:33Z" level=info msg="Watching metadata for snapshot.storage.k8s.io/v1, Kind=VolumeSnapshot"
2026-06-12T15:45:33.244333278Z time="2026-06-12T15:45:33Z" level=info msg="Watching metadata for forklift.cdi.kubevirt.io/v1beta1, Kind=OvirtVolumePopulator"
2026-06-12T15:45:33.244562694Z time="2026-06-12T15:45:33Z" level=info msg="Watching metadata for /v1, Kind=Endpoints"
2026-06-12T15:45:33.258445719Z I0612 15:45:33.258220       7 warnings.go:110] "Warning: kubevirt.io/v1 VirtualMachineInstancePresets is now deprecated and will be removed in v2."
2026-06-12T15:45:33.319669989Z I0612 15:45:33.319431       7 warnings.go:110] "Warning: kubevirt.io/v1 VirtualMachineInstancePresets is now deprecated and will be removed in v2."
2026-06-12T15:45:33.325972039Z I0612 15:45:33.324966       7 warnings.go:110] "Warning: v1 Endpoints is deprecated in v1.33+; use discovery.k8s.io/v1 EndpointSlice"
2026-06-12T15:45:33.328027098Z I0612 15:45:33.327891       7 warnings.go:110] "Warning: cdi.kubevirt.io/v1beta1 ObjectTransfers is now deprecated and will be removed in v1."
2026-06-12T15:45:33.339610644Z I0612 15:45:33.338437       7 warnings.go:110] "Warning: cdi.kubevirt.io/v1beta1 ObjectTransfers is now deprecated and will be removed in v1."
2026-06-12T15:45:33.370740723Z I0612 15:45:33.370441       7 warnings.go:110] "Warning: v1 Endpoints is deprecated in v1.33+; use discovery.k8s.io/v1 EndpointSlice"
2026-06-12T15:52:03.343628385Z I0612 15:52:03.343435       7 warnings.go:110] "Warning: cdi.kubevirt.io/v1beta1 ObjectTransfers is now deprecated and will be removed in v1."
2026-06-12T15:54:50.319741610Z I0612 15:54:50.319549       7 warnings.go:110] "Warning: kubevirt.io/v1 VirtualMachineInstancePresets is now deprecated and will be removed in v2."
2026-06-12T15:55:19.376091882Z I0612 15:55:19.375902       7 warnings.go:110] "Warning: v1 Endpoints is deprecated in v1.33+; use discovery.k8s.io/v1 EndpointSlice"
2026-06-12T15:58:51.347191700Z I0612 15:58:51.346620       7 warnings.go:110] "Warning: cdi.kubevirt.io/v1beta1 ObjectTransfers is now deprecated and will be removed in v1."
2026-06-12T16:02:31.322291784Z I0612 16:02:31.322075       7 warnings.go:110] "Warning: kubevirt.io/v1 VirtualMachineInstancePresets is now deprecated and will be removed in v2."
2026-06-12T16:03:32.376552907Z I0612 16:03:32.376341       7 warnings.go:110] "Warning: v1 Endpoints is deprecated in v1.33+; use discovery.k8s.io/v1 EndpointSlice"
2026-06-12T16:08:41.345086841Z I0612 16:08:41.344869       7 warnings.go:110] "Warning: cdi.kubevirt.io/v1beta1 ObjectTransfers is now deprecated and will be removed in v1."
2026-06-12T16:10:08.324546492Z I0612 16:10:08.324362       7 warnings.go:110] "Warning: kubevirt.io/v1 VirtualMachineInstancePresets is now deprecated and will be removed in v2."
2026-06-12T16:12:24.375016330Z I0612 16:12:24.374820       7 warnings.go:110] "Warning: v1 Endpoints is deprecated in v1.33+; use discovery.k8s.io/v1 EndpointSlice"
2026-06-12T16:15:55.326930494Z I0612 16:15:55.326729       7 warnings.go:110] "Warning: kubevirt.io/v1 VirtualMachineInstancePresets is now deprecated and will be removed in v2."
2026-06-12T16:16:52.347183217Z I0612 16:16:52.346971       7 warnings.go:110] "Warning: cdi.kubevirt.io/v1beta1 ObjectTransfers is now deprecated and will be removed in v1."
2026-06-12T16:20:28.380793115Z I0612 16:20:28.380572       7 warnings.go:110] "Warning: v1 Endpoints is deprecated in v1.33+; use discovery.k8s.io/v1 EndpointSlice"
2026-06-12T16:23:22.329050727Z I0612 16:23:22.328839       7 warnings.go:110] "Warning: kubevirt.io/v1 VirtualMachineInstancePresets is now deprecated and will be removed in v2."
2026-06-12T16:25:48.384602007Z I0612 16:25:48.384382       7 warnings.go:110] "Warning: v1 Endpoints is deprecated in v1.33+; use discovery.k8s.io/v1 EndpointSlice"
2026-06-12T16:26:13.353963475Z I0612 16:26:13.353741       7 warnings.go:110] "Warning: cdi.kubevirt.io/v1beta1 ObjectTransfers is now deprecated and will be removed in v1."
2026-06-12T16:30:21.330599003Z I0612 16:30:21.330387       7 warnings.go:110] "Warning: kubevirt.io/v1 VirtualMachineInstancePresets is now deprecated and will be removed in v2."
2026-06-12T16:31:43.385611748Z I0612 16:31:43.385424       7 warnings.go:110] "Warning: v1 Endpoints is deprecated in v1.33+; use discovery.k8s.io/v1 EndpointSlice"
2026-06-12T16:34:53.352972611Z I0612 16:34:53.352752       7 warnings.go:110] "Warning: cdi.kubevirt.io/v1beta1 ObjectTransfers is now deprecated and will be removed in v1."
2026-06-12T16:37:34.383558781Z I0612 16:37:34.383288       7 warnings.go:110] "Warning: v1 Endpoints is deprecated in v1.33+; use discovery.k8s.io/v1 EndpointSlice"
2026-06-12T16:38:55.332789528Z I0612 16:38:55.332568       7 warnings.go:110] "Warning: kubevirt.io/v1 VirtualMachineInstancePresets is now deprecated and will be removed in v2."
2026-06-12T16:40:23.352202950Z I0612 16:40:23.352011       7 warnings.go:110] "Warning: cdi.kubevirt.io/v1beta1 ObjectTransfers is now deprecated and will be removed in v1."
2026-06-12T16:44:01.383025590Z I0612 16:44:01.382822       7 warnings.go:110] "Warning: v1 Endpoints is deprecated in v1.33+; use discovery.k8s.io/v1 EndpointSlice"
2026-06-12T16:48:15.350394030Z I0612 16:48:15.350191       7 warnings.go:110] "Warning: cdi.kubevirt.io/v1beta1 ObjectTransfers is now deprecated and will be removed in v1."
2026-06-12T16:48:35.334705408Z I0612 16:48:35.334474       7 warnings.go:110] "Warning: kubevirt.io/v1 VirtualMachineInstancePresets is now deprecated and will be removed in v2."
2026-06-12T16:53:22.385232400Z I0612 16:53:22.385028       7 warnings.go:110] "Warning: v1 Endpoints is deprecated in v1.33+; use discovery.k8s.io/v1 EndpointSlice"
2026-06-12T16:56:05.336291574Z I0612 16:56:05.336109       7 warnings.go:110] "Warning: kubevirt.io/v1 VirtualMachineInstancePresets is now deprecated and will be removed in v2."
2026-06-12T16:57:16.357705085Z I0612 16:57:16.357551       7 warnings.go:110] "Warning: cdi.kubevirt.io/v1beta1 ObjectTransfers is now deprecated and will be removed in v1."
2026-06-12T17:02:24.362081823Z I0612 17:02:24.361890       7 warnings.go:110] "Warning: cdi.kubevirt.io/v1beta1 ObjectTransfers is now deprecated and will be removed in v1."
2026-06-12T17:03:04.391848370Z I0612 17:03:04.391626       7 warnings.go:110] "Warning: v1 Endpoints is deprecated in v1.33+; use discovery.k8s.io/v1 EndpointSlice"
2026-06-12T17:04:19.339000496Z I0612 17:04:19.338797       7 warnings.go:110] "Warning: kubevirt.io/v1 VirtualMachineInstancePresets is now deprecated and will be removed in v2."
2026-06-12T17:09:29.342352760Z I0612 17:09:29.342172       7 warnings.go:110] "Warning: kubevirt.io/v1 VirtualMachineInstancePresets is now deprecated and will be removed in v2."
2026-06-12T17:10:50.364824683Z I0612 17:10:50.364598       7 warnings.go:110] "Warning: cdi.kubevirt.io/v1beta1 ObjectTransfers is now deprecated and will be removed in v1."
2026-06-12T17:11:50.393585166Z I0612 17:11:50.393338       7 warnings.go:110] "Warning: v1 Endpoints is deprecated in v1.33+; use discovery.k8s.io/v1 EndpointSlice"
2026-06-12T17:16:48.344528280Z I0612 17:16:48.344331       7 warnings.go:110] "Warning: kubevirt.io/v1 VirtualMachineInstancePresets is now deprecated and will be removed in v2."
2026-06-12T17:18:50.391129867Z I0612 17:18:50.390930       7 warnings.go:110] "Warning: v1 Endpoints is deprecated in v1.33+; use discovery.k8s.io/v1 EndpointSlice"
2026-06-12T17:19:16.362534584Z I0612 17:19:16.362301       7 warnings.go:110] "Warning: cdi.kubevirt.io/v1beta1 ObjectTransfers is now deprecated and will be removed in v1."
2026-06-12T17:23:40.346928013Z I0612 17:23:40.346725       7 warnings.go:110] "Warning: kubevirt.io/v1 VirtualMachineInstancePresets is now deprecated and will be removed in v2."
2026-06-12T17:25:00.360775684Z I0612 17:25:00.360522       7 warnings.go:110] "Warning: cdi.kubevirt.io/v1beta1 ObjectTransfers is now deprecated and will be removed in v1."
2026-06-12T17:25:31.388629838Z I0612 17:25:31.388427       7 warnings.go:110] "Warning: v1 Endpoints is deprecated in v1.33+; use discovery.k8s.io/v1 EndpointSlice"
2026-06-12T17:30:26.349527058Z I0612 17:30:26.349319       7 warnings.go:110] "Warning: kubevirt.io/v1 VirtualMachineInstancePresets is now deprecated and will be removed in v2."
2026-06-12T17:31:45.360055648Z I0612 17:31:45.359803       7 warnings.go:110] "Warning: cdi.kubevirt.io/v1beta1 ObjectTransfers is now deprecated and will be removed in v1."
2026-06-12T17:33:05.388143161Z I0612 17:33:05.387950       7 warnings.go:110] "Warning: v1 Endpoints is deprecated in v1.33+; use discovery.k8s.io/v1 EndpointSlice"
2026-06-12T17:38:41.352171948Z I0612 17:38:41.351954       7 warnings.go:110] "Warning: kubevirt.io/v1 VirtualMachineInstancePresets is now deprecated and will be removed in v2."
2026-06-12T17:38:43.361848588Z I0612 17:38:43.361632       7 warnings.go:110] "Warning: cdi.kubevirt.io/v1beta1 ObjectTransfers is now deprecated and will be removed in v1."
2026-06-12T17:42:32.388174344Z I0612 17:42:32.387948       7 warnings.go:110] "Warning: v1 Endpoints is deprecated in v1.33+; use discovery.k8s.io/v1 EndpointSlice"
2026-06-12T17:44:36.354780295Z I0612 17:44:36.354567       7 warnings.go:110] "Warning: kubevirt.io/v1 VirtualMachineInstancePresets is now deprecated and will be removed in v2."
2026-06-12T17:47:37.361688018Z I0612 17:47:37.361475       7 warnings.go:110] "Warning: cdi.kubevirt.io/v1beta1 ObjectTransfers is now deprecated and will be removed in v1."
2026-06-12T17:49:48.387700903Z I0612 17:49:48.387289       7 warnings.go:110] "Warning: v1 Endpoints is deprecated in v1.33+; use discovery.k8s.io/v1 EndpointSlice"
2026-06-12T17:50:47.356527768Z I0612 17:50:47.356281       7 warnings.go:110] "Warning: kubevirt.io/v1 VirtualMachineInstancePresets is now deprecated and will be removed in v2."
2026-06-12T17:54:43.367865206Z I0612 17:54:43.367662       7 warnings.go:110] "Warning: cdi.kubevirt.io/v1beta1 ObjectTransfers is now deprecated and will be removed in v1."
2026-06-12T17:54:51.394931425Z I0612 17:54:51.394703       7 warnings.go:110] "Warning: v1 Endpoints is deprecated in v1.33+; use discovery.k8s.io/v1 EndpointSlice"
2026-06-12T17:56:05.359232362Z I0612 17:56:05.358963       7 warnings.go:110] "Warning: kubevirt.io/v1 VirtualMachineInstancePresets is now deprecated and will be removed in v2."
2026-06-12T18:01:05.399952806Z I0612 18:01:05.399699       7 warnings.go:110] "Warning: v1 Endpoints is deprecated in v1.33+; use discovery.k8s.io/v1 EndpointSlice"
2026-06-12T18:01:52.372358631Z I0612 18:01:52.372139       7 warnings.go:110] "Warning: cdi.kubevirt.io/v1beta1 ObjectTransfers is now deprecated and will be removed in v1."
2026-06-12T18:04:05.361883325Z I0612 18:04:05.361694       7 warnings.go:110] "Warning: kubevirt.io/v1 VirtualMachineInstancePresets is now deprecated and will be removed in v2."
2026-06-12T18:07:44.398056136Z I0612 18:07:44.397866       7 warnings.go:110] "Warning: v1 Endpoints is deprecated in v1.33+; use discovery.k8s.io/v1 EndpointSlice"
2026-06-12T18:08:05.370123074Z I0612 18:08:05.369895       7 warnings.go:110] "Warning: cdi.kubevirt.io/v1beta1 ObjectTransfers is now deprecated and will be removed in v1."
2026-06-12T18:14:02.363891664Z I0612 18:14:02.363666       7 warnings.go:110] "Warning: kubevirt.io/v1 VirtualMachineInstancePresets is now deprecated and will be removed in v2."
2026-06-12T18:16:35.397285904Z I0612 18:16:35.397094       7 warnings.go:110] "Warning: v1 Endpoints is deprecated in v1.33+; use discovery.k8s.io/v1 EndpointSlice"
2026-06-12T18:17:07.369007724Z I0612 18:17:07.368818       7 warnings.go:110] "Warning: cdi.kubevirt.io/v1beta1 ObjectTransfers is now deprecated and will be removed in v1."
2026-06-12T18:20:17.366499905Z I0612 18:20:17.366305       7 warnings.go:110] "Warning: kubevirt.io/v1 VirtualMachineInstancePresets is now deprecated and will be removed in v2."
2026-06-12T18:23:55.398854841Z I0612 18:23:55.398700       7 warnings.go:110] "Warning: v1 Endpoints is deprecated in v1.33+; use discovery.k8s.io/v1 EndpointSlice"
2026-06-12T18:23:57.369898815Z I0612 18:23:57.369700       7 warnings.go:110] "Warning: cdi.kubevirt.io/v1beta1 ObjectTransfers is now deprecated and will be removed in v1."
2026-06-12T18:27:22.369142590Z I0612 18:27:22.368915       7 warnings.go:110] "Warning: kubevirt.io/v1 VirtualMachineInstancePresets is now deprecated and will be removed in v2."
2026-06-12T18:29:22.400650142Z I0612 18:29:22.400464       7 warnings.go:110] "Warning: v1 Endpoints is deprecated in v1.33+; use discovery.k8s.io/v1 EndpointSlice"
2026-06-12T18:29:23.370962612Z I0612 18:29:23.370765       7 warnings.go:110] "Warning: cdi.kubevirt.io/v1beta1 ObjectTransfers is now deprecated and will be removed in v1."
2026-06-12T18:33:36.372512801Z I0612 18:33:36.372250       7 warnings.go:110] "Warning: kubevirt.io/v1 VirtualMachineInstancePresets is now deprecated and will be removed in v2."
2026-06-12T18:35:36.408696088Z I0612 18:35:36.408467       7 warnings.go:110] "Warning: v1 Endpoints is deprecated in v1.33+; use discovery.k8s.io/v1 EndpointSlice"
2026-06-12T18:35:50.378364137Z I0612 18:35:50.378139       7 warnings.go:110] "Warning: cdi.kubevirt.io/v1beta1 ObjectTransfers is now deprecated and will be removed in v1."
2026-06-12T18:40:42.374868010Z I0612 18:40:42.374666       7 warnings.go:110] "Warning: kubevirt.io/v1 VirtualMachineInstancePresets is now deprecated and will be removed in v2."
2026-06-12T18:43:09.383897662Z I0612 18:43:09.383701       7 warnings.go:110] "Warning: cdi.kubevirt.io/v1beta1 ObjectTransfers is now deprecated and will be removed in v1."
2026-06-12T18:44:36.415567917Z I0612 18:44:36.415359       7 warnings.go:110] "Warning: v1 Endpoints is deprecated in v1.33+; use discovery.k8s.io/v1 EndpointSlice"
2026-06-12T18:48:39.377364562Z I0612 18:48:39.377185       7 warnings.go:110] "Warning: kubevirt.io/v1 VirtualMachineInstancePresets is now deprecated and will be removed in v2."
2026-06-12T18:51:03.382200103Z I0612 18:51:03.382008       7 warnings.go:110] "Warning: cdi.kubevirt.io/v1beta1 ObjectTransfers is now deprecated and will be removed in v1."
2026-06-12T18:54:29.411553595Z I0612 18:54:29.411327       7 warnings.go:110] "Warning: v1 Endpoints is deprecated in v1.33+; use discovery.k8s.io/v1 EndpointSlice"
2026-06-12T18:55:07.379024322Z I0612 18:55:07.378837       7 warnings.go:110] "Warning: kubevirt.io/v1 VirtualMachineInstancePresets is now deprecated and will be removed in v2."
2026-06-12T18:57:24.382015635Z I0612 18:57:24.381808       7 warnings.go:110] "Warning: cdi.kubevirt.io/v1beta1 ObjectTransfers is now deprecated and will be removed in v1."
2026-06-12T18:59:43.411598925Z I0612 18:59:43.411408       7 warnings.go:110] "Warning: v1 Endpoints is deprecated in v1.33+; use discovery.k8s.io/v1 EndpointSlice"
2026-06-12T19:02:28.383466877Z I0612 19:02:28.383251       7 warnings.go:110] "Warning: cdi.kubevirt.io/v1beta1 ObjectTransfers is now deprecated and will be removed in v1."
2026-06-12T19:04:16.381637731Z I0612 19:04:16.381425       7 warnings.go:110] "Warning: kubevirt.io/v1 VirtualMachineInstancePresets is now deprecated and will be removed in v2."
2026-06-12T19:05:20.413949661Z I0612 19:05:20.413668       7 warnings.go:110] "Warning: v1 Endpoints is deprecated in v1.33+; use discovery.k8s.io/v1 EndpointSlice"
2026-06-12T19:10:23.415164904Z I0612 19:10:23.415021       7 warnings.go:110] "Warning: v1 Endpoints is deprecated in v1.33+; use discovery.k8s.io/v1 EndpointSlice"
2026-06-12T19:11:49.385209151Z I0612 19:11:49.385018       7 warnings.go:110] "Warning: cdi.kubevirt.io/v1beta1 ObjectTransfers is now deprecated and will be removed in v1."
2026-06-12T19:13:03.384329259Z I0612 19:13:03.384124       7 warnings.go:110] "Warning: kubevirt.io/v1 VirtualMachineInstancePresets is now deprecated and will be removed in v2."
2026-06-12T19:18:17.384519013Z I0612 19:18:17.384282       7 warnings.go:110] "Warning: cdi.kubevirt.io/v1beta1 ObjectTransfers is now deprecated and will be removed in v1."
2026-06-12T19:19:00.414830545Z I0612 19:19:00.414624       7 warnings.go:110] "Warning: v1 Endpoints is deprecated in v1.33+; use discovery.k8s.io/v1 EndpointSlice"
2026-06-12T19:19:58.386535724Z I0612 19:19:58.386331       7 warnings.go:110] "Warning: kubevirt.io/v1 VirtualMachineInstancePresets is now deprecated and will be removed in v2."
2026-06-12T19:24:03.384011462Z I0612 19:24:03.383697       7 warnings.go:110] "Warning: cdi.kubevirt.io/v1beta1 ObjectTransfers is now deprecated and will be removed in v1."
2026-06-12T19:27:04.413544846Z I0612 19:27:04.413304       7 warnings.go:110] "Warning: v1 Endpoints is deprecated in v1.33+; use discovery.k8s.io/v1 EndpointSlice"
2026-06-12T19:29:11.389301349Z I0612 19:29:11.389129       7 warnings.go:110] "Warning: kubevirt.io/v1 VirtualMachineInstancePresets is now deprecated and will be removed in v2."
2026-06-12T19:32:34.383995791Z I0612 19:32:34.383812       7 warnings.go:110] "Warning: cdi.kubevirt.io/v1beta1 ObjectTransfers is now deprecated and will be removed in v1."
2026-06-12T19:34:37.415016949Z I0612 19:34:37.414791       7 warnings.go:110] "Warning: v1 Endpoints is deprecated in v1.33+; use discovery.k8s.io/v1 EndpointSlice"
2026-06-12T19:35:40.391081995Z I0612 19:35:40.390869       7 warnings.go:110] "Warning: kubevirt.io/v1 VirtualMachineInstancePresets is now deprecated and will be removed in v2."
2026-06-12T19:37:37.385878771Z I0612 19:37:37.385698       7 warnings.go:110] "Warning: cdi.kubevirt.io/v1beta1 ObjectTransfers is now deprecated and will be removed in v1."
2026-06-12T19:39:50.416804077Z I0612 19:39:50.416586       7 warnings.go:110] "Warning: v1 Endpoints is deprecated in v1.33+; use discovery.k8s.io/v1 EndpointSlice"
2026-06-12T19:41:12.393846782Z I0612 19:41:12.393632       7 warnings.go:110] "Warning: kubevirt.io/v1 VirtualMachineInstancePresets is now deprecated and will be removed in v2."
2026-06-12T19:44:23.388099387Z I0612 19:44:23.387909       7 warnings.go:110] "Warning: cdi.kubevirt.io/v1beta1 ObjectTransfers is now deprecated and will be removed in v1."
2026-06-12T19:49:04.396454563Z I0612 19:49:04.396272       7 warnings.go:110] "Warning: kubevirt.io/v1 VirtualMachineInstancePresets is now deprecated and will be removed in v2."
2026-06-12T19:49:43.421538987Z I0612 19:49:43.421355       7 warnings.go:110] "Warning: v1 Endpoints is deprecated in v1.33+; use discovery.k8s.io/v1 EndpointSlice"
2026-06-12T19:50:14.393592913Z I0612 19:50:14.393358       7 warnings.go:110] "Warning: cdi.kubevirt.io/v1beta1 ObjectTransfers is now deprecated and will be removed in v1."
2026-06-12T19:56:15.399636521Z I0612 19:56:15.399439       7 warnings.go:110] "Warning: cdi.kubevirt.io/v1beta1 ObjectTransfers is now deprecated and will be removed in v1."
2026-06-12T19:57:29.399105241Z I0612 19:57:29.398966       7 warnings.go:110] "Warning: kubevirt.io/v1 VirtualMachineInstancePresets is now deprecated and will be removed in v2."
2026-06-12T19:58:38.429458257Z I0612 19:58:38.429277       7 warnings.go:110] "Warning: v1 Endpoints is deprecated in v1.33+; use discovery.k8s.io/v1 EndpointSlice"
2026-06-12T20:05:26.409830942Z I0612 20:05:26.409613       7 warnings.go:110] "Warning: cdi.kubevirt.io/v1beta1 ObjectTransfers is now deprecated and will be removed in v1."
2026-06-12T20:06:16.439116430Z I0612 20:06:16.438917       7 warnings.go:110] "Warning: v1 Endpoints is deprecated in v1.33+; use discovery.k8s.io/v1 EndpointSlice"
2026-06-12T20:07:23.401107801Z I0612 20:07:23.400912       7 warnings.go:110] "Warning: kubevirt.io/v1 VirtualMachineInstancePresets is now deprecated and will be removed in v2."
2026-06-12T20:14:55.403224539Z I0612 20:14:55.403038       7 warnings.go:110] "Warning: kubevirt.io/v1 VirtualMachineInstancePresets is now deprecated and will be removed in v2."
2026-06-12T20:15:14.416343414Z I0612 20:15:14.416132       7 warnings.go:110] "Warning: cdi.kubevirt.io/v1beta1 ObjectTransfers is now deprecated and will be removed in v1."
2026-06-12T20:15:27.445799528Z I0612 20:15:27.445627       7 warnings.go:110] "Warning: v1 Endpoints is deprecated in v1.33+; use discovery.k8s.io/v1 EndpointSlice"
2026-06-12T20:21:04.419628290Z I0612 20:21:04.419428       7 warnings.go:110] "Warning: cdi.kubevirt.io/v1beta1 ObjectTransfers is now deprecated and will be removed in v1."
2026-06-12T20:21:19.405641618Z I0612 20:21:19.405373       7 warnings.go:110] "Warning: kubevirt.io/v1 VirtualMachineInstancePresets is now deprecated and will be removed in v2."
2026-06-12T20:22:39.448522797Z I0612 20:22:39.448278       7 warnings.go:110] "Warning: v1 Endpoints is deprecated in v1.33+; use discovery.k8s.io/v1 EndpointSlice"
2026-06-12T20:28:15.423027410Z I0612 20:28:15.422865       7 warnings.go:110] "Warning: cdi.kubevirt.io/v1beta1 ObjectTransfers is now deprecated and will be removed in v1."
2026-06-12T20:29:53.407820309Z I0612 20:29:53.407617       7 warnings.go:110] "Warning: kubevirt.io/v1 VirtualMachineInstancePresets is now deprecated and will be removed in v2."
2026-06-12T20:31:38.450711111Z I0612 20:31:38.450498       7 warnings.go:110] "Warning: v1 Endpoints is deprecated in v1.33+; use discovery.k8s.io/v1 EndpointSlice"
2026-06-12T20:35:05.410051042Z I0612 20:35:05.409833       7 warnings.go:110] "Warning: kubevirt.io/v1 VirtualMachineInstancePresets is now deprecated and will be removed in v2."
2026-06-12T20:36:23.423850265Z I0612 20:36:23.423648       7 warnings.go:110] "Warning: cdi.kubevirt.io/v1beta1 ObjectTransfers is now deprecated and will be removed in v1."
2026-06-12T20:39:19.451926683Z I0612 20:39:19.451724       7 warnings.go:110] "Warning: v1 Endpoints is deprecated in v1.33+; use discovery.k8s.io/v1 EndpointSlice"
2026-06-12T20:43:20.411788955Z I0612 20:43:20.411575       7 warnings.go:110] "Warning: kubevirt.io/v1 VirtualMachineInstancePresets is now deprecated and will be removed in v2."
2026-06-12T20:45:39.425260926Z I0612 20:45:39.425069       7 warnings.go:110] "Warning: cdi.kubevirt.io/v1beta1 ObjectTransfers is now deprecated and will be removed in v1."
2026-06-12T20:47:24.453230770Z I0612 20:47:24.453028       7 warnings.go:110] "Warning: v1 Endpoints is deprecated in v1.33+; use discovery.k8s.io/v1 EndpointSlice"
2026-06-12T20:48:58.413443366Z I0612 20:48:58.413283       7 warnings.go:110] "Warning: kubevirt.io/v1 VirtualMachineInstancePresets is now deprecated and will be removed in v2."
2026-06-12T20:51:34.425369390Z I0612 20:51:34.425163       7 warnings.go:110] "Warning: cdi.kubevirt.io/v1beta1 ObjectTransfers is now deprecated and will be removed in v1."
2026-06-12T20:55:27.453062405Z I0612 20:55:27.452851       7 warnings.go:110] "Warning: v1 Endpoints is deprecated in v1.33+; use discovery.k8s.io/v1 EndpointSlice"
2026-06-12T20:58:08.416105976Z I0612 20:58:08.415890       7 warnings.go:110] "Warning: kubevirt.io/v1 VirtualMachineInstancePresets is now deprecated and will be removed in v2."
2026-06-12T20:59:33.426410156Z I0612 20:59:33.426231       7 warnings.go:110] "Warning: cdi.kubevirt.io/v1beta1 ObjectTransfers is now deprecated and will be removed in v1."
2026-06-12T21:03:34.417774114Z I0612 21:03:34.417556       7 warnings.go:110] "Warning: kubevirt.io/v1 VirtualMachineInstancePresets is now deprecated and will be removed in v2."
2026-06-12T21:03:43.453656209Z I0612 21:03:43.453430       7 warnings.go:110] "Warning: v1 Endpoints is deprecated in v1.33+; use discovery.k8s.io/v1 EndpointSlice"
2026-06-12T21:05:55.426141334Z I0612 21:05:55.425957       7 warnings.go:110] "Warning: cdi.kubevirt.io/v1beta1 ObjectTransfers is now deprecated and will be removed in v1."
2026-06-12T21:09:32.423605657Z I0612 21:09:32.421666       7 warnings.go:110] "Warning: kubevirt.io/v1 VirtualMachineInstancePresets is now deprecated and will be removed in v2."
2026-06-12T21:12:28.453446553Z I0612 21:12:28.453263       7 warnings.go:110] "Warning: v1 Endpoints is deprecated in v1.33+; use discovery.k8s.io/v1 EndpointSlice"
2026-06-12T21:12:46.426346862Z I0612 21:12:46.426142       7 warnings.go:110] "Warning: cdi.kubevirt.io/v1beta1 ObjectTransfers is now deprecated and will be removed in v1."
2026-06-12T21:17:47.456419528Z I0612 21:17:47.456244       7 warnings.go:110] "Warning: v1 Endpoints is deprecated in v1.33+; use discovery.k8s.io/v1 EndpointSlice"
2026-06-12T21:18:37.423553937Z I0612 21:18:37.423385       7 warnings.go:110] "Warning: kubevirt.io/v1 VirtualMachineInstancePresets is now deprecated and will be removed in v2."
2026-06-12T21:22:40.431332467Z I0612 21:22:40.431110       7 warnings.go:110] "Warning: cdi.kubevirt.io/v1beta1 ObjectTransfers is now deprecated and will be removed in v1."
2026-06-12T21:25:14.460624049Z I0612 21:25:14.460422       7 warnings.go:110] "Warning: v1 Endpoints is deprecated in v1.33+; use discovery.k8s.io/v1 EndpointSlice"
2026-06-12T21:27:08.425172625Z I0612 21:27:08.425001       7 warnings.go:110] "Warning: kubevirt.io/v1 VirtualMachineInstancePresets is now deprecated and will be removed in v2."
2026-06-12T21:29:11.435532155Z I0612 21:29:11.435339       7 warnings.go:110] "Warning: cdi.kubevirt.io/v1beta1 ObjectTransfers is now deprecated and will be removed in v1."
2026-06-12T21:34:48.440822357Z I0612 21:34:48.440628       7 warnings.go:110] "Warning: v1 Endpoints is deprecated in v1.33+; use discovery.k8s.io/v1 EndpointSlice"
2026-06-12T21:36:51.427919836Z I0612 21:36:51.427712       7 warnings.go:110] "Warning: kubevirt.io/v1 VirtualMachineInstancePresets is now deprecated and will be removed in v2."
2026-06-12T21:38:24.404513229Z I0612 21:38:24.404275       7 warnings.go:110] "Warning: cdi.kubevirt.io/v1beta1 ObjectTransfers is now deprecated and will be removed in v1."
2026-06-12T21:42:51.422099628Z I0612 21:42:51.421887       7 warnings.go:110] "Warning: v1 Endpoints is deprecated in v1.33+; use discovery.k8s.io/v1 EndpointSlice"
2026-06-12T21:43:59.429751698Z I0612 21:43:59.429577       7 warnings.go:110] "Warning: kubevirt.io/v1 VirtualMachineInstancePresets is now deprecated and will be removed in v2."
2026-06-12T21:44:04.395446430Z I0612 21:44:04.395233       7 warnings.go:110] "Warning: cdi.kubevirt.io/v1beta1 ObjectTransfers is now deprecated and will be removed in v1."
2026-06-12T21:48:05.414306352Z I0612 21:48:05.414083       7 warnings.go:110] "Warning: v1 Endpoints is deprecated in v1.33+; use discovery.k8s.io/v1 EndpointSlice"
2026-06-12T21:52:05.394019371Z I0612 21:52:05.393783       7 warnings.go:110] "Warning: cdi.kubevirt.io/v1beta1 ObjectTransfers is now deprecated and will be removed in v1."
2026-06-12T21:52:21.432552991Z I0612 21:52:21.432347       7 warnings.go:110] "Warning: kubevirt.io/v1 VirtualMachineInstancePresets is now deprecated and will be removed in v2."
2026-06-12T21:57:09.446073126Z I0612 21:57:09.445873       7 warnings.go:110] "Warning: v1 Endpoints is deprecated in v1.33+; use discovery.k8s.io/v1 EndpointSlice"
2026-06-12T21:58:49.427914986Z I0612 21:58:49.427722       7 warnings.go:110] "Warning: cdi.kubevirt.io/v1beta1 ObjectTransfers is now deprecated and will be removed in v1."
2026-06-12T21:59:39.434800420Z I0612 21:59:39.434588       7 warnings.go:110] "Warning: kubevirt.io/v1 VirtualMachineInstancePresets is now deprecated and will be removed in v2."
2026-06-12T22:05:08.462592719Z I0612 22:05:08.462420       7 warnings.go:110] "Warning: v1 Endpoints is deprecated in v1.33+; use discovery.k8s.io/v1 EndpointSlice"
2026-06-12T22:08:19.440895098Z I0612 22:08:19.440667       7 warnings.go:110] "Warning: cdi.kubevirt.io/v1beta1 ObjectTransfers is now deprecated and will be removed in v1."
2026-06-12T22:08:49.436562988Z I0612 22:08:49.436335       7 warnings.go:110] "Warning: kubevirt.io/v1 VirtualMachineInstancePresets is now deprecated and will be removed in v2."
2026-06-12T22:10:43.468105328Z I0612 22:10:43.467964       7 warnings.go:110] "Warning: v1 Endpoints is deprecated in v1.33+; use discovery.k8s.io/v1 EndpointSlice"
2026-06-12T22:15:08.445596337Z I0612 22:15:08.445403       7 warnings.go:110] "Warning: cdi.kubevirt.io/v1beta1 ObjectTransfers is now deprecated and will be removed in v1."
2026-06-12T22:18:33.438644950Z I0612 22:18:33.438409       7 warnings.go:110] "Warning: kubevirt.io/v1 VirtualMachineInstancePresets is now deprecated and will be removed in v2."
2026-06-12T22:20:37.466548919Z I0612 22:20:37.466335       7 warnings.go:110] "Warning: v1 Endpoints is deprecated in v1.33+; use discovery.k8s.io/v1 EndpointSlice"
2026-06-12T22:23:38.439256569Z I0612 22:23:38.439102       7 warnings.go:110] "Warning: cdi.kubevirt.io/v1beta1 ObjectTransfers is now deprecated and will be removed in v1."
2026-06-12T22:24:11.440538816Z I0612 22:24:11.440352       7 warnings.go:110] "Warning: kubevirt.io/v1 VirtualMachineInstancePresets is now deprecated and will be removed in v2."
2026-06-12T22:29:31.443086908Z I0612 22:29:31.442855       7 warnings.go:110] "Warning: kubevirt.io/v1 VirtualMachineInstancePresets is now deprecated and will be removed in v2."
2026-06-12T22:29:57.464118019Z I0612 22:29:57.463903       7 warnings.go:110] "Warning: v1 Endpoints is deprecated in v1.33+; use discovery.k8s.io/v1 EndpointSlice"
2026-06-12T22:33:16.441005962Z I0612 22:33:16.440680       7 warnings.go:110] "Warning: cdi.kubevirt.io/v1beta1 ObjectTransfers is now deprecated and will be removed in v1."
2026-06-12T22:37:44.444828066Z I0612 22:37:44.444633       7 warnings.go:110] "Warning: kubevirt.io/v1 VirtualMachineInstancePresets is now deprecated and will be removed in v2."
2026-06-12T22:38:50.469462243Z I0612 22:38:50.469223       7 warnings.go:110] "Warning: v1 Endpoints is deprecated in v1.33+; use discovery.k8s.io/v1 EndpointSlice"
2026-06-12T22:40:38.444598518Z I0612 22:40:38.444375       7 warnings.go:110] "Warning: cdi.kubevirt.io/v1beta1 ObjectTransfers is now deprecated and will be removed in v1."
2026-06-12T22:44:24.472732685Z I0612 22:44:24.472517       7 warnings.go:110] "Warning: v1 Endpoints is deprecated in v1.33+; use discovery.k8s.io/v1 EndpointSlice"
2026-06-12T22:46:19.447396314Z I0612 22:46:19.447177       7 warnings.go:110] "Warning: cdi.kubevirt.io/v1beta1 ObjectTransfers is now deprecated and will be removed in v1."
2026-06-12T22:46:29.446224851Z I0612 22:46:29.446024       7 warnings.go:110] "Warning: kubevirt.io/v1 VirtualMachineInstancePresets is now deprecated and will be removed in v2."
2026-06-12T22:51:52.471722246Z I0612 22:51:52.471510       7 warnings.go:110] "Warning: v1 Endpoints is deprecated in v1.33+; use discovery.k8s.io/v1 EndpointSlice"
2026-06-12T22:53:44.448089893Z I0612 22:53:44.447869       7 warnings.go:110] "Warning: kubevirt.io/v1 VirtualMachineInstancePresets is now deprecated and will be removed in v2."
2026-06-12T22:55:40.447757017Z I0612 22:55:40.447517       7 warnings.go:110] "Warning: cdi.kubevirt.io/v1beta1 ObjectTransfers is now deprecated and will be removed in v1."
2026-06-12T22:57:46.475089616Z I0612 22:57:46.474892       7 warnings.go:110] "Warning: v1 Endpoints is deprecated in v1.33+; use discovery.k8s.io/v1 EndpointSlice"
2026-06-12T23:01:01.451369551Z I0612 23:01:01.451151       7 warnings.go:110] "Warning: cdi.kubevirt.io/v1beta1 ObjectTransfers is now deprecated and will be removed in v1."
2026-06-12T23:02:12.162341994Z Failed to get namespace cattle-provisioning-capi-system: namespaces "cattle-provisioning-capi-system" not found
2026-06-12T23:02:50.478961116Z I0612 23:02:50.478727       7 warnings.go:110] "Warning: v1 Endpoints is deprecated in v1.33+; use discovery.k8s.io/v1 EndpointSlice"
2026-06-12T23:03:42.450171256Z I0612 23:03:42.449956       7 warnings.go:110] "Warning: kubevirt.io/v1 VirtualMachineInstancePresets is now deprecated and will be removed in v2."
2026-06-12T23:08:09.454774891Z I0612 23:08:09.454625       7 warnings.go:110] "Warning: cdi.kubevirt.io/v1beta1 ObjectTransfers is now deprecated and will be removed in v1."
2026-06-12T23:09:55.482798857Z I0612 23:09:55.482613       7 warnings.go:110] "Warning: v1 Endpoints is deprecated in v1.33+; use discovery.k8s.io/v1 EndpointSlice"
2026-06-12T23:12:06.955870788Z Failed to get namespace cattle-provisioning-capi-system: namespaces "cattle-provisioning-capi-system" not found
