2026-06-12T10:47:32.396028924Z time="2026-06-12T10:47:32Z" level=info msg="Starting harvester-network-controller version v1.8.1-rc1"
2026-06-12T10:47:32.396060525Z time="2026-06-12T10:47:32Z" level=info msg="Set log level to info"
2026-06-12T10:47:32.396071681Z time="2026-06-12T10:47:32Z" level=info msg="namespace harvester-system threadiness 2 nodeName hp-150-tink-system helper-image rancher/harvester-network-helper:master-head"
2026-06-12T10:47:32.396294736Z W0612 10:47:32.396240       1 client_config.go:667] Neither --kubeconfig nor --master was specified.  Using the inClusterConfig.  This might not work.
2026-06-12T10:47:38.396052665Z time="2026-06-12T10:47:38Z" level=info msg="Do not update the existing CRD NetworkAttachmentDefinition"
2026-06-12T10:47:42.137331430Z time="2026-06-12T10:47:42Z" level=info msg="Start link monitor"
2026-06-12T10:47:42.593510769Z time="2026-06-12T10:47:42Z" level=info msg="Starting network.harvesterhci.io/v1beta1, Kind=VlanStatus controller"
2026-06-12T10:47:42.593540241Z time="2026-06-12T10:47:42Z" level=info msg="Starting network.harvesterhci.io/v1beta1, Kind=ClusterNetwork controller"
2026-06-12T10:47:42.593555496Z time="2026-06-12T10:47:42Z" level=info msg="cluster network mgmt has been changed, vid hash: "
2026-06-12T10:47:42.594308364Z time="2026-06-12T10:47:42Z" level=info msg="cluster network mgmt will add 0 vlans, remove 0 vlans"
2026-06-12T10:47:42.594320912Z time="2026-06-12T10:47:42Z" level=info msg="Starting network.harvesterhci.io/v1beta1, Kind=HostNetworkConfig controller"
2026-06-12T10:47:42.594328154Z time="2026-06-12T10:47:42Z" level=info msg="Starting /v1, Kind=Node controller"
2026-06-12T10:47:42.594380784Z time="2026-06-12T10:47:42Z" level=info msg="Starting k8s.cni.cncf.io/v1, Kind=NetworkAttachmentDefinition controller"
2026-06-12T10:47:42.594443948Z time="2026-06-12T10:47:42Z" level=info msg="Starting network.harvesterhci.io/v1beta1, Kind=LinkMonitor controller"
2026-06-12T10:47:42.594495406Z time="2026-06-12T10:47:42Z" level=info msg="link monitor mgmt has been changed, spec: {NodeSelector:map[] TargetLinkRule:{TypeRule: NameRule:mgmt(-br|-bo)}}"
2026-06-12T10:47:42.594929279Z time="2026-06-12T10:47:42Z" level=info msg="Starting network.harvesterhci.io/v1beta1, Kind=VlanConfig controller"
2026-06-12T10:47:42.594960554Z time="2026-06-12T10:47:42Z" level=info msg="link monitor nic has been changed, spec: {NodeSelector:map[] TargetLinkRule:{TypeRule:device NameRule:}}"
2026-06-12T10:47:42.602106370Z time="2026-06-12T10:47:42Z" level=info msg="link monitor mgmt has been changed, spec: {NodeSelector:map[] TargetLinkRule:{TypeRule: NameRule:mgmt(-br|-bo)}}"
2026-06-12T10:47:42.701495808Z time="2026-06-12T10:47:42Z" level=info msg="link monitor nic has been changed, spec: {NodeSelector:map[] TargetLinkRule:{TypeRule:device NameRule:}}"
2026-06-12T10:47:54.690765763Z time="2026-06-12T10:47:54Z" level=info msg="link monitor mgmt has been changed, spec: {NodeSelector:map[] TargetLinkRule:{TypeRule: NameRule:mgmt(-br|-bo)}}"
2026-06-12T10:47:54.690809052Z time="2026-06-12T10:47:54Z" level=info msg="link monitor nic has been changed, spec: {NodeSelector:map[] TargetLinkRule:{TypeRule:device NameRule:}}"
2026-06-12T11:08:07.925529910Z time="2026-06-12T11:08:07Z" level=info msg="cluster network mgmt has been changed, vid hash: b090147020e033534635010c4f7eb6fc270d44e5df67ea9e744a8087df9ca106"
2026-06-12T11:08:07.926465287Z time="2026-06-12T11:08:07Z" level=info msg="cluster network mgmt will add 0 vlans, remove 0 vlans"
2026-06-12T11:21:24.520776982Z time="2026-06-12T11:21:24Z" level=info msg="cluster network cnet-111938 has been changed, vid hash: "
2026-06-12T11:21:24.520926260Z time="2026-06-12T11:21:24Z" level=info msg="cluster network cnet-111938 is not set on this node, skip"
2026-06-12T11:21:24.540245633Z time="2026-06-12T11:21:24Z" level=info msg="cluster network cnet-111938 has been changed, vid hash: "
2026-06-12T11:21:24.540327013Z time="2026-06-12T11:21:24Z" level=info msg="cluster network cnet-111938 is not set on this node, skip"
2026-06-12T11:21:24.545268797Z time="2026-06-12T11:21:24Z" level=info msg="vlan config hp-69-tink-system has been changed, spec: {Description: ClusterNetwork:cnet-111938 NodeSelector:map[kubernetes.io/hostname:hp-69-tink-system] Uplink:{NICs:[eno50] LinkAttrs:0x371dbc819260 BondOptions:0x371dc38768e8}}"
2026-06-12T11:21:24.559807559Z time="2026-06-12T11:21:24Z" level=info msg="cluster network cnet-111938 has been changed, vid hash: "
2026-06-12T11:21:24.559896483Z time="2026-06-12T11:21:24Z" level=info msg="cluster network cnet-111938 is not set on this node, skip"
2026-06-12T11:21:24.587082881Z time="2026-06-12T11:21:24Z" level=info msg="vlan config hp-117-tink-system has been changed, spec: {Description: ClusterNetwork:cnet-111938 NodeSelector:map[kubernetes.io/hostname:hp-117-tink-system] Uplink:{NICs:[eno50] LinkAttrs:0x371dc37b2f60 BondOptions:0x371dc315a510}}"
2026-06-12T11:21:24.589411535Z time="2026-06-12T11:21:24Z" level=info msg="vlan config hp-69-tink-system has been changed, spec: {Description: ClusterNetwork:cnet-111938 NodeSelector:map[kubernetes.io/hostname:hp-69-tink-system] Uplink:{NICs:[eno50] LinkAttrs:0x371dbc7aa630 BondOptions:0x371dc3876e70}}"
2026-06-12T11:21:24.594695953Z time="2026-06-12T11:21:24Z" level=info msg="vlan config hp-69-tink-system has been changed, spec: {Description: ClusterNetwork:cnet-111938 NodeSelector:map[kubernetes.io/hostname:hp-69-tink-system] Uplink:{NICs:[eno50] LinkAttrs:0x371dbc7aa630 BondOptions:0x371dc3876e70}}"
2026-06-12T11:21:24.596002751Z time="2026-06-12T11:21:24Z" level=info msg="vlan config hp-117-tink-system has been changed, spec: {Description: ClusterNetwork:cnet-111938 NodeSelector:map[kubernetes.io/hostname:hp-117-tink-system] Uplink:{NICs:[eno50] LinkAttrs:0x371dbc7aa810 BondOptions:0x371dc3876f48}}"
2026-06-12T11:21:24.644140793Z time="2026-06-12T11:21:24Z" level=info msg="vlan config hp-69-tink-system has been changed, spec: {Description: ClusterNetwork:cnet-111938 NodeSelector:map[kubernetes.io/hostname:hp-69-tink-system] Uplink:{NICs:[eno50] LinkAttrs:0x371dc18e29f0 BondOptions:0x371dc315a978}}"
2026-06-12T11:21:24.645635537Z time="2026-06-12T11:21:24Z" level=info msg="vlan config hp-150-tink-system has been changed, spec: {Description: ClusterNetwork:cnet-111938 NodeSelector:map[kubernetes.io/hostname:hp-150-tink-system] Uplink:{NICs:[eno50] LinkAttrs:0x371dbc7aaba0 BondOptions:0x371dc3877038}}"
2026-06-12T11:21:24.645649350Z time="2026-06-12T11:21:24Z" level=info msg="vc hp-150-tink-system matchedNodes: [hp-150-tink-system], include this node: hp-150-tink-system"
2026-06-12T11:21:24.657983423Z time="2026-06-12T11:21:24Z" level=info msg="vlan config hp-117-tink-system has been changed, spec: {Description: ClusterNetwork:cnet-111938 NodeSelector:map[kubernetes.io/hostname:hp-117-tink-system] Uplink:{NICs:[eno50] LinkAttrs:0x371dc18e31d0 BondOptions:0x371dc315aa98}}"
2026-06-12T11:21:24.712283087Z time="2026-06-12T11:21:24Z" level=info msg="link monitor nic has been changed, spec: {NodeSelector:map[] TargetLinkRule:{TypeRule:device NameRule:}}"
2026-06-12T11:21:24.933980121Z time="2026-06-12T11:21:24Z" level=info msg="link monitor nic has been changed, spec: {NodeSelector:map[] TargetLinkRule:{TypeRule:device NameRule:}}"
2026-06-12T11:21:24.990134089Z time="2026-06-12T11:21:24Z" level=info msg="link monitor nic has been changed, spec: {NodeSelector:map[] TargetLinkRule:{TypeRule:device NameRule:}}"
2026-06-12T11:21:24.990230016Z time="2026-06-12T11:21:24Z" level=info msg="cluster network cnet-111938 has been changed, vid hash: 72d1b5da6eeaf1789df86487da50ad5e9dadb5ffaecb56b6de592aa286c9c1b8"
2026-06-12T11:21:24.990423053Z time="2026-06-12T11:21:24Z" level=info msg="vlan config hp-150-tink-system has been changed, spec: {Description: ClusterNetwork:cnet-111938 NodeSelector:map[kubernetes.io/hostname:hp-150-tink-system] Uplink:{NICs:[eno50] LinkAttrs:0x371dc18e3650 BondOptions:0x371dc315abe8}}"
2026-06-12T11:21:24.990448052Z time="2026-06-12T11:21:24Z" level=info msg="vc hp-150-tink-system matchedNodes: [hp-150-tink-system], include this node: hp-150-tink-system"
2026-06-12T11:21:24.991371469Z time="2026-06-12T11:21:24Z" level=error msg="error syncing 'cnet-111938': handler harvester-network-cn-controller: can't run diff on an empty vidset, requeuing"
2026-06-12T11:21:24.995317101Z time="2026-06-12T11:21:24Z" level=info msg="link monitor nic has been changed, spec: {NodeSelector:map[] TargetLinkRule:{TypeRule:device NameRule:}}"
2026-06-12T11:21:24.996658860Z time="2026-06-12T11:21:24Z" level=info msg="cluster network cnet-111938 has been changed, vid hash: 72d1b5da6eeaf1789df86487da50ad5e9dadb5ffaecb56b6de592aa286c9c1b8"
2026-06-12T11:21:24.997408630Z time="2026-06-12T11:21:24Z" level=info msg="cluster network cnet-111938 will add 1 vlans, remove 0 vlans"
2026-06-12T11:21:25.002686130Z time="2026-06-12T11:21:25Z" level=info msg="link monitor nic has been changed, spec: {NodeSelector:map[] TargetLinkRule:{TypeRule:device NameRule:}}"
2026-06-12T11:21:25.172849026Z time="2026-06-12T11:21:25Z" level=info msg="vlan config hp-150-tink-system has been changed, spec: {Description: ClusterNetwork:cnet-111938 NodeSelector:map[kubernetes.io/hostname:hp-150-tink-system] Uplink:{NICs:[eno50] LinkAttrs:0x371dc18e3650 BondOptions:0x371dc315abe8}}"
2026-06-12T11:21:25.172874744Z time="2026-06-12T11:21:25Z" level=info msg="vc hp-150-tink-system matchedNodes: [hp-150-tink-system], include this node: hp-150-tink-system"
2026-06-12T11:21:25.190123406Z time="2026-06-12T11:21:25Z" level=info msg="cluster network cnet-111938 has been changed, vid hash: 72d1b5da6eeaf1789df86487da50ad5e9dadb5ffaecb56b6de592aa286c9c1b8"
2026-06-12T11:21:25.191080145Z time="2026-06-12T11:21:25Z" level=info msg="cluster network cnet-111938 will add 0 vlans, remove 0 vlans"
2026-06-12T11:21:25.196851762Z time="2026-06-12T11:21:25Z" level=info msg="link monitor nic has been changed, spec: {NodeSelector:map[] TargetLinkRule:{TypeRule:device NameRule:}}"
2026-06-12T11:21:25.235293664Z time="2026-06-12T11:21:25Z" level=info msg="vlan config hp-150-tink-system has been changed, spec: {Description: ClusterNetwork:cnet-111938 NodeSelector:map[kubernetes.io/hostname:hp-150-tink-system] Uplink:{NICs:[eno50] LinkAttrs:0x371dc18e3650 BondOptions:0x371dc315abe8}}"
2026-06-12T11:21:25.235307455Z time="2026-06-12T11:21:25Z" level=info msg="vc hp-150-tink-system matchedNodes: [hp-150-tink-system], include this node: hp-150-tink-system"
2026-06-12T11:21:25.243644232Z time="2026-06-12T11:21:25Z" level=info msg="link monitor nic has been changed, spec: {NodeSelector:map[] TargetLinkRule:{TypeRule:device NameRule:}}"
2026-06-12T11:21:25.336486860Z time="2026-06-12T11:21:25Z" level=info msg="link monitor nic has been changed, spec: {NodeSelector:map[] TargetLinkRule:{TypeRule:device NameRule:}}"
2026-06-12T11:21:25.400882005Z time="2026-06-12T11:21:25Z" level=info msg="vlan config hp-150-tink-system has been changed, spec: {Description: ClusterNetwork:cnet-111938 NodeSelector:map[kubernetes.io/hostname:hp-150-tink-system] Uplink:{NICs:[eno50] LinkAttrs:0x371dc18e3650 BondOptions:0x371dc315abe8}}"
2026-06-12T11:21:25.400894402Z time="2026-06-12T11:21:25Z" level=info msg="vc hp-150-tink-system matchedNodes: [hp-150-tink-system], include this node: hp-150-tink-system"
2026-06-12T11:21:25.412369388Z time="2026-06-12T11:21:25Z" level=info msg="link monitor nic has been changed, spec: {NodeSelector:map[] TargetLinkRule:{TypeRule:device NameRule:}}"
2026-06-12T11:21:25.490127020Z time="2026-06-12T11:21:25Z" level=info msg="cluster network cnet-111938 has been changed, vid hash: 72d1b5da6eeaf1789df86487da50ad5e9dadb5ffaecb56b6de592aa286c9c1b8"
2026-06-12T11:21:25.491662764Z time="2026-06-12T11:21:25Z" level=info msg="cluster network cnet-111938 will add 0 vlans, remove 0 vlans"
2026-06-12T11:21:25.640839332Z time="2026-06-12T11:21:25Z" level=info msg="link monitor nic has been changed, spec: {NodeSelector:map[] TargetLinkRule:{TypeRule:device NameRule:}}"
2026-06-12T11:21:25.738824214Z time="2026-06-12T11:21:25Z" level=info msg="link monitor nic has been changed, spec: {NodeSelector:map[] TargetLinkRule:{TypeRule:device NameRule:}}"
2026-06-12T11:21:25.792885467Z time="2026-06-12T11:21:25Z" level=info msg="link monitor nic has been changed, spec: {NodeSelector:map[] TargetLinkRule:{TypeRule:device NameRule:}}"
2026-06-12T11:21:25.876846191Z time="2026-06-12T11:21:25Z" level=info msg="link monitor nic has been changed, spec: {NodeSelector:map[] TargetLinkRule:{TypeRule:device NameRule:}}"
2026-06-12T11:21:26.332773976Z time="2026-06-12T11:21:26Z" level=info msg="cluster network cnet-111938 has been changed, vid hash: 72d1b5da6eeaf1789df86487da50ad5e9dadb5ffaecb56b6de592aa286c9c1b8"
2026-06-12T11:21:26.333708738Z time="2026-06-12T11:21:26Z" level=info msg="cluster network cnet-111938 will add 0 vlans, remove 0 vlans"
2026-06-12T11:21:27.135486579Z time="2026-06-12T11:21:27Z" level=info msg="link monitor cnet-111938 has been changed, spec: {NodeSelector:map[] TargetLinkRule:{TypeRule: NameRule:cnet-111938(-br|-bo)}}"
2026-06-12T11:21:27.148833713Z time="2026-06-12T11:21:27Z" level=info msg="link monitor cnet-111938 has been changed, spec: {NodeSelector:map[] TargetLinkRule:{TypeRule: NameRule:cnet-111938(-br|-bo)}}"
2026-06-12T11:21:27.163284114Z time="2026-06-12T11:21:27Z" level=info msg="link monitor cnet-111938 has been changed, spec: {NodeSelector:map[] TargetLinkRule:{TypeRule: NameRule:cnet-111938(-br|-bo)}}"
2026-06-12T11:21:27.167645572Z time="2026-06-12T11:21:27Z" level=info msg="link monitor cnet-111938 has been changed, spec: {NodeSelector:map[] TargetLinkRule:{TypeRule: NameRule:cnet-111938(-br|-bo)}}"
2026-06-12T11:21:27.173163026Z time="2026-06-12T11:21:27Z" level=info msg="link monitor cnet-111938 has been changed, spec: {NodeSelector:map[] TargetLinkRule:{TypeRule: NameRule:cnet-111938(-br|-bo)}}"
2026-06-12T11:21:27.176440980Z time="2026-06-12T11:21:27Z" level=info msg="link monitor cnet-111938 has been changed, spec: {NodeSelector:map[] TargetLinkRule:{TypeRule: NameRule:cnet-111938(-br|-bo)}}"
2026-06-12T11:21:27.189272141Z time="2026-06-12T11:21:27Z" level=info msg="link monitor cnet-111938 has been changed, spec: {NodeSelector:map[] TargetLinkRule:{TypeRule: NameRule:cnet-111938(-br|-bo)}}"
2026-06-12T11:21:29.916695369Z time="2026-06-12T11:21:29Z" level=info msg="link monitor nic has been changed, spec: {NodeSelector:map[] TargetLinkRule:{TypeRule:device NameRule:}}"
2026-06-12T11:21:29.918121819Z time="2026-06-12T11:21:29Z" level=info msg="link monitor cnet-111938 has been changed, spec: {NodeSelector:map[] TargetLinkRule:{TypeRule: NameRule:cnet-111938(-br|-bo)}}"
2026-06-12T11:21:32.414173774Z time="2026-06-12T11:21:32Z" level=info msg="cluster network cnet-111938 has been changed, vid hash: e3b0c44298fc1c149afbf4c8996fb92427ae41e4649b934ca495991b7852b855"
2026-06-12T11:21:32.415143514Z time="2026-06-12T11:21:32Z" level=info msg="cluster network cnet-111938 will add 0 vlans, remove 1 vlans"
2026-06-12T11:21:32.420576135Z time="2026-06-12T11:21:32Z" level=info msg="link monitor nic has been changed, spec: {NodeSelector:map[] TargetLinkRule:{TypeRule:device NameRule:}}"
2026-06-12T11:21:33.961278731Z time="2026-06-12T11:21:33Z" level=info msg="cluster network cnet-111938 has been changed, vid hash: 72d1b5da6eeaf1789df86487da50ad5e9dadb5ffaecb56b6de592aa286c9c1b8"
2026-06-12T11:21:33.962076057Z time="2026-06-12T11:21:33Z" level=info msg="cluster network cnet-111938 will add 1 vlans, remove 0 vlans"
2026-06-12T11:21:33.967579020Z time="2026-06-12T11:21:33Z" level=info msg="link monitor cnet-111938 has been changed, spec: {NodeSelector:map[] TargetLinkRule:{TypeRule: NameRule:cnet-111938(-br|-bo)}}"
2026-06-12T11:21:35.693668356Z time="2026-06-12T11:21:35Z" level=info msg="link monitor nic has been changed, spec: {NodeSelector:map[] TargetLinkRule:{TypeRule:device NameRule:}}"
2026-06-12T11:21:35.693688320Z time="2026-06-12T11:21:35Z" level=info msg="link monitor cnet-111938 has been changed, spec: {NodeSelector:map[] TargetLinkRule:{TypeRule: NameRule:cnet-111938(-br|-bo)}}"
2026-06-12T11:21:35.763358251Z time="2026-06-12T11:21:35Z" level=info msg="link monitor nic has been changed, spec: {NodeSelector:map[] TargetLinkRule:{TypeRule:device NameRule:}}"
2026-06-12T11:21:40.515438790Z time="2026-06-12T11:21:40Z" level=info msg="link monitor nic has been changed, spec: {NodeSelector:map[] TargetLinkRule:{TypeRule:device NameRule:}}"
2026-06-12T11:21:40.842217891Z time="2026-06-12T11:21:40Z" level=info msg="cluster network cnet-111938 has been changed, vid hash: e3b0c44298fc1c149afbf4c8996fb92427ae41e4649b934ca495991b7852b855"
2026-06-12T11:21:40.843127142Z time="2026-06-12T11:21:40Z" level=info msg="cluster network cnet-111938 will add 0 vlans, remove 1 vlans"
2026-06-12T11:21:40.848515614Z time="2026-06-12T11:21:40Z" level=info msg="link monitor nic has been changed, spec: {NodeSelector:map[] TargetLinkRule:{TypeRule:device NameRule:}}"
2026-06-12T11:21:41.003537710Z time="2026-06-12T11:21:41Z" level=info msg="link monitor nic has been changed, spec: {NodeSelector:map[] TargetLinkRule:{TypeRule:device NameRule:}}"
2026-06-12T11:21:41.004955461Z time="2026-06-12T11:21:41Z" level=info msg="link monitor cnet-111938 has been changed, spec: {NodeSelector:map[] TargetLinkRule:{TypeRule: NameRule:cnet-111938(-br|-bo)}}"
2026-06-12T11:21:48.069405559Z time="2026-06-12T11:21:48Z" level=info msg="vlan config hp-69-tink-system has been removed"
2026-06-12T11:21:48.083696833Z time="2026-06-12T11:21:48Z" level=info msg="cluster network cnet-111938 has been changed, vid hash: e3b0c44298fc1c149afbf4c8996fb92427ae41e4649b934ca495991b7852b855"
2026-06-12T11:21:48.084664131Z time="2026-06-12T11:21:48Z" level=info msg="cluster network cnet-111938 will add 0 vlans, remove 0 vlans"
2026-06-12T11:21:48.103862896Z time="2026-06-12T11:21:48Z" level=info msg="vlan config hp-117-tink-system has been removed"
2026-06-12T11:21:48.111738115Z time="2026-06-12T11:21:48Z" level=info msg="cluster network cnet-111938 has been changed, vid hash: e3b0c44298fc1c149afbf4c8996fb92427ae41e4649b934ca495991b7852b855"
2026-06-12T11:21:48.112587774Z time="2026-06-12T11:21:48Z" level=info msg="cluster network cnet-111938 will add 0 vlans, remove 0 vlans"
2026-06-12T11:21:48.158013410Z time="2026-06-12T11:21:48Z" level=info msg="vlan config hp-150-tink-system has been removed"
2026-06-12T11:21:48.158196946Z time="2026-06-12T11:21:48Z" level=info msg="start to tear down VLAN network"
2026-06-12T11:21:48.158203561Z time="2026-06-12T11:21:48Z" level=info msg="cnet-111938-bo set no master"
2026-06-12T11:21:48.238693994Z time="2026-06-12T11:21:48Z" level=info msg="link monitor nic has been changed, spec: {NodeSelector:map[] TargetLinkRule:{TypeRule:device NameRule:}}"
2026-06-12T11:21:48.246499615Z time="2026-06-12T11:21:48Z" level=info msg="link monitor cnet-111938 has been changed, spec: {NodeSelector:map[] TargetLinkRule:{TypeRule: NameRule:cnet-111938(-br|-bo)}}"
2026-06-12T11:21:48.278773594Z time="2026-06-12T11:21:48Z" level=info msg="cluster network cnet-111938 has been changed, vid hash: e3b0c44298fc1c149afbf4c8996fb92427ae41e4649b934ca495991b7852b855"
2026-06-12T11:21:48.336949816Z time="2026-06-12T11:21:48Z" level=info msg="cluster network cnet-111938 is not set on this node, skip"
2026-06-12T11:21:48.343118280Z time="2026-06-12T11:21:48Z" level=info msg="Setting NIC eno50 to UP state (current: down)"
2026-06-12T11:21:48.347536346Z time="2026-06-12T11:21:48Z" level=info msg="link monitor cnet-111938 has been changed, spec: {NodeSelector:map[] TargetLinkRule:{TypeRule: NameRule:cnet-111938(-br|-bo)}}"
2026-06-12T11:21:48.349038507Z time="2026-06-12T11:21:48Z" level=info msg="link monitor nic has been changed, spec: {NodeSelector:map[] TargetLinkRule:{TypeRule:device NameRule:}}"
2026-06-12T11:21:48.575430142Z time="2026-06-12T11:21:48Z" level=info msg="link monitor cnet-111938 has been changed, spec: {NodeSelector:map[] TargetLinkRule:{TypeRule: NameRule:cnet-111938(-br|-bo)}}"
2026-06-12T11:21:48.599632194Z time="2026-06-12T11:21:48Z" level=error msg="error syncing 'nic': handler harvester-network-link-monitor-controller: synchronize links to link monitor nic failed, error: results may be incomplete or inconsistent, requeuing"
2026-06-12T11:21:48.599646313Z time="2026-06-12T11:21:48Z" level=info msg="link monitor nic has been changed, spec: {NodeSelector:map[] TargetLinkRule:{TypeRule:device NameRule:}}"
2026-06-12T11:21:48.610305315Z time="2026-06-12T11:21:48Z" level=info msg="link monitor nic has been changed, spec: {NodeSelector:map[] TargetLinkRule:{TypeRule:device NameRule:}}"
2026-06-12T11:21:48.614612596Z time="2026-06-12T11:21:48Z" level=info msg="link monitor cnet-111938 has been changed, spec: {NodeSelector:map[] TargetLinkRule:{TypeRule: NameRule:cnet-111938(-br|-bo)}}"
2026-06-12T11:21:48.617971765Z time="2026-06-12T11:21:48Z" level=info msg="tear down VLAN network successfully"
2026-06-12T11:21:48.619545858Z time="2026-06-12T11:21:48Z" level=info msg="link monitor cnet-111938 has been changed, spec: {NodeSelector:map[] TargetLinkRule:{TypeRule: NameRule:cnet-111938(-br|-bo)}}"
2026-06-12T11:21:48.625225025Z time="2026-06-12T11:21:48Z" level=info msg="link monitor cnet-111938 has been changed, spec: {NodeSelector:map[] TargetLinkRule:{TypeRule: NameRule:cnet-111938(-br|-bo)}}"
2026-06-12T11:21:48.693504452Z time="2026-06-12T11:21:48Z" level=info msg="link monitor nic has been changed, spec: {NodeSelector:map[] TargetLinkRule:{TypeRule:device NameRule:}}"
2026-06-12T11:21:48.694172623Z time="2026-06-12T11:21:48Z" level=info msg="link monitor cnet-111938 has been changed, spec: {NodeSelector:map[] TargetLinkRule:{TypeRule: NameRule:cnet-111938(-br|-bo)}}"
2026-06-12T11:21:48.990167042Z time="2026-06-12T11:21:48Z" level=error msg="error syncing 'hp-150-tink-system': handler harvester-network-vlanconfig-controller: vlanconfigs.network.harvesterhci.io \"hp-150-tink-system\" not found, requeuing"
2026-06-12T11:21:48.990875739Z time="2026-06-12T11:21:48Z" level=info msg="link monitor nic has been changed, spec: {NodeSelector:map[] TargetLinkRule:{TypeRule:device NameRule:}}"
2026-06-12T11:21:48.999988367Z time="2026-06-12T11:21:48Z" level=info msg="link monitor nic has been changed, spec: {NodeSelector:map[] TargetLinkRule:{TypeRule:device NameRule:}}"
2026-06-12T11:21:49.090132996Z time="2026-06-12T11:21:49Z" level=info msg="link monitor nic has been changed, spec: {NodeSelector:map[] TargetLinkRule:{TypeRule:device NameRule:}}"
2026-06-12T11:21:49.090190601Z time="2026-06-12T11:21:49Z" level=info msg="cluster network cnet-111938 has been changed, vid hash: e3b0c44298fc1c149afbf4c8996fb92427ae41e4649b934ca495991b7852b855"
2026-06-12T11:21:49.090413512Z time="2026-06-12T11:21:49Z" level=info msg="cluster network cnet-111938 is not set on this node, skip"
2026-06-12T11:21:49.095501024Z time="2026-06-12T11:21:49Z" level=info msg="link monitor nic has been changed, spec: {NodeSelector:map[] TargetLinkRule:{TypeRule:device NameRule:}}"
2026-06-12T11:21:49.139540125Z time="2026-06-12T11:21:49Z" level=info msg="link monitor cnet-111938 has been changed, spec: {NodeSelector:map[] TargetLinkRule:{TypeRule: NameRule:cnet-111938(-br|-bo)}}"
2026-06-12T11:21:49.245090410Z time="2026-06-12T11:21:49Z" level=info msg="link monitor nic has been changed, spec: {NodeSelector:map[] TargetLinkRule:{TypeRule:device NameRule:}}"
2026-06-12T11:22:08.262088565Z time="2026-06-12T11:22:08Z" level=info msg="link monitor cnet-111938 has been removed"
2026-06-12T11:26:13.759672731Z time="2026-06-12T11:26:13Z" level=info msg="cluster network cnet-eno50 has been changed, vid hash: "
2026-06-12T11:26:13.759773544Z time="2026-06-12T11:26:13Z" level=info msg="cluster network cnet-eno50 is not set on this node, skip"
2026-06-12T11:26:13.774082058Z time="2026-06-12T11:26:13Z" level=info msg="cluster network cnet-eno50 has been changed, vid hash: "
2026-06-12T11:26:13.774148082Z time="2026-06-12T11:26:13Z" level=info msg="cluster network cnet-eno50 is not set on this node, skip"
2026-06-12T11:26:13.797186359Z time="2026-06-12T11:26:13Z" level=info msg="vlan config cnet-eno50 has been changed, spec: {Description: ClusterNetwork:cnet-eno50 NodeSelector:map[] Uplink:{NICs:[eno50] LinkAttrs:0x371dbea59560 BondOptions:0x371dc3876ba0}}"
2026-06-12T11:26:13.797209362Z time="2026-06-12T11:26:13Z" level=info msg="vc cnet-eno50 matchedNodes: [hp-117-tink-system hp-150-tink-system hp-69-tink-system], include this node: hp-150-tink-system"
2026-06-12T11:26:13.803723696Z time="2026-06-12T11:26:13Z" level=info msg="cluster network cnet-eno50 has been changed, vid hash: "
2026-06-12T11:26:13.857321444Z time="2026-06-12T11:26:13Z" level=info msg="cluster network cnet-eno50 is not set on this node, skip"
2026-06-12T11:26:13.862665706Z time="2026-06-12T11:26:13Z" level=info msg="link monitor nic has been changed, spec: {NodeSelector:map[] TargetLinkRule:{TypeRule:device NameRule:}}"
2026-06-12T11:26:13.867032937Z time="2026-06-12T11:26:13Z" level=info msg="cluster network cnet-eno50 has been changed, vid hash: 72d1b5da6eeaf1789df86487da50ad5e9dadb5ffaecb56b6de592aa286c9c1b8"
2026-06-12T11:26:14.096446396Z time="2026-06-12T11:26:14Z" level=info msg="cluster network cnet-eno50 is not set on this node, skip"
2026-06-12T11:26:14.121957904Z time="2026-06-12T11:26:14Z" level=info msg="link monitor nic has been changed, spec: {NodeSelector:map[] TargetLinkRule:{TypeRule:device NameRule:}}"
2026-06-12T11:26:14.122302582Z time="2026-06-12T11:26:14Z" level=info msg="vlan config cnet-eno50 has been changed, spec: {Description: ClusterNetwork:cnet-eno50 NodeSelector:map[] Uplink:{NICs:[eno50] LinkAttrs:0x371dbea59d10 BondOptions:0x371dc3876db0}}"
2026-06-12T11:26:14.122313548Z time="2026-06-12T11:26:14Z" level=info msg="vc cnet-eno50 matchedNodes: [hp-117-tink-system hp-150-tink-system hp-69-tink-system], include this node: hp-150-tink-system"
2026-06-12T11:26:14.126243408Z time="2026-06-12T11:26:14Z" level=info msg="link monitor nic has been changed, spec: {NodeSelector:map[] TargetLinkRule:{TypeRule:device NameRule:}}"
2026-06-12T11:26:14.189993337Z time="2026-06-12T11:26:14Z" level=info msg="link monitor nic has been changed, spec: {NodeSelector:map[] TargetLinkRule:{TypeRule:device NameRule:}}"
2026-06-12T11:26:14.190805955Z time="2026-06-12T11:26:14Z" level=info msg="link monitor nic has been changed, spec: {NodeSelector:map[] TargetLinkRule:{TypeRule:device NameRule:}}"
2026-06-12T11:26:14.290064802Z time="2026-06-12T11:26:14Z" level=info msg="link monitor nic has been changed, spec: {NodeSelector:map[] TargetLinkRule:{TypeRule:device NameRule:}}"
2026-06-12T11:26:14.390510102Z time="2026-06-12T11:26:14Z" level=info msg="link monitor nic has been changed, spec: {NodeSelector:map[] TargetLinkRule:{TypeRule:device NameRule:}}"
2026-06-12T11:26:14.392001600Z time="2026-06-12T11:26:14Z" level=info msg="cluster network cnet-eno50 has been changed, vid hash: 72d1b5da6eeaf1789df86487da50ad5e9dadb5ffaecb56b6de592aa286c9c1b8"
2026-06-12T11:26:14.392773933Z time="2026-06-12T11:26:14Z" level=info msg="cluster network cnet-eno50 will add 1 vlans, remove 0 vlans"
2026-06-12T11:26:14.490027245Z time="2026-06-12T11:26:14Z" level=info msg="cluster network cnet-eno50 has been changed, vid hash: 72d1b5da6eeaf1789df86487da50ad5e9dadb5ffaecb56b6de592aa286c9c1b8"
2026-06-12T11:26:14.490244813Z time="2026-06-12T11:26:14Z" level=info msg="vlan config cnet-eno50 has been changed, spec: {Description: ClusterNetwork:cnet-eno50 NodeSelector:map[] Uplink:{NICs:[eno50] LinkAttrs:0x371dbf6acea0 BondOptions:0x371dc3876468}}"
2026-06-12T11:26:14.490250072Z time="2026-06-12T11:26:14Z" level=info msg="vc cnet-eno50 matchedNodes: [hp-117-tink-system hp-150-tink-system hp-69-tink-system], include this node: hp-150-tink-system"
2026-06-12T11:26:14.491309763Z time="2026-06-12T11:26:14Z" level=info msg="cluster network cnet-eno50 will add 0 vlans, remove 0 vlans"
2026-06-12T11:26:14.535360297Z time="2026-06-12T11:26:14Z" level=info msg="link monitor nic has been changed, spec: {NodeSelector:map[] TargetLinkRule:{TypeRule:device NameRule:}}"
2026-06-12T11:26:14.590860623Z time="2026-06-12T11:26:14Z" level=info msg="link monitor nic has been changed, spec: {NodeSelector:map[] TargetLinkRule:{TypeRule:device NameRule:}}"
2026-06-12T11:26:14.635235789Z time="2026-06-12T11:26:14Z" level=info msg="vlan config cnet-eno50 has been changed, spec: {Description: ClusterNetwork:cnet-eno50 NodeSelector:map[] Uplink:{NICs:[eno50] LinkAttrs:0x371dbf6acea0 BondOptions:0x371dc3876468}}"
2026-06-12T11:26:14.635248278Z time="2026-06-12T11:26:14Z" level=info msg="vc cnet-eno50 matchedNodes: [hp-117-tink-system hp-150-tink-system hp-69-tink-system], include this node: hp-150-tink-system"
2026-06-12T11:26:14.690128436Z time="2026-06-12T11:26:14Z" level=info msg="cluster network cnet-eno50 has been changed, vid hash: 72d1b5da6eeaf1789df86487da50ad5e9dadb5ffaecb56b6de592aa286c9c1b8"
2026-06-12T11:26:14.690861147Z time="2026-06-12T11:26:14Z" level=info msg="cluster network cnet-eno50 will add 0 vlans, remove 0 vlans"
2026-06-12T11:26:14.765811881Z time="2026-06-12T11:26:14Z" level=info msg="link monitor cnet-eno50 has been changed, spec: {NodeSelector:map[] TargetLinkRule:{TypeRule: NameRule:cnet-eno50(-br|-bo)}}"
2026-06-12T11:26:14.797043532Z time="2026-06-12T11:26:14Z" level=info msg="link monitor cnet-eno50 has been changed, spec: {NodeSelector:map[] TargetLinkRule:{TypeRule: NameRule:cnet-eno50(-br|-bo)}}"
2026-06-12T11:26:14.812164562Z time="2026-06-12T11:26:14Z" level=info msg="link monitor cnet-eno50 has been changed, spec: {NodeSelector:map[] TargetLinkRule:{TypeRule: NameRule:cnet-eno50(-br|-bo)}}"
2026-06-12T11:26:14.877729171Z time="2026-06-12T11:26:14Z" level=info msg="link monitor nic has been changed, spec: {NodeSelector:map[] TargetLinkRule:{TypeRule:device NameRule:}}"
2026-06-12T11:26:14.907188107Z time="2026-06-12T11:26:14Z" level=info msg="link monitor cnet-eno50 has been changed, spec: {NodeSelector:map[] TargetLinkRule:{TypeRule: NameRule:cnet-eno50(-br|-bo)}}"
2026-06-12T11:26:15.089305034Z time="2026-06-12T11:26:15Z" level=info msg="link monitor nic has been changed, spec: {NodeSelector:map[] TargetLinkRule:{TypeRule:device NameRule:}}"
2026-06-12T11:26:15.101375418Z time="2026-06-12T11:26:15Z" level=info msg="link monitor cnet-eno50 has been changed, spec: {NodeSelector:map[] TargetLinkRule:{TypeRule: NameRule:cnet-eno50(-br|-bo)}}"
2026-06-12T11:26:15.106885622Z time="2026-06-12T11:26:15Z" level=info msg="link monitor cnet-eno50 has been changed, spec: {NodeSelector:map[] TargetLinkRule:{TypeRule: NameRule:cnet-eno50(-br|-bo)}}"
2026-06-12T11:26:15.287643039Z time="2026-06-12T11:26:15Z" level=info msg="link monitor nic has been changed, spec: {NodeSelector:map[] TargetLinkRule:{TypeRule:device NameRule:}}"
2026-06-12T11:26:15.581585045Z time="2026-06-12T11:26:15Z" level=info msg="link monitor cnet-eno50 has been changed, spec: {NodeSelector:map[] TargetLinkRule:{TypeRule: NameRule:cnet-eno50(-br|-bo)}}"
2026-06-12T11:26:20.767497129Z time="2026-06-12T11:26:20Z" level=info msg="link monitor cnet-eno50 has been changed, spec: {NodeSelector:map[] TargetLinkRule:{TypeRule: NameRule:cnet-eno50(-br|-bo)}}"
2026-06-12T11:26:20.767543188Z time="2026-06-12T11:26:20Z" level=info msg="link monitor nic has been changed, spec: {NodeSelector:map[] TargetLinkRule:{TypeRule:device NameRule:}}"
2026-06-12T11:26:20.850898578Z time="2026-06-12T11:26:20Z" level=info msg="link monitor nic has been changed, spec: {NodeSelector:map[] TargetLinkRule:{TypeRule:device NameRule:}}"
2026-06-12T11:26:29.795682260Z time="2026-06-12T11:26:29Z" level=info msg="link monitor nic has been changed, spec: {NodeSelector:map[] TargetLinkRule:{TypeRule:device NameRule:}}"
2026-06-12T11:26:35.939582101Z time="2026-06-12T11:26:35Z" level=info msg="link monitor nic has been changed, spec: {NodeSelector:map[] TargetLinkRule:{TypeRule:device NameRule:}}"
2026-06-12T11:26:42.424129006Z time="2026-06-12T11:26:42Z" level=info msg="link monitor nic has been changed, spec: {NodeSelector:map[] TargetLinkRule:{TypeRule:device NameRule:}}"
2026-06-12T11:26:43.331972330Z time="2026-06-12T11:26:43Z" level=info msg="link monitor nic has been changed, spec: {NodeSelector:map[] TargetLinkRule:{TypeRule:device NameRule:}}"
2026-06-12T11:26:57.776548784Z time="2026-06-12T11:26:57Z" level=info msg="link monitor nic has been changed, spec: {NodeSelector:map[] TargetLinkRule:{TypeRule:device NameRule:}}"
2026-06-12T11:26:59.825509353Z time="2026-06-12T11:26:59Z" level=info msg="link monitor nic has been changed, spec: {NodeSelector:map[] TargetLinkRule:{TypeRule:device NameRule:}}"
2026-06-12T11:26:59.826996032Z time="2026-06-12T11:26:59Z" level=info msg="link monitor cnet-eno50 has been changed, spec: {NodeSelector:map[] TargetLinkRule:{TypeRule: NameRule:cnet-eno50(-br|-bo)}}"
2026-06-12T11:27:11.894056766Z time="2026-06-12T11:27:11Z" level=info msg="vlan config cnet-eno50 has been removed"
2026-06-12T11:27:11.894309772Z time="2026-06-12T11:27:11Z" level=info msg="start to tear down VLAN network"
2026-06-12T11:27:11.894316742Z time="2026-06-12T11:27:11Z" level=info msg="cnet-eno50-bo set no master"
2026-06-12T11:27:11.900757608Z time="2026-06-12T11:27:11Z" level=info msg="link monitor nic has been changed, spec: {NodeSelector:map[] TargetLinkRule:{TypeRule:device NameRule:}}"
2026-06-12T11:27:11.900778342Z time="2026-06-12T11:27:11Z" level=info msg="link monitor cnet-eno50 has been changed, spec: {NodeSelector:map[] TargetLinkRule:{TypeRule: NameRule:cnet-eno50(-br|-bo)}}"
2026-06-12T11:27:11.900861897Z time="2026-06-12T11:27:11Z" level=info msg="cluster network cnet-eno50 has been changed, vid hash: e3b0c44298fc1c149afbf4c8996fb92427ae41e4649b934ca495991b7852b855"
2026-06-12T11:27:11.991506279Z time="2026-06-12T11:27:11Z" level=info msg="cluster network cnet-eno50 is not set on this node, skip"
2026-06-12T11:27:11.991523902Z time="2026-06-12T11:27:11Z" level=info msg="cluster network cnet-eno50 has been changed, vid hash: e3b0c44298fc1c149afbf4c8996fb92427ae41e4649b934ca495991b7852b855"
2026-06-12T11:27:11.991611049Z time="2026-06-12T11:27:11Z" level=info msg="cluster network cnet-eno50 is not set on this node, skip"
2026-06-12T11:27:12.001384150Z time="2026-06-12T11:27:12Z" level=info msg="link monitor cnet-eno50 has been changed, spec: {NodeSelector:map[] TargetLinkRule:{TypeRule: NameRule:cnet-eno50(-br|-bo)}}"
2026-06-12T11:27:12.090294355Z time="2026-06-12T11:27:12Z" level=info msg="Setting NIC eno50 to UP state (current: down)"
2026-06-12T11:27:12.093704574Z time="2026-06-12T11:27:12Z" level=info msg="link monitor nic has been changed, spec: {NodeSelector:map[] TargetLinkRule:{TypeRule:device NameRule:}}"
2026-06-12T11:27:12.340309784Z time="2026-06-12T11:27:12Z" level=info msg="link monitor cnet-eno50 has been changed, spec: {NodeSelector:map[] TargetLinkRule:{TypeRule: NameRule:cnet-eno50(-br|-bo)}}"
2026-06-12T11:27:12.354776654Z time="2026-06-12T11:27:12Z" level=error msg="error syncing 'nic': handler harvester-network-link-monitor-controller: synchronize links to link monitor nic failed, error: results may be incomplete or inconsistent, requeuing"
2026-06-12T11:27:12.354820145Z time="2026-06-12T11:27:12Z" level=info msg="link monitor nic has been changed, spec: {NodeSelector:map[] TargetLinkRule:{TypeRule:device NameRule:}}"
2026-06-12T11:27:12.360026177Z time="2026-06-12T11:27:12Z" level=info msg="tear down VLAN network successfully"
2026-06-12T11:27:12.365213600Z time="2026-06-12T11:27:12Z" level=info msg="link monitor nic has been changed, spec: {NodeSelector:map[] TargetLinkRule:{TypeRule:device NameRule:}}"
2026-06-12T11:27:12.365996429Z time="2026-06-12T11:27:12Z" level=info msg="link monitor cnet-eno50 has been changed, spec: {NodeSelector:map[] TargetLinkRule:{TypeRule: NameRule:cnet-eno50(-br|-bo)}}"
2026-06-12T11:27:12.370203920Z time="2026-06-12T11:27:12Z" level=info msg="link monitor cnet-eno50 has been changed, spec: {NodeSelector:map[] TargetLinkRule:{TypeRule: NameRule:cnet-eno50(-br|-bo)}}"
2026-06-12T11:27:12.375767277Z time="2026-06-12T11:27:12Z" level=info msg="link monitor cnet-eno50 has been changed, spec: {NodeSelector:map[] TargetLinkRule:{TypeRule: NameRule:cnet-eno50(-br|-bo)}}"
2026-06-12T11:27:12.490512753Z time="2026-06-12T11:27:12Z" level=info msg="link monitor nic has been changed, spec: {NodeSelector:map[] TargetLinkRule:{TypeRule:device NameRule:}}"
2026-06-12T11:27:12.501821822Z time="2026-06-12T11:27:12Z" level=info msg="vlan config cnet-eno50 has been removed"
2026-06-12T11:27:12.538500709Z time="2026-06-12T11:27:12Z" level=error msg="error syncing 'cnet-eno50': handler harvester-network-vlanconfig-controller: update status into vlanstatus cnet-eno50-hp-150-tink-system-467e3724 failed, error: failed to delete vlanstatus cnet-eno50-hp-150-tink-system-467e3724, error: vlanstatuses.network.harvesterhci.io \"cnet-eno50-hp-150-tink-system-467e3724\" not found, teardown error: <nil>, requeuing"
2026-06-12T11:27:12.538525089Z time="2026-06-12T11:27:12Z" level=info msg="vlan config cnet-eno50 has been removed"
2026-06-12T11:27:12.552258030Z time="2026-06-12T11:27:12Z" level=info msg="vlan config cnet-eno50 has been removed"
2026-06-12T11:27:12.590259019Z time="2026-06-12T11:27:12Z" level=info msg="link monitor cnet-eno50 has been changed, spec: {NodeSelector:map[] TargetLinkRule:{TypeRule: NameRule:cnet-eno50(-br|-bo)}}"
2026-06-12T11:27:12.635364513Z time="2026-06-12T11:27:12Z" level=error msg="error syncing 'cnet-eno50': handler harvester-network-vlanconfig-controller: vlanconfigs.network.harvesterhci.io \"cnet-eno50\" not found, requeuing"
2026-06-12T11:27:12.651620557Z time="2026-06-12T11:27:12Z" level=info msg="link monitor nic has been changed, spec: {NodeSelector:map[] TargetLinkRule:{TypeRule:device NameRule:}}"
2026-06-12T11:27:12.690584635Z time="2026-06-12T11:27:12Z" level=info msg="link monitor nic has been changed, spec: {NodeSelector:map[] TargetLinkRule:{TypeRule:device NameRule:}}"
2026-06-12T11:27:12.753891885Z time="2026-06-12T11:27:12Z" level=info msg="cluster network cnet-eno50 has been changed, vid hash: e3b0c44298fc1c149afbf4c8996fb92427ae41e4649b934ca495991b7852b855"
2026-06-12T11:27:12.753987459Z time="2026-06-12T11:27:12Z" level=info msg="cluster network cnet-eno50 is not set on this node, skip"
2026-06-12T11:27:12.782467757Z time="2026-06-12T11:27:12Z" level=info msg="link monitor nic has been changed, spec: {NodeSelector:map[] TargetLinkRule:{TypeRule:device NameRule:}}"
2026-06-12T11:27:12.948032361Z time="2026-06-12T11:27:12Z" level=info msg="link monitor nic has been changed, spec: {NodeSelector:map[] TargetLinkRule:{TypeRule:device NameRule:}}"
2026-06-12T11:27:12.976411655Z time="2026-06-12T11:27:12Z" level=info msg="link monitor cnet-eno50 has been changed, spec: {NodeSelector:map[] TargetLinkRule:{TypeRule: NameRule:cnet-eno50(-br|-bo)}}"
2026-06-12T11:27:31.974126846Z time="2026-06-12T11:27:31Z" level=info msg="link monitor cnet-eno50 has been removed"
2026-06-12T12:01:19.830989029Z time="2026-06-12T12:01:19Z" level=info msg="cluster network cnet-eno50 has been changed, vid hash: "
2026-06-12T12:01:19.831084872Z time="2026-06-12T12:01:19Z" level=info msg="cluster network cnet-eno50 is not set on this node, skip"
2026-06-12T12:01:19.837758565Z time="2026-06-12T12:01:19Z" level=info msg="cluster network cnet-eno50 has been changed, vid hash: "
2026-06-12T12:01:19.837794738Z time="2026-06-12T12:01:19Z" level=info msg="cluster network cnet-eno50 is not set on this node, skip"
2026-06-12T12:01:19.860867880Z time="2026-06-12T12:01:19Z" level=info msg="vlan config cnet-eno50 has been changed, spec: {Description: ClusterNetwork:cnet-eno50 NodeSelector:map[] Uplink:{NICs:[eno50] LinkAttrs:0x371dbf568570 BondOptions:0x371dc315a630}}"
2026-06-12T12:01:19.860882557Z time="2026-06-12T12:01:19Z" level=info msg="vc cnet-eno50 matchedNodes: [hp-117-tink-system hp-150-tink-system hp-69-tink-system], include this node: hp-150-tink-system"
2026-06-12T12:01:19.870705248Z time="2026-06-12T12:01:19Z" level=info msg="cluster network cnet-eno50 has been changed, vid hash: "
2026-06-12T12:01:19.921703313Z time="2026-06-12T12:01:19Z" level=info msg="cluster network cnet-eno50 is not set on this node, skip"
2026-06-12T12:01:19.927040721Z time="2026-06-12T12:01:19Z" level=info msg="link monitor nic has been changed, spec: {NodeSelector:map[] TargetLinkRule:{TypeRule:device NameRule:}}"
2026-06-12T12:01:19.933221443Z time="2026-06-12T12:01:19Z" level=info msg="cluster network cnet-eno50 has been changed, vid hash: 72d1b5da6eeaf1789df86487da50ad5e9dadb5ffaecb56b6de592aa286c9c1b8"
2026-06-12T12:01:20.159380618Z time="2026-06-12T12:01:20Z" level=info msg="cluster network cnet-eno50 is not set on this node, skip"
2026-06-12T12:01:20.169181269Z time="2026-06-12T12:01:20Z" level=info msg="link monitor nic has been changed, spec: {NodeSelector:map[] TargetLinkRule:{TypeRule:device NameRule:}}"
2026-06-12T12:01:20.170558367Z time="2026-06-12T12:01:20Z" level=info msg="link monitor nic has been changed, spec: {NodeSelector:map[] TargetLinkRule:{TypeRule:device NameRule:}}"
2026-06-12T12:01:20.172282781Z time="2026-06-12T12:01:20Z" level=info msg="vlan config cnet-eno50 has been changed, spec: {Description: ClusterNetwork:cnet-eno50 NodeSelector:map[] Uplink:{NICs:[eno50] LinkAttrs:0x371dbec1b5f0 BondOptions:0x371dc10d02b8}}"
2026-06-12T12:01:20.172298776Z time="2026-06-12T12:01:20Z" level=info msg="vc cnet-eno50 matchedNodes: [hp-117-tink-system hp-150-tink-system hp-69-tink-system], include this node: hp-150-tink-system"
2026-06-12T12:01:20.241022039Z time="2026-06-12T12:01:20Z" level=info msg="link monitor nic has been changed, spec: {NodeSelector:map[] TargetLinkRule:{TypeRule:device NameRule:}}"
2026-06-12T12:01:20.268444151Z time="2026-06-12T12:01:20Z" level=info msg="link monitor nic has been changed, spec: {NodeSelector:map[] TargetLinkRule:{TypeRule:device NameRule:}}"
2026-06-12T12:01:20.435313355Z time="2026-06-12T12:01:20Z" level=info msg="cluster network cnet-eno50 has been changed, vid hash: 72d1b5da6eeaf1789df86487da50ad5e9dadb5ffaecb56b6de592aa286c9c1b8"
2026-06-12T12:01:20.436333421Z time="2026-06-12T12:01:20Z" level=info msg="cluster network cnet-eno50 will add 1 vlans, remove 0 vlans"
2026-06-12T12:01:20.437092808Z time="2026-06-12T12:01:20Z" level=info msg="vlan config cnet-eno50 has been changed, spec: {Description: ClusterNetwork:cnet-eno50 NodeSelector:map[] Uplink:{NICs:[eno50] LinkAttrs:0x371dbf568570 BondOptions:0x371dc315a7c8}}"
2026-06-12T12:01:20.437108370Z time="2026-06-12T12:01:20Z" level=info msg="vc cnet-eno50 matchedNodes: [hp-117-tink-system hp-150-tink-system hp-69-tink-system], include this node: hp-150-tink-system"
2026-06-12T12:01:20.442368438Z time="2026-06-12T12:01:20Z" level=info msg="link monitor nic has been changed, spec: {NodeSelector:map[] TargetLinkRule:{TypeRule:device NameRule:}}"
2026-06-12T12:01:20.443952778Z time="2026-06-12T12:01:20Z" level=info msg="cluster network cnet-eno50 has been changed, vid hash: 72d1b5da6eeaf1789df86487da50ad5e9dadb5ffaecb56b6de592aa286c9c1b8"
2026-06-12T12:01:20.444558983Z time="2026-06-12T12:01:20Z" level=info msg="cluster network cnet-eno50 will add 0 vlans, remove 0 vlans"
2026-06-12T12:01:20.535308181Z time="2026-06-12T12:01:20Z" level=info msg="cluster network cnet-eno50 has been changed, vid hash: 72d1b5da6eeaf1789df86487da50ad5e9dadb5ffaecb56b6de592aa286c9c1b8"
2026-06-12T12:01:20.536228272Z time="2026-06-12T12:01:20Z" level=info msg="cluster network cnet-eno50 will add 0 vlans, remove 0 vlans"
2026-06-12T12:01:20.541384906Z time="2026-06-12T12:01:20Z" level=info msg="link monitor nic has been changed, spec: {NodeSelector:map[] TargetLinkRule:{TypeRule:device NameRule:}}"
2026-06-12T12:01:20.553788732Z time="2026-06-12T12:01:20Z" level=info msg="link monitor nic has been changed, spec: {NodeSelector:map[] TargetLinkRule:{TypeRule:device NameRule:}}"
2026-06-12T12:01:20.583142024Z time="2026-06-12T12:01:20Z" level=info msg="link monitor nic has been changed, spec: {NodeSelector:map[] TargetLinkRule:{TypeRule:device NameRule:}}"
2026-06-12T12:01:20.875855820Z time="2026-06-12T12:01:20Z" level=info msg="link monitor nic has been changed, spec: {NodeSelector:map[] TargetLinkRule:{TypeRule:device NameRule:}}"
2026-06-12T12:01:20.882907468Z time="2026-06-12T12:01:20Z" level=info msg="link monitor nic has been changed, spec: {NodeSelector:map[] TargetLinkRule:{TypeRule:device NameRule:}}"
2026-06-12T12:01:21.051366082Z time="2026-06-12T12:01:21Z" level=info msg="link monitor cnet-eno50 has been changed, spec: {NodeSelector:map[] TargetLinkRule:{TypeRule: NameRule:cnet-eno50(-br|-bo)}}"
2026-06-12T12:01:21.066589798Z time="2026-06-12T12:01:21Z" level=info msg="link monitor cnet-eno50 has been changed, spec: {NodeSelector:map[] TargetLinkRule:{TypeRule: NameRule:cnet-eno50(-br|-bo)}}"
2026-06-12T12:01:21.139019263Z time="2026-06-12T12:01:21Z" level=info msg="link monitor cnet-eno50 has been changed, spec: {NodeSelector:map[] TargetLinkRule:{TypeRule: NameRule:cnet-eno50(-br|-bo)}}"
2026-06-12T12:01:21.148631345Z time="2026-06-12T12:01:21Z" level=info msg="link monitor cnet-eno50 has been changed, spec: {NodeSelector:map[] TargetLinkRule:{TypeRule: NameRule:cnet-eno50(-br|-bo)}}"
2026-06-12T12:01:21.149377080Z time="2026-06-12T12:01:21Z" level=info msg="link monitor cnet-eno50 has been changed, spec: {NodeSelector:map[] TargetLinkRule:{TypeRule: NameRule:cnet-eno50(-br|-bo)}}"
2026-06-12T12:01:21.277896148Z time="2026-06-12T12:01:21Z" level=info msg="link monitor nic has been changed, spec: {NodeSelector:map[] TargetLinkRule:{TypeRule:device NameRule:}}"
2026-06-12T12:01:21.440316942Z time="2026-06-12T12:01:21Z" level=info msg="link monitor cnet-eno50 has been changed, spec: {NodeSelector:map[] TargetLinkRule:{TypeRule: NameRule:cnet-eno50(-br|-bo)}}"
2026-06-12T12:01:21.574225178Z time="2026-06-12T12:01:21Z" level=info msg="link monitor nic has been changed, spec: {NodeSelector:map[] TargetLinkRule:{TypeRule:device NameRule:}}"
2026-06-12T12:01:24.488422792Z time="2026-06-12T12:01:24Z" level=info msg="link monitor nic has been changed, spec: {NodeSelector:map[] TargetLinkRule:{TypeRule:device NameRule:}}"
2026-06-12T12:01:24.491126268Z time="2026-06-12T12:01:24Z" level=info msg="link monitor cnet-eno50 has been changed, spec: {NodeSelector:map[] TargetLinkRule:{TypeRule: NameRule:cnet-eno50(-br|-bo)}}"
2026-06-12T12:01:35.651474636Z time="2026-06-12T12:01:35Z" level=info msg="link monitor nic has been changed, spec: {NodeSelector:map[] TargetLinkRule:{TypeRule:device NameRule:}}"
2026-06-12T12:04:32.784738940Z time="2026-06-12T12:04:32Z" level=info msg="link monitor nic has been changed, spec: {NodeSelector:map[] TargetLinkRule:{TypeRule:device NameRule:}}"
2026-06-12T12:04:32.784829057Z time="2026-06-12T12:04:32Z" level=info msg="link monitor cnet-eno50 has been changed, spec: {NodeSelector:map[] TargetLinkRule:{TypeRule: NameRule:cnet-eno50(-br|-bo)}}"
2026-06-12T12:04:32.842769159Z time="2026-06-12T12:04:32Z" level=info msg="link monitor nic has been changed, spec: {NodeSelector:map[] TargetLinkRule:{TypeRule:device NameRule:}}"
2026-06-12T12:04:34.863437564Z time="2026-06-12T12:04:34Z" level=info msg="link monitor nic has been changed, spec: {NodeSelector:map[] TargetLinkRule:{TypeRule:device NameRule:}}"
2026-06-12T12:04:34.922709639Z time="2026-06-12T12:04:34Z" level=info msg="link monitor nic has been changed, spec: {NodeSelector:map[] TargetLinkRule:{TypeRule:device NameRule:}}"
2026-06-12T12:04:37.674968142Z time="2026-06-12T12:04:37Z" level=info msg="link monitor nic has been changed, spec: {NodeSelector:map[] TargetLinkRule:{TypeRule:device NameRule:}}"
2026-06-12T12:04:38.473529657Z time="2026-06-12T12:04:38Z" level=info msg="link monitor nic has been changed, spec: {NodeSelector:map[] TargetLinkRule:{TypeRule:device NameRule:}}"
2026-06-12T12:04:38.474972583Z time="2026-06-12T12:04:38Z" level=info msg="link monitor cnet-eno50 has been changed, spec: {NodeSelector:map[] TargetLinkRule:{TypeRule: NameRule:cnet-eno50(-br|-bo)}}"
2026-06-12T12:07:34.688257907Z time="2026-06-12T12:07:34Z" level=info msg="link monitor cnet-eno50 has been changed, spec: {NodeSelector:map[] TargetLinkRule:{TypeRule: NameRule:cnet-eno50(-br|-bo)}}"
2026-06-12T12:07:34.688277993Z time="2026-06-12T12:07:34Z" level=info msg="link monitor nic has been changed, spec: {NodeSelector:map[] TargetLinkRule:{TypeRule:device NameRule:}}"
2026-06-12T12:07:34.773534965Z time="2026-06-12T12:07:34Z" level=info msg="link monitor nic has been changed, spec: {NodeSelector:map[] TargetLinkRule:{TypeRule:device NameRule:}}"
2026-06-12T12:07:49.923507954Z time="2026-06-12T12:07:49Z" level=info msg="link monitor nic has been changed, spec: {NodeSelector:map[] TargetLinkRule:{TypeRule:device NameRule:}}"
2026-06-12T12:07:51.750896909Z time="2026-06-12T12:07:51Z" level=info msg="link monitor cnet-eno50 has been changed, spec: {NodeSelector:map[] TargetLinkRule:{TypeRule: NameRule:cnet-eno50(-br|-bo)}}"
2026-06-12T12:07:51.751024486Z time="2026-06-12T12:07:51Z" level=info msg="link monitor nic has been changed, spec: {NodeSelector:map[] TargetLinkRule:{TypeRule:device NameRule:}}"
2026-06-12T12:08:10.166184634Z time="2026-06-12T12:08:10Z" level=info msg="vlan config cnet-eno50 has been removed"
2026-06-12T12:08:10.166208034Z time="2026-06-12T12:08:10Z" level=info msg="start to tear down VLAN network"
2026-06-12T12:08:10.166212416Z time="2026-06-12T12:08:10Z" level=info msg="cnet-eno50-bo set no master"
2026-06-12T12:08:10.168087032Z time="2026-06-12T12:08:10Z" level=info msg="cluster network cnet-eno50 has been changed, vid hash: e3b0c44298fc1c149afbf4c8996fb92427ae41e4649b934ca495991b7852b855"
2026-06-12T12:08:10.173149772Z time="2026-06-12T12:08:10Z" level=info msg="link monitor nic has been changed, spec: {NodeSelector:map[] TargetLinkRule:{TypeRule:device NameRule:}}"
2026-06-12T12:08:10.173324111Z time="2026-06-12T12:08:10Z" level=info msg="link monitor cnet-eno50 has been changed, spec: {NodeSelector:map[] TargetLinkRule:{TypeRule: NameRule:cnet-eno50(-br|-bo)}}"
2026-06-12T12:08:10.294862305Z time="2026-06-12T12:08:10Z" level=error msg="error syncing 'cnet-eno50': handler harvester-network-cn-controller: can't run diff on an empty vidset, requeuing"
2026-06-12T12:08:10.294883201Z time="2026-06-12T12:08:10Z" level=info msg="cluster network cnet-eno50 has been changed, vid hash: e3b0c44298fc1c149afbf4c8996fb92427ae41e4649b934ca495991b7852b855"
2026-06-12T12:08:10.294887743Z time="2026-06-12T12:08:10Z" level=info msg="cluster network cnet-eno50 is not set on this node, skip"
2026-06-12T12:08:10.335868096Z time="2026-06-12T12:08:10Z" level=info msg="cluster network cnet-eno50 has been changed, vid hash: e3b0c44298fc1c149afbf4c8996fb92427ae41e4649b934ca495991b7852b855"
2026-06-12T12:08:10.335988527Z time="2026-06-12T12:08:10Z" level=info msg="cluster network cnet-eno50 is not set on this node, skip"
2026-06-12T12:08:10.336001575Z time="2026-06-12T12:08:10Z" level=info msg="Setting NIC eno50 to UP state (current: down)"
2026-06-12T12:08:10.346835873Z time="2026-06-12T12:08:10Z" level=info msg="link monitor cnet-eno50 has been changed, spec: {NodeSelector:map[] TargetLinkRule:{TypeRule: NameRule:cnet-eno50(-br|-bo)}}"
2026-06-12T12:08:10.348504212Z time="2026-06-12T12:08:10Z" level=info msg="link monitor nic has been changed, spec: {NodeSelector:map[] TargetLinkRule:{TypeRule:device NameRule:}}"
2026-06-12T12:08:10.561373702Z time="2026-06-12T12:08:10Z" level=info msg="link monitor cnet-eno50 has been changed, spec: {NodeSelector:map[] TargetLinkRule:{TypeRule: NameRule:cnet-eno50(-br|-bo)}}"
2026-06-12T12:08:10.635774230Z time="2026-06-12T12:08:10Z" level=error msg="error syncing 'nic': handler harvester-network-link-monitor-controller: synchronize links to link monitor nic failed, error: results may be incomplete or inconsistent, requeuing"
2026-06-12T12:08:10.635799800Z time="2026-06-12T12:08:10Z" level=info msg="link monitor nic has been changed, spec: {NodeSelector:map[] TargetLinkRule:{TypeRule:device NameRule:}}"
2026-06-12T12:08:10.636207885Z time="2026-06-12T12:08:10Z" level=info msg="tear down VLAN network successfully"
2026-06-12T12:08:10.637537453Z time="2026-06-12T12:08:10Z" level=info msg="link monitor nic has been changed, spec: {NodeSelector:map[] TargetLinkRule:{TypeRule:device NameRule:}}"
2026-06-12T12:08:10.646079673Z time="2026-06-12T12:08:10Z" level=info msg="link monitor nic has been changed, spec: {NodeSelector:map[] TargetLinkRule:{TypeRule:device NameRule:}}"
2026-06-12T12:08:10.648247527Z time="2026-06-12T12:08:10Z" level=info msg="link monitor cnet-eno50 has been changed, spec: {NodeSelector:map[] TargetLinkRule:{TypeRule: NameRule:cnet-eno50(-br|-bo)}}"
2026-06-12T12:08:10.651987432Z time="2026-06-12T12:08:10Z" level=info msg="link monitor cnet-eno50 has been changed, spec: {NodeSelector:map[] TargetLinkRule:{TypeRule: NameRule:cnet-eno50(-br|-bo)}}"
2026-06-12T12:08:10.657473378Z time="2026-06-12T12:08:10Z" level=info msg="link monitor cnet-eno50 has been changed, spec: {NodeSelector:map[] TargetLinkRule:{TypeRule: NameRule:cnet-eno50(-br|-bo)}}"
2026-06-12T12:08:10.735697151Z time="2026-06-12T12:08:10Z" level=info msg="link monitor cnet-eno50 has been changed, spec: {NodeSelector:map[] TargetLinkRule:{TypeRule: NameRule:cnet-eno50(-br|-bo)}}"
2026-06-12T12:08:10.736454486Z time="2026-06-12T12:08:10Z" level=info msg="link monitor nic has been changed, spec: {NodeSelector:map[] TargetLinkRule:{TypeRule:device NameRule:}}"
2026-06-12T12:08:10.755048783Z time="2026-06-12T12:08:10Z" level=info msg="vlan config cnet-eno50 has been removed"
2026-06-12T12:08:10.865051005Z time="2026-06-12T12:08:10Z" level=info msg="vlan config cnet-eno50 has been removed"
2026-06-12T12:08:10.875508274Z time="2026-06-12T12:08:10Z" level=info msg="link monitor nic has been changed, spec: {NodeSelector:map[] TargetLinkRule:{TypeRule:device NameRule:}}"
2026-06-12T12:08:10.936731954Z time="2026-06-12T12:08:10Z" level=info msg="vlan config cnet-eno50 has been removed"
2026-06-12T12:08:10.939004916Z time="2026-06-12T12:08:10Z" level=error msg="error syncing 'cnet-eno50': handler harvester-network-vlanconfig-controller: vlanconfigs.network.harvesterhci.io \"cnet-eno50\" not found, requeuing"
2026-06-12T12:08:11.035908929Z time="2026-06-12T12:08:11Z" level=info msg="link monitor nic has been changed, spec: {NodeSelector:map[] TargetLinkRule:{TypeRule:device NameRule:}}"
2026-06-12T12:08:11.190878508Z time="2026-06-12T12:08:11Z" level=info msg="link monitor nic has been changed, spec: {NodeSelector:map[] TargetLinkRule:{TypeRule:device NameRule:}}"
2026-06-12T12:08:11.347354766Z time="2026-06-12T12:08:11Z" level=info msg="link monitor nic has been changed, spec: {NodeSelector:map[] TargetLinkRule:{TypeRule:device NameRule:}}"
2026-06-12T12:08:11.348368262Z time="2026-06-12T12:08:11Z" level=info msg="link monitor cnet-eno50 has been changed, spec: {NodeSelector:map[] TargetLinkRule:{TypeRule: NameRule:cnet-eno50(-br|-bo)}}"
2026-06-12T12:08:11.652217714Z time="2026-06-12T12:08:11Z" level=info msg="link monitor nic has been changed, spec: {NodeSelector:map[] TargetLinkRule:{TypeRule:device NameRule:}}"
2026-06-12T12:08:30.239589717Z time="2026-06-12T12:08:30Z" level=info msg="link monitor cnet-eno50 has been removed"
2026-06-12T12:57:45.545400989Z time="2026-06-12T12:57:45Z" level=info msg="cluster network mgmt has been changed, vid hash: d4735e3a265e16eee03f59718b9b5d03019c07d8b6c51f90da3a666eec13ab35"
2026-06-12T12:57:45.546409380Z time="2026-06-12T12:57:45Z" level=info msg="cluster network mgmt will add 1 vlans, remove 0 vlans"
2026-06-12T12:57:45.552508217Z time="2026-06-12T12:57:45Z" level=info msg="link monitor mgmt has been changed, spec: {NodeSelector:map[] TargetLinkRule:{TypeRule: NameRule:mgmt(-br|-bo)}}"
2026-06-12T12:57:46.329511554Z time="2026-06-12T12:57:46Z" level=info msg="link monitor mgmt has been changed, spec: {NodeSelector:map[] TargetLinkRule:{TypeRule: NameRule:mgmt(-br|-bo)}}"
2026-06-12T12:57:46.579391053Z time="2026-06-12T12:57:46Z" level=info msg="link monitor nic has been changed, spec: {NodeSelector:map[] TargetLinkRule:{TypeRule:device NameRule:}}"
2026-06-12T13:12:37.388588133Z time="2026-06-12T13:12:37Z" level=info msg="cluster network mgmt has been changed, vid hash: e3b0c44298fc1c149afbf4c8996fb92427ae41e4649b934ca495991b7852b855"
2026-06-12T13:12:37.389836704Z time="2026-06-12T13:12:37Z" level=info msg="cluster network mgmt will add 0 vlans, remove 1 vlans"
2026-06-12T13:12:37.396142783Z time="2026-06-12T13:12:37Z" level=info msg="link monitor mgmt has been changed, spec: {NodeSelector:map[] TargetLinkRule:{TypeRule: NameRule:mgmt(-br|-bo)}}"
2026-06-12T15:00:22.762166347Z time="2026-06-12T15:00:22Z" level=info msg="cluster network cnet-145836 has been changed, vid hash: "
2026-06-12T15:00:22.762261350Z time="2026-06-12T15:00:22Z" level=info msg="cluster network cnet-145836 is not set on this node, skip"
2026-06-12T15:00:22.772823314Z time="2026-06-12T15:00:22Z" level=info msg="cluster network cnet-145836 has been changed, vid hash: "
2026-06-12T15:00:22.772907921Z time="2026-06-12T15:00:22Z" level=info msg="cluster network cnet-145836 is not set on this node, skip"
2026-06-12T15:00:22.789289126Z time="2026-06-12T15:00:22Z" level=info msg="vlan config hp-69-tink-system has been changed, spec: {Description: ClusterNetwork:cnet-145836 NodeSelector:map[kubernetes.io/hostname:hp-69-tink-system] Uplink:{NICs:[eno50] LinkAttrs:0x371dbfbe0420 BondOptions:0x371dc38760f0}}"
2026-06-12T15:00:22.807171304Z time="2026-06-12T15:00:22Z" level=info msg="cluster network cnet-145836 has been changed, vid hash: "
2026-06-12T15:00:22.807235844Z time="2026-06-12T15:00:22Z" level=info msg="cluster network cnet-145836 is not set on this node, skip"
2026-06-12T15:00:22.808947227Z time="2026-06-12T15:00:22Z" level=info msg="vlan config hp-117-tink-system has been changed, spec: {Description: ClusterNetwork:cnet-145836 NodeSelector:map[kubernetes.io/hostname:hp-117-tink-system] Uplink:{NICs:[eno50] LinkAttrs:0x371dbc818ea0 BondOptions:0x371dc315a6a8}}"
2026-06-12T15:00:22.822972960Z time="2026-06-12T15:00:22Z" level=info msg="vlan config hp-69-tink-system has been changed, spec: {Description: ClusterNetwork:cnet-145836 NodeSelector:map[kubernetes.io/hostname:hp-69-tink-system] Uplink:{NICs:[eno50] LinkAttrs:0x371dbc819590 BondOptions:0x371dc315a8e8}}"
2026-06-12T15:00:22.828193945Z time="2026-06-12T15:00:22Z" level=info msg="vlan config hp-69-tink-system has been changed, spec: {Description: ClusterNetwork:cnet-145836 NodeSelector:map[kubernetes.io/hostname:hp-69-tink-system] Uplink:{NICs:[eno50] LinkAttrs:0x371dbc819590 BondOptions:0x371dc315a8e8}}"
2026-06-12T15:00:22.834043563Z time="2026-06-12T15:00:22Z" level=info msg="vlan config hp-150-tink-system has been changed, spec: {Description: ClusterNetwork:cnet-145836 NodeSelector:map[kubernetes.io/hostname:hp-150-tink-system] Uplink:{NICs:[eno50] LinkAttrs:0x371dbc819b60 BondOptions:0x371dc315aa80}}"
2026-06-12T15:00:22.834057365Z time="2026-06-12T15:00:22Z" level=info msg="vc hp-150-tink-system matchedNodes: [hp-150-tink-system], include this node: hp-150-tink-system"
2026-06-12T15:00:22.855027980Z time="2026-06-12T15:00:22Z" level=info msg="vlan config hp-117-tink-system has been changed, spec: {Description: ClusterNetwork:cnet-145836 NodeSelector:map[kubernetes.io/hostname:hp-117-tink-system] Uplink:{NICs:[eno50] LinkAttrs:0x371dbc819830 BondOptions:0x371dc315aa20}}"
2026-06-12T15:00:22.879660454Z time="2026-06-12T15:00:22Z" level=info msg="vlan config hp-117-tink-system has been changed, spec: {Description: ClusterNetwork:cnet-145836 NodeSelector:map[kubernetes.io/hostname:hp-117-tink-system] Uplink:{NICs:[eno50] LinkAttrs:0x371dbc819830 BondOptions:0x371dc315aa20}}"
2026-06-12T15:00:22.885187258Z time="2026-06-12T15:00:22Z" level=info msg="vlan config hp-69-tink-system has been changed, spec: {Description: ClusterNetwork:cnet-145836 NodeSelector:map[kubernetes.io/hostname:hp-69-tink-system] Uplink:{NICs:[eno50] LinkAttrs:0x371dbec1a990 BondOptions:0x371dc315b3b0}}"
2026-06-12T15:00:22.885204336Z time="2026-06-12T15:00:22Z" level=info msg="vlan config hp-117-tink-system has been changed, spec: {Description: ClusterNetwork:cnet-145836 NodeSelector:map[kubernetes.io/hostname:hp-117-tink-system] Uplink:{NICs:[eno50] LinkAttrs:0x371dbec1ab40 BondOptions:0x371dc315b440}}"
2026-06-12T15:00:22.890499566Z time="2026-06-12T15:00:22Z" level=info msg="vlan config hp-117-tink-system has been changed, spec: {Description: ClusterNetwork:cnet-145836 NodeSelector:map[kubernetes.io/hostname:hp-117-tink-system] Uplink:{NICs:[eno50] LinkAttrs:0x371dbec1ab40 BondOptions:0x371dc315b440}}"
2026-06-12T15:00:22.900418624Z time="2026-06-12T15:00:22Z" level=info msg="link monitor nic has been changed, spec: {NodeSelector:map[] TargetLinkRule:{TypeRule:device NameRule:}}"
2026-06-12T15:00:23.170874683Z time="2026-06-12T15:00:23Z" level=info msg="link monitor nic has been changed, spec: {NodeSelector:map[] TargetLinkRule:{TypeRule:device NameRule:}}"
2026-06-12T15:00:23.171230318Z time="2026-06-12T15:00:23Z" level=info msg="vlan config hp-150-tink-system has been changed, spec: {Description: ClusterNetwork:cnet-145836 NodeSelector:map[kubernetes.io/hostname:hp-150-tink-system] Uplink:{NICs:[eno50] LinkAttrs:0x371dbfbe1b30 BondOptions:0x371dc38768b8}}"
2026-06-12T15:00:23.171242257Z time="2026-06-12T15:00:23Z" level=info msg="vc hp-150-tink-system matchedNodes: [hp-150-tink-system], include this node: hp-150-tink-system"
2026-06-12T15:00:23.175342126Z time="2026-06-12T15:00:23Z" level=info msg="link monitor nic has been changed, spec: {NodeSelector:map[] TargetLinkRule:{TypeRule:device NameRule:}}"
2026-06-12T15:00:23.235283846Z time="2026-06-12T15:00:23Z" level=info msg="link monitor nic has been changed, spec: {NodeSelector:map[] TargetLinkRule:{TypeRule:device NameRule:}}"
2026-06-12T15:00:23.236028413Z time="2026-06-12T15:00:23Z" level=info msg="link monitor nic has been changed, spec: {NodeSelector:map[] TargetLinkRule:{TypeRule:device NameRule:}}"
2026-06-12T15:00:23.335376291Z time="2026-06-12T15:00:23Z" level=info msg="vlan config hp-150-tink-system has been changed, spec: {Description: ClusterNetwork:cnet-145836 NodeSelector:map[kubernetes.io/hostname:hp-150-tink-system] Uplink:{NICs:[eno50] LinkAttrs:0x371dbfbe1b30 BondOptions:0x371dc38768b8}}"
2026-06-12T15:00:23.335424399Z time="2026-06-12T15:00:23Z" level=info msg="vc hp-150-tink-system matchedNodes: [hp-150-tink-system], include this node: hp-150-tink-system"
2026-06-12T15:00:23.392525912Z time="2026-06-12T15:00:23Z" level=info msg="link monitor nic has been changed, spec: {NodeSelector:map[] TargetLinkRule:{TypeRule:device NameRule:}}"
2026-06-12T15:00:23.437445286Z time="2026-06-12T15:00:23Z" level=info msg="cluster network cnet-145836 has been changed, vid hash: "
2026-06-12T15:00:23.536264283Z time="2026-06-12T15:00:23Z" level=info msg="cluster network cnet-145836 will add 1 vlans, remove 0 vlans"
2026-06-12T15:00:23.536309303Z time="2026-06-12T15:00:23Z" level=info msg="cluster network cnet-145836 has been changed, vid hash: 72d1b5da6eeaf1789df86487da50ad5e9dadb5ffaecb56b6de592aa286c9c1b8"
2026-06-12T15:00:23.590219729Z time="2026-06-12T15:00:23Z" level=info msg="link monitor nic has been changed, spec: {NodeSelector:map[] TargetLinkRule:{TypeRule:device NameRule:}}"
2026-06-12T15:00:23.635584347Z time="2026-06-12T15:00:23Z" level=info msg="link monitor nic has been changed, spec: {NodeSelector:map[] TargetLinkRule:{TypeRule:device NameRule:}}"
2026-06-12T15:00:23.635875085Z time="2026-06-12T15:00:23Z" level=info msg="cluster network cnet-145836 will add 0 vlans, remove 0 vlans"
2026-06-12T15:00:23.641107195Z time="2026-06-12T15:00:23Z" level=info msg="vlan config hp-150-tink-system has been changed, spec: {Description: ClusterNetwork:cnet-145836 NodeSelector:map[kubernetes.io/hostname:hp-150-tink-system] Uplink:{NICs:[eno50] LinkAttrs:0x371dbfbe1b30 BondOptions:0x371dc38768b8}}"
2026-06-12T15:00:23.641126363Z time="2026-06-12T15:00:23Z" level=info msg="vc hp-150-tink-system matchedNodes: [hp-150-tink-system], include this node: hp-150-tink-system"
2026-06-12T15:00:23.691683501Z time="2026-06-12T15:00:23Z" level=info msg="link monitor nic has been changed, spec: {NodeSelector:map[] TargetLinkRule:{TypeRule:device NameRule:}}"
2026-06-12T15:00:23.740899563Z time="2026-06-12T15:00:23Z" level=info msg="cluster network cnet-145836 has been changed, vid hash: 72d1b5da6eeaf1789df86487da50ad5e9dadb5ffaecb56b6de592aa286c9c1b8"
2026-06-12T15:00:23.741635207Z time="2026-06-12T15:00:23Z" level=info msg="cluster network cnet-145836 will add 0 vlans, remove 0 vlans"
2026-06-12T15:00:23.859152419Z time="2026-06-12T15:00:23Z" level=info msg="link monitor nic has been changed, spec: {NodeSelector:map[] TargetLinkRule:{TypeRule:device NameRule:}}"
2026-06-12T15:00:24.187044648Z time="2026-06-12T15:00:24Z" level=info msg="link monitor nic has been changed, spec: {NodeSelector:map[] TargetLinkRule:{TypeRule:device NameRule:}}"
2026-06-12T15:00:24.771447956Z time="2026-06-12T15:00:24Z" level=info msg="cluster network cnet-145836 has been changed, vid hash: 72d1b5da6eeaf1789df86487da50ad5e9dadb5ffaecb56b6de592aa286c9c1b8"
2026-06-12T15:00:24.772439077Z time="2026-06-12T15:00:24Z" level=info msg="cluster network cnet-145836 will add 0 vlans, remove 0 vlans"
2026-06-12T15:00:25.572261434Z time="2026-06-12T15:00:25Z" level=info msg="link monitor cnet-145836 has been changed, spec: {NodeSelector:map[] TargetLinkRule:{TypeRule: NameRule:cnet-145836(-br|-bo)}}"
2026-06-12T15:00:25.583721931Z time="2026-06-12T15:00:25Z" level=info msg="link monitor cnet-145836 has been changed, spec: {NodeSelector:map[] TargetLinkRule:{TypeRule: NameRule:cnet-145836(-br|-bo)}}"
2026-06-12T15:00:25.597632163Z time="2026-06-12T15:00:25Z" level=info msg="link monitor cnet-145836 has been changed, spec: {NodeSelector:map[] TargetLinkRule:{TypeRule: NameRule:cnet-145836(-br|-bo)}}"
2026-06-12T15:00:25.601652600Z time="2026-06-12T15:00:25Z" level=info msg="link monitor cnet-145836 has been changed, spec: {NodeSelector:map[] TargetLinkRule:{TypeRule: NameRule:cnet-145836(-br|-bo)}}"
2026-06-12T15:00:25.607203476Z time="2026-06-12T15:00:25Z" level=info msg="link monitor cnet-145836 has been changed, spec: {NodeSelector:map[] TargetLinkRule:{TypeRule: NameRule:cnet-145836(-br|-bo)}}"
2026-06-12T15:00:25.611439956Z time="2026-06-12T15:00:25Z" level=info msg="link monitor cnet-145836 has been changed, spec: {NodeSelector:map[] TargetLinkRule:{TypeRule: NameRule:cnet-145836(-br|-bo)}}"
2026-06-12T15:00:25.685992007Z time="2026-06-12T15:00:25Z" level=info msg="link monitor cnet-145836 has been changed, spec: {NodeSelector:map[] TargetLinkRule:{TypeRule: NameRule:cnet-145836(-br|-bo)}}"
2026-06-12T15:00:26.885987748Z time="2026-06-12T15:00:26Z" level=info msg="link monitor cnet-145836 has been changed, spec: {NodeSelector:map[] TargetLinkRule:{TypeRule: NameRule:cnet-145836(-br|-bo)}}"
2026-06-12T15:00:26.886009928Z time="2026-06-12T15:00:26Z" level=info msg="link monitor nic has been changed, spec: {NodeSelector:map[] TargetLinkRule:{TypeRule:device NameRule:}}"
2026-06-12T15:00:38.947505313Z time="2026-06-12T15:00:38Z" level=info msg="link monitor nic has been changed, spec: {NodeSelector:map[] TargetLinkRule:{TypeRule:device NameRule:}}"
2026-06-12T15:09:23.877532539Z time="2026-06-12T15:09:23Z" level=info msg="cluster network cnet-145836 has been changed, vid hash: e3b0c44298fc1c149afbf4c8996fb92427ae41e4649b934ca495991b7852b855"
2026-06-12T15:09:23.878596065Z time="2026-06-12T15:09:23Z" level=info msg="cluster network cnet-145836 will add 0 vlans, remove 1 vlans"
2026-06-12T15:09:23.884164273Z time="2026-06-12T15:09:23Z" level=info msg="link monitor nic has been changed, spec: {NodeSelector:map[] TargetLinkRule:{TypeRule:device NameRule:}}"
2026-06-12T15:09:26.905722697Z time="2026-06-12T15:09:26Z" level=info msg="vlan config hp-69-tink-system has been removed"
2026-06-12T15:09:26.923556301Z time="2026-06-12T15:09:26Z" level=info msg="cluster network cnet-145836 has been changed, vid hash: e3b0c44298fc1c149afbf4c8996fb92427ae41e4649b934ca495991b7852b855"
2026-06-12T15:09:26.924666257Z time="2026-06-12T15:09:26Z" level=info msg="cluster network cnet-145836 will add 0 vlans, remove 0 vlans"
2026-06-12T15:09:26.934255330Z time="2026-06-12T15:09:26Z" level=info msg="vlan config hp-117-tink-system has been removed"
2026-06-12T15:09:26.956841445Z time="2026-06-12T15:09:26Z" level=info msg="vlan config hp-150-tink-system has been removed"
2026-06-12T15:09:26.957105976Z time="2026-06-12T15:09:26Z" level=info msg="start to tear down VLAN network"
2026-06-12T15:09:26.957121204Z time="2026-06-12T15:09:26Z" level=info msg="cnet-145836-bo set no master"
2026-06-12T15:09:26.963510610Z time="2026-06-12T15:09:26Z" level=info msg="link monitor nic has been changed, spec: {NodeSelector:map[] TargetLinkRule:{TypeRule:device NameRule:}}"
2026-06-12T15:09:26.963580632Z time="2026-06-12T15:09:26Z" level=info msg="link monitor cnet-145836 has been changed, spec: {NodeSelector:map[] TargetLinkRule:{TypeRule: NameRule:cnet-145836(-br|-bo)}}"
2026-06-12T15:09:27.027638831Z time="2026-06-12T15:09:27Z" level=info msg="cluster network cnet-145836 has been changed, vid hash: e3b0c44298fc1c149afbf4c8996fb92427ae41e4649b934ca495991b7852b855"
2026-06-12T15:09:27.091601405Z time="2026-06-12T15:09:27Z" level=info msg="cluster network cnet-145836 is not set on this node, skip"
2026-06-12T15:09:27.095091776Z time="2026-06-12T15:09:27Z" level=info msg="link monitor cnet-145836 has been changed, spec: {NodeSelector:map[] TargetLinkRule:{TypeRule: NameRule:cnet-145836(-br|-bo)}}"
2026-06-12T15:09:27.098718162Z time="2026-06-12T15:09:27Z" level=info msg="link monitor nic has been changed, spec: {NodeSelector:map[] TargetLinkRule:{TypeRule:device NameRule:}}"
2026-06-12T15:09:27.103647639Z time="2026-06-12T15:09:27Z" level=info msg="Setting NIC eno50 to UP state (current: down)"
2026-06-12T15:09:27.108973493Z time="2026-06-12T15:09:27Z" level=info msg="link monitor cnet-145836 has been changed, spec: {NodeSelector:map[] TargetLinkRule:{TypeRule: NameRule:cnet-145836(-br|-bo)}}"
2026-06-12T15:09:27.139050786Z time="2026-06-12T15:09:27Z" level=info msg="link monitor nic has been changed, spec: {NodeSelector:map[] TargetLinkRule:{TypeRule:device NameRule:}}"
2026-06-12T15:09:27.326376160Z time="2026-06-12T15:09:27Z" level=info msg="cluster network cnet-145836 has been changed, vid hash: e3b0c44298fc1c149afbf4c8996fb92427ae41e4649b934ca495991b7852b855"
2026-06-12T15:09:27.359428368Z time="2026-06-12T15:09:27Z" level=info msg="cluster network cnet-145836 is not set on this node, skip"
2026-06-12T15:09:27.362951001Z time="2026-06-12T15:09:27Z" level=info msg="link monitor nic has been changed, spec: {NodeSelector:map[] TargetLinkRule:{TypeRule:device NameRule:}}"
2026-06-12T15:09:27.363597499Z time="2026-06-12T15:09:27Z" level=info msg="link monitor cnet-145836 has been changed, spec: {NodeSelector:map[] TargetLinkRule:{TypeRule: NameRule:cnet-145836(-br|-bo)}}"
2026-06-12T15:09:27.435329170Z time="2026-06-12T15:09:27Z" level=info msg="link monitor nic has been changed, spec: {NodeSelector:map[] TargetLinkRule:{TypeRule:device NameRule:}}"
2026-06-12T15:09:27.441402872Z time="2026-06-12T15:09:27Z" level=info msg="link monitor cnet-145836 has been changed, spec: {NodeSelector:map[] TargetLinkRule:{TypeRule: NameRule:cnet-145836(-br|-bo)}}"
2026-06-12T15:09:27.452846914Z time="2026-06-12T15:09:27Z" level=info msg="link monitor nic has been changed, spec: {NodeSelector:map[] TargetLinkRule:{TypeRule:device NameRule:}}"
2026-06-12T15:09:27.458950140Z time="2026-06-12T15:09:27Z" level=info msg="tear down VLAN network successfully"
2026-06-12T15:09:27.490226523Z time="2026-06-12T15:09:27Z" level=info msg="link monitor cnet-145836 has been changed, spec: {NodeSelector:map[] TargetLinkRule:{TypeRule: NameRule:cnet-145836(-br|-bo)}}"
2026-06-12T15:09:27.592747648Z time="2026-06-12T15:09:27Z" level=error msg="error syncing 'hp-150-tink-system': handler harvester-network-vlanconfig-controller: update status into vlanstatus cnet-145836-hp-150-tink-system-d8bfc521 failed, error: failed to delete vlanstatus cnet-145836-hp-150-tink-system-d8bfc521, error: vlanstatuses.network.harvesterhci.io \"cnet-145836-hp-150-tink-system-d8bfc521\" not found, teardown error: <nil>, requeuing"
2026-06-12T15:09:27.593610440Z time="2026-06-12T15:09:27Z" level=info msg="link monitor nic has been changed, spec: {NodeSelector:map[] TargetLinkRule:{TypeRule:device NameRule:}}"
2026-06-12T15:09:27.675496985Z time="2026-06-12T15:09:27Z" level=info msg="link monitor nic has been changed, spec: {NodeSelector:map[] TargetLinkRule:{TypeRule:device NameRule:}}"
2026-06-12T15:09:27.736333148Z time="2026-06-12T15:09:27Z" level=info msg="link monitor nic has been changed, spec: {NodeSelector:map[] TargetLinkRule:{TypeRule:device NameRule:}}"
2026-06-12T15:09:27.787343397Z time="2026-06-12T15:09:27Z" level=info msg="link monitor nic has been changed, spec: {NodeSelector:map[] TargetLinkRule:{TypeRule:device NameRule:}}"
2026-06-12T15:09:27.998387362Z time="2026-06-12T15:09:27Z" level=info msg="link monitor cnet-145836 has been changed, spec: {NodeSelector:map[] TargetLinkRule:{TypeRule: NameRule:cnet-145836(-br|-bo)}}"
2026-06-12T15:09:28.083454799Z time="2026-06-12T15:09:28Z" level=info msg="link monitor cnet-145836 has been changed, spec: {NodeSelector:map[] TargetLinkRule:{TypeRule: NameRule:cnet-145836(-br|-bo)}}"
2026-06-12T15:09:28.384815517Z time="2026-06-12T15:09:28Z" level=info msg="link monitor nic has been changed, spec: {NodeSelector:map[] TargetLinkRule:{TypeRule:device NameRule:}}"
2026-06-12T15:09:47.064287140Z time="2026-06-12T15:09:47Z" level=info msg="link monitor cnet-145836 has been removed"
2026-06-12T15:11:27.111919610Z time="2026-06-12T15:11:27Z" level=info msg="cluster network cnet-150800 has been changed, vid hash: "
2026-06-12T15:11:27.112078035Z time="2026-06-12T15:11:27Z" level=info msg="cluster network cnet-150800 is not set on this node, skip"
2026-06-12T15:11:27.118357006Z time="2026-06-12T15:11:27Z" level=info msg="cluster network cnet-150800 has been changed, vid hash: "
2026-06-12T15:11:27.118455440Z time="2026-06-12T15:11:27Z" level=info msg="cluster network cnet-150800 is not set on this node, skip"
2026-06-12T15:11:27.131517884Z time="2026-06-12T15:11:27Z" level=info msg="vlan config hp-69-tink-system has been changed, spec: {Description: ClusterNetwork:cnet-150800 NodeSelector:map[kubernetes.io/hostname:hp-69-tink-system] Uplink:{NICs:[eno50] LinkAttrs:0x371dbfd73710 BondOptions:0x371dc3876930}}"
2026-06-12T15:11:27.143050936Z time="2026-06-12T15:11:27Z" level=info msg="cluster network cnet-150800 has been changed, vid hash: "
2026-06-12T15:11:27.143113267Z time="2026-06-12T15:11:27Z" level=info msg="cluster network cnet-150800 is not set on this node, skip"
2026-06-12T15:11:27.144956810Z time="2026-06-12T15:11:27Z" level=info msg="vlan config hp-69-tink-system has been changed, spec: {Description: ClusterNetwork:cnet-150800 NodeSelector:map[kubernetes.io/hostname:hp-69-tink-system] Uplink:{NICs:[eno50] LinkAttrs:0x371dbf568240 BondOptions:0x371dc10d0ac8}}"
2026-06-12T15:11:27.160450809Z time="2026-06-12T15:11:27Z" level=info msg="vlan config hp-117-tink-system has been changed, spec: {Description: ClusterNetwork:cnet-150800 NodeSelector:map[kubernetes.io/hostname:hp-117-tink-system] Uplink:{NICs:[eno50] LinkAttrs:0x371dbc5a6db0 BondOptions:0x371dc3876c30}}"
2026-06-12T15:11:27.178439770Z time="2026-06-12T15:11:27Z" level=info msg="vlan config hp-117-tink-system has been changed, spec: {Description: ClusterNetwork:cnet-150800 NodeSelector:map[kubernetes.io/hostname:hp-117-tink-system] Uplink:{NICs:[eno50] LinkAttrs:0x371dbc5a7560 BondOptions:0x371dc3876e28}}"
2026-06-12T15:11:27.182019830Z time="2026-06-12T15:11:27Z" level=info msg="vlan config hp-69-tink-system has been changed, spec: {Description: ClusterNetwork:cnet-150800 NodeSelector:map[kubernetes.io/hostname:hp-69-tink-system] Uplink:{NICs:[eno50] LinkAttrs:0x371dbf568bd0 BondOptions:0x371dc10d0d38}}"
2026-06-12T15:11:27.182055535Z time="2026-06-12T15:11:27Z" level=info msg="vlan config hp-150-tink-system has been changed, spec: {Description: ClusterNetwork:cnet-150800 NodeSelector:map[kubernetes.io/hostname:hp-150-tink-system] Uplink:{NICs:[eno50] LinkAttrs:0x371dbf568d80 BondOptions:0x371dc10d0d98}}"
2026-06-12T15:11:27.182059878Z time="2026-06-12T15:11:27Z" level=info msg="vc hp-150-tink-system matchedNodes: [hp-150-tink-system], include this node: hp-150-tink-system"
2026-06-12T15:11:27.241281633Z time="2026-06-12T15:11:27Z" level=info msg="vlan config hp-117-tink-system has been changed, spec: {Description: ClusterNetwork:cnet-150800 NodeSelector:map[kubernetes.io/hostname:hp-117-tink-system] Uplink:{NICs:[eno50] LinkAttrs:0x371dbf569470 BondOptions:0x371dc10d0ee8}}"
2026-06-12T15:11:27.250111662Z time="2026-06-12T15:11:27Z" level=info msg="link monitor nic has been changed, spec: {NodeSelector:map[] TargetLinkRule:{TypeRule:device NameRule:}}"
2026-06-12T15:11:27.251374752Z time="2026-06-12T15:11:27Z" level=info msg="vlan config hp-117-tink-system has been changed, spec: {Description: ClusterNetwork:cnet-150800 NodeSelector:map[kubernetes.io/hostname:hp-117-tink-system] Uplink:{NICs:[eno50] LinkAttrs:0x371dbf569470 BondOptions:0x371dc10d0ee8}}"
2026-06-12T15:11:27.491510407Z time="2026-06-12T15:11:27Z" level=error msg="error syncing 'nic': handler harvester-network-link-monitor-controller: synchronize links to link monitor nic failed, error: results may be incomplete or inconsistent, requeuing"
2026-06-12T15:11:27.506845867Z time="2026-06-12T15:11:27Z" level=info msg="link monitor nic has been changed, spec: {NodeSelector:map[] TargetLinkRule:{TypeRule:device NameRule:}}"
2026-06-12T15:11:27.506910384Z time="2026-06-12T15:11:27Z" level=info msg="vlan config hp-150-tink-system has been changed, spec: {Description: ClusterNetwork:cnet-150800 NodeSelector:map[kubernetes.io/hostname:hp-150-tink-system] Uplink:{NICs:[eno50] LinkAttrs:0x371dbc7abe30 BondOptions:0x371dc3877320}}"
2026-06-12T15:11:27.506937342Z time="2026-06-12T15:11:27Z" level=info msg="vc hp-150-tink-system matchedNodes: [hp-150-tink-system], include this node: hp-150-tink-system"
2026-06-12T15:11:27.535264623Z time="2026-06-12T15:11:27Z" level=info msg="link monitor nic has been changed, spec: {NodeSelector:map[] TargetLinkRule:{TypeRule:device NameRule:}}"
2026-06-12T15:11:27.596169597Z time="2026-06-12T15:11:27Z" level=info msg="link monitor nic has been changed, spec: {NodeSelector:map[] TargetLinkRule:{TypeRule:device NameRule:}}"
2026-06-12T15:11:27.635727367Z time="2026-06-12T15:11:27Z" level=info msg="link monitor nic has been changed, spec: {NodeSelector:map[] TargetLinkRule:{TypeRule:device NameRule:}}"
2026-06-12T15:11:27.719297314Z time="2026-06-12T15:11:27Z" level=info msg="cluster network cnet-150800 has been changed, vid hash: 72d1b5da6eeaf1789df86487da50ad5e9dadb5ffaecb56b6de592aa286c9c1b8"
2026-06-12T15:11:27.720069654Z time="2026-06-12T15:11:27Z" level=info msg="cluster network cnet-150800 will add 1 vlans, remove 0 vlans"
2026-06-12T15:11:27.725520305Z time="2026-06-12T15:11:27Z" level=info msg="link monitor nic has been changed, spec: {NodeSelector:map[] TargetLinkRule:{TypeRule:device NameRule:}}"
2026-06-12T15:11:27.760602145Z time="2026-06-12T15:11:27Z" level=info msg="vlan config hp-150-tink-system has been changed, spec: {Description: ClusterNetwork:cnet-150800 NodeSelector:map[kubernetes.io/hostname:hp-150-tink-system] Uplink:{NICs:[eno50] LinkAttrs:0x371dbc7abe30 BondOptions:0x371dc3877320}}"
2026-06-12T15:11:27.760622567Z time="2026-06-12T15:11:27Z" level=info msg="vc hp-150-tink-system matchedNodes: [hp-150-tink-system], include this node: hp-150-tink-system"
2026-06-12T15:11:27.790096058Z time="2026-06-12T15:11:27Z" level=info msg="cluster network cnet-150800 has been changed, vid hash: 72d1b5da6eeaf1789df86487da50ad5e9dadb5ffaecb56b6de592aa286c9c1b8"
2026-06-12T15:11:27.836159858Z time="2026-06-12T15:11:27Z" level=info msg="cluster network cnet-150800 will add 0 vlans, remove 0 vlans"
2026-06-12T15:11:27.890081443Z time="2026-06-12T15:11:27Z" level=info msg="vlan config hp-150-tink-system has been changed, spec: {Description: ClusterNetwork:cnet-150800 NodeSelector:map[kubernetes.io/hostname:hp-150-tink-system] Uplink:{NICs:[eno50] LinkAttrs:0x371dbc7abe30 BondOptions:0x371dc3877320}}"
2026-06-12T15:11:27.890096285Z time="2026-06-12T15:11:27Z" level=info msg="vc hp-150-tink-system matchedNodes: [hp-150-tink-system], include this node: hp-150-tink-system"
2026-06-12T15:11:27.890279294Z time="2026-06-12T15:11:27Z" level=info msg="link monitor nic has been changed, spec: {NodeSelector:map[] TargetLinkRule:{TypeRule:device NameRule:}}"
2026-06-12T15:11:27.897165203Z time="2026-06-12T15:11:27Z" level=info msg="cluster network cnet-150800 has been changed, vid hash: 72d1b5da6eeaf1789df86487da50ad5e9dadb5ffaecb56b6de592aa286c9c1b8"
2026-06-12T15:11:27.897920385Z time="2026-06-12T15:11:27Z" level=info msg="cluster network cnet-150800 will add 0 vlans, remove 0 vlans"
2026-06-12T15:11:27.903429042Z time="2026-06-12T15:11:27Z" level=info msg="link monitor nic has been changed, spec: {NodeSelector:map[] TargetLinkRule:{TypeRule:device NameRule:}}"
2026-06-12T15:11:27.989837369Z time="2026-06-12T15:11:27Z" level=info msg="link monitor nic has been changed, spec: {NodeSelector:map[] TargetLinkRule:{TypeRule:device NameRule:}}"
2026-06-12T15:11:28.194981486Z time="2026-06-12T15:11:28Z" level=info msg="link monitor nic has been changed, spec: {NodeSelector:map[] TargetLinkRule:{TypeRule:device NameRule:}}"
2026-06-12T15:11:28.319605539Z time="2026-06-12T15:11:28Z" level=info msg="link monitor nic has been changed, spec: {NodeSelector:map[] TargetLinkRule:{TypeRule:device NameRule:}}"
2026-06-12T15:11:28.393119355Z time="2026-06-12T15:11:28Z" level=info msg="link monitor nic has been changed, spec: {NodeSelector:map[] TargetLinkRule:{TypeRule:device NameRule:}}"
2026-06-12T15:11:29.122438705Z time="2026-06-12T15:11:29Z" level=info msg="cluster network cnet-150800 has been changed, vid hash: 72d1b5da6eeaf1789df86487da50ad5e9dadb5ffaecb56b6de592aa286c9c1b8"
2026-06-12T15:11:29.123536075Z time="2026-06-12T15:11:29Z" level=info msg="cluster network cnet-150800 will add 0 vlans, remove 0 vlans"
2026-06-12T15:11:29.921470610Z time="2026-06-12T15:11:29Z" level=info msg="link monitor cnet-150800 has been changed, spec: {NodeSelector:map[] TargetLinkRule:{TypeRule: NameRule:cnet-150800(-br|-bo)}}"
2026-06-12T15:11:29.932710067Z time="2026-06-12T15:11:29Z" level=info msg="link monitor cnet-150800 has been changed, spec: {NodeSelector:map[] TargetLinkRule:{TypeRule: NameRule:cnet-150800(-br|-bo)}}"
2026-06-12T15:11:29.943080903Z time="2026-06-12T15:11:29Z" level=info msg="link monitor cnet-150800 has been changed, spec: {NodeSelector:map[] TargetLinkRule:{TypeRule: NameRule:cnet-150800(-br|-bo)}}"
2026-06-12T15:11:29.949691636Z time="2026-06-12T15:11:29Z" level=info msg="link monitor cnet-150800 has been changed, spec: {NodeSelector:map[] TargetLinkRule:{TypeRule: NameRule:cnet-150800(-br|-bo)}}"
2026-06-12T15:11:29.955203204Z time="2026-06-12T15:11:29Z" level=info msg="link monitor cnet-150800 has been changed, spec: {NodeSelector:map[] TargetLinkRule:{TypeRule: NameRule:cnet-150800(-br|-bo)}}"
2026-06-12T15:11:29.961254348Z time="2026-06-12T15:11:29Z" level=info msg="link monitor cnet-150800 has been changed, spec: {NodeSelector:map[] TargetLinkRule:{TypeRule: NameRule:cnet-150800(-br|-bo)}}"
2026-06-12T15:11:30.084280058Z time="2026-06-12T15:11:30Z" level=info msg="link monitor cnet-150800 has been changed, spec: {NodeSelector:map[] TargetLinkRule:{TypeRule: NameRule:cnet-150800(-br|-bo)}}"
2026-06-12T15:11:31.010032400Z time="2026-06-12T15:11:31Z" level=info msg="link monitor nic has been changed, spec: {NodeSelector:map[] TargetLinkRule:{TypeRule:device NameRule:}}"
2026-06-12T15:11:31.010921980Z time="2026-06-12T15:11:31Z" level=info msg="link monitor cnet-150800 has been changed, spec: {NodeSelector:map[] TargetLinkRule:{TypeRule: NameRule:cnet-150800(-br|-bo)}}"
2026-06-12T15:11:43.011606006Z time="2026-06-12T15:11:43Z" level=info msg="link monitor cnet-150800 has been changed, spec: {NodeSelector:map[] TargetLinkRule:{TypeRule: NameRule:cnet-150800(-br|-bo)}}"
2026-06-12T15:27:33.477734992Z time="2026-06-12T15:27:33Z" level=info msg="cluster network cnet-150800 has been changed, vid hash: e3b0c44298fc1c149afbf4c8996fb92427ae41e4649b934ca495991b7852b855"
2026-06-12T15:27:33.478769241Z time="2026-06-12T15:27:33Z" level=info msg="cluster network cnet-150800 will add 0 vlans, remove 1 vlans"
2026-06-12T15:27:33.484307949Z time="2026-06-12T15:27:33Z" level=info msg="link monitor nic has been changed, spec: {NodeSelector:map[] TargetLinkRule:{TypeRule:device NameRule:}}"
2026-06-12T15:27:36.530435255Z time="2026-06-12T15:27:36Z" level=info msg="vlan config hp-69-tink-system has been removed"
2026-06-12T15:27:36.541069845Z time="2026-06-12T15:27:36Z" level=info msg="cluster network cnet-150800 has been changed, vid hash: e3b0c44298fc1c149afbf4c8996fb92427ae41e4649b934ca495991b7852b855"
2026-06-12T15:27:36.542094997Z time="2026-06-12T15:27:36Z" level=info msg="cluster network cnet-150800 will add 0 vlans, remove 0 vlans"
2026-06-12T15:27:36.553770135Z time="2026-06-12T15:27:36Z" level=info msg="vlan config hp-117-tink-system has been removed"
2026-06-12T15:27:36.561307244Z time="2026-06-12T15:27:36Z" level=info msg="cluster network cnet-150800 has been changed, vid hash: e3b0c44298fc1c149afbf4c8996fb92427ae41e4649b934ca495991b7852b855"
2026-06-12T15:27:36.562104403Z time="2026-06-12T15:27:36Z" level=info msg="cluster network cnet-150800 will add 0 vlans, remove 0 vlans"
2026-06-12T15:27:36.579645326Z time="2026-06-12T15:27:36Z" level=info msg="vlan config hp-150-tink-system has been removed"
2026-06-12T15:27:36.579887716Z time="2026-06-12T15:27:36Z" level=info msg="start to tear down VLAN network"
2026-06-12T15:27:36.579894317Z time="2026-06-12T15:27:36Z" level=info msg="cnet-150800-bo set no master"
2026-06-12T15:27:36.586176327Z time="2026-06-12T15:27:36Z" level=info msg="link monitor nic has been changed, spec: {NodeSelector:map[] TargetLinkRule:{TypeRule:device NameRule:}}"
2026-06-12T15:27:36.635599668Z time="2026-06-12T15:27:36Z" level=info msg="link monitor cnet-150800 has been changed, spec: {NodeSelector:map[] TargetLinkRule:{TypeRule: NameRule:cnet-150800(-br|-bo)}}"
2026-06-12T15:27:36.636106005Z time="2026-06-12T15:27:36Z" level=info msg="cluster network cnet-150800 has been changed, vid hash: e3b0c44298fc1c149afbf4c8996fb92427ae41e4649b934ca495991b7852b855"
2026-06-12T15:27:36.638254827Z time="2026-06-12T15:27:36Z" level=error msg="error syncing 'cnet-150800': handler harvester-network-cn-controller: can't run diff on an empty vidset, requeuing"
2026-06-12T15:27:36.643352733Z time="2026-06-12T15:27:36Z" level=info msg="cluster network cnet-150800 has been changed, vid hash: e3b0c44298fc1c149afbf4c8996fb92427ae41e4649b934ca495991b7852b855"
2026-06-12T15:27:36.745895154Z time="2026-06-12T15:27:36Z" level=info msg="link monitor cnet-150800 has been changed, spec: {NodeSelector:map[] TargetLinkRule:{TypeRule: NameRule:cnet-150800(-br|-bo)}}"
2026-06-12T15:27:36.746350643Z time="2026-06-12T15:27:36Z" level=info msg="link monitor nic has been changed, spec: {NodeSelector:map[] TargetLinkRule:{TypeRule:device NameRule:}}"
2026-06-12T15:27:36.819525504Z time="2026-06-12T15:27:36Z" level=error msg="error syncing 'cnet-150800': handler harvester-network-cn-controller: can't run diff on an empty vidset, requeuing"
2026-06-12T15:27:36.831166775Z time="2026-06-12T15:27:36Z" level=info msg="Setting NIC eno50 to UP state (current: down)"
2026-06-12T15:27:36.835237309Z time="2026-06-12T15:27:36Z" level=info msg="cluster network cnet-150800 has been changed, vid hash: e3b0c44298fc1c149afbf4c8996fb92427ae41e4649b934ca495991b7852b855"
2026-06-12T15:27:36.836436246Z time="2026-06-12T15:27:36Z" level=info msg="link monitor cnet-150800 has been changed, spec: {NodeSelector:map[] TargetLinkRule:{TypeRule: NameRule:cnet-150800(-br|-bo)}}"
2026-06-12T15:27:36.836854502Z time="2026-06-12T15:27:36Z" level=info msg="link monitor nic has been changed, spec: {NodeSelector:map[] TargetLinkRule:{TypeRule:device NameRule:}}"
2026-06-12T15:27:37.054412546Z time="2026-06-12T15:27:37Z" level=info msg="cluster network cnet-150800 is not set on this node, skip"
2026-06-12T15:27:37.054859496Z time="2026-06-12T15:27:37Z" level=error msg="error syncing 'cnet-150800': handler harvester-network-link-monitor-controller: synchronize links to link monitor cnet-150800 failed, error: results may be incomplete or inconsistent, requeuing"
2026-06-12T15:27:37.054879779Z time="2026-06-12T15:27:37Z" level=info msg="link monitor cnet-150800 has been changed, spec: {NodeSelector:map[] TargetLinkRule:{TypeRule: NameRule:cnet-150800(-br|-bo)}}"
2026-06-12T15:27:37.190370711Z time="2026-06-12T15:27:37Z" level=info msg="tear down VLAN network successfully"
2026-06-12T15:27:37.192821194Z time="2026-06-12T15:27:37Z" level=info msg="link monitor nic has been changed, spec: {NodeSelector:map[] TargetLinkRule:{TypeRule:device NameRule:}}"
2026-06-12T15:27:37.238698651Z time="2026-06-12T15:27:37Z" level=info msg="link monitor cnet-150800 has been changed, spec: {NodeSelector:map[] TargetLinkRule:{TypeRule: NameRule:cnet-150800(-br|-bo)}}"
2026-06-12T15:27:37.245156561Z time="2026-06-12T15:27:37Z" level=info msg="link monitor cnet-150800 has been changed, spec: {NodeSelector:map[] TargetLinkRule:{TypeRule: NameRule:cnet-150800(-br|-bo)}}"
2026-06-12T15:27:37.291402101Z time="2026-06-12T15:27:37Z" level=info msg="link monitor nic has been changed, spec: {NodeSelector:map[] TargetLinkRule:{TypeRule:device NameRule:}}"
2026-06-12T15:27:37.299741824Z time="2026-06-12T15:27:37Z" level=error msg="error syncing 'hp-150-tink-system': handler harvester-network-vlanconfig-controller: vlanconfigs.network.harvesterhci.io \"hp-150-tink-system\" not found, requeuing"
2026-06-12T15:27:37.355499795Z time="2026-06-12T15:27:37Z" level=info msg="link monitor nic has been changed, spec: {NodeSelector:map[] TargetLinkRule:{TypeRule:device NameRule:}}"
2026-06-12T15:27:37.390390356Z time="2026-06-12T15:27:37Z" level=info msg="link monitor nic has been changed, spec: {NodeSelector:map[] TargetLinkRule:{TypeRule:device NameRule:}}"
2026-06-12T15:27:37.398836099Z time="2026-06-12T15:27:37Z" level=info msg="link monitor cnet-150800 has been changed, spec: {NodeSelector:map[] TargetLinkRule:{TypeRule: NameRule:cnet-150800(-br|-bo)}}"
2026-06-12T15:27:37.548649282Z time="2026-06-12T15:27:37Z" level=info msg="link monitor nic has been changed, spec: {NodeSelector:map[] TargetLinkRule:{TypeRule:device NameRule:}}"
2026-06-12T15:27:37.757476676Z time="2026-06-12T15:27:37Z" level=info msg="link monitor cnet-150800 has been changed, spec: {NodeSelector:map[] TargetLinkRule:{TypeRule: NameRule:cnet-150800(-br|-bo)}}"
2026-06-12T15:27:37.780546049Z time="2026-06-12T15:27:37Z" level=info msg="link monitor nic has been changed, spec: {NodeSelector:map[] TargetLinkRule:{TypeRule:device NameRule:}}"
2026-06-12T15:27:56.724417035Z time="2026-06-12T15:27:56Z" level=info msg="link monitor cnet-150800 has been removed"
2026-06-12T20:47:42.393434515Z time="2026-06-12T20:47:42Z" level=info msg="cluster network mgmt has been changed, vid hash: e3b0c44298fc1c149afbf4c8996fb92427ae41e4649b934ca495991b7852b855"
2026-06-12T20:47:42.393465751Z time="2026-06-12T20:47:42Z" level=info msg="link monitor nic has been changed, spec: {NodeSelector:map[] TargetLinkRule:{TypeRule:device NameRule:}}"
2026-06-12T20:47:42.393920495Z time="2026-06-12T20:47:42Z" level=info msg="link monitor mgmt has been changed, spec: {NodeSelector:map[] TargetLinkRule:{TypeRule: NameRule:mgmt(-br|-bo)}}"
2026-06-12T20:47:42.394825158Z time="2026-06-12T20:47:42Z" level=info msg="cluster network mgmt will add 0 vlans, remove 0 vlans"
