2026-06-12T15:45:32.100075577Z time="2026-06-12T15:45:32Z" level=info msg="Starting Harvester Admission Webhook Server version d46887de (d46887de)"
2026-06-12T15:45:32.117857246Z time="2026-06-12T15:45:32Z" level=info msg="add validation handler for [nodes]. (Node)"
2026-06-12T15:45:32.118185045Z time="2026-06-12T15:45:32Z" level=info msg="add validation handler for [persistentvolumeclaims]. (PersistentVolumeClaim)"
2026-06-12T15:45:32.118850696Z time="2026-06-12T15:45:32Z" level=info msg="add validation handler for [volumeremotebackups].harvesterhci.io (VolumeRemoteBackup)"
2026-06-12T15:45:32.118873044Z time="2026-06-12T15:45:32Z" level=info msg="add validation handler for [volumeremoterestores].harvesterhci.io (VolumeRemoteRestore)"
2026-06-12T15:45:32.118876906Z time="2026-06-12T15:45:32Z" level=info msg="add validation handler for [keypairs].harvesterhci.io (KeyPair)"
2026-06-12T15:45:32.118910184Z time="2026-06-12T15:45:32Z" level=info msg="add validation handler for [virtualmachines virtualmachines/status].kubevirt.io (VirtualMachine)"
2026-06-12T15:45:32.118919357Z time="2026-06-12T15:45:32Z" level=info msg="add validation handler for [virtualmachineimages].harvesterhci.io (VirtualMachineImage)"
2026-06-12T15:45:32.118940041Z time="2026-06-12T15:45:32Z" level=info msg="add validation handler for [upgrades].harvesterhci.io (Upgrade)"
2026-06-12T15:45:32.118943398Z time="2026-06-12T15:45:32Z" level=info msg="add validation handler for [virtualmachinebackups].harvesterhci.io (VirtualMachineBackup)"
2026-06-12T15:45:32.118962715Z time="2026-06-12T15:45:32Z" level=info msg="add validation handler for [virtualmachinerestores].harvesterhci.io (VirtualMachineRestore)"
2026-06-12T15:45:32.118978137Z time="2026-06-12T15:45:32Z" level=info msg="add validation handler for [settings].harvesterhci.io (Setting)"
2026-06-12T15:45:32.119006110Z time="2026-06-12T15:45:32Z" level=info msg="add validation handler for [virtualmachinetemplateversions].harvesterhci.io (VirtualMachineTemplateVersion)"
2026-06-12T15:45:32.119035491Z time="2026-06-12T15:45:32Z" level=info msg="add validation handler for [managedcharts].management.cattle.io (ManagedChart)"
2026-06-12T15:45:32.119044980Z time="2026-06-12T15:45:32Z" level=info msg="add validation handler for [bundles].fleet.cattle.io (Bundle)"
2026-06-12T15:45:32.119060627Z time="2026-06-12T15:45:32Z" level=info msg="add validation handler for [bundledeployments].fleet.cattle.io (BundleDeployment)"
2026-06-12T15:45:32.119070053Z time="2026-06-12T15:45:32Z" level=info msg="add validation handler for [storageclasses].storage.k8s.io (StorageClass)"
2026-06-12T15:45:32.119079402Z time="2026-06-12T15:45:32Z" level=info msg="add validation handler for [namespaces]. (Namespace)"
2026-06-12T15:45:32.119086605Z time="2026-06-12T15:45:32Z" level=info msg="add validation handler for [addons].harvesterhci.io (Addon)"
2026-06-12T15:45:32.119093231Z time="2026-06-12T15:45:32Z" level=info msg="add validation handler for [versions].harvesterhci.io (Version)"
2026-06-12T15:45:32.119135296Z time="2026-06-12T15:45:32Z" level=info msg="add validation handler for [volumesnapshots].snapshot.storage.k8s.io (VolumeSnapshot)"
2026-06-12T15:45:32.119140496Z time="2026-06-12T15:45:32Z" level=info msg="add validation handler for [resourcequotas].harvesterhci.io (ResourceQuota)"
2026-06-12T15:45:32.119147145Z time="2026-06-12T15:45:32Z" level=info msg="add validation handler for [schedulevmbackups].harvesterhci.io (ScheduleVMBackup)"
2026-06-12T15:45:32.119154022Z time="2026-06-12T15:45:32Z" level=info msg="add validation handler for [secrets]. (Secret)"
2026-06-12T15:45:32.119168792Z time="2026-06-12T15:45:32Z" level=info msg="add validation handler for [supportbundles].harvesterhci.io (SupportBundle)"
2026-06-12T15:45:32.119188125Z time="2026-06-12T15:45:32Z" level=info msg="add validation handler for [datavolumes].cdi.kubevirt.io (DataVolume)"
2026-06-12T15:45:32.119217125Z time="2026-06-12T15:45:32Z" level=info msg="add validation handler for [deployments].apps (Deployment)"
2026-06-12T15:45:32.119221199Z time="2026-06-12T15:45:32Z" level=info msg="add validation handler for [network-attachment-definitions].k8s.cni.cncf.io (NetworkAttachmentDefinition)"
2026-06-12T15:45:32.119401196Z time="2026-06-12T15:45:32Z" level=info msg="add mutation handler for [persistentvolumeclaims]. (PersistentVolumeClaim)"
2026-06-12T15:45:32.119507073Z time="2026-06-12T15:45:32Z" level=info msg="add mutation handler for [pods]. (Pod)"
2026-06-12T15:45:32.119517396Z time="2026-06-12T15:45:32Z" level=info msg="add mutation handler for [virtualmachinetemplateversions].harvesterhci.io (VirtualMachineTemplateVersion)"
2026-06-12T15:45:32.119527116Z time="2026-06-12T15:45:32Z" level=info msg="add mutation handler for [upgrades].harvesterhci.io (Upgrade)"
2026-06-12T15:45:32.119530137Z time="2026-06-12T15:45:32Z" level=info msg="add mutation handler for [virtualmachines].kubevirt.io (VirtualMachine)"
2026-06-12T15:45:32.119553090Z time="2026-06-12T15:45:32Z" level=info msg="add mutation handler for [virtualmachineinstances].kubevirt.io (VirtualMachineInstance)"
2026-06-12T15:45:32.119684364Z time="2026-06-12T15:45:32Z" level=info msg="add mutation handler for [virtualmachineimages].harvesterhci.io (VirtualMachineImage)"
2026-06-12T15:45:32.119697958Z time="2026-06-12T15:45:32Z" level=info msg="add mutation handler for [virtualmachinebackups].harvesterhci.io (VirtualMachineBackup)"
2026-06-12T15:45:32.119711711Z time="2026-06-12T15:45:32Z" level=info msg="add mutation handler for [storageclasses].storage.k8s.io (StorageClass)"
2026-06-12T15:45:32.123941586Z time="2026-06-12T15:45:32Z" level=info msg="Listening on :9443"
2026-06-12T15:45:32.124551581Z time="2026-06-12T15:45:32Z" level=info msg="certificate CN=dynamic,O=dynamic signed by CN=dynamiclistener-ca@1781260965,O=dynamiclistener-org: notBefore=2026-06-12 10:42:45 +0000 UTC notAfter=2027-06-12 15:45:32 +0000 UTC"
2026-06-12T15:45:32.124695726Z time="2026-06-12T15:45:32Z" level=warning msg="dynamiclistener [::]:9443: no cached certificate available for preload - deferring certificate load until storage initialization or first client request"
2026-06-12T15:45:32.124723486Z time="2026-06-12T15:45:32Z" level=info msg="Active TLS secret harvester-system/harvester-webhook-tls (ver=323720) (count 1): map[listener.cattle.io/cn-harvester-webhook.harvester-system.svc:harvester-webhook.harvester-system.svc listener.cattle.io/fingerprint:SHA1=79CFCA4E0A4F73064BF8EDBBF4F1EC3F6891B3E3]"
2026-06-12T15:45:32.128362937Z time="2026-06-12T15:45:32Z" level=info msg="Updating TLS secret for harvester-system/harvester-webhook-tls (count: 1): map[listener.cattle.io/cn-harvester-webhook.harvester-system.svc:harvester-webhook.harvester-system.svc listener.cattle.io/fingerprint:SHA1=059C8B78EFBCECEC0C277C297023A8FD3E054C83]"
2026-06-12T15:45:32.140071509Z time="2026-06-12T15:45:32Z" level=info msg="Active TLS secret harvester-system/harvester-webhook-tls (ver=323729) (count 1): map[listener.cattle.io/cn-harvester-webhook.harvester-system.svc:harvester-webhook.harvester-system.svc listener.cattle.io/fingerprint:SHA1=059C8B78EFBCECEC0C277C297023A8FD3E054C83]"
2026-06-12T15:45:32.156723829Z I0612 15:45:32.156611       7 warnings.go:110] "Warning: cluster.x-k8s.io/v1beta1 Cluster is deprecated; use cluster.x-k8s.io/v1beta2 Cluster"
2026-06-12T15:45:32.158286930Z I0612 15:45:32.158219       7 warnings.go:110] "Warning: v1 Endpoints is deprecated in v1.33+; use discovery.k8s.io/v1 EndpointSlice"
2026-06-12T15:45:32.158892843Z I0612 15:45:32.158804       7 warnings.go:110] "Warning: cluster.x-k8s.io/v1beta1 Machine is deprecated; use cluster.x-k8s.io/v1beta2 Machine"
2026-06-12T15:45:32.163294428Z I0612 15:45:32.163219       7 warnings.go:110] "Warning: cluster.x-k8s.io/v1beta1 Cluster is deprecated; use cluster.x-k8s.io/v1beta2 Cluster"
2026-06-12T15:45:32.164476326Z I0612 15:45:32.164380       7 warnings.go:110] "Warning: cluster.x-k8s.io/v1beta1 Machine is deprecated; use cluster.x-k8s.io/v1beta2 Machine"
2026-06-12T15:45:32.164493060Z I0612 15:45:32.164418       7 warnings.go:110] "Warning: v1 Endpoints is deprecated in v1.33+; use discovery.k8s.io/v1 EndpointSlice"
2026-06-12T15:45:33.842255176Z time="2026-06-12T15:45:33Z" level=info msg="Starting k8s.cni.cncf.io/v1, Kind=NetworkAttachmentDefinition controller"
2026-06-12T15:45:33.842275920Z time="2026-06-12T15:45:33Z" level=info msg="Starting longhorn.io/v1beta2, Kind=Engine controller"
2026-06-12T15:45:33.842279457Z time="2026-06-12T15:45:33Z" level=info msg="Starting harvesterhci.io/v1beta1, Kind=VirtualMachineBackup controller"
2026-06-12T15:45:33.842294666Z time="2026-06-12T15:45:33Z" level=info msg="Starting management.cattle.io/v3, Kind=ManagedChart controller"
2026-06-12T15:45:33.842379441Z time="2026-06-12T15:45:33Z" level=info msg="Starting /v1, Kind=Endpoints controller"
2026-06-12T15:45:33.842388763Z time="2026-06-12T15:45:33Z" level=info msg="Starting snapshot.storage.k8s.io/v1, Kind=VolumeSnapshotClass controller"
2026-06-12T15:45:33.842474955Z time="2026-06-12T15:45:33Z" level=info msg="Starting cluster.x-k8s.io/v1beta1, Kind=Machine controller"
2026-06-12T15:45:33.842542118Z time="2026-06-12T15:45:33Z" level=info msg="Starting network.harvesterhci.io/v1beta1, Kind=VlanConfig controller"
2026-06-12T15:45:33.842554556Z time="2026-06-12T15:45:33Z" level=info msg="Starting harvesterhci.io/v1beta1, Kind=VirtualMachineRestore controller"
2026-06-12T15:45:33.842558325Z time="2026-06-12T15:45:33Z" level=info msg="Starting logging.banzaicloud.io/v1beta1, Kind=Output controller"
2026-06-12T15:45:33.842561849Z time="2026-06-12T15:45:33Z" level=info msg="Starting kubevirt.io/v1, Kind=KubeVirt controller"
2026-06-12T15:45:33.842582901Z time="2026-06-12T15:45:33Z" level=info msg="Starting batch/v1, Kind=Job controller"
2026-06-12T15:45:33.843219219Z time="2026-06-12T15:45:33Z" level=info msg="Starting logging.banzaicloud.io/v1beta1, Kind=Flow controller"
2026-06-12T15:45:33.843234933Z time="2026-06-12T15:45:33Z" level=info msg="Starting harvesterhci.io/v1beta1, Kind=Addon controller"
2026-06-12T15:45:33.843274237Z time="2026-06-12T15:45:33Z" level=info msg="Starting network.harvesterhci.io/v1beta1, Kind=VlanStatus controller"
2026-06-12T15:45:33.843386304Z time="2026-06-12T15:45:33Z" level=info msg="Starting network.harvesterhci.io/v1beta1, Kind=ClusterNetwork controller"
2026-06-12T15:45:33.843396033Z time="2026-06-12T15:45:33Z" level=info msg="Starting harvesterhci.io/v1beta1, Kind=UpgradeLog controller"
2026-06-12T15:45:33.843399675Z time="2026-06-12T15:45:33Z" level=info msg="Starting /v1, Kind=Pod controller"
2026-06-12T15:45:33.843402854Z time="2026-06-12T15:45:33Z" level=info msg="Starting storage.k8s.io/v1, Kind=StorageClass controller"
2026-06-12T15:45:33.843421008Z time="2026-06-12T15:45:33Z" level=info msg="Starting harvesterhci.io/v1beta1, Kind=Version controller"
2026-06-12T15:45:33.843437599Z time="2026-06-12T15:45:33Z" level=info msg="Starting /v1, Kind=PersistentVolumeClaim controller"
2026-06-12T15:45:33.843651122Z time="2026-06-12T15:45:33Z" level=info msg="Starting harvesterhci.io/v1beta1, Kind=VirtualMachineImage controller"
2026-06-12T15:45:33.843659959Z time="2026-06-12T15:45:33Z" level=info msg="Starting /v1, Kind=Namespace controller"
2026-06-12T15:45:33.843662876Z time="2026-06-12T15:45:33Z" level=info msg="Starting /v1, Kind=Secret controller"
2026-06-12T15:45:33.843730879Z time="2026-06-12T15:45:33Z" level=info msg="Starting harvesterhci.io/v1beta1, Kind=ScheduleVMBackup controller"
2026-06-12T15:45:33.843735800Z time="2026-06-12T15:45:33Z" level=info msg="Starting apiregistration.k8s.io/v1, Kind=APIService controller"
2026-06-12T15:45:33.843762561Z time="2026-06-12T15:45:33Z" level=info msg="Starting harvesterhci.io/v1beta1, Kind=KeyPair controller"
2026-06-12T15:45:33.843775225Z time="2026-06-12T15:45:33Z" level=info msg="Starting kubevirt.io/v1, Kind=VirtualMachineInstance controller"
2026-06-12T15:45:33.843849280Z time="2026-06-12T15:45:33Z" level=info msg="Starting harvesterhci.io/v1beta1, Kind=Upgrade controller"
2026-06-12T15:45:33.843887473Z time="2026-06-12T15:45:33Z" level=info msg="Starting logging.banzaicloud.io/v1beta1, Kind=ClusterFlow controller"
2026-06-12T15:45:33.843895707Z time="2026-06-12T15:45:33Z" level=info msg="Starting management.cattle.io/v3, Kind=Feature controller"
2026-06-12T15:45:33.843971302Z time="2026-06-12T15:45:33Z" level=info msg="Starting harvesterhci.io/v1beta1, Kind=VirtualMachineTemplateVersion controller"
2026-06-12T15:45:33.843978207Z time="2026-06-12T15:45:33Z" level=info msg="Starting harvesterhci.io/v1beta1, Kind=VirtualMachineTemplate controller"
2026-06-12T15:45:33.843985662Z time="2026-06-12T15:45:33Z" level=info msg="Starting kubevirt.io/v1, Kind=VirtualMachine controller"
2026-06-12T15:45:33.843988377Z time="2026-06-12T15:45:33Z" level=info msg="Starting kubevirt.io/v1, Kind=VirtualMachineInstanceMigration controller"
2026-06-12T15:45:33.843994953Z time="2026-06-12T15:45:33Z" level=info msg="Starting longhorn.io/v1beta2, Kind=Node controller"
2026-06-12T15:45:33.844027770Z time="2026-06-12T15:45:33Z" level=info msg="Starting logging.banzaicloud.io/v1beta1, Kind=ClusterOutput controller"
2026-06-12T15:45:33.844039784Z time="2026-06-12T15:45:33Z" level=info msg="Starting longhorn.io/v1beta2, Kind=Volume controller"
2026-06-12T15:45:33.844089998Z time="2026-06-12T15:45:33Z" level=info msg="Starting cluster.x-k8s.io/v1beta1, Kind=Cluster controller"
2026-06-12T15:45:33.844140914Z time="2026-06-12T15:45:33Z" level=info msg="Starting apps/v1, Kind=Deployment controller"
2026-06-12T15:45:33.844200717Z time="2026-06-12T15:45:33Z" level=info msg="Starting harvesterhci.io/v1beta1, Kind=VolumeRemoteBackup controller"
2026-06-12T15:45:33.844217990Z time="2026-06-12T15:45:33Z" level=info msg="Starting fleet.cattle.io/v1alpha1, Kind=Cluster controller"
2026-06-12T15:45:33.844256468Z time="2026-06-12T15:45:33Z" level=info msg="Starting harvesterhci.io/v1beta1, Kind=ResourceQuota controller"
2026-06-12T15:45:33.844366281Z time="2026-06-12T15:45:33Z" level=info msg="Starting /v1, Kind=ResourceQuota controller"
2026-06-12T15:45:33.844557332Z time="2026-06-12T15:45:33Z" level=info msg="Starting /v1, Kind=Node controller"
2026-06-12T15:45:33.844700531Z time="2026-06-12T15:45:33Z" level=info msg="Starting apiextensions.k8s.io/v1, Kind=CustomResourceDefinition controller"
2026-06-12T15:45:33.845036765Z time="2026-06-12T15:45:33Z" level=info msg="Sleeping for 15 seconds then applying webhook config"
2026-06-12T15:45:33.845193563Z time="2026-06-12T15:45:33Z" level=info msg="Starting harvesterhci.io/v1beta1, Kind=Setting controller"
2026-06-12T15:45:33.848319406Z time="2026-06-12T15:45:33Z" level=info msg="Updating TLS secret for harvester-system/harvester-webhook-tls (count: 1): map[listener.cattle.io/cn-harvester-webhook.harvester-system.svc:harvester-webhook.harvester-system.svc listener.cattle.io/fingerprint:SHA1=059C8B78EFBCECEC0C277C297023A8FD3E054C83]"
2026-06-12T15:50:34.164335524Z I0612 15:50:34.164144       7 warnings.go:110] "Warning: v1 Endpoints is deprecated in v1.33+; use discovery.k8s.io/v1 EndpointSlice"
2026-06-12T15:51:49.163077056Z I0612 15:51:49.162943       7 warnings.go:110] "Warning: cluster.x-k8s.io/v1beta1 Cluster is deprecated; use cluster.x-k8s.io/v1beta2 Cluster"
2026-06-12T15:54:17.162996976Z I0612 15:54:17.162879       7 warnings.go:110] "Warning: cluster.x-k8s.io/v1beta1 Machine is deprecated; use cluster.x-k8s.io/v1beta2 Machine"
2026-06-12T15:58:51.165170300Z I0612 15:58:51.164994       7 warnings.go:110] "Warning: v1 Endpoints is deprecated in v1.33+; use discovery.k8s.io/v1 EndpointSlice"
2026-06-12T15:59:15.164615027Z I0612 15:59:15.164519       7 warnings.go:110] "Warning: cluster.x-k8s.io/v1beta1 Cluster is deprecated; use cluster.x-k8s.io/v1beta2 Cluster"
2026-06-12T16:03:53.166575328Z I0612 16:03:53.166423       7 warnings.go:110] "Warning: cluster.x-k8s.io/v1beta1 Machine is deprecated; use cluster.x-k8s.io/v1beta2 Machine"
2026-06-12T16:05:18.169794627Z I0612 16:05:18.169669       7 warnings.go:110] "Warning: cluster.x-k8s.io/v1beta1 Cluster is deprecated; use cluster.x-k8s.io/v1beta2 Cluster"
2026-06-12T16:06:59.171540877Z I0612 16:06:59.171406       7 warnings.go:110] "Warning: v1 Endpoints is deprecated in v1.33+; use discovery.k8s.io/v1 EndpointSlice"
2026-06-12T16:09:40.171282747Z I0612 16:09:40.171130       7 warnings.go:110] "Warning: cluster.x-k8s.io/v1beta1 Machine is deprecated; use cluster.x-k8s.io/v1beta2 Machine"
2026-06-12T16:12:44.175446903Z I0612 16:12:44.175295       7 warnings.go:110] "Warning: v1 Endpoints is deprecated in v1.33+; use discovery.k8s.io/v1 EndpointSlice"
2026-06-12T16:13:56.174658009Z I0612 16:13:56.174523       7 warnings.go:110] "Warning: cluster.x-k8s.io/v1beta1 Cluster is deprecated; use cluster.x-k8s.io/v1beta2 Cluster"
2026-06-12T16:14:43.174929873Z I0612 16:14:43.174780       7 warnings.go:110] "Warning: cluster.x-k8s.io/v1beta1 Machine is deprecated; use cluster.x-k8s.io/v1beta2 Machine"
2026-06-12T16:20:48.173208159Z I0612 16:20:48.173079       7 warnings.go:110] "Warning: cluster.x-k8s.io/v1beta1 Machine is deprecated; use cluster.x-k8s.io/v1beta2 Machine"
2026-06-12T16:20:54.173982888Z I0612 16:20:54.173858       7 warnings.go:110] "Warning: v1 Endpoints is deprecated in v1.33+; use discovery.k8s.io/v1 EndpointSlice"
2026-06-12T16:21:06.173146302Z I0612 16:21:06.173027       7 warnings.go:110] "Warning: cluster.x-k8s.io/v1beta1 Cluster is deprecated; use cluster.x-k8s.io/v1beta2 Cluster"
2026-06-12T16:26:21.173496905Z I0612 16:26:21.173381       7 warnings.go:110] "Warning: v1 Endpoints is deprecated in v1.33+; use discovery.k8s.io/v1 EndpointSlice"
2026-06-12T16:30:00.172405050Z I0612 16:30:00.172249       7 warnings.go:110] "Warning: cluster.x-k8s.io/v1beta1 Machine is deprecated; use cluster.x-k8s.io/v1beta2 Machine"
2026-06-12T16:30:27.172103458Z I0612 16:30:27.171974       7 warnings.go:110] "Warning: cluster.x-k8s.io/v1beta1 Cluster is deprecated; use cluster.x-k8s.io/v1beta2 Cluster"
2026-06-12T16:31:28.176224405Z I0612 16:31:28.176107       7 warnings.go:110] "Warning: v1 Endpoints is deprecated in v1.33+; use discovery.k8s.io/v1 EndpointSlice"
2026-06-12T16:36:56.180594511Z I0612 16:36:56.180464       7 warnings.go:110] "Warning: cluster.x-k8s.io/v1beta1 Machine is deprecated; use cluster.x-k8s.io/v1beta2 Machine"
2026-06-12T16:37:01.178862809Z I0612 16:37:01.178781       7 warnings.go:110] "Warning: cluster.x-k8s.io/v1beta1 Cluster is deprecated; use cluster.x-k8s.io/v1beta2 Cluster"
2026-06-12T16:40:15.184061967Z I0612 16:40:15.183944       7 warnings.go:110] "Warning: v1 Endpoints is deprecated in v1.33+; use discovery.k8s.io/v1 EndpointSlice"
2026-06-12T16:42:02.182688758Z I0612 16:42:02.182561       7 warnings.go:110] "Warning: cluster.x-k8s.io/v1beta1 Cluster is deprecated; use cluster.x-k8s.io/v1beta2 Cluster"
2026-06-12T16:46:26.186572641Z I0612 16:46:26.186425       7 warnings.go:110] "Warning: cluster.x-k8s.io/v1beta1 Machine is deprecated; use cluster.x-k8s.io/v1beta2 Machine"
2026-06-12T16:48:03.189273333Z I0612 16:48:03.189109       7 warnings.go:110] "Warning: v1 Endpoints is deprecated in v1.33+; use discovery.k8s.io/v1 EndpointSlice"
2026-06-12T16:51:04.188358231Z I0612 16:51:04.188166       7 warnings.go:110] "Warning: cluster.x-k8s.io/v1beta1 Cluster is deprecated; use cluster.x-k8s.io/v1beta2 Cluster"
2026-06-12T16:56:15.185910198Z I0612 16:56:15.185779       7 warnings.go:110] "Warning: cluster.x-k8s.io/v1beta1 Machine is deprecated; use cluster.x-k8s.io/v1beta2 Machine"
2026-06-12T16:57:09.185277559Z I0612 16:57:09.185133       7 warnings.go:110] "Warning: cluster.x-k8s.io/v1beta1 Cluster is deprecated; use cluster.x-k8s.io/v1beta2 Cluster"
2026-06-12T16:57:55.187099752Z I0612 16:57:55.186919       7 warnings.go:110] "Warning: v1 Endpoints is deprecated in v1.33+; use discovery.k8s.io/v1 EndpointSlice"
2026-06-12T17:02:01.185451707Z I0612 17:02:01.185308       7 warnings.go:110] "Warning: cluster.x-k8s.io/v1beta1 Machine is deprecated; use cluster.x-k8s.io/v1beta2 Machine"
2026-06-12T17:04:27.187398713Z I0612 17:04:27.187224       7 warnings.go:110] "Warning: v1 Endpoints is deprecated in v1.33+; use discovery.k8s.io/v1 EndpointSlice"
2026-06-12T17:06:22.186053856Z I0612 17:06:22.185910       7 warnings.go:110] "Warning: cluster.x-k8s.io/v1beta1 Cluster is deprecated; use cluster.x-k8s.io/v1beta2 Cluster"
2026-06-12T17:07:41.187128512Z I0612 17:07:41.186980       7 warnings.go:110] "Warning: cluster.x-k8s.io/v1beta1 Machine is deprecated; use cluster.x-k8s.io/v1beta2 Machine"
2026-06-12T17:09:41.189212561Z I0612 17:09:41.189108       7 warnings.go:110] "Warning: v1 Endpoints is deprecated in v1.33+; use discovery.k8s.io/v1 EndpointSlice"
2026-06-12T17:15:08.189714782Z I0612 17:15:08.189626       7 warnings.go:110] "Warning: cluster.x-k8s.io/v1beta1 Machine is deprecated; use cluster.x-k8s.io/v1beta2 Machine"
2026-06-12T17:16:21.189157597Z I0612 17:16:21.189042       7 warnings.go:110] "Warning: cluster.x-k8s.io/v1beta1 Cluster is deprecated; use cluster.x-k8s.io/v1beta2 Cluster"
2026-06-12T17:16:36.193321359Z I0612 17:16:36.193209       7 warnings.go:110] "Warning: v1 Endpoints is deprecated in v1.33+; use discovery.k8s.io/v1 EndpointSlice"
2026-06-12T17:20:14.196950092Z I0612 17:20:14.196803       7 warnings.go:110] "Warning: cluster.x-k8s.io/v1beta1 Machine is deprecated; use cluster.x-k8s.io/v1beta2 Machine"
2026-06-12T17:22:45.201907011Z I0612 17:22:45.201805       7 warnings.go:110] "Warning: v1 Endpoints is deprecated in v1.33+; use discovery.k8s.io/v1 EndpointSlice"
2026-06-12T17:24:57.198412708Z I0612 17:24:57.198267       7 warnings.go:110] "Warning: cluster.x-k8s.io/v1beta1 Cluster is deprecated; use cluster.x-k8s.io/v1beta2 Cluster"
2026-06-12T17:28:06.203200044Z I0612 17:28:06.203049       7 warnings.go:110] "Warning: cluster.x-k8s.io/v1beta1 Machine is deprecated; use cluster.x-k8s.io/v1beta2 Machine"
2026-06-12T17:29:22.208020303Z I0612 17:29:22.207870       7 warnings.go:110] "Warning: v1 Endpoints is deprecated in v1.33+; use discovery.k8s.io/v1 EndpointSlice"
2026-06-12T17:32:04.203077993Z I0612 17:32:04.202958       7 warnings.go:110] "Warning: cluster.x-k8s.io/v1beta1 Cluster is deprecated; use cluster.x-k8s.io/v1beta2 Cluster"
2026-06-12T17:36:36.206774385Z I0612 17:36:36.206603       7 warnings.go:110] "Warning: cluster.x-k8s.io/v1beta1 Machine is deprecated; use cluster.x-k8s.io/v1beta2 Machine"
2026-06-12T17:37:34.211230172Z I0612 17:37:34.211104       7 warnings.go:110] "Warning: v1 Endpoints is deprecated in v1.33+; use discovery.k8s.io/v1 EndpointSlice"
2026-06-12T17:39:14.206372617Z I0612 17:39:14.206229       7 warnings.go:110] "Warning: cluster.x-k8s.io/v1beta1 Cluster is deprecated; use cluster.x-k8s.io/v1beta2 Cluster"
2026-06-12T17:41:40.209332993Z I0612 17:41:40.209217       7 warnings.go:110] "Warning: cluster.x-k8s.io/v1beta1 Machine is deprecated; use cluster.x-k8s.io/v1beta2 Machine"
2026-06-12T17:43:35.214581084Z I0612 17:43:35.214485       7 warnings.go:110] "Warning: v1 Endpoints is deprecated in v1.33+; use discovery.k8s.io/v1 EndpointSlice"
2026-06-12T17:48:16.214302024Z I0612 17:48:16.214105       7 warnings.go:110] "Warning: cluster.x-k8s.io/v1beta1 Machine is deprecated; use cluster.x-k8s.io/v1beta2 Machine"
2026-06-12T17:48:47.210975645Z I0612 17:48:47.210848       7 warnings.go:110] "Warning: cluster.x-k8s.io/v1beta1 Cluster is deprecated; use cluster.x-k8s.io/v1beta2 Cluster"
2026-06-12T17:51:05.220059172Z I0612 17:51:05.219886       7 warnings.go:110] "Warning: v1 Endpoints is deprecated in v1.33+; use discovery.k8s.io/v1 EndpointSlice"
2026-06-12T17:53:35.213438069Z I0612 17:53:35.213294       7 warnings.go:110] "Warning: cluster.x-k8s.io/v1beta1 Machine is deprecated; use cluster.x-k8s.io/v1beta2 Machine"
2026-06-12T17:54:37.208948735Z I0612 17:54:37.208773       7 warnings.go:110] "Warning: cluster.x-k8s.io/v1beta1 Cluster is deprecated; use cluster.x-k8s.io/v1beta2 Cluster"
2026-06-12T17:58:28.213678486Z I0612 17:58:28.213515       7 warnings.go:110] "Warning: v1 Endpoints is deprecated in v1.33+; use discovery.k8s.io/v1 EndpointSlice"
2026-06-12T17:59:08.210969621Z I0612 17:59:08.210836       7 warnings.go:110] "Warning: cluster.x-k8s.io/v1beta1 Machine is deprecated; use cluster.x-k8s.io/v1beta2 Machine"
2026-06-12T18:04:32.209414934Z I0612 18:04:32.209296       7 warnings.go:110] "Warning: cluster.x-k8s.io/v1beta1 Cluster is deprecated; use cluster.x-k8s.io/v1beta2 Cluster"
2026-06-12T18:05:22.217937754Z I0612 18:05:22.217776       7 warnings.go:110] "Warning: cluster.x-k8s.io/v1beta1 Machine is deprecated; use cluster.x-k8s.io/v1beta2 Machine"
2026-06-12T18:08:24.221620812Z I0612 18:08:24.221427       7 warnings.go:110] "Warning: v1 Endpoints is deprecated in v1.33+; use discovery.k8s.io/v1 EndpointSlice"
2026-06-12T18:10:26.222696014Z I0612 18:10:26.222532       7 warnings.go:110] "Warning: cluster.x-k8s.io/v1beta1 Machine is deprecated; use cluster.x-k8s.io/v1beta2 Machine"
2026-06-12T18:13:39.215757232Z I0612 18:13:39.215582       7 warnings.go:110] "Warning: cluster.x-k8s.io/v1beta1 Cluster is deprecated; use cluster.x-k8s.io/v1beta2 Cluster"
2026-06-12T18:15:23.226695264Z I0612 18:15:23.226539       7 warnings.go:110] "Warning: v1 Endpoints is deprecated in v1.33+; use discovery.k8s.io/v1 EndpointSlice"
2026-06-12T18:15:59.226915598Z I0612 18:15:59.226817       7 warnings.go:110] "Warning: cluster.x-k8s.io/v1beta1 Machine is deprecated; use cluster.x-k8s.io/v1beta2 Machine"
2026-06-12T18:21:36.218907228Z I0612 18:21:36.218748       7 warnings.go:110] "Warning: cluster.x-k8s.io/v1beta1 Cluster is deprecated; use cluster.x-k8s.io/v1beta2 Cluster"
2026-06-12T18:21:43.229637467Z I0612 18:21:43.229482       7 warnings.go:110] "Warning: v1 Endpoints is deprecated in v1.33+; use discovery.k8s.io/v1 EndpointSlice"
2026-06-12T18:24:32.230165352Z I0612 18:24:32.230060       7 warnings.go:110] "Warning: cluster.x-k8s.io/v1beta1 Machine is deprecated; use cluster.x-k8s.io/v1beta2 Machine"
2026-06-12T18:29:38.221864615Z I0612 18:29:38.221747       7 warnings.go:110] "Warning: cluster.x-k8s.io/v1beta1 Cluster is deprecated; use cluster.x-k8s.io/v1beta2 Cluster"
2026-06-12T18:30:07.233451806Z I0612 18:30:07.233314       7 warnings.go:110] "Warning: cluster.x-k8s.io/v1beta1 Machine is deprecated; use cluster.x-k8s.io/v1beta2 Machine"
2026-06-12T18:30:10.232670969Z I0612 18:30:10.232492       7 warnings.go:110] "Warning: v1 Endpoints is deprecated in v1.33+; use discovery.k8s.io/v1 EndpointSlice"
2026-06-12T18:35:16.229317216Z I0612 18:35:16.229166       7 warnings.go:110] "Warning: v1 Endpoints is deprecated in v1.33+; use discovery.k8s.io/v1 EndpointSlice"
2026-06-12T18:37:50.228813420Z I0612 18:37:50.228607       7 warnings.go:110] "Warning: cluster.x-k8s.io/v1beta1 Machine is deprecated; use cluster.x-k8s.io/v1beta2 Machine"
2026-06-12T18:39:28.216511106Z I0612 18:39:28.216381       7 warnings.go:110] "Warning: cluster.x-k8s.io/v1beta1 Cluster is deprecated; use cluster.x-k8s.io/v1beta2 Cluster"
2026-06-12T18:41:47.228020824Z I0612 18:41:47.227923       7 warnings.go:110] "Warning: v1 Endpoints is deprecated in v1.33+; use discovery.k8s.io/v1 EndpointSlice"
2026-06-12T18:44:56.228399121Z I0612 18:44:56.228232       7 warnings.go:110] "Warning: cluster.x-k8s.io/v1beta1 Machine is deprecated; use cluster.x-k8s.io/v1beta2 Machine"
2026-06-12T18:45:04.217461681Z I0612 18:45:04.217300       7 warnings.go:110] "Warning: cluster.x-k8s.io/v1beta1 Cluster is deprecated; use cluster.x-k8s.io/v1beta2 Cluster"
2026-06-12T18:47:20.231041928Z I0612 18:47:20.230870       7 warnings.go:110] "Warning: v1 Endpoints is deprecated in v1.33+; use discovery.k8s.io/v1 EndpointSlice"
2026-06-12T18:52:39.235480259Z I0612 18:52:39.235374       7 warnings.go:110] "Warning: v1 Endpoints is deprecated in v1.33+; use discovery.k8s.io/v1 EndpointSlice"
2026-06-12T18:52:42.224464950Z I0612 18:52:42.224307       7 warnings.go:110] "Warning: cluster.x-k8s.io/v1beta1 Cluster is deprecated; use cluster.x-k8s.io/v1beta2 Cluster"
2026-06-12T18:54:17.235941468Z I0612 18:54:17.235712       7 warnings.go:110] "Warning: cluster.x-k8s.io/v1beta1 Machine is deprecated; use cluster.x-k8s.io/v1beta2 Machine"
2026-06-12T18:59:56.241187021Z I0612 18:59:56.241031       7 warnings.go:110] "Warning: v1 Endpoints is deprecated in v1.33+; use discovery.k8s.io/v1 EndpointSlice"
2026-06-12T19:02:12.241005439Z I0612 19:02:12.240840       7 warnings.go:110] "Warning: cluster.x-k8s.io/v1beta1 Machine is deprecated; use cluster.x-k8s.io/v1beta2 Machine"
2026-06-12T19:02:21.229911917Z I0612 19:02:21.229794       7 warnings.go:110] "Warning: cluster.x-k8s.io/v1beta1 Cluster is deprecated; use cluster.x-k8s.io/v1beta2 Cluster"
2026-06-12T19:06:20.243154906Z I0612 19:06:20.243017       7 warnings.go:110] "Warning: v1 Endpoints is deprecated in v1.33+; use discovery.k8s.io/v1 EndpointSlice"
2026-06-12T19:09:19.243057571Z I0612 19:09:19.242954       7 warnings.go:110] "Warning: cluster.x-k8s.io/v1beta1 Machine is deprecated; use cluster.x-k8s.io/v1beta2 Machine"
2026-06-12T19:12:06.232742108Z I0612 19:12:06.232596       7 warnings.go:110] "Warning: cluster.x-k8s.io/v1beta1 Cluster is deprecated; use cluster.x-k8s.io/v1beta2 Cluster"
2026-06-12T19:13:20.245407009Z I0612 19:13:20.245242       7 warnings.go:110] "Warning: v1 Endpoints is deprecated in v1.33+; use discovery.k8s.io/v1 EndpointSlice"
2026-06-12T19:18:23.248923618Z I0612 19:18:23.248759       7 warnings.go:110] "Warning: cluster.x-k8s.io/v1beta1 Machine is deprecated; use cluster.x-k8s.io/v1beta2 Machine"
2026-06-12T19:20:47.238630853Z I0612 19:20:47.238497       7 warnings.go:110] "Warning: cluster.x-k8s.io/v1beta1 Cluster is deprecated; use cluster.x-k8s.io/v1beta2 Cluster"
2026-06-12T19:22:56.253079645Z I0612 19:22:56.252966       7 warnings.go:110] "Warning: v1 Endpoints is deprecated in v1.33+; use discovery.k8s.io/v1 EndpointSlice"
2026-06-12T19:24:48.254996647Z I0612 19:24:48.254874       7 warnings.go:110] "Warning: cluster.x-k8s.io/v1beta1 Machine is deprecated; use cluster.x-k8s.io/v1beta2 Machine"
2026-06-12T19:28:18.257893829Z I0612 19:28:18.257763       7 warnings.go:110] "Warning: v1 Endpoints is deprecated in v1.33+; use discovery.k8s.io/v1 EndpointSlice"
2026-06-12T19:29:55.245758302Z I0612 19:29:55.245593       7 warnings.go:110] "Warning: cluster.x-k8s.io/v1beta1 Cluster is deprecated; use cluster.x-k8s.io/v1beta2 Cluster"
2026-06-12T19:31:01.260659783Z I0612 19:31:01.260504       7 warnings.go:110] "Warning: cluster.x-k8s.io/v1beta1 Machine is deprecated; use cluster.x-k8s.io/v1beta2 Machine"
2026-06-12T19:35:10.261125196Z I0612 19:35:10.261001       7 warnings.go:110] "Warning: v1 Endpoints is deprecated in v1.33+; use discovery.k8s.io/v1 EndpointSlice"
2026-06-12T19:37:39.247763306Z I0612 19:37:39.247624       7 warnings.go:110] "Warning: cluster.x-k8s.io/v1beta1 Cluster is deprecated; use cluster.x-k8s.io/v1beta2 Cluster"
2026-06-12T19:40:50.263117706Z I0612 19:40:50.262948       7 warnings.go:110] "Warning: cluster.x-k8s.io/v1beta1 Machine is deprecated; use cluster.x-k8s.io/v1beta2 Machine"
2026-06-12T19:44:31.263799791Z I0612 19:44:31.263661       7 warnings.go:110] "Warning: v1 Endpoints is deprecated in v1.33+; use discovery.k8s.io/v1 EndpointSlice"
2026-06-12T19:45:58.264194044Z I0612 19:45:58.264078       7 warnings.go:110] "Warning: cluster.x-k8s.io/v1beta1 Machine is deprecated; use cluster.x-k8s.io/v1beta2 Machine"
2026-06-12T19:47:31.248568283Z I0612 19:47:31.248413       7 warnings.go:110] "Warning: cluster.x-k8s.io/v1beta1 Cluster is deprecated; use cluster.x-k8s.io/v1beta2 Cluster"
2026-06-12T19:53:52.247328357Z I0612 19:53:52.247164       7 warnings.go:110] "Warning: cluster.x-k8s.io/v1beta1 Cluster is deprecated; use cluster.x-k8s.io/v1beta2 Cluster"
2026-06-12T19:53:53.262137115Z I0612 19:53:53.261981       7 warnings.go:110] "Warning: cluster.x-k8s.io/v1beta1 Machine is deprecated; use cluster.x-k8s.io/v1beta2 Machine"
2026-06-12T19:54:23.260073821Z I0612 19:54:23.259906       7 warnings.go:110] "Warning: v1 Endpoints is deprecated in v1.33+; use discovery.k8s.io/v1 EndpointSlice"
2026-06-12T20:01:27.258483746Z I0612 20:01:27.258336       7 warnings.go:110] "Warning: cluster.x-k8s.io/v1beta1 Machine is deprecated; use cluster.x-k8s.io/v1beta2 Machine"
2026-06-12T20:02:09.243902496Z I0612 20:02:09.243753       7 warnings.go:110] "Warning: cluster.x-k8s.io/v1beta1 Cluster is deprecated; use cluster.x-k8s.io/v1beta2 Cluster"
2026-06-12T20:03:33.254689525Z I0612 20:03:33.254526       7 warnings.go:110] "Warning: v1 Endpoints is deprecated in v1.33+; use discovery.k8s.io/v1 EndpointSlice"
2026-06-12T20:08:29.240588770Z I0612 20:08:29.240466       7 warnings.go:110] "Warning: cluster.x-k8s.io/v1beta1 Cluster is deprecated; use cluster.x-k8s.io/v1beta2 Cluster"
2026-06-12T20:10:45.252317272Z I0612 20:10:45.252167       7 warnings.go:110] "Warning: v1 Endpoints is deprecated in v1.33+; use discovery.k8s.io/v1 EndpointSlice"
2026-06-12T20:11:06.252563635Z I0612 20:11:06.252417       7 warnings.go:110] "Warning: cluster.x-k8s.io/v1beta1 Machine is deprecated; use cluster.x-k8s.io/v1beta2 Machine"
2026-06-12T20:17:17.239734089Z I0612 20:17:17.239635       7 warnings.go:110] "Warning: cluster.x-k8s.io/v1beta1 Cluster is deprecated; use cluster.x-k8s.io/v1beta2 Cluster"
2026-06-12T20:17:19.251774698Z I0612 20:17:19.251669       7 warnings.go:110] "Warning: v1 Endpoints is deprecated in v1.33+; use discovery.k8s.io/v1 EndpointSlice"
2026-06-12T20:19:00.251854783Z I0612 20:19:00.251750       7 warnings.go:110] "Warning: cluster.x-k8s.io/v1beta1 Machine is deprecated; use cluster.x-k8s.io/v1beta2 Machine"
2026-06-12T20:24:33.240639266Z I0612 20:24:33.240483       7 warnings.go:110] "Warning: cluster.x-k8s.io/v1beta1 Cluster is deprecated; use cluster.x-k8s.io/v1beta2 Cluster"
2026-06-12T20:26:24.252720691Z I0612 20:26:24.252625       7 warnings.go:110] "Warning: cluster.x-k8s.io/v1beta1 Machine is deprecated; use cluster.x-k8s.io/v1beta2 Machine"
2026-06-12T20:27:02.252232301Z I0612 20:27:02.252084       7 warnings.go:110] "Warning: v1 Endpoints is deprecated in v1.33+; use discovery.k8s.io/v1 EndpointSlice"
2026-06-12T20:30:31.242663266Z I0612 20:30:31.242553       7 warnings.go:110] "Warning: cluster.x-k8s.io/v1beta1 Cluster is deprecated; use cluster.x-k8s.io/v1beta2 Cluster"
2026-06-12T20:34:04.255509305Z I0612 20:34:04.255325       7 warnings.go:110] "Warning: cluster.x-k8s.io/v1beta1 Machine is deprecated; use cluster.x-k8s.io/v1beta2 Machine"
2026-06-12T20:35:18.255875608Z I0612 20:35:18.255733       7 warnings.go:110] "Warning: v1 Endpoints is deprecated in v1.33+; use discovery.k8s.io/v1 EndpointSlice"
2026-06-12T20:38:13.246568682Z I0612 20:38:13.246423       7 warnings.go:110] "Warning: cluster.x-k8s.io/v1beta1 Cluster is deprecated; use cluster.x-k8s.io/v1beta2 Cluster"
2026-06-12T20:41:29.258866769Z I0612 20:41:29.258740       7 warnings.go:110] "Warning: v1 Endpoints is deprecated in v1.33+; use discovery.k8s.io/v1 EndpointSlice"
2026-06-12T20:42:18.259152929Z I0612 20:42:18.259037       7 warnings.go:110] "Warning: cluster.x-k8s.io/v1beta1 Machine is deprecated; use cluster.x-k8s.io/v1beta2 Machine"
2026-06-12T20:44:45.249315216Z I0612 20:44:45.249191       7 warnings.go:110] "Warning: cluster.x-k8s.io/v1beta1 Cluster is deprecated; use cluster.x-k8s.io/v1beta2 Cluster"
2026-06-12T20:48:04.262233025Z I0612 20:48:04.262058       7 warnings.go:110] "Warning: v1 Endpoints is deprecated in v1.33+; use discovery.k8s.io/v1 EndpointSlice"
2026-06-12T20:49:04.263720350Z I0612 20:49:04.263548       7 warnings.go:110] "Warning: cluster.x-k8s.io/v1beta1 Machine is deprecated; use cluster.x-k8s.io/v1beta2 Machine"
2026-06-12T20:51:54.253760078Z I0612 20:51:54.253543       7 warnings.go:110] "Warning: cluster.x-k8s.io/v1beta1 Cluster is deprecated; use cluster.x-k8s.io/v1beta2 Cluster"
2026-06-12T20:56:00.266526079Z I0612 20:56:00.266348       7 warnings.go:110] "Warning: v1 Endpoints is deprecated in v1.33+; use discovery.k8s.io/v1 EndpointSlice"
2026-06-12T20:57:49.256483886Z I0612 20:57:49.256362       7 warnings.go:110] "Warning: cluster.x-k8s.io/v1beta1 Cluster is deprecated; use cluster.x-k8s.io/v1beta2 Cluster"
2026-06-12T20:58:34.268087426Z I0612 20:58:34.267894       7 warnings.go:110] "Warning: cluster.x-k8s.io/v1beta1 Machine is deprecated; use cluster.x-k8s.io/v1beta2 Machine"
2026-06-12T21:02:05.270453672Z I0612 21:02:05.270325       7 warnings.go:110] "Warning: v1 Endpoints is deprecated in v1.33+; use discovery.k8s.io/v1 EndpointSlice"
2026-06-12T21:04:03.260130694Z I0612 21:04:03.259993       7 warnings.go:110] "Warning: cluster.x-k8s.io/v1beta1 Cluster is deprecated; use cluster.x-k8s.io/v1beta2 Cluster"
2026-06-12T21:04:18.272021716Z I0612 21:04:18.271904       7 warnings.go:110] "Warning: cluster.x-k8s.io/v1beta1 Machine is deprecated; use cluster.x-k8s.io/v1beta2 Machine"
2026-06-12T21:09:15.263593753Z I0612 21:09:15.263500       7 warnings.go:110] "Warning: cluster.x-k8s.io/v1beta1 Cluster is deprecated; use cluster.x-k8s.io/v1beta2 Cluster"
2026-06-12T21:11:45.276370264Z I0612 21:11:45.276239       7 warnings.go:110] "Warning: v1 Endpoints is deprecated in v1.33+; use discovery.k8s.io/v1 EndpointSlice"
2026-06-12T21:13:58.277088765Z I0612 21:13:58.276941       7 warnings.go:110] "Warning: cluster.x-k8s.io/v1beta1 Machine is deprecated; use cluster.x-k8s.io/v1beta2 Machine"
2026-06-12T21:18:33.265691763Z I0612 21:18:33.265481       7 warnings.go:110] "Warning: cluster.x-k8s.io/v1beta1 Cluster is deprecated; use cluster.x-k8s.io/v1beta2 Cluster"
2026-06-12T21:20:02.276236257Z I0612 21:20:02.276152       7 warnings.go:110] "Warning: v1 Endpoints is deprecated in v1.33+; use discovery.k8s.io/v1 EndpointSlice"
2026-06-12T21:20:57.276771697Z I0612 21:20:57.276577       7 warnings.go:110] "Warning: cluster.x-k8s.io/v1beta1 Machine is deprecated; use cluster.x-k8s.io/v1beta2 Machine"
2026-06-12T21:25:56.265846180Z I0612 21:25:56.265670       7 warnings.go:110] "Warning: cluster.x-k8s.io/v1beta1 Cluster is deprecated; use cluster.x-k8s.io/v1beta2 Cluster"
2026-06-12T21:27:19.277410605Z I0612 21:27:19.277288       7 warnings.go:110] "Warning: cluster.x-k8s.io/v1beta1 Machine is deprecated; use cluster.x-k8s.io/v1beta2 Machine"
2026-06-12T21:28:17.278327716Z I0612 21:28:17.278077       7 warnings.go:110] "Warning: v1 Endpoints is deprecated in v1.33+; use discovery.k8s.io/v1 EndpointSlice"
2026-06-12T21:32:50.281970471Z I0612 21:32:50.281806       7 warnings.go:110] "Warning: cluster.x-k8s.io/v1beta1 Cluster is deprecated; use cluster.x-k8s.io/v1beta2 Cluster"
2026-06-12T21:37:02.308353146Z I0612 21:37:02.308260       7 warnings.go:110] "Warning: v1 Endpoints is deprecated in v1.33+; use discovery.k8s.io/v1 EndpointSlice"
2026-06-12T21:37:16.309923603Z I0612 21:37:16.309733       7 warnings.go:110] "Warning: cluster.x-k8s.io/v1beta1 Machine is deprecated; use cluster.x-k8s.io/v1beta2 Machine"
2026-06-12T21:39:56.307735698Z I0612 21:39:56.307616       7 warnings.go:110] "Warning: cluster.x-k8s.io/v1beta1 Cluster is deprecated; use cluster.x-k8s.io/v1beta2 Cluster"
2026-06-12T21:43:03.324260891Z I0612 21:43:03.324119       7 warnings.go:110] "Warning: v1 Endpoints is deprecated in v1.33+; use discovery.k8s.io/v1 EndpointSlice"
2026-06-12T21:44:36.327068101Z I0612 21:44:36.326931       7 warnings.go:110] "Warning: cluster.x-k8s.io/v1beta1 Machine is deprecated; use cluster.x-k8s.io/v1beta2 Machine"
2026-06-12T21:48:59.337246665Z I0612 21:48:59.337120       7 warnings.go:110] "Warning: v1 Endpoints is deprecated in v1.33+; use discovery.k8s.io/v1 EndpointSlice"
2026-06-12T21:49:10.327099551Z I0612 21:49:10.326948       7 warnings.go:110] "Warning: cluster.x-k8s.io/v1beta1 Cluster is deprecated; use cluster.x-k8s.io/v1beta2 Cluster"
2026-06-12T21:50:10.338413505Z I0612 21:50:10.338258       7 warnings.go:110] "Warning: cluster.x-k8s.io/v1beta1 Machine is deprecated; use cluster.x-k8s.io/v1beta2 Machine"
2026-06-12T21:54:31.320671429Z I0612 21:54:31.320523       7 warnings.go:110] "Warning: v1 Endpoints is deprecated in v1.33+; use discovery.k8s.io/v1 EndpointSlice"
2026-06-12T21:55:55.313304125Z I0612 21:55:55.313153       7 warnings.go:110] "Warning: cluster.x-k8s.io/v1beta1 Machine is deprecated; use cluster.x-k8s.io/v1beta2 Machine"
2026-06-12T21:58:10.294776464Z I0612 21:58:10.294619       7 warnings.go:110] "Warning: cluster.x-k8s.io/v1beta1 Cluster is deprecated; use cluster.x-k8s.io/v1beta2 Cluster"
2026-06-12T22:02:29.300187168Z I0612 22:02:29.300070       7 warnings.go:110] "Warning: v1 Endpoints is deprecated in v1.33+; use discovery.k8s.io/v1 EndpointSlice"
2026-06-12T22:03:07.297155038Z I0612 22:03:07.296985       7 warnings.go:110] "Warning: cluster.x-k8s.io/v1beta1 Machine is deprecated; use cluster.x-k8s.io/v1beta2 Machine"
2026-06-12T22:03:35.287255911Z I0612 22:03:35.287122       7 warnings.go:110] "Warning: cluster.x-k8s.io/v1beta1 Cluster is deprecated; use cluster.x-k8s.io/v1beta2 Cluster"
2026-06-12T22:08:43.285864687Z I0612 22:08:43.285709       7 warnings.go:110] "Warning: cluster.x-k8s.io/v1beta1 Cluster is deprecated; use cluster.x-k8s.io/v1beta2 Cluster"
2026-06-12T22:10:28.296928519Z I0612 22:10:28.296835       7 warnings.go:110] "Warning: v1 Endpoints is deprecated in v1.33+; use discovery.k8s.io/v1 EndpointSlice"
2026-06-12T22:11:49.294242899Z I0612 22:11:49.294117       7 warnings.go:110] "Warning: cluster.x-k8s.io/v1beta1 Machine is deprecated; use cluster.x-k8s.io/v1beta2 Machine"
2026-06-12T22:18:29.300736203Z I0612 22:18:29.300613       7 warnings.go:110] "Warning: v1 Endpoints is deprecated in v1.33+; use discovery.k8s.io/v1 EndpointSlice"
2026-06-12T22:18:36.289792399Z I0612 22:18:36.289629       7 warnings.go:110] "Warning: cluster.x-k8s.io/v1beta1 Cluster is deprecated; use cluster.x-k8s.io/v1beta2 Cluster"
2026-06-12T22:21:44.301495285Z I0612 22:21:44.301364       7 warnings.go:110] "Warning: cluster.x-k8s.io/v1beta1 Machine is deprecated; use cluster.x-k8s.io/v1beta2 Machine"
2026-06-12T22:24:20.295827703Z I0612 22:24:20.295680       7 warnings.go:110] "Warning: cluster.x-k8s.io/v1beta1 Cluster is deprecated; use cluster.x-k8s.io/v1beta2 Cluster"
2026-06-12T22:26:41.308648796Z I0612 22:26:41.308529       7 warnings.go:110] "Warning: v1 Endpoints is deprecated in v1.33+; use discovery.k8s.io/v1 EndpointSlice"
2026-06-12T22:30:15.307691608Z I0612 22:30:15.307495       7 warnings.go:110] "Warning: cluster.x-k8s.io/v1beta1 Machine is deprecated; use cluster.x-k8s.io/v1beta2 Machine"
2026-06-12T22:32:33.310316447Z I0612 22:32:33.310194       7 warnings.go:110] "Warning: v1 Endpoints is deprecated in v1.33+; use discovery.k8s.io/v1 EndpointSlice"
2026-06-12T22:33:28.298886846Z I0612 22:33:28.298788       7 warnings.go:110] "Warning: cluster.x-k8s.io/v1beta1 Cluster is deprecated; use cluster.x-k8s.io/v1beta2 Cluster"
2026-06-12T22:37:10.307096239Z I0612 22:37:10.306994       7 warnings.go:110] "Warning: cluster.x-k8s.io/v1beta1 Machine is deprecated; use cluster.x-k8s.io/v1beta2 Machine"
2026-06-12T22:37:41.310871640Z I0612 22:37:41.310770       7 warnings.go:110] "Warning: v1 Endpoints is deprecated in v1.33+; use discovery.k8s.io/v1 EndpointSlice"
2026-06-12T22:41:23.298916317Z I0612 22:41:23.298771       7 warnings.go:110] "Warning: cluster.x-k8s.io/v1beta1 Cluster is deprecated; use cluster.x-k8s.io/v1beta2 Cluster"
2026-06-12T22:44:55.308303912Z I0612 22:44:55.308143       7 warnings.go:110] "Warning: cluster.x-k8s.io/v1beta1 Machine is deprecated; use cluster.x-k8s.io/v1beta2 Machine"
2026-06-12T22:45:48.311232450Z I0612 22:45:48.311107       7 warnings.go:110] "Warning: v1 Endpoints is deprecated in v1.33+; use discovery.k8s.io/v1 EndpointSlice"
2026-06-12T22:51:06.304679475Z I0612 22:51:06.304487       7 warnings.go:110] "Warning: cluster.x-k8s.io/v1beta1 Cluster is deprecated; use cluster.x-k8s.io/v1beta2 Cluster"
2026-06-12T22:52:35.313039173Z I0612 22:52:35.312890       7 warnings.go:110] "Warning: cluster.x-k8s.io/v1beta1 Machine is deprecated; use cluster.x-k8s.io/v1beta2 Machine"
2026-06-12T22:53:14.315842613Z I0612 22:53:14.315697       7 warnings.go:110] "Warning: v1 Endpoints is deprecated in v1.33+; use discovery.k8s.io/v1 EndpointSlice"
2026-06-12T22:56:41.305472064Z I0612 22:56:41.305329       7 warnings.go:110] "Warning: cluster.x-k8s.io/v1beta1 Cluster is deprecated; use cluster.x-k8s.io/v1beta2 Cluster"
2026-06-12T22:59:14.313098701Z I0612 22:59:14.312963       7 warnings.go:110] "Warning: cluster.x-k8s.io/v1beta1 Machine is deprecated; use cluster.x-k8s.io/v1beta2 Machine"
2026-06-12T23:01:51.316177409Z I0612 23:01:51.316013       7 warnings.go:110] "Warning: v1 Endpoints is deprecated in v1.33+; use discovery.k8s.io/v1 EndpointSlice"
2026-06-12T23:05:37.305883871Z I0612 23:05:37.305710       7 warnings.go:110] "Warning: cluster.x-k8s.io/v1beta1 Cluster is deprecated; use cluster.x-k8s.io/v1beta2 Cluster"
2026-06-12T23:08:50.312528935Z I0612 23:08:50.312390       7 warnings.go:110] "Warning: cluster.x-k8s.io/v1beta1 Machine is deprecated; use cluster.x-k8s.io/v1beta2 Machine"
2026-06-12T23:10:43.307475658Z I0612 23:10:43.307320       7 warnings.go:110] "Warning: cluster.x-k8s.io/v1beta1 Cluster is deprecated; use cluster.x-k8s.io/v1beta2 Cluster"
2026-06-12T23:10:57.317014726Z I0612 23:10:57.316897       7 warnings.go:110] "Warning: v1 Endpoints is deprecated in v1.33+; use discovery.k8s.io/v1 EndpointSlice"
