Jun 12 10:38:32.095958 hp-117-tink-system systemd[1]: Starting Rancher Bootstrap...
Jun 12 10:38:32.231918 hp-117-tink-system rancherd[2503]: time="2026-06-12T10:38:32Z" level=info msg="Loading config file [/usr/share/rancher/rancherd/config.yaml.d/50-defaults.yaml]"
Jun 12 10:38:32.232518 hp-117-tink-system rancherd[2503]: time="2026-06-12T10:38:32Z" level=info msg="Loading config file [/usr/share/rancher/rancherd/config.yaml.d/91-harvester-bootstrap-repo.yaml]"
Jun 12 10:38:32.232761 hp-117-tink-system rancherd[2503]: time="2026-06-12T10:38:32Z" level=info msg="Loading config file [/etc/rancher/rancherd/config.yaml]"
Jun 12 10:38:32.233139 hp-117-tink-system rancherd[2503]: time="2026-06-12T10:38:32Z" level=info msg="Loading config file [/etc/rancher/rancherd/config.yaml.d/10-harvester.yaml]"
Jun 12 10:38:32.234480 hp-117-tink-system rancherd[2503]: time="2026-06-12T10:38:32Z" level=info msg="Loading config file [/etc/rancher/rancherd/config.yaml.d/11-monitoring-crd.yaml]"
Jun 12 10:38:32.234694 hp-117-tink-system rancherd[2503]: time="2026-06-12T10:38:32Z" level=info msg="Loading config file [/etc/rancher/rancherd/config.yaml.d/12-monitoring-dashboard.yaml]"
Jun 12 10:38:32.238036 hp-117-tink-system rancherd[2503]: time="2026-06-12T10:38:32Z" level=info msg="Loading config file [/etc/rancher/rancherd/config.yaml.d/14-logging-crd.yaml]"
Jun 12 10:38:32.238227 hp-117-tink-system rancherd[2503]: time="2026-06-12T10:38:32Z" level=info msg="Loading config file [/etc/rancher/rancherd/config.yaml.d/15-kubeovn-operator-crd.yaml]"
Jun 12 10:38:32.238420 hp-117-tink-system rancherd[2503]: time="2026-06-12T10:38:32Z" level=info msg="Loading config file [/etc/rancher/rancherd/config.yaml.d/20-harvester-settings.yaml]"
Jun 12 10:38:32.238556 hp-117-tink-system rancherd[2503]: time="2026-06-12T10:38:32Z" level=info msg="Loading config file [/etc/rancher/rancherd/config.yaml.d/22-addons.yaml]"
Jun 12 10:38:32.255011 hp-117-tink-system rancherd[2503]: time="2026-06-12T10:38:32Z" level=info msg="Bootstrapping Rancher (v2.14.2/v1.35.5+rke2r1)"
Jun 12 10:38:32.255216 hp-117-tink-system rancherd[2503]: time="2026-06-12T10:38:32Z" level=info msg="Loading config file [/usr/share/rancher/rancherd/config.yaml.d/91-harvester-bootstrap-repo.yaml]"
Jun 12 10:38:32.269547 hp-117-tink-system rancherd[2503]: time="2026-06-12T10:38:32Z" level=info msg="Writing plan file to /var/lib/rancher/rancherd/plan/plan.json"
Jun 12 10:38:32.272898 hp-117-tink-system rancherd[2503]: time="2026-06-12T10:38:32Z" level=info msg="[Applyinator] Applying one-time instructions for plan with checksum "
Jun 12 10:38:32.272898 hp-117-tink-system rancherd[2503]: time="2026-06-12T10:38:32Z" level=info msg="[Applyinator] Extracting image rancher/system-agent-installer-rke2:v1.35.5-rke2r1 to directory /var/lib/rancher/rancherd/plan/work/20260612-103832/_0"
Jun 12 10:38:32.273163 hp-117-tink-system rancherd[2503]: time="2026-06-12T10:38:32Z" level=info msg="Checking local image archives in /var/lib/rancher/agent/images for index.docker.io/rancher/system-agent-installer-rke2:v1.35.5-rke2r1"
Jun 12 10:38:32.647360 hp-117-tink-system rancherd[2503]: time="2026-06-12T10:38:32Z" level=info msg="Extracting file installer.sh to /var/lib/rancher/rancherd/plan/work/20260612-103832/_0/installer.sh"
Jun 12 10:38:32.647586 hp-117-tink-system rancherd[2503]: time="2026-06-12T10:38:32Z" level=info msg="Extracting file rke2-images-core.linux-amd64.txt to /var/lib/rancher/rancherd/plan/work/20260612-103832/_0/rke2-images-core.linux-amd64.txt"
Jun 12 10:38:32.647772 hp-117-tink-system rancherd[2503]: time="2026-06-12T10:38:32Z" level=info msg="Extracting file rke2.linux-amd64.tar.gz to /var/lib/rancher/rancherd/plan/work/20260612-103832/_0/rke2.linux-amd64.tar.gz"
Jun 12 10:38:32.702944 hp-117-tink-system rancherd[2503]: time="2026-06-12T10:38:32Z" level=info msg="Extracting file sha256sum-amd64.txt to /var/lib/rancher/rancherd/plan/work/20260612-103832/_0/sha256sum-amd64.txt"
Jun 12 10:38:32.810211 hp-117-tink-system rancherd[2503]: time="2026-06-12T10:38:32Z" level=info msg="Extracting file run.sh to /var/lib/rancher/rancherd/plan/work/20260612-103832/_0/run.sh"
Jun 12 10:38:32.810412 hp-117-tink-system rancherd[2503]: time="2026-06-12T10:38:32Z" level=info msg="[Applyinator] Running command:  []"
Jun 12 10:38:32.813263 hp-117-tink-system rancherd[2503]: time="2026-06-12T10:38:32Z" level=info msg="[_0:stderr]: + SA_INSTALL_PREFIX=/usr/local"
Jun 12 10:38:32.813338 hp-117-tink-system rancherd[2503]: time="2026-06-12T10:38:32Z" level=info msg="[_0:stderr]: + RKE2_DATA_DIR=/var/lib/rancher/rke2"
Jun 12 10:38:32.813338 hp-117-tink-system rancherd[2503]: time="2026-06-12T10:38:32Z" level=info msg="[_0:stderr]: + mkdir -p /var/lib/rancher/rke2"
Jun 12 10:38:32.815435 hp-117-tink-system rancherd[2503]: time="2026-06-12T10:38:32Z" level=info msg="[_0:stderr]: + SAI_FILE_DIR=/var/lib/rancher/rke2/system-agent-installer"
Jun 12 10:38:32.815435 hp-117-tink-system rancherd[2503]: time="2026-06-12T10:38:32Z" level=info msg="[_0:stderr]: + RESTART_STAMP_FILE=/var/lib/rancher/rke2/system-agent-installer/rke2_restart_stamp"
Jun 12 10:38:32.815435 hp-117-tink-system rancherd[2503]: time="2026-06-12T10:38:32Z" level=info msg="[_0:stderr]: + RKE2_SA_ENV_FILE_NAME=rke2-sa.env"
Jun 12 10:38:32.815435 hp-117-tink-system rancherd[2503]: time="2026-06-12T10:38:32Z" level=info msg="[_0:stderr]: + '[' '!' -d /var/lib/rancher/rke2/system-agent-installer ']'"
Jun 12 10:38:32.815610 hp-117-tink-system rancherd[2503]: time="2026-06-12T10:38:32Z" level=info msg="[_0:stderr]: + mkdir -p /var/lib/rancher/rke2/system-agent-installer"
Jun 12 10:38:32.817392 hp-117-tink-system rancherd[2503]: time="2026-06-12T10:38:32Z" level=info msg="[_0:stderr]: + check_target_mountpoint"
Jun 12 10:38:32.817392 hp-117-tink-system rancherd[2503]: time="2026-06-12T10:38:32Z" level=info msg="[_0:stderr]: + mountpoint -q /usr/local"
Jun 12 10:38:32.820193 hp-117-tink-system rancherd[2503]: time="2026-06-12T10:38:32Z" level=info msg="[_0:stdout]: /usr/local is ro or a mount point"
Jun 12 10:38:32.820193 hp-117-tink-system rancherd[2503]: time="2026-06-12T10:38:32Z" level=info msg="[_0:stderr]: + echo '/usr/local is ro or a mount point'"
Jun 12 10:38:32.820294 hp-117-tink-system rancherd[2503]: time="2026-06-12T10:38:32Z" level=info msg="[_0:stderr]: + SA_INSTALL_PREFIX=/opt/rke2"
Jun 12 10:38:32.820294 hp-117-tink-system rancherd[2503]: time="2026-06-12T10:38:32Z" level=info msg="[_0:stderr]: + '[' /opt/rke2 = /opt/rke2 ']'"
Jun 12 10:38:32.820294 hp-117-tink-system rancherd[2503]: time="2026-06-12T10:38:32Z" level=info msg="[_0:stderr]: + SYSTEMD_BASE_PATH=/etc/systemd/system"
Jun 12 10:38:32.820294 hp-117-tink-system rancherd[2503]: time="2026-06-12T10:38:32Z" level=info msg="[_0:stderr]: + RKE2_SA_ENV_FILE_PATH=/var/lib/rancher/rke2/system-agent-installer/rke2-sa.env"
Jun 12 10:38:32.820294 hp-117-tink-system rancherd[2503]: time="2026-06-12T10:38:32Z" level=info msg="[_0:stderr]: + RKE2_SA_ENV_SRV_REF=EnvironmentFile=-/var/lib/rancher/rke2/system-agent-installer/rke2-sa.env"
Jun 12 10:38:32.820294 hp-117-tink-system rancherd[2503]: time="2026-06-12T10:38:32Z" level=info msg="[_0:stderr]: + '[' -f /var/lib/rancher/rke2/system-agent-installer/rke2_restart_stamp ']'"
Jun 12 10:38:32.820464 hp-117-tink-system rancherd[2503]: time="2026-06-12T10:38:32Z" level=info msg="[_0:stderr]: + '[' -n rancher/system-agent-installer-rke2:v1.35.5-rke2r1 ']'"
Jun 12 10:38:32.820464 hp-117-tink-system rancherd[2503]: time="2026-06-12T10:38:32Z" level=info msg="[_0:stderr]: + '[' '' '!=' rancher/system-agent-installer-rke2:v1.35.5-rke2r1 ']'"
Jun 12 10:38:32.820464 hp-117-tink-system rancherd[2503]: time="2026-06-12T10:38:32Z" level=info msg="[_0:stderr]: + RESTART=true"
Jun 12 10:38:32.820464 hp-117-tink-system rancherd[2503]: time="2026-06-12T10:38:32Z" level=info msg="[_0:stderr]: + env INSTALL_RKE2_ARTIFACT_PATH=/var/lib/rancher/rancherd/plan/work/20260612-103832/_0 INSTALL_RKE2_TAR_PREFIX=/opt/rke2 installer.sh"
Jun 12 10:38:32.854992 hp-117-tink-system rancherd[2503]: time="2026-06-12T10:38:32Z" level=info msg="[_0:stdout]: [INFO]  staging local checksums from /var/lib/rancher/rancherd/plan/work/20260612-103832/_0/sha256sum-amd64.txt"
Jun 12 10:38:32.860990 hp-117-tink-system rancherd[2503]: time="2026-06-12T10:38:32Z" level=info msg="[_0:stdout]: [INFO]  staging tarball from /var/lib/rancher/rancherd/plan/work/20260612-103832/_0/rke2.linux-amd64.tar.gz"
Jun 12 10:38:32.889465 hp-117-tink-system rancherd[2503]: time="2026-06-12T10:38:32Z" level=info msg="[_0:stdout]: [INFO]  verifying tarball"
Jun 12 10:38:33.226064 hp-117-tink-system rancherd[2503]: time="2026-06-12T10:38:33Z" level=info msg="[_0:stdout]: [INFO]  unpacking tarball file to /opt/rke2"
Jun 12 10:38:34.648265 hp-117-tink-system rancherd[2503]: time="2026-06-12T10:38:34Z" level=info msg="[_0:stdout]: [INFO]  updating tarball contents to reflect install path"
Jun 12 10:38:34.651668 hp-117-tink-system rancherd[2503]: time="2026-06-12T10:38:34Z" level=info msg="[_0:stdout]: [INFO]  moving systemd units to /etc/systemd/system"
Jun 12 10:38:34.654638 hp-117-tink-system rancherd[2503]: time="2026-06-12T10:38:34Z" level=info msg="[_0:stdout]: [INFO]  install complete; you may want to run:  export PATH=$PATH:/opt/rke2/bin"
Jun 12 10:38:35.085745 hp-117-tink-system rancherd[2503]: time="2026-06-12T10:38:35Z" level=info msg="[_0:stderr]: + '[' -f /var/lib/rancher/rke2/system-agent-installer/rke2-sa.env ']'"
Jun 12 10:38:35.085745 hp-117-tink-system rancherd[2503]: time="2026-06-12T10:38:35Z" level=info msg="[_0:stderr]: + OLD_ENV_FILE_PATH_HASH=e3b0c44298fc1c149afbf4c8996fb92427ae41e4649b934ca495991b7852b855"
Jun 12 10:38:35.085745 hp-117-tink-system rancherd[2503]: time="2026-06-12T10:38:35Z" level=info msg="[_0:stderr]: + install -m 600 /dev/null /var/lib/rancher/rke2/system-agent-installer/rke2-sa.env"
Jun 12 10:38:35.100220 hp-117-tink-system rancherd[2503]: time="2026-06-12T10:38:35Z" level=info msg="[_0:stderr]: ++ env"
Jun 12 10:38:35.100366 hp-117-tink-system rancherd[2503]: time="2026-06-12T10:38:35Z" level=info msg="[_0:stderr]: ++ grep '^RKE2_'"
Jun 12 10:38:35.102168 hp-117-tink-system rancherd[2503]: time="2026-06-12T10:38:35Z" level=info msg="[_0:stderr]: ++ true"
Jun 12 10:38:35.102800 hp-117-tink-system rancherd[2503]: time="2026-06-12T10:38:35Z" level=info msg="[_0:stderr]: + RKE2_ENV="
Jun 12 10:38:35.102800 hp-117-tink-system rancherd[2503]: time="2026-06-12T10:38:35Z" level=info msg="[_0:stderr]: + '[' -n '' ']'"
Jun 12 10:38:35.103658 hp-117-tink-system rancherd[2503]: time="2026-06-12T10:38:35Z" level=info msg="[_0:stderr]: ++ env"
Jun 12 10:38:35.103924 hp-117-tink-system rancherd[2503]: time="2026-06-12T10:38:35Z" level=info msg="[_0:stderr]: ++ grep -Ei '^(NO|HTTP|HTTPS)_PROXY'"
Jun 12 10:38:35.106055 hp-117-tink-system rancherd[2503]: time="2026-06-12T10:38:35Z" level=info msg="[_0:stderr]: ++ true"
Jun 12 10:38:35.106673 hp-117-tink-system rancherd[2503]: time="2026-06-12T10:38:35Z" level=info msg="[_0:stderr]: + PROXY_ENV_INFO="
Jun 12 10:38:35.106673 hp-117-tink-system rancherd[2503]: time="2026-06-12T10:38:35Z" level=info msg="[_0:stderr]: + '[' -n '' ']'"
Jun 12 10:38:35.107721 hp-117-tink-system rancherd[2503]: time="2026-06-12T10:38:35Z" level=info msg="[_0:stderr]: ++ sha256sum /var/lib/rancher/rke2/system-agent-installer/rke2-sa.env"
Jun 12 10:38:35.107721 hp-117-tink-system rancherd[2503]: time="2026-06-12T10:38:35Z" level=info msg="[_0:stderr]: ++ awk '{print $1}'"
Jun 12 10:38:35.110649 hp-117-tink-system rancherd[2503]: time="2026-06-12T10:38:35Z" level=info msg="[_0:stderr]: + NEW_ENV_FILE_PATH_HASH=e3b0c44298fc1c149afbf4c8996fb92427ae41e4649b934ca495991b7852b855"
Jun 12 10:38:35.110728 hp-117-tink-system rancherd[2503]: time="2026-06-12T10:38:35Z" level=info msg="[_0:stderr]: + '[' e3b0c44298fc1c149afbf4c8996fb92427ae41e4649b934ca495991b7852b855 '!=' e3b0c44298fc1c149afbf4c8996fb92427ae41e4649b934ca495991b7852b855 ']'"
Jun 12 10:38:35.110728 hp-117-tink-system rancherd[2503]: time="2026-06-12T10:38:35Z" level=info msg="[_0:stderr]: + '[' -z '' ']'"
Jun 12 10:38:35.110728 hp-117-tink-system rancherd[2503]: time="2026-06-12T10:38:35Z" level=info msg="[_0:stderr]: + INSTALL_RKE2_TYPE=server"
Jun 12 10:38:35.110817 hp-117-tink-system rancherd[2503]: time="2026-06-12T10:38:35Z" level=info msg="[_0:stderr]: + grep -q EnvironmentFile=-/var/lib/rancher/rke2/system-agent-installer/rke2-sa.env /etc/systemd/system/rke2-server.service"
Jun 12 10:38:35.112960 hp-117-tink-system rancherd[2503]: time="2026-06-12T10:38:35Z" level=info msg="[_0:stderr]: + echo EnvironmentFile=-/var/lib/rancher/rke2/system-agent-installer/rke2-sa.env"
Jun 12 10:38:35.113065 hp-117-tink-system rancherd[2503]: time="2026-06-12T10:38:35Z" level=info msg="[_0:stderr]: + '[' -n rancher/system-agent-installer-rke2:v1.35.5-rke2r1 ']'"
Jun 12 10:38:35.113065 hp-117-tink-system rancherd[2503]: time="2026-06-12T10:38:35Z" level=info msg="[_0:stderr]: + echo rancher/system-agent-installer-rke2:v1.35.5-rke2r1"
Jun 12 10:38:35.113145 hp-117-tink-system rancherd[2503]: time="2026-06-12T10:38:35Z" level=info msg="[_0:stderr]: + systemctl daemon-reload"
Jun 12 10:38:35.535799 hp-117-tink-system rancherd[2503]: time="2026-06-12T10:38:35Z" level=info msg="[_0:stderr]: + '[' '' = true ']'"
Jun 12 10:38:35.535799 hp-117-tink-system rancherd[2503]: time="2026-06-12T10:38:35Z" level=info msg="[_0:stderr]: + '[' server = server ']'"
Jun 12 10:38:35.535799 hp-117-tink-system rancherd[2503]: time="2026-06-12T10:38:35Z" level=info msg="[_0:stderr]: + systemctl is-active --quiet rke2-agent"
Jun 12 10:38:35.555458 hp-117-tink-system rancherd[2503]: time="2026-06-12T10:38:35Z" level=info msg="[_0:stderr]: + systemctl enable rke2-server"
Jun 12 10:38:35.564323 hp-117-tink-system rancherd[2503]: time="2026-06-12T10:38:35Z" level=info msg="[_0:stderr]: Created symlink '/etc/systemd/system/multi-user.target.wants/rke2-server.service' → '/etc/systemd/system/rke2-server.service'."
Jun 12 10:38:35.999822 hp-117-tink-system rancherd[2503]: time="2026-06-12T10:38:35Z" level=info msg="[_0:stderr]: + '[' '' = true ']'"
Jun 12 10:38:35.999822 hp-117-tink-system rancherd[2503]: time="2026-06-12T10:38:35Z" level=info msg="[_0:stderr]: + '[' true = true ']'"
Jun 12 10:38:35.999822 hp-117-tink-system rancherd[2503]: time="2026-06-12T10:38:35Z" level=info msg="[_0:stderr]: + systemctl --no-block restart rke2-server"
Jun 12 10:38:36.034352 hp-117-tink-system rancherd[2503]: time="2026-06-12T10:38:36Z" level=info msg="[Applyinator] Command  [] finished with err: <nil> and exit code: 0"
Jun 12 10:38:36.034352 hp-117-tink-system rancherd[2503]: time="2026-06-12T10:38:36Z" level=info msg="[Applyinator] No image provided, creating empty working directory /var/lib/rancher/rancherd/plan/work/20260612-103832/_1"
Jun 12 10:38:36.034552 hp-117-tink-system rancherd[2503]: time="2026-06-12T10:38:36Z" level=info msg="[Applyinator] Running command: /usr/bin/rancherd [probe]"
Jun 12 10:38:36.081906 hp-117-tink-system rancherd[2503]: time="2026-06-12T10:38:36Z" level=info msg="[_1:stderr]: time=\"2026-06-12T10:38:36Z\" level=info msg=\"Running probes defined in /var/lib/rancher/rancherd/plan/plan.json\""
Jun 12 10:38:37.100334 hp-117-tink-system rancherd[2503]: time="2026-06-12T10:38:37Z" level=info msg="[_1:stderr]: time=\"2026-06-12T10:38:37Z\" level=info msg=\"Probe [kube-scheduler] is unhealthy\""
Jun 12 10:38:37.100334 hp-117-tink-system rancherd[2503]: time="2026-06-12T10:38:37Z" level=info msg="[_1:stderr]: time=\"2026-06-12T10:38:37Z\" level=info msg=\"Probe [kube-controller-manager] is unhealthy\""
Jun 12 10:38:37.100334 hp-117-tink-system rancherd[2503]: time="2026-06-12T10:38:37Z" level=info msg="[_1:stderr]: time=\"2026-06-12T10:38:37Z\" level=info msg=\"Probe [kubelet] is unhealthy\""
Jun 12 10:38:37.100334 hp-117-tink-system rancherd[2503]: time="2026-06-12T10:38:37Z" level=info msg="[_1:stderr]: time=\"2026-06-12T10:38:37Z\" level=info msg=\"Probe [kube-apiserver] is unhealthy\""
Jun 12 10:38:43.105411 hp-117-tink-system rancherd[2503]: time="2026-06-12T10:38:43Z" level=info msg="[_1:stderr]: time=\"2026-06-12T10:38:43Z\" level=info msg=\"Probe [kubelet] is healthy\""
Jun 12 10:38:53.126605 hp-117-tink-system rancherd[2503]: time="2026-06-12T10:38:53Z" level=info msg="[_1:stderr]: time=\"2026-06-12T10:38:53Z\" level=info msg=\"Probe [kube-apiserver] is healthy\""
Jun 12 10:39:01.154083 hp-117-tink-system rancherd[2503]: time="2026-06-12T10:39:01Z" level=info msg="[_1:stderr]: time=\"2026-06-12T10:39:01Z\" level=info msg=\"Probe [kube-scheduler] is healthy\""
Jun 12 10:39:01.154083 hp-117-tink-system rancherd[2503]: time="2026-06-12T10:39:01Z" level=info msg="[_1:stderr]: time=\"2026-06-12T10:39:01Z\" level=info msg=\"Probe [kube-controller-manager] is healthy\""
Jun 12 10:39:01.154083 hp-117-tink-system rancherd[2503]: time="2026-06-12T10:39:01Z" level=info msg="[_1:stderr]: time=\"2026-06-12T10:39:01Z\" level=info msg=\"All probes are healthy\""
Jun 12 10:39:01.156054 hp-117-tink-system rancherd[2503]: time="2026-06-12T10:39:01Z" level=info msg="[Applyinator] Command /usr/bin/rancherd [probe] finished with err: <nil> and exit code: 0"
Jun 12 10:39:01.156124 hp-117-tink-system rancherd[2503]: time="2026-06-12T10:39:01Z" level=info msg="[Applyinator] Extracting image rancher/system-agent-installer-rancher:v2.14.2 to directory /var/lib/rancher/rancherd/plan/work/20260612-103832/_2"
Jun 12 10:39:01.156221 hp-117-tink-system rancherd[2503]: time="2026-06-12T10:39:01Z" level=info msg="Checking local image archives in /var/lib/rancher/agent/images for index.docker.io/rancher/system-agent-installer-rancher:v2.14.2"
Jun 12 10:39:01.569803 hp-117-tink-system rancherd[2503]: time="2026-06-12T10:39:01Z" level=info msg="Extracting file run.sh to /var/lib/rancher/rancherd/plan/work/20260612-103832/_2/run.sh"
Jun 12 10:39:01.700742 hp-117-tink-system rancherd[2503]: time="2026-06-12T10:39:01Z" level=info msg="Extracting file rancher-2.14.2.tgz to /var/lib/rancher/rancherd/plan/work/20260612-103832/_2/rancher-2.14.2.tgz"
Jun 12 10:39:01.702698 hp-117-tink-system rancherd[2503]: time="2026-06-12T10:39:01Z" level=info msg="Extracting file helm to /var/lib/rancher/rancherd/plan/work/20260612-103832/_2/helm"
Jun 12 10:39:01.817743 hp-117-tink-system rancherd[2503]: time="2026-06-12T10:39:01Z" level=info msg="[Applyinator] Running command:  []"
Jun 12 10:39:01.891011 hp-117-tink-system rancherd[2503]: time="2026-06-12T10:39:01Z" level=info msg="[_2:stdout]: Release \"rancher\" does not exist. Installing it now."
Jun 12 10:39:06.599071 hp-117-tink-system rancherd[2503]: time="2026-06-12T10:39:06Z" level=info msg="[_2:stdout]: NAME: rancher"
Jun 12 10:39:06.599661 hp-117-tink-system rancherd[2503]: time="2026-06-12T10:39:06Z" level=info msg="[_2:stdout]: LAST DEPLOYED: Fri Jun 12 10:39:01 2026"
Jun 12 10:39:06.599661 hp-117-tink-system rancherd[2503]: time="2026-06-12T10:39:06Z" level=info msg="[_2:stdout]: NAMESPACE: cattle-system"
Jun 12 10:39:06.599782 hp-117-tink-system rancherd[2503]: time="2026-06-12T10:39:06Z" level=info msg="[_2:stdout]: STATUS: deployed"
Jun 12 10:39:06.599782 hp-117-tink-system rancherd[2503]: time="2026-06-12T10:39:06Z" level=info msg="[_2:stdout]: REVISION: 1"
Jun 12 10:39:06.599782 hp-117-tink-system rancherd[2503]: time="2026-06-12T10:39:06Z" level=info msg="[_2:stdout]: TEST SUITE: None"
Jun 12 10:39:06.599782 hp-117-tink-system rancherd[2503]: time="2026-06-12T10:39:06Z" level=info msg="[_2:stdout]: NOTES:"
Jun 12 10:39:06.599782 hp-117-tink-system rancherd[2503]: time="2026-06-12T10:39:06Z" level=info msg="[_2:stdout]: [WARNING] `.Values.hostname` is unset or empty, Rancher must have a valid hostname."
Jun 12 10:39:06.599782 hp-117-tink-system rancherd[2503]: time="2026-06-12T10:39:06Z" level=info msg="[_2:stdout]: "
Jun 12 10:39:06.599782 hp-117-tink-system rancherd[2503]: time="2026-06-12T10:39:06Z" level=info msg="[_2:stdout]: [WARNING] Cert-manager dependency check failed. CRD 'certificates.cert-manager.io' not found. Please ensure cert-manager (>= 1.15.0) is installed. (Note: This is expected in template/dry-run mode)"
Jun 12 10:39:06.599782 hp-117-tink-system rancherd[2503]: time="2026-06-12T10:39:06Z" level=info msg="[_2:stdout]: Rancher Server has been installed. Rancher may take several minutes to fully initialize."
Jun 12 10:39:06.599782 hp-117-tink-system rancherd[2503]: time="2026-06-12T10:39:06Z" level=info msg="[_2:stdout]: "
Jun 12 10:39:06.599782 hp-117-tink-system rancherd[2503]: time="2026-06-12T10:39:06Z" level=info msg="[_2:stdout]: Please standby while Certificates are being issued, Containers are started and the Ingress rule comes up."
Jun 12 10:39:06.599782 hp-117-tink-system rancherd[2503]: time="2026-06-12T10:39:06Z" level=info msg="[_2:stdout]: "
Jun 12 10:39:06.599782 hp-117-tink-system rancherd[2503]: time="2026-06-12T10:39:06Z" level=info msg="[_2:stdout]: Check out our docs at https://rancher.com/docs/"
Jun 12 10:39:06.599782 hp-117-tink-system rancherd[2503]: time="2026-06-12T10:39:06Z" level=info msg="[_2:stdout]: "
Jun 12 10:39:06.599782 hp-117-tink-system rancherd[2503]: time="2026-06-12T10:39:06Z" level=info msg="[_2:stdout]: ## First Time Login"
Jun 12 10:39:06.599782 hp-117-tink-system rancherd[2503]: time="2026-06-12T10:39:06Z" level=info msg="[_2:stdout]: "
Jun 12 10:39:06.600172 hp-117-tink-system rancherd[2503]: time="2026-06-12T10:39:06Z" level=info msg="[_2:stdout]: If you provided your own bootstrap password during installation, browse to https:// to get started."
Jun 12 10:39:06.600172 hp-117-tink-system rancherd[2503]: time="2026-06-12T10:39:06Z" level=info msg="[_2:stdout]: If this is the first time you installed Rancher, get started by running this command and clicking the URL it generates:"
Jun 12 10:39:06.600172 hp-117-tink-system rancherd[2503]: time="2026-06-12T10:39:06Z" level=info msg="[_2:stdout]: "
Jun 12 10:39:06.600172 hp-117-tink-system rancherd[2503]: time="2026-06-12T10:39:06Z" level=info msg="[_2:stdout]: ```"
Jun 12 10:39:06.600172 hp-117-tink-system rancherd[2503]: time="2026-06-12T10:39:06Z" level=info msg="[_2:stdout]: echo https:///dashboard/?setup=$(kubectl get secret --namespace cattle-system bootstrap-secret -o go-template='{{.data.bootstrapPassword|base64decode}}')"
Jun 12 10:39:06.600172 hp-117-tink-system rancherd[2503]: time="2026-06-12T10:39:06Z" level=info msg="[_2:stdout]: ```"
Jun 12 10:39:06.600172 hp-117-tink-system rancherd[2503]: time="2026-06-12T10:39:06Z" level=info msg="[_2:stdout]: "
Jun 12 10:39:06.600172 hp-117-tink-system rancherd[2503]: time="2026-06-12T10:39:06Z" level=info msg="[_2:stdout]: To get just the bootstrap password on its own, run:"
Jun 12 10:39:06.600172 hp-117-tink-system rancherd[2503]: time="2026-06-12T10:39:06Z" level=info msg="[_2:stdout]: "
Jun 12 10:39:06.600172 hp-117-tink-system rancherd[2503]: time="2026-06-12T10:39:06Z" level=info msg="[_2:stdout]: ```"
Jun 12 10:39:06.600172 hp-117-tink-system rancherd[2503]: time="2026-06-12T10:39:06Z" level=info msg="[_2:stdout]: kubectl get secret --namespace cattle-system bootstrap-secret -o go-template='{{.data.bootstrapPassword|base64decode}}{{ \"\\n\" }}'"
Jun 12 10:39:06.600172 hp-117-tink-system rancherd[2503]: time="2026-06-12T10:39:06Z" level=info msg="[_2:stdout]: ```"
Jun 12 10:39:06.600172 hp-117-tink-system rancherd[2503]: time="2026-06-12T10:39:06Z" level=info msg="[_2:stdout]: "
Jun 12 10:39:06.600172 hp-117-tink-system rancherd[2503]: time="2026-06-12T10:39:06Z" level=info msg="[_2:stdout]: "
Jun 12 10:39:06.600172 hp-117-tink-system rancherd[2503]: time="2026-06-12T10:39:06Z" level=info msg="[_2:stdout]: Happy Containering!"
Jun 12 10:39:06.602294 hp-117-tink-system rancherd[2503]: time="2026-06-12T10:39:06Z" level=info msg="[Applyinator] Command  [] finished with err: <nil> and exit code: 0"
Jun 12 10:39:06.602294 hp-117-tink-system rancherd[2503]: time="2026-06-12T10:39:06Z" level=info msg="[Applyinator] No image provided, creating empty working directory /var/lib/rancher/rancherd/plan/work/20260612-103832/_3"
Jun 12 10:39:06.602457 hp-117-tink-system rancherd[2503]: time="2026-06-12T10:39:06Z" level=info msg="[Applyinator] Running command: /usr/bin/rancherd [retry /var/lib/rancher/rke2/bin/kubectl -n cattle-system rollout status -w deploy/rancher]"
Jun 12 10:39:06.747917 hp-117-tink-system rancherd[2503]: time="2026-06-12T10:39:06Z" level=info msg="[_3:stdout]: Waiting for deployment \"rancher\" rollout to finish: 0 of 1 updated replicas are available..."
Jun 12 10:40:03.847773 hp-117-tink-system rancherd[2503]: time="2026-06-12T10:40:03Z" level=info msg="[_3:stdout]: deployment \"rancher\" successfully rolled out"
Jun 12 10:40:03.851161 hp-117-tink-system rancherd[2503]: time="2026-06-12T10:40:03Z" level=info msg="[Applyinator] Command /usr/bin/rancherd [retry /var/lib/rancher/rke2/bin/kubectl -n cattle-system rollout status -w deploy/rancher] finished with err: <nil> and exit code: 0"
Jun 12 10:40:03.851161 hp-117-tink-system rancherd[2503]: time="2026-06-12T10:40:03Z" level=info msg="[Applyinator] No image provided, creating empty working directory /var/lib/rancher/rancherd/plan/work/20260612-103832/_4"
Jun 12 10:40:03.851305 hp-117-tink-system rancherd[2503]: time="2026-06-12T10:40:03Z" level=info msg="[Applyinator] Running command: /usr/bin/rancherd [retry /var/lib/rancher/rke2/bin/kubectl -n cattle-system rollout status -w deploy/rancher-webhook]"
Jun 12 10:40:03.995859 hp-117-tink-system rancherd[2503]: time="2026-06-12T10:40:03Z" level=info msg="[_4:stderr]: Error from server (NotFound): deployments.apps \"rancher-webhook\" not found"
Jun 12 10:40:03.998147 hp-117-tink-system rancherd[2503]: time="2026-06-12T10:40:03Z" level=info msg="[_4:stderr]: time=\"2026-06-12T10:40:03Z\" level=error msg=\"will retry failed command [/var/lib/rancher/rke2/bin/kubectl -n cattle-system rollout status -w deploy/rancher-webhook]: exit status 1\""
Jun 12 10:40:19.081126 hp-117-tink-system rancherd[2503]: time="2026-06-12T10:40:19Z" level=info msg="[_4:stderr]: Error from server (NotFound): deployments.apps \"rancher-webhook\" not found"
Jun 12 10:40:19.082977 hp-117-tink-system rancherd[2503]: time="2026-06-12T10:40:19Z" level=info msg="[_4:stderr]: time=\"2026-06-12T10:40:19Z\" level=error msg=\"will retry failed command [/var/lib/rancher/rke2/bin/kubectl -n cattle-system rollout status -w deploy/rancher-webhook]: exit status 1\""
Jun 12 10:40:34.170402 hp-117-tink-system rancherd[2503]: time="2026-06-12T10:40:34Z" level=info msg="[_4:stderr]: Error from server (NotFound): deployments.apps \"rancher-webhook\" not found"
Jun 12 10:40:34.172565 hp-117-tink-system rancherd[2503]: time="2026-06-12T10:40:34Z" level=info msg="[_4:stderr]: time=\"2026-06-12T10:40:34Z\" level=error msg=\"will retry failed command [/var/lib/rancher/rke2/bin/kubectl -n cattle-system rollout status -w deploy/rancher-webhook]: exit status 1\""
Jun 12 10:40:49.266193 hp-117-tink-system rancherd[2503]: time="2026-06-12T10:40:49Z" level=info msg="[_4:stderr]: Error from server (NotFound): deployments.apps \"rancher-webhook\" not found"
Jun 12 10:40:49.268158 hp-117-tink-system rancherd[2503]: time="2026-06-12T10:40:49Z" level=info msg="[_4:stderr]: time=\"2026-06-12T10:40:49Z\" level=error msg=\"will retry failed command [/var/lib/rancher/rke2/bin/kubectl -n cattle-system rollout status -w deploy/rancher-webhook]: exit status 1\""
Jun 12 10:41:04.360812 hp-117-tink-system rancherd[2503]: time="2026-06-12T10:41:04Z" level=info msg="[_4:stderr]: Error from server (NotFound): deployments.apps \"rancher-webhook\" not found"
Jun 12 10:41:04.362799 hp-117-tink-system rancherd[2503]: time="2026-06-12T10:41:04Z" level=info msg="[_4:stderr]: time=\"2026-06-12T10:41:04Z\" level=error msg=\"will retry failed command [/var/lib/rancher/rke2/bin/kubectl -n cattle-system rollout status -w deploy/rancher-webhook]: exit status 1\""
Jun 12 10:41:19.451412 hp-117-tink-system rancherd[2503]: time="2026-06-12T10:41:19Z" level=info msg="[_4:stderr]: Error from server (NotFound): deployments.apps \"rancher-webhook\" not found"
Jun 12 10:41:19.453547 hp-117-tink-system rancherd[2503]: time="2026-06-12T10:41:19Z" level=info msg="[_4:stderr]: time=\"2026-06-12T10:41:19Z\" level=error msg=\"will retry failed command [/var/lib/rancher/rke2/bin/kubectl -n cattle-system rollout status -w deploy/rancher-webhook]: exit status 1\""
Jun 12 10:41:34.538392 hp-117-tink-system rancherd[2503]: time="2026-06-12T10:41:34Z" level=info msg="[_4:stderr]: Error from server (NotFound): deployments.apps \"rancher-webhook\" not found"
Jun 12 10:41:34.540402 hp-117-tink-system rancherd[2503]: time="2026-06-12T10:41:34Z" level=info msg="[_4:stderr]: time=\"2026-06-12T10:41:34Z\" level=error msg=\"will retry failed command [/var/lib/rancher/rke2/bin/kubectl -n cattle-system rollout status -w deploy/rancher-webhook]: exit status 1\""
Jun 12 10:41:49.646246 hp-117-tink-system rancherd[2503]: time="2026-06-12T10:41:49Z" level=info msg="[_4:stdout]: Waiting for deployment \"rancher-webhook\" rollout to finish: 0 of 1 updated replicas are available..."
Jun 12 10:41:52.408624 hp-117-tink-system rancherd[2503]: time="2026-06-12T10:41:52Z" level=info msg="[_4:stdout]: deployment \"rancher-webhook\" successfully rolled out"
Jun 12 10:41:52.412604 hp-117-tink-system rancherd[2503]: time="2026-06-12T10:41:52Z" level=info msg="[Applyinator] Command /usr/bin/rancherd [retry /var/lib/rancher/rke2/bin/kubectl -n cattle-system rollout status -w deploy/rancher-webhook] finished with err: <nil> and exit code: 0"
Jun 12 10:41:52.412604 hp-117-tink-system rancherd[2503]: time="2026-06-12T10:41:52Z" level=info msg="[Applyinator] No image provided, creating empty working directory /var/lib/rancher/rancherd/plan/work/20260612-103832/_5"
Jun 12 10:41:52.412797 hp-117-tink-system rancherd[2503]: time="2026-06-12T10:41:52Z" level=info msg="[Applyinator] Running command: /usr/bin/rancherd [retry /var/lib/rancher/rke2/bin/kubectl -n fleet-local get secret local-kubeconfig]"
Jun 12 10:41:52.553515 hp-117-tink-system rancherd[2503]: time="2026-06-12T10:41:52Z" level=info msg="[_5:stdout]: NAME               TYPE     DATA   AGE"
Jun 12 10:41:52.553515 hp-117-tink-system rancherd[2503]: time="2026-06-12T10:41:52Z" level=info msg="[_5:stdout]: local-kubeconfig   Opaque   4      110s"
Jun 12 10:41:52.556452 hp-117-tink-system rancherd[2503]: time="2026-06-12T10:41:52Z" level=info msg="[Applyinator] Command /usr/bin/rancherd [retry /var/lib/rancher/rke2/bin/kubectl -n fleet-local get secret local-kubeconfig] finished with err: <nil> and exit code: 0"
Jun 12 10:41:52.556531 hp-117-tink-system rancherd[2503]: time="2026-06-12T10:41:52Z" level=info msg="[Applyinator] Extracting image rancher/system-agent-installer-rancher:v2.14.2 to directory /var/lib/rancher/rancherd/plan/work/20260612-103832/_6"
Jun 12 10:41:52.556585 hp-117-tink-system rancherd[2503]: time="2026-06-12T10:41:52Z" level=info msg="Checking local image archives in /var/lib/rancher/agent/images for index.docker.io/rancher/system-agent-installer-rancher:v2.14.2"
Jun 12 10:41:52.985514 hp-117-tink-system rancherd[2503]: time="2026-06-12T10:41:52Z" level=info msg="Extracting file run.sh to /var/lib/rancher/rancherd/plan/work/20260612-103832/_6/run.sh"
Jun 12 10:41:53.126896 hp-117-tink-system rancherd[2503]: time="2026-06-12T10:41:53Z" level=info msg="Extracting file rancher-2.14.2.tgz to /var/lib/rancher/rancherd/plan/work/20260612-103832/_6/rancher-2.14.2.tgz"
Jun 12 10:41:53.128956 hp-117-tink-system rancherd[2503]: time="2026-06-12T10:41:53Z" level=info msg="Extracting file helm to /var/lib/rancher/rancherd/plan/work/20260612-103832/_6/helm"
Jun 12 10:41:53.245980 hp-117-tink-system rancherd[2503]: time="2026-06-12T10:41:53Z" level=info msg="[Applyinator] Running command: /usr/bin/rancherd [retry /var/lib/rancher/rke2/bin/kubectl apply --validate=false -f /var/lib/rancher/rancherd/bootstrapmanifests/harvester-cluster-repo.yaml]"
Jun 12 10:41:53.384669 hp-117-tink-system rancherd[2503]: time="2026-06-12T10:41:53Z" level=info msg="[_6:stdout]: deployment.apps/harvester-cluster-repo created"
Jun 12 10:41:53.408946 hp-117-tink-system rancherd[2503]: time="2026-06-12T10:41:53Z" level=info msg="[_6:stdout]: service/harvester-cluster-repo created"
Jun 12 10:41:53.411755 hp-117-tink-system rancherd[2503]: time="2026-06-12T10:41:53Z" level=info msg="[Applyinator] Command /usr/bin/rancherd [retry /var/lib/rancher/rke2/bin/kubectl apply --validate=false -f /var/lib/rancher/rancherd/bootstrapmanifests/harvester-cluster-repo.yaml] finished with err: <nil> and exit code: 0"
Jun 12 10:41:53.411755 hp-117-tink-system rancherd[2503]: time="2026-06-12T10:41:53Z" level=info msg="[Applyinator] No image provided, creating empty working directory /var/lib/rancher/rancherd/plan/work/20260612-103832/_7"
Jun 12 10:41:53.411901 hp-117-tink-system rancherd[2503]: time="2026-06-12T10:41:53Z" level=info msg="[Applyinator] Running command: /usr/bin/rancherd [retry /var/lib/rancher/rke2/bin/kubectl -n cattle-system rollout status -w deploy/harvester-cluster-repo]"
Jun 12 10:41:53.557540 hp-117-tink-system rancherd[2503]: time="2026-06-12T10:41:53Z" level=info msg="[_7:stdout]: Waiting for deployment \"harvester-cluster-repo\" rollout to finish: 0 of 1 updated replicas are available..."
Jun 12 10:42:07.448142 hp-117-tink-system rancherd[2503]: time="2026-06-12T10:42:07Z" level=info msg="[_7:stdout]: deployment \"harvester-cluster-repo\" successfully rolled out"
Jun 12 10:42:07.452197 hp-117-tink-system rancherd[2503]: time="2026-06-12T10:42:07Z" level=info msg="[Applyinator] Command /usr/bin/rancherd [retry /var/lib/rancher/rke2/bin/kubectl -n cattle-system rollout status -w deploy/harvester-cluster-repo] finished with err: <nil> and exit code: 0"
Jun 12 10:42:07.452197 hp-117-tink-system rancherd[2503]: time="2026-06-12T10:42:07Z" level=info msg="[Applyinator] Extracting image rancher/system-agent-installer-rancher:v2.14.2 to directory /var/lib/rancher/rancherd/plan/work/20260612-103832/_8"
Jun 12 10:42:07.452374 hp-117-tink-system rancherd[2503]: time="2026-06-12T10:42:07Z" level=info msg="Checking local image archives in /var/lib/rancher/agent/images for index.docker.io/rancher/system-agent-installer-rancher:v2.14.2"
Jun 12 10:42:07.881343 hp-117-tink-system rancherd[2503]: time="2026-06-12T10:42:07Z" level=info msg="Extracting file run.sh to /var/lib/rancher/rancherd/plan/work/20260612-103832/_8/run.sh"
Jun 12 10:42:08.022596 hp-117-tink-system rancherd[2503]: time="2026-06-12T10:42:08Z" level=info msg="Extracting file rancher-2.14.2.tgz to /var/lib/rancher/rancherd/plan/work/20260612-103832/_8/rancher-2.14.2.tgz"
Jun 12 10:42:08.023914 hp-117-tink-system rancherd[2503]: time="2026-06-12T10:42:08Z" level=info msg="Extracting file helm to /var/lib/rancher/rancherd/plan/work/20260612-103832/_8/helm"
Jun 12 10:42:08.139085 hp-117-tink-system rancherd[2503]: time="2026-06-12T10:42:08Z" level=info msg="[Applyinator] Running command: /usr/bin/rancherd [retry /var/lib/rancher/rke2/bin/kubectl apply --validate=false -f /var/lib/rancher/rancherd/bootstrapmanifests/rancherd.yaml]"
Jun 12 10:42:08.358121 hp-117-tink-system rancherd[2503]: time="2026-06-12T10:42:08Z" level=info msg="[_8:stdout]: deployment.apps/harvester-cluster-repo unchanged"
Jun 12 10:42:08.504571 hp-117-tink-system rancherd[2503]: time="2026-06-12T10:42:08Z" level=info msg="[_8:stdout]: service/harvester-cluster-repo unchanged"
Jun 12 10:42:08.517546 hp-117-tink-system rancherd[2503]: time="2026-06-12T10:42:08Z" level=info msg="[_8:stdout]: clusterrepo.catalog.cattle.io/harvester-charts created"
Jun 12 10:42:08.525542 hp-117-tink-system rancherd[2503]: time="2026-06-12T10:42:08Z" level=info msg="[_8:stdout]: namespace/cattle-monitoring-system created"
Jun 12 10:42:08.541762 hp-117-tink-system rancherd[2503]: time="2026-06-12T10:42:08Z" level=info msg="[_8:stdout]: namespace/cattle-logging-system created"
Jun 12 10:42:08.558360 hp-117-tink-system rancherd[2503]: time="2026-06-12T10:42:08Z" level=info msg="[_8:stdout]: serviceaccount/rancher-monitoring-operator created"
Jun 12 10:42:08.572651 hp-117-tink-system rancherd[2503]: time="2026-06-12T10:42:08Z" level=info msg="[_8:stdout]: helmchartconfig.helm.cattle.io/rke2-ingress-nginx created"
Jun 12 10:42:08.581264 hp-117-tink-system rancherd[2503]: time="2026-06-12T10:42:08Z" level=info msg="[_8:stdout]: secret/tls-ingress created"
Jun 12 10:42:08.601833 hp-117-tink-system rancherd[2503]: time="2026-06-12T10:42:08Z" level=info msg="[_8:stdout]: ingress.networking.k8s.io/rancher-expose created"
Jun 12 10:42:08.620088 hp-117-tink-system rancherd[2503]: time="2026-06-12T10:42:08Z" level=info msg="[_8:stdout]: managedchart.management.cattle.io/harvester created"
Jun 12 10:42:08.634924 hp-117-tink-system rancherd[2503]: time="2026-06-12T10:42:08Z" level=info msg="[_8:stdout]: managedchart.management.cattle.io/harvester-crd created"
Jun 12 10:42:08.650125 hp-117-tink-system rancherd[2503]: time="2026-06-12T10:42:08Z" level=info msg="[_8:stdout]: managedchart.management.cattle.io/rancher-monitoring-crd created"
Jun 12 10:42:08.659039 hp-117-tink-system rancherd[2503]: time="2026-06-12T10:42:08Z" level=info msg="[_8:stdout]: namespace/cattle-dashboards created"
Jun 12 10:42:08.688148 hp-117-tink-system rancherd[2503]: time="2026-06-12T10:42:08Z" level=info msg="[_8:stdout]: configmap/harvester-vm-dashboard created"
Jun 12 10:42:08.720848 hp-117-tink-system rancherd[2503]: time="2026-06-12T10:42:08Z" level=info msg="[_8:stdout]: configmap/harvester-vm-detail-dashboard created"
Jun 12 10:42:08.746734 hp-117-tink-system rancherd[2503]: time="2026-06-12T10:42:08Z" level=info msg="[_8:stdout]: configmap/harvester-vm-migration-details-dashboard created"
Jun 12 10:42:08.778808 hp-117-tink-system rancherd[2503]: time="2026-06-12T10:42:08Z" level=info msg="[_8:stdout]: managedchart.management.cattle.io/rancher-logging-crd created"
Jun 12 10:42:08.799529 hp-117-tink-system rancherd[2503]: time="2026-06-12T10:42:08Z" level=info msg="[_8:stdout]: managedchart.management.cattle.io/kubeovn-operator-crd created"
Jun 12 10:42:08.804637 hp-117-tink-system rancherd[2503]: time="2026-06-12T10:42:08Z" level=info msg="[_8:stderr]: Warning: resource nodes/hp-117-tink-system is missing the kubectl.kubernetes.io/last-applied-configuration annotation which is required by kubectl apply. kubectl apply should only be used on resources created declaratively by either kubectl create --save-config or kubectl apply. The missing annotation will be patched automatically."
Jun 12 10:42:08.956374 hp-117-tink-system rancherd[2503]: time="2026-06-12T10:42:08Z" level=info msg="[_8:stdout]: node/hp-117-tink-system configured"
Jun 12 10:42:08.961993 hp-117-tink-system rancherd[2503]: time="2026-06-12T10:42:08Z" level=info msg="[_8:stderr]: Warning: resource namespaces/fleet-local is missing the kubectl.kubernetes.io/last-applied-configuration annotation which is required by kubectl apply. kubectl apply should only be used on resources created declaratively by either kubectl create --save-config or kubectl apply. The missing annotation will be patched automatically."
Jun 12 10:42:09.106716 hp-117-tink-system rancherd[2503]: time="2026-06-12T10:42:09Z" level=info msg="[_8:stdout]: namespace/fleet-local configured"
Jun 12 10:42:09.120585 hp-117-tink-system rancherd[2503]: time="2026-06-12T10:42:09Z" level=info msg="[_8:stderr]: Warning: resource clusters/local is missing the kubectl.kubernetes.io/last-applied-configuration annotation which is required by kubectl apply. kubectl apply should only be used on resources created declaratively by either kubectl create --save-config or kubectl apply. The missing annotation will be patched automatically."
Jun 12 10:42:09.451619 hp-117-tink-system rancherd[2503]: time="2026-06-12T10:42:09Z" level=info msg="[_8:stdout]: cluster.provisioning.cattle.io/local configured"
Jun 12 10:42:09.488659 hp-117-tink-system rancherd[2503]: time="2026-06-12T10:42:09Z" level=info msg="[_8:stdout]: secret/local-rke-state created"
Jun 12 10:42:09.494309 hp-117-tink-system rancherd[2503]: time="2026-06-12T10:42:09Z" level=info msg="[_8:stderr]: Warning: resource clusterregistrationtokens/default-token is missing the kubectl.kubernetes.io/last-applied-configuration annotation which is required by kubectl apply. kubectl apply should only be used on resources created declaratively by either kubectl create --save-config or kubectl apply. The missing annotation will be patched automatically."
Jun 12 10:42:09.546429 hp-117-tink-system rancherd[2503]: time="2026-06-12T10:42:09Z" level=info msg="[_8:stdout]: clusterregistrationtoken.management.cattle.io/default-token configured"
Jun 12 10:42:09.560233 hp-117-tink-system rancherd[2503]: time="2026-06-12T10:42:09Z" level=info msg="[_8:stdout]: clusterrepo.catalog.cattle.io/rancher-stable created"
Jun 12 10:42:09.560472 hp-117-tink-system rancherd[2503]: time="2026-06-12T10:42:09Z" level=info msg="[_8:stderr]: resource mapping not found for name: \"ntp-servers\" namespace: \"\" from \"/var/lib/rancher/rancherd/bootstrapmanifests/rancherd.yaml\": no matches for kind \"Setting\" in version \"harvesterhci.io/v1beta1\""
Jun 12 10:42:09.560472 hp-117-tink-system rancherd[2503]: time="2026-06-12T10:42:09Z" level=info msg="[_8:stderr]: ensure CRDs are installed first"
Jun 12 10:42:09.560472 hp-117-tink-system rancherd[2503]: time="2026-06-12T10:42:09Z" level=info msg="[_8:stderr]: resource mapping not found for name: \"vm-import-controller\" namespace: \"harvester-system\" from \"/var/lib/rancher/rancherd/bootstrapmanifests/rancherd.yaml\": no matches for kind \"Addon\" in version \"harvesterhci.io/v1beta1\""
Jun 12 10:42:09.560472 hp-117-tink-system rancherd[2503]: time="2026-06-12T10:42:09Z" level=info msg="[_8:stderr]: ensure CRDs are installed first"
Jun 12 10:42:09.560472 hp-117-tink-system rancherd[2503]: time="2026-06-12T10:42:09Z" level=info msg="[_8:stderr]: resource mapping not found for name: \"pcidevices-controller\" namespace: \"harvester-system\" from \"/var/lib/rancher/rancherd/bootstrapmanifests/rancherd.yaml\": no matches for kind \"Addon\" in version \"harvesterhci.io/v1beta1\""
Jun 12 10:42:09.560472 hp-117-tink-system rancherd[2503]: time="2026-06-12T10:42:09Z" level=info msg="[_8:stderr]: ensure CRDs are installed first"
Jun 12 10:42:09.560472 hp-117-tink-system rancherd[2503]: time="2026-06-12T10:42:09Z" level=info msg="[_8:stderr]: resource mapping not found for name: \"rancher-logging\" namespace: \"cattle-logging-system\" from \"/var/lib/rancher/rancherd/bootstrapmanifests/rancherd.yaml\": no matches for kind \"Addon\" in version \"harvesterhci.io/v1beta1\""
Jun 12 10:42:09.560472 hp-117-tink-system rancherd[2503]: time="2026-06-12T10:42:09Z" level=info msg="[_8:stderr]: ensure CRDs are installed first"
Jun 12 10:42:09.560472 hp-117-tink-system rancherd[2503]: time="2026-06-12T10:42:09Z" level=info msg="[_8:stderr]: resource mapping not found for name: \"rancher-monitoring\" namespace: \"cattle-monitoring-system\" from \"/var/lib/rancher/rancherd/bootstrapmanifests/rancherd.yaml\": no matches for kind \"Addon\" in version \"harvesterhci.io/v1beta1\""
Jun 12 10:42:09.560784 hp-117-tink-system rancherd[2503]: time="2026-06-12T10:42:09Z" level=info msg="[_8:stderr]: ensure CRDs are installed first"
Jun 12 10:42:09.560784 hp-117-tink-system rancherd[2503]: time="2026-06-12T10:42:09Z" level=info msg="[_8:stderr]: resource mapping not found for name: \"harvester-seeder\" namespace: \"harvester-system\" from \"/var/lib/rancher/rancherd/bootstrapmanifests/rancherd.yaml\": no matches for kind \"Addon\" in version \"harvesterhci.io/v1beta1\""
Jun 12 10:42:09.560784 hp-117-tink-system rancherd[2503]: time="2026-06-12T10:42:09Z" level=info msg="[_8:stderr]: ensure CRDs are installed first"
Jun 12 10:42:09.560784 hp-117-tink-system rancherd[2503]: time="2026-06-12T10:42:09Z" level=info msg="[_8:stderr]: resource mapping not found for name: \"nvidia-driver-toolkit\" namespace: \"harvester-system\" from \"/var/lib/rancher/rancherd/bootstrapmanifests/rancherd.yaml\": no matches for kind \"Addon\" in version \"harvesterhci.io/v1beta1\""
Jun 12 10:42:09.560784 hp-117-tink-system rancherd[2503]: time="2026-06-12T10:42:09Z" level=info msg="[_8:stderr]: ensure CRDs are installed first"
Jun 12 10:42:09.560784 hp-117-tink-system rancherd[2503]: time="2026-06-12T10:42:09Z" level=info msg="[_8:stderr]: resource mapping not found for name: \"kubeovn-operator\" namespace: \"kube-system\" from \"/var/lib/rancher/rancherd/bootstrapmanifests/rancherd.yaml\": no matches for kind \"Addon\" in version \"harvesterhci.io/v1beta1\""
Jun 12 10:42:09.560784 hp-117-tink-system rancherd[2503]: time="2026-06-12T10:42:09Z" level=info msg="[_8:stderr]: ensure CRDs are installed first"
Jun 12 10:42:09.560784 hp-117-tink-system rancherd[2503]: time="2026-06-12T10:42:09Z" level=info msg="[_8:stderr]: resource mapping not found for name: \"descheduler\" namespace: \"kube-system\" from \"/var/lib/rancher/rancherd/bootstrapmanifests/rancherd.yaml\": no matches for kind \"Addon\" in version \"harvesterhci.io/v1beta1\""
Jun 12 10:42:09.560784 hp-117-tink-system rancherd[2503]: time="2026-06-12T10:42:09Z" level=info msg="[_8:stderr]: ensure CRDs are installed first"
Jun 12 10:42:09.565233 hp-117-tink-system rancherd[2503]: time="2026-06-12T10:42:09Z" level=info msg="[_8:stderr]: time=\"2026-06-12T10:42:09Z\" level=error msg=\"will retry failed command [/var/lib/rancher/rke2/bin/kubectl apply --validate=false -f /var/lib/rancher/rancherd/bootstrapmanifests/rancherd.yaml]: exit status 1\""
Jun 12 10:42:24.767179 hp-117-tink-system rancherd[2503]: time="2026-06-12T10:42:24Z" level=info msg="[_8:stdout]: deployment.apps/harvester-cluster-repo unchanged"
Jun 12 10:42:24.922848 hp-117-tink-system rancherd[2503]: time="2026-06-12T10:42:24Z" level=info msg="[_8:stdout]: service/harvester-cluster-repo unchanged"
Jun 12 10:42:29.561415 hp-117-tink-system rancherd[2503]: time="2026-06-12T10:42:29Z" level=info msg="[_8:stdout]: clusterrepo.catalog.cattle.io/harvester-charts unchanged"
Jun 12 10:42:29.687367 hp-117-tink-system rancherd[2503]: time="2026-06-12T10:42:29Z" level=info msg="[_8:stdout]: namespace/cattle-monitoring-system unchanged"
Jun 12 10:42:29.808465 hp-117-tink-system rancherd[2503]: time="2026-06-12T10:42:29Z" level=info msg="[_8:stdout]: namespace/cattle-logging-system unchanged"
Jun 12 10:42:29.934765 hp-117-tink-system rancherd[2503]: time="2026-06-12T10:42:29Z" level=info msg="[_8:stdout]: serviceaccount/rancher-monitoring-operator unchanged"
Jun 12 10:42:29.956342 hp-117-tink-system rancherd[2503]: time="2026-06-12T10:42:29Z" level=info msg="[_8:stdout]: helmchartconfig.helm.cattle.io/rke2-ingress-nginx unchanged"
Jun 12 10:42:30.074808 hp-117-tink-system rancherd[2503]: time="2026-06-12T10:42:30Z" level=info msg="[_8:stdout]: secret/tls-ingress unchanged"
Jun 12 10:42:30.118695 hp-117-tink-system rancherd[2503]: time="2026-06-12T10:42:30Z" level=info msg="[_8:stdout]: ingress.networking.k8s.io/rancher-expose unchanged"
Jun 12 10:42:30.163338 hp-117-tink-system rancherd[2503]: time="2026-06-12T10:42:30Z" level=info msg="[_8:stdout]: managedchart.management.cattle.io/harvester unchanged"
Jun 12 10:42:30.198723 hp-117-tink-system rancherd[2503]: time="2026-06-12T10:42:30Z" level=info msg="[_8:stdout]: managedchart.management.cattle.io/harvester-crd unchanged"
Jun 12 10:42:30.237798 hp-117-tink-system rancherd[2503]: time="2026-06-12T10:42:30Z" level=info msg="[_8:stdout]: managedchart.management.cattle.io/rancher-monitoring-crd unchanged"
Jun 12 10:42:30.360413 hp-117-tink-system rancherd[2503]: time="2026-06-12T10:42:30Z" level=info msg="[_8:stdout]: namespace/cattle-dashboards unchanged"
Jun 12 10:42:30.484784 hp-117-tink-system rancherd[2503]: time="2026-06-12T10:42:30Z" level=info msg="[_8:stdout]: configmap/harvester-vm-dashboard unchanged"
Jun 12 10:42:30.612848 hp-117-tink-system rancherd[2503]: time="2026-06-12T10:42:30Z" level=info msg="[_8:stdout]: configmap/harvester-vm-detail-dashboard unchanged"
Jun 12 10:42:30.736740 hp-117-tink-system rancherd[2503]: time="2026-06-12T10:42:30Z" level=info msg="[_8:stdout]: configmap/harvester-vm-migration-details-dashboard unchanged"
Jun 12 10:42:30.797913 hp-117-tink-system rancherd[2503]: time="2026-06-12T10:42:30Z" level=info msg="[_8:stdout]: managedchart.management.cattle.io/rancher-logging-crd unchanged"
Jun 12 10:42:30.833776 hp-117-tink-system rancherd[2503]: time="2026-06-12T10:42:30Z" level=info msg="[_8:stdout]: managedchart.management.cattle.io/kubeovn-operator-crd unchanged"
Jun 12 10:42:30.845944 hp-117-tink-system rancherd[2503]: time="2026-06-12T10:42:30Z" level=info msg="[_8:stdout]: setting.harvesterhci.io/ntp-servers created"
Jun 12 10:42:30.858448 hp-117-tink-system rancherd[2503]: time="2026-06-12T10:42:30Z" level=info msg="[_8:stdout]: addon.harvesterhci.io/vm-import-controller created"
Jun 12 10:42:30.868976 hp-117-tink-system rancherd[2503]: time="2026-06-12T10:42:30Z" level=info msg="[_8:stdout]: addon.harvesterhci.io/pcidevices-controller created"
Jun 12 10:42:30.887397 hp-117-tink-system rancherd[2503]: time="2026-06-12T10:42:30Z" level=info msg="[_8:stdout]: addon.harvesterhci.io/rancher-logging created"
Jun 12 10:42:30.901512 hp-117-tink-system rancherd[2503]: time="2026-06-12T10:42:30Z" level=info msg="[_8:stdout]: addon.harvesterhci.io/rancher-monitoring created"
Jun 12 10:42:30.913698 hp-117-tink-system rancherd[2503]: time="2026-06-12T10:42:30Z" level=info msg="[_8:stdout]: addon.harvesterhci.io/harvester-seeder created"
Jun 12 10:42:30.930575 hp-117-tink-system rancherd[2503]: time="2026-06-12T10:42:30Z" level=info msg="[_8:stdout]: addon.harvesterhci.io/nvidia-driver-toolkit created"
Jun 12 10:42:30.943107 hp-117-tink-system rancherd[2503]: time="2026-06-12T10:42:30Z" level=info msg="[_8:stdout]: addon.harvesterhci.io/kubeovn-operator created"
Jun 12 10:42:30.958252 hp-117-tink-system rancherd[2503]: time="2026-06-12T10:42:30Z" level=info msg="[_8:stdout]: addon.harvesterhci.io/descheduler created"
Jun 12 10:42:31.078099 hp-117-tink-system rancherd[2503]: time="2026-06-12T10:42:31Z" level=info msg="[_8:stdout]: node/hp-117-tink-system unchanged"
Jun 12 10:42:31.205741 hp-117-tink-system rancherd[2503]: time="2026-06-12T10:42:31Z" level=info msg="[_8:stdout]: namespace/fleet-local unchanged"
Jun 12 10:42:31.228859 hp-117-tink-system rancherd[2503]: time="2026-06-12T10:42:31Z" level=info msg="[_8:stdout]: cluster.provisioning.cattle.io/local unchanged"
Jun 12 10:42:31.347318 hp-117-tink-system rancherd[2503]: time="2026-06-12T10:42:31Z" level=info msg="[_8:stdout]: secret/local-rke-state unchanged"
Jun 12 10:42:31.388669 hp-117-tink-system rancherd[2503]: time="2026-06-12T10:42:31Z" level=info msg="[_8:stdout]: clusterregistrationtoken.management.cattle.io/default-token unchanged"
Jun 12 10:42:31.407062 hp-117-tink-system rancherd[2503]: time="2026-06-12T10:42:31Z" level=info msg="[_8:stdout]: clusterrepo.catalog.cattle.io/rancher-stable unchanged"
Jun 12 10:42:31.412341 hp-117-tink-system rancherd[2503]: time="2026-06-12T10:42:31Z" level=info msg="[Applyinator] Command /usr/bin/rancherd [retry /var/lib/rancher/rke2/bin/kubectl apply --validate=false -f /var/lib/rancher/rancherd/bootstrapmanifests/rancherd.yaml] finished with err: <nil> and exit code: 0"
Jun 12 10:42:31.412341 hp-117-tink-system rancherd[2503]: time="2026-06-12T10:42:31Z" level=info msg="[Applyinator] No image provided, creating empty working directory /var/lib/rancher/rancherd/plan/work/20260612-103832/_9"
Jun 12 10:42:31.412513 hp-117-tink-system rancherd[2503]: time="2026-06-12T10:42:31Z" level=info msg="[Applyinator] Running command: /usr/bin/rancherd [retry /var/lib/rancher/rke2/bin/kubectl -n cattle-system rollout status -w deploy/system-upgrade-controller]"
Jun 12 10:42:31.570147 hp-117-tink-system rancherd[2503]: time="2026-06-12T10:42:31Z" level=info msg="[_9:stdout]: deployment \"system-upgrade-controller\" successfully rolled out"
Jun 12 10:42:31.573107 hp-117-tink-system rancherd[2503]: time="2026-06-12T10:42:31Z" level=info msg="[Applyinator] Command /usr/bin/rancherd [retry /var/lib/rancher/rke2/bin/kubectl -n cattle-system rollout status -w deploy/system-upgrade-controller] finished with err: <nil> and exit code: 0"
Jun 12 10:42:31.573197 hp-117-tink-system rancherd[2503]: time="2026-06-12T10:42:31Z" level=info msg="[Applyinator] No image provided, creating empty working directory /var/lib/rancher/rancherd/plan/work/20260612-103832/_10"
Jun 12 10:42:31.573275 hp-117-tink-system rancherd[2503]: time="2026-06-12T10:42:31Z" level=info msg="[Applyinator] Running command: /usr/bin/rancherd [retry /var/lib/rancher/rke2/bin/kubectl create secret generic -n cattle-system stv-aggregation]"
Jun 12 10:42:31.697666 hp-117-tink-system rancherd[2503]: time="2026-06-12T10:42:31Z" level=info msg="[_10:stdout]: secret/stv-aggregation created"
Jun 12 10:42:31.700245 hp-117-tink-system rancherd[2503]: time="2026-06-12T10:42:31Z" level=info msg="[Applyinator] Command /usr/bin/rancherd [retry /var/lib/rancher/rke2/bin/kubectl create secret generic -n cattle-system stv-aggregation] finished with err: <nil> and exit code: 0"
Jun 12 10:42:31.700322 hp-117-tink-system rancherd[2503]: time="2026-06-12T10:42:31Z" level=info msg="[Applyinator] No image provided, creating empty working directory /var/lib/rancher/rancherd/plan/work/20260612-103832/_11"
Jun 12 10:42:31.700431 hp-117-tink-system rancherd[2503]: time="2026-06-12T10:42:31Z" level=info msg="[Applyinator] Running command: /usr/bin/rancherd [retry /var/lib/rancher/rke2/bin/kubectl -n cattle-system wait --for=condition=LatestResolved=true plans.upgrade.cattle.io system-agent-upgrader]"
Jun 12 10:42:31.856082 hp-117-tink-system rancherd[2503]: time="2026-06-12T10:42:31Z" level=info msg="[_11:stderr]: Error from server (NotFound): plans.upgrade.cattle.io \"system-agent-upgrader\" not found"
Jun 12 10:42:31.858291 hp-117-tink-system rancherd[2503]: time="2026-06-12T10:42:31Z" level=info msg="[_11:stderr]: time=\"2026-06-12T10:42:31Z\" level=error msg=\"will retry failed command [/var/lib/rancher/rke2/bin/kubectl -n cattle-system wait --for=condition=LatestResolved=true plans.upgrade.cattle.io system-agent-upgrader]: exit status 1\""
Jun 12 10:42:47.060117 hp-117-tink-system rancherd[2503]: time="2026-06-12T10:42:47Z" level=info msg="[_11:stderr]: Error from server (NotFound): plans.upgrade.cattle.io \"system-agent-upgrader\" not found"
Jun 12 10:42:47.062563 hp-117-tink-system rancherd[2503]: time="2026-06-12T10:42:47Z" level=info msg="[_11:stderr]: time=\"2026-06-12T10:42:47Z\" level=error msg=\"will retry failed command [/var/lib/rancher/rke2/bin/kubectl -n cattle-system wait --for=condition=LatestResolved=true plans.upgrade.cattle.io system-agent-upgrader]: exit status 1\""
Jun 12 10:43:02.199806 hp-117-tink-system rancherd[2503]: time="2026-06-12T10:43:02Z" level=info msg="[_11:stderr]: Error from server (NotFound): plans.upgrade.cattle.io \"system-agent-upgrader\" not found"
Jun 12 10:43:02.206432 hp-117-tink-system rancherd[2503]: time="2026-06-12T10:43:02Z" level=info msg="[_11:stderr]: time=\"2026-06-12T10:43:02Z\" level=error msg=\"will retry failed command [/var/lib/rancher/rke2/bin/kubectl -n cattle-system wait --for=condition=LatestResolved=true plans.upgrade.cattle.io system-agent-upgrader]: exit status 1\""
Jun 12 10:43:17.328058 hp-117-tink-system rancherd[2503]: time="2026-06-12T10:43:17Z" level=info msg="[_11:stderr]: Error from server (NotFound): plans.upgrade.cattle.io \"system-agent-upgrader\" not found"
Jun 12 10:43:17.330516 hp-117-tink-system rancherd[2503]: time="2026-06-12T10:43:17Z" level=info msg="[_11:stderr]: time=\"2026-06-12T10:43:17Z\" level=error msg=\"will retry failed command [/var/lib/rancher/rke2/bin/kubectl -n cattle-system wait --for=condition=LatestResolved=true plans.upgrade.cattle.io system-agent-upgrader]: exit status 1\""
Jun 12 10:43:32.470247 hp-117-tink-system rancherd[2503]: time="2026-06-12T10:43:32Z" level=info msg="[_11:stderr]: Error from server (NotFound): plans.upgrade.cattle.io \"system-agent-upgrader\" not found"
Jun 12 10:43:32.472771 hp-117-tink-system rancherd[2503]: time="2026-06-12T10:43:32Z" level=info msg="[_11:stderr]: time=\"2026-06-12T10:43:32Z\" level=error msg=\"will retry failed command [/var/lib/rancher/rke2/bin/kubectl -n cattle-system wait --for=condition=LatestResolved=true plans.upgrade.cattle.io system-agent-upgrader]: exit status 1\""
Jun 12 10:43:47.606655 hp-117-tink-system rancherd[2503]: time="2026-06-12T10:43:47Z" level=info msg="[_11:stderr]: Error from server (NotFound): plans.upgrade.cattle.io \"system-agent-upgrader\" not found"
Jun 12 10:43:47.609063 hp-117-tink-system rancherd[2503]: time="2026-06-12T10:43:47Z" level=info msg="[_11:stderr]: time=\"2026-06-12T10:43:47Z\" level=error msg=\"will retry failed command [/var/lib/rancher/rke2/bin/kubectl -n cattle-system wait --for=condition=LatestResolved=true plans.upgrade.cattle.io system-agent-upgrader]: exit status 1\""
Jun 12 10:44:02.734560 hp-117-tink-system rancherd[2503]: time="2026-06-12T10:44:02Z" level=info msg="[_11:stderr]: Error from server (NotFound): plans.upgrade.cattle.io \"system-agent-upgrader\" not found"
Jun 12 10:44:02.736825 hp-117-tink-system rancherd[2503]: time="2026-06-12T10:44:02Z" level=info msg="[_11:stderr]: time=\"2026-06-12T10:44:02Z\" level=error msg=\"will retry failed command [/var/lib/rancher/rke2/bin/kubectl -n cattle-system wait --for=condition=LatestResolved=true plans.upgrade.cattle.io system-agent-upgrader]: exit status 1\""
Jun 12 10:44:17.879240 hp-117-tink-system rancherd[2503]: time="2026-06-12T10:44:17Z" level=info msg="[_11:stderr]: Error from server (NotFound): plans.upgrade.cattle.io \"system-agent-upgrader\" not found"
Jun 12 10:44:17.881631 hp-117-tink-system rancherd[2503]: time="2026-06-12T10:44:17Z" level=info msg="[_11:stderr]: time=\"2026-06-12T10:44:17Z\" level=error msg=\"will retry failed command [/var/lib/rancher/rke2/bin/kubectl -n cattle-system wait --for=condition=LatestResolved=true plans.upgrade.cattle.io system-agent-upgrader]: exit status 1\""
Jun 12 10:44:33.035051 hp-117-tink-system rancherd[2503]: time="2026-06-12T10:44:33Z" level=info msg="[_11:stderr]: Error from server (NotFound): plans.upgrade.cattle.io \"system-agent-upgrader\" not found"
Jun 12 10:44:33.037328 hp-117-tink-system rancherd[2503]: time="2026-06-12T10:44:33Z" level=info msg="[_11:stderr]: time=\"2026-06-12T10:44:33Z\" level=error msg=\"will retry failed command [/var/lib/rancher/rke2/bin/kubectl -n cattle-system wait --for=condition=LatestResolved=true plans.upgrade.cattle.io system-agent-upgrader]: exit status 1\""
Jun 12 10:44:48.191543 hp-117-tink-system rancherd[2503]: time="2026-06-12T10:44:48Z" level=info msg="[_11:stderr]: Error from server (NotFound): plans.upgrade.cattle.io \"system-agent-upgrader\" not found"
Jun 12 10:44:48.194214 hp-117-tink-system rancherd[2503]: time="2026-06-12T10:44:48Z" level=info msg="[_11:stderr]: time=\"2026-06-12T10:44:48Z\" level=error msg=\"will retry failed command [/var/lib/rancher/rke2/bin/kubectl -n cattle-system wait --for=condition=LatestResolved=true plans.upgrade.cattle.io system-agent-upgrader]: exit status 1\""
Jun 12 10:45:03.333342 hp-117-tink-system rancherd[2503]: time="2026-06-12T10:45:03Z" level=info msg="[_11:stderr]: Error from server (NotFound): plans.upgrade.cattle.io \"system-agent-upgrader\" not found"
Jun 12 10:45:03.335888 hp-117-tink-system rancherd[2503]: time="2026-06-12T10:45:03Z" level=info msg="[_11:stderr]: time=\"2026-06-12T10:45:03Z\" level=error msg=\"will retry failed command [/var/lib/rancher/rke2/bin/kubectl -n cattle-system wait --for=condition=LatestResolved=true plans.upgrade.cattle.io system-agent-upgrader]: exit status 1\""
Jun 12 10:45:18.478601 hp-117-tink-system rancherd[2503]: time="2026-06-12T10:45:18Z" level=info msg="[_11:stderr]: Error from server (NotFound): plans.upgrade.cattle.io \"system-agent-upgrader\" not found"
Jun 12 10:45:18.481188 hp-117-tink-system rancherd[2503]: time="2026-06-12T10:45:18Z" level=info msg="[_11:stderr]: time=\"2026-06-12T10:45:18Z\" level=error msg=\"will retry failed command [/var/lib/rancher/rke2/bin/kubectl -n cattle-system wait --for=condition=LatestResolved=true plans.upgrade.cattle.io system-agent-upgrader]: exit status 1\""
Jun 12 10:45:33.722615 hp-117-tink-system rancherd[2503]: time="2026-06-12T10:45:33Z" level=info msg="[_11:stdout]: plan.upgrade.cattle.io/system-agent-upgrader condition met"
Jun 12 10:45:33.725865 hp-117-tink-system rancherd[2503]: time="2026-06-12T10:45:33Z" level=info msg="[Applyinator] Command /usr/bin/rancherd [retry /var/lib/rancher/rke2/bin/kubectl -n cattle-system wait --for=condition=LatestResolved=true plans.upgrade.cattle.io system-agent-upgrader] finished with err: <nil> and exit code: 0"
Jun 12 10:45:33.725865 hp-117-tink-system rancherd[2503]: time="2026-06-12T10:45:33Z" level=info msg="[Applyinator] No image provided, creating empty working directory /var/lib/rancher/rancherd/plan/work/20260612-103832/_12"
Jun 12 10:45:33.726023 hp-117-tink-system rancherd[2503]: time="2026-06-12T10:45:33Z" level=info msg="[Applyinator] Running command: /usr/bin/rancherd [retry /var/lib/rancher/rke2/bin/kubectl -n fleet-local wait --for=condition=Provisioned=true clusters.provisioning.cattle.io local]"
Jun 12 10:46:03.868065 hp-117-tink-system rancherd[2503]: time="2026-06-12T10:46:03Z" level=info msg="[_12:stderr]: error: timed out waiting for the condition on clusters/local"
Jun 12 10:46:03.870952 hp-117-tink-system rancherd[2503]: time="2026-06-12T10:46:03Z" level=info msg="[_12:stderr]: time=\"2026-06-12T10:46:03Z\" level=error msg=\"will retry failed command [/var/lib/rancher/rke2/bin/kubectl -n fleet-local wait --for=condition=Provisioned=true clusters.provisioning.cattle.io local]: exit status 1\""
Jun 12 10:46:48.970626 hp-117-tink-system rancherd[2503]: time="2026-06-12T10:46:48Z" level=info msg="[_12:stderr]: error: timed out waiting for the condition on clusters/local"
Jun 12 10:46:48.972895 hp-117-tink-system rancherd[2503]: time="2026-06-12T10:46:48Z" level=info msg="[_12:stderr]: time=\"2026-06-12T10:46:48Z\" level=error msg=\"will retry failed command [/var/lib/rancher/rke2/bin/kubectl -n fleet-local wait --for=condition=Provisioned=true clusters.provisioning.cattle.io local]: exit status 1\""
Jun 12 10:47:34.071355 hp-117-tink-system rancherd[2503]: time="2026-06-12T10:47:34Z" level=info msg="[_12:stderr]: error: timed out waiting for the condition on clusters/local"
Jun 12 10:47:34.074116 hp-117-tink-system rancherd[2503]: time="2026-06-12T10:47:34Z" level=info msg="[_12:stderr]: time=\"2026-06-12T10:47:34Z\" level=error msg=\"will retry failed command [/var/lib/rancher/rke2/bin/kubectl -n fleet-local wait --for=condition=Provisioned=true clusters.provisioning.cattle.io local]: exit status 1\""
Jun 12 10:48:19.170466 hp-117-tink-system rancherd[2503]: time="2026-06-12T10:48:19Z" level=info msg="[_12:stderr]: error: timed out waiting for the condition on clusters/local"
Jun 12 10:48:19.173130 hp-117-tink-system rancherd[2503]: time="2026-06-12T10:48:19Z" level=info msg="[_12:stderr]: time=\"2026-06-12T10:48:19Z\" level=error msg=\"will retry failed command [/var/lib/rancher/rke2/bin/kubectl -n fleet-local wait --for=condition=Provisioned=true clusters.provisioning.cattle.io local]: exit status 1\""
Jun 12 10:48:34.412588 hp-117-tink-system rancherd[2503]: time="2026-06-12T10:48:34Z" level=info msg="[_12:stdout]: cluster.provisioning.cattle.io/local condition met"
Jun 12 10:48:34.415860 hp-117-tink-system rancherd[2503]: time="2026-06-12T10:48:34Z" level=info msg="[Applyinator] Command /usr/bin/rancherd [retry /var/lib/rancher/rke2/bin/kubectl -n fleet-local wait --for=condition=Provisioned=true clusters.provisioning.cattle.io local] finished with err: <nil> and exit code: 0"
Jun 12 10:48:34.428197 hp-117-tink-system rancherd[2503]: time="2026-06-12T10:48:34Z" level=info msg="Successfully Bootstrapped Rancher (v2.14.2/v1.35.5+rke2r1)"
Jun 12 10:48:34.429458 hp-117-tink-system systemd[1]: rancherd.service: Deactivated successfully.
Jun 12 10:48:34.429878 hp-117-tink-system systemd[1]: Finished Rancher Bootstrap.
Jun 12 10:48:34.430155 hp-117-tink-system systemd[1]: rancherd.service: Consumed 23.441s CPU time.
