2026-06-12T15:45:31.832368880Z time="2026-06-12T15:45:31Z" level=info msg="Starting Harvester Admission Webhook Server version d46887de (d46887de)"
2026-06-12T15:45:31.843596592Z time="2026-06-12T15:45:31Z" level=info msg="add validation handler for [nodes]. (Node)"
2026-06-12T15:45:31.843618677Z time="2026-06-12T15:45:31Z" level=info msg="add validation handler for [persistentvolumeclaims]. (PersistentVolumeClaim)"
2026-06-12T15:45:31.843623089Z time="2026-06-12T15:45:31Z" level=info msg="add validation handler for [volumeremotebackups].harvesterhci.io (VolumeRemoteBackup)"
2026-06-12T15:45:31.843626009Z time="2026-06-12T15:45:31Z" level=info msg="add validation handler for [volumeremoterestores].harvesterhci.io (VolumeRemoteRestore)"
2026-06-12T15:45:31.843629191Z time="2026-06-12T15:45:31Z" level=info msg="add validation handler for [keypairs].harvesterhci.io (KeyPair)"
2026-06-12T15:45:31.843659672Z time="2026-06-12T15:45:31Z" level=info msg="add validation handler for [virtualmachines virtualmachines/status].kubevirt.io (VirtualMachine)"
2026-06-12T15:45:31.843668508Z time="2026-06-12T15:45:31Z" level=info msg="add validation handler for [virtualmachineimages].harvesterhci.io (VirtualMachineImage)"
2026-06-12T15:45:31.843672203Z time="2026-06-12T15:45:31Z" level=info msg="add validation handler for [upgrades].harvesterhci.io (Upgrade)"
2026-06-12T15:45:31.843675476Z time="2026-06-12T15:45:31Z" level=info msg="add validation handler for [virtualmachinebackups].harvesterhci.io (VirtualMachineBackup)"
2026-06-12T15:45:31.843678274Z time="2026-06-12T15:45:31Z" level=info msg="add validation handler for [virtualmachinerestores].harvesterhci.io (VirtualMachineRestore)"
2026-06-12T15:45:31.843703246Z time="2026-06-12T15:45:31Z" level=info msg="add validation handler for [settings].harvesterhci.io (Setting)"
2026-06-12T15:45:31.843707384Z time="2026-06-12T15:45:31Z" level=info msg="add validation handler for [virtualmachinetemplateversions].harvesterhci.io (VirtualMachineTemplateVersion)"
2026-06-12T15:45:31.843710919Z time="2026-06-12T15:45:31Z" level=info msg="add validation handler for [managedcharts].management.cattle.io (ManagedChart)"
2026-06-12T15:45:31.843717415Z time="2026-06-12T15:45:31Z" level=info msg="add validation handler for [bundles].fleet.cattle.io (Bundle)"
2026-06-12T15:45:31.843720589Z time="2026-06-12T15:45:31Z" level=info msg="add validation handler for [bundledeployments].fleet.cattle.io (BundleDeployment)"
2026-06-12T15:45:31.843723018Z time="2026-06-12T15:45:31Z" level=info msg="add validation handler for [storageclasses].storage.k8s.io (StorageClass)"
2026-06-12T15:45:31.843732756Z time="2026-06-12T15:45:31Z" level=info msg="add validation handler for [namespaces]. (Namespace)"
2026-06-12T15:45:31.843735511Z time="2026-06-12T15:45:31Z" level=info msg="add validation handler for [addons].harvesterhci.io (Addon)"
2026-06-12T15:45:31.843742222Z time="2026-06-12T15:45:31Z" level=info msg="add validation handler for [versions].harvesterhci.io (Version)"
2026-06-12T15:45:31.843748102Z time="2026-06-12T15:45:31Z" level=info msg="add validation handler for [volumesnapshots].snapshot.storage.k8s.io (VolumeSnapshot)"
2026-06-12T15:45:31.843754234Z time="2026-06-12T15:45:31Z" level=info msg="add validation handler for [resourcequotas].harvesterhci.io (ResourceQuota)"
2026-06-12T15:45:31.843760806Z time="2026-06-12T15:45:31Z" level=info msg="add validation handler for [schedulevmbackups].harvesterhci.io (ScheduleVMBackup)"
2026-06-12T15:45:31.843766655Z time="2026-06-12T15:45:31Z" level=info msg="add validation handler for [secrets]. (Secret)"
2026-06-12T15:45:31.843774470Z time="2026-06-12T15:45:31Z" level=info msg="add validation handler for [supportbundles].harvesterhci.io (SupportBundle)"
2026-06-12T15:45:31.843825819Z time="2026-06-12T15:45:31Z" level=info msg="add validation handler for [datavolumes].cdi.kubevirt.io (DataVolume)"
2026-06-12T15:45:31.843852985Z time="2026-06-12T15:45:31Z" level=info msg="add validation handler for [deployments].apps (Deployment)"
2026-06-12T15:45:31.843865237Z time="2026-06-12T15:45:31Z" level=info msg="add validation handler for [network-attachment-definitions].k8s.cni.cncf.io (NetworkAttachmentDefinition)"
2026-06-12T15:45:31.843883989Z time="2026-06-12T15:45:31Z" level=info msg="add mutation handler for [persistentvolumeclaims]. (PersistentVolumeClaim)"
2026-06-12T15:45:31.843892759Z time="2026-06-12T15:45:31Z" level=info msg="add mutation handler for [pods]. (Pod)"
2026-06-12T15:45:31.843895969Z time="2026-06-12T15:45:31Z" level=info msg="add mutation handler for [virtualmachinetemplateversions].harvesterhci.io (VirtualMachineTemplateVersion)"
2026-06-12T15:45:31.843904222Z time="2026-06-12T15:45:31Z" level=info msg="add mutation handler for [upgrades].harvesterhci.io (Upgrade)"
2026-06-12T15:45:31.843906666Z time="2026-06-12T15:45:31Z" level=info msg="add mutation handler for [virtualmachines].kubevirt.io (VirtualMachine)"
2026-06-12T15:45:31.843912805Z time="2026-06-12T15:45:31Z" level=info msg="add mutation handler for [virtualmachineinstances].kubevirt.io (VirtualMachineInstance)"
2026-06-12T15:45:31.843929344Z time="2026-06-12T15:45:31Z" level=info msg="add mutation handler for [virtualmachineimages].harvesterhci.io (VirtualMachineImage)"
2026-06-12T15:45:31.843941733Z time="2026-06-12T15:45:31Z" level=info msg="add mutation handler for [virtualmachinebackups].harvesterhci.io (VirtualMachineBackup)"
2026-06-12T15:45:31.843944870Z time="2026-06-12T15:45:31Z" level=info msg="add mutation handler for [storageclasses].storage.k8s.io (StorageClass)"
2026-06-12T15:45:31.846773975Z time="2026-06-12T15:45:31Z" level=info msg="Listening on :9443"
2026-06-12T15:45:31.846912895Z time="2026-06-12T15:45:31Z" level=info msg="Active TLS secret harvester-system/harvester-webhook-tls (ver=4975) (count 1): map[listener.cattle.io/cn-harvester-webhook.harvester-system.svc:harvester-webhook.harvester-system.svc listener.cattle.io/fingerprint:SHA1=814808EB606021FDB93619D6DFADB682B7FDBA45]"
2026-06-12T15:45:31.847451846Z time="2026-06-12T15:45:31Z" level=info msg="certificate CN=dynamic,O=dynamic signed by CN=dynamiclistener-ca@1781260965,O=dynamiclistener-org: notBefore=2026-06-12 10:42:45 +0000 UTC notAfter=2027-06-12 15:45:31 +0000 UTC"
2026-06-12T15:45:31.850052871Z time="2026-06-12T15:45:31Z" level=info msg="Updating TLS secret for harvester-system/harvester-webhook-tls (count: 1): map[listener.cattle.io/cn-harvester-webhook.harvester-system.svc:harvester-webhook.harvester-system.svc listener.cattle.io/fingerprint:SHA1=79CFCA4E0A4F73064BF8EDBBF4F1EC3F6891B3E3]"
2026-06-12T15:45:31.858049285Z time="2026-06-12T15:45:31Z" level=info msg="Active TLS secret harvester-system/harvester-webhook-tls (ver=323720) (count 1): map[listener.cattle.io/cn-harvester-webhook.harvester-system.svc:harvester-webhook.harvester-system.svc listener.cattle.io/fingerprint:SHA1=79CFCA4E0A4F73064BF8EDBBF4F1EC3F6891B3E3]"
2026-06-12T15:45:31.880259148Z I0612 15:45:31.880143       7 warnings.go:110] "Warning: cluster.x-k8s.io/v1beta1 Cluster is deprecated; use cluster.x-k8s.io/v1beta2 Cluster"
2026-06-12T15:45:31.897581981Z I0612 15:45:31.897459       7 warnings.go:110] "Warning: cluster.x-k8s.io/v1beta1 Cluster is deprecated; use cluster.x-k8s.io/v1beta2 Cluster"
2026-06-12T15:45:31.898962734Z I0612 15:45:31.898829       7 warnings.go:110] "Warning: v1 Endpoints is deprecated in v1.33+; use discovery.k8s.io/v1 EndpointSlice"
2026-06-12T15:45:31.904204083Z I0612 15:45:31.904098       7 warnings.go:110] "Warning: cluster.x-k8s.io/v1beta1 Machine is deprecated; use cluster.x-k8s.io/v1beta2 Machine"
2026-06-12T15:45:31.905673722Z I0612 15:45:31.905617       7 warnings.go:110] "Warning: v1 Endpoints is deprecated in v1.33+; use discovery.k8s.io/v1 EndpointSlice"
2026-06-12T15:45:31.907595141Z I0612 15:45:31.907511       7 warnings.go:110] "Warning: cluster.x-k8s.io/v1beta1 Machine is deprecated; use cluster.x-k8s.io/v1beta2 Machine"
2026-06-12T15:45:33.064247803Z time="2026-06-12T15:45:33Z" level=info msg="Starting logging.banzaicloud.io/v1beta1, Kind=ClusterOutput controller"
2026-06-12T15:45:33.064271107Z time="2026-06-12T15:45:33Z" level=info msg="Starting kubevirt.io/v1, Kind=KubeVirt controller"
2026-06-12T15:45:33.064274599Z time="2026-06-12T15:45:33Z" level=info msg="Starting management.cattle.io/v3, Kind=Feature controller"
2026-06-12T15:45:33.064277462Z time="2026-06-12T15:45:33Z" level=info msg="Starting /v1, Kind=Pod controller"
2026-06-12T15:45:33.064287719Z time="2026-06-12T15:45:33Z" level=info msg="Starting k8s.cni.cncf.io/v1, Kind=NetworkAttachmentDefinition controller"
2026-06-12T15:45:33.064320703Z time="2026-06-12T15:45:33Z" level=info msg="Starting longhorn.io/v1beta2, Kind=Volume controller"
2026-06-12T15:45:33.064328072Z time="2026-06-12T15:45:33Z" level=info msg="Starting kubevirt.io/v1, Kind=VirtualMachineInstance controller"
2026-06-12T15:45:33.064334165Z time="2026-06-12T15:45:33Z" level=info msg="Starting harvesterhci.io/v1beta1, Kind=KeyPair controller"
2026-06-12T15:45:33.064367046Z time="2026-06-12T15:45:33Z" level=info msg="Starting harvesterhci.io/v1beta1, Kind=UpgradeLog controller"
2026-06-12T15:45:33.064480965Z time="2026-06-12T15:45:33Z" level=info msg="Starting harvesterhci.io/v1beta1, Kind=VirtualMachineImage controller"
2026-06-12T15:45:33.064493015Z time="2026-06-12T15:45:33Z" level=info msg="Starting harvesterhci.io/v1beta1, Kind=VirtualMachineRestore controller"
2026-06-12T15:45:33.064495824Z time="2026-06-12T15:45:33Z" level=info msg="Starting network.harvesterhci.io/v1beta1, Kind=ClusterNetwork controller"
2026-06-12T15:45:33.064498462Z time="2026-06-12T15:45:33Z" level=info msg="Starting logging.banzaicloud.io/v1beta1, Kind=ClusterFlow controller"
2026-06-12T15:45:33.064507610Z time="2026-06-12T15:45:33Z" level=info msg="Starting fleet.cattle.io/v1alpha1, Kind=Cluster controller"
2026-06-12T15:45:33.064547362Z time="2026-06-12T15:45:33Z" level=info msg="Starting kubevirt.io/v1, Kind=VirtualMachine controller"
2026-06-12T15:45:33.064841992Z time="2026-06-12T15:45:33Z" level=info msg="Starting kubevirt.io/v1, Kind=VirtualMachineInstanceMigration controller"
2026-06-12T15:45:33.065770372Z time="2026-06-12T15:45:33Z" level=info msg="Starting management.cattle.io/v3, Kind=ManagedChart controller"
2026-06-12T15:45:33.065800696Z time="2026-06-12T15:45:33Z" level=info msg="Starting harvesterhci.io/v1beta1, Kind=VirtualMachineBackup controller"
2026-06-12T15:45:33.065900420Z time="2026-06-12T15:45:33Z" level=info msg="Starting apps/v1, Kind=Deployment controller"
2026-06-12T15:45:33.066060986Z time="2026-06-12T15:45:33Z" level=info msg="Starting /v1, Kind=Namespace controller"
2026-06-12T15:45:33.066119172Z time="2026-06-12T15:45:33Z" level=info msg="Starting harvesterhci.io/v1beta1, Kind=Addon controller"
2026-06-12T15:45:33.066252162Z time="2026-06-12T15:45:33Z" level=info msg="Starting network.harvesterhci.io/v1beta1, Kind=VlanStatus controller"
2026-06-12T15:45:33.066261330Z time="2026-06-12T15:45:33Z" level=info msg="Starting harvesterhci.io/v1beta1, Kind=Setting controller"
2026-06-12T15:45:33.066264079Z time="2026-06-12T15:45:33Z" level=info msg="Starting logging.banzaicloud.io/v1beta1, Kind=Flow controller"
2026-06-12T15:45:33.066324605Z time="2026-06-12T15:45:33Z" level=info msg="Starting harvesterhci.io/v1beta1, Kind=Version controller"
2026-06-12T15:45:33.066334278Z time="2026-06-12T15:45:33Z" level=info msg="Starting harvesterhci.io/v1beta1, Kind=VirtualMachineTemplate controller"
2026-06-12T15:45:33.066336993Z time="2026-06-12T15:45:33Z" level=info msg="Starting harvesterhci.io/v1beta1, Kind=VolumeRemoteBackup controller"
2026-06-12T15:45:33.066359111Z time="2026-06-12T15:45:33Z" level=info msg="Starting harvesterhci.io/v1beta1, Kind=ScheduleVMBackup controller"
2026-06-12T15:45:33.066363326Z time="2026-06-12T15:45:33Z" level=info msg="Starting batch/v1, Kind=Job controller"
2026-06-12T15:45:33.066365637Z time="2026-06-12T15:45:33Z" level=info msg="Starting /v1, Kind=PersistentVolumeClaim controller"
2026-06-12T15:45:33.066376359Z time="2026-06-12T15:45:33Z" level=info msg="Starting apiregistration.k8s.io/v1, Kind=APIService controller"
2026-06-12T15:45:33.066384696Z time="2026-06-12T15:45:33Z" level=info msg="Starting snapshot.storage.k8s.io/v1, Kind=VolumeSnapshotClass controller"
2026-06-12T15:45:33.066393442Z time="2026-06-12T15:45:33Z" level=info msg="Starting cluster.x-k8s.io/v1beta1, Kind=Cluster controller"
2026-06-12T15:45:33.066418748Z time="2026-06-12T15:45:33Z" level=info msg="Starting network.harvesterhci.io/v1beta1, Kind=VlanConfig controller"
2026-06-12T15:45:33.066427563Z time="2026-06-12T15:45:33Z" level=info msg="Starting longhorn.io/v1beta2, Kind=Engine controller"
2026-06-12T15:45:33.066460814Z time="2026-06-12T15:45:33Z" level=info msg="Starting logging.banzaicloud.io/v1beta1, Kind=Output controller"
2026-06-12T15:45:33.066464050Z time="2026-06-12T15:45:33Z" level=info msg="Starting /v1, Kind=Endpoints controller"
2026-06-12T15:45:33.066493525Z time="2026-06-12T15:45:33Z" level=info msg="Starting /v1, Kind=Node controller"
2026-06-12T15:45:33.066503321Z time="2026-06-12T15:45:33Z" level=info msg="Starting apiextensions.k8s.io/v1, Kind=CustomResourceDefinition controller"
2026-06-12T15:45:33.066568698Z time="2026-06-12T15:45:33Z" level=info msg="Starting harvesterhci.io/v1beta1, Kind=VirtualMachineTemplateVersion controller"
2026-06-12T15:45:33.066602323Z time="2026-06-12T15:45:33Z" level=info msg="Starting storage.k8s.io/v1, Kind=StorageClass controller"
2026-06-12T15:45:33.066704505Z time="2026-06-12T15:45:33Z" level=info msg="Starting /v1, Kind=ResourceQuota controller"
2026-06-12T15:45:33.066788465Z time="2026-06-12T15:45:33Z" level=info msg="Starting longhorn.io/v1beta2, Kind=Node controller"
2026-06-12T15:45:33.066797808Z time="2026-06-12T15:45:33Z" level=info msg="Starting harvesterhci.io/v1beta1, Kind=ResourceQuota controller"
2026-06-12T15:45:33.066800509Z time="2026-06-12T15:45:33Z" level=info msg="Starting /v1, Kind=Secret controller"
2026-06-12T15:45:33.066849494Z time="2026-06-12T15:45:33Z" level=info msg="Starting cluster.x-k8s.io/v1beta1, Kind=Machine controller"
2026-06-12T15:45:33.066855747Z time="2026-06-12T15:45:33Z" level=info msg="Starting harvesterhci.io/v1beta1, Kind=Upgrade controller"
2026-06-12T15:45:33.067012658Z time="2026-06-12T15:45:33Z" level=info msg="Sleeping for 15 seconds then applying webhook config"
2026-06-12T15:45:33.072642713Z time="2026-06-12T15:45:33Z" level=info msg="Updating TLS secret for harvester-system/harvester-webhook-tls (count: 1): map[listener.cattle.io/cn-harvester-webhook.harvester-system.svc:harvester-webhook.harvester-system.svc listener.cattle.io/fingerprint:SHA1=059C8B78EFBCECEC0C277C297023A8FD3E054C83]"
2026-06-12T15:45:33.076870438Z time="2026-06-12T15:45:33Z" level=info msg="Active TLS secret harvester-system/harvester-webhook-tls (ver=323729) (count 1): map[listener.cattle.io/cn-harvester-webhook.harvester-system.svc:harvester-webhook.harvester-system.svc listener.cattle.io/fingerprint:SHA1=059C8B78EFBCECEC0C277C297023A8FD3E054C83]"
2026-06-12T15:53:03.909382708Z I0612 15:53:03.909228       7 warnings.go:110] "Warning: v1 Endpoints is deprecated in v1.33+; use discovery.k8s.io/v1 EndpointSlice"
2026-06-12T15:53:50.897078314Z I0612 15:53:50.896826       7 warnings.go:110] "Warning: cluster.x-k8s.io/v1beta1 Cluster is deprecated; use cluster.x-k8s.io/v1beta2 Cluster"
2026-06-12T15:54:10.911688025Z I0612 15:54:10.911515       7 warnings.go:110] "Warning: cluster.x-k8s.io/v1beta1 Machine is deprecated; use cluster.x-k8s.io/v1beta2 Machine"
2026-06-12T16:00:11.912910501Z I0612 16:00:11.912725       7 warnings.go:110] "Warning: v1 Endpoints is deprecated in v1.33+; use discovery.k8s.io/v1 EndpointSlice"
2026-06-12T16:00:52.914512450Z I0612 16:00:52.914336       7 warnings.go:110] "Warning: cluster.x-k8s.io/v1beta1 Machine is deprecated; use cluster.x-k8s.io/v1beta2 Machine"
2026-06-12T16:01:59.898527301Z I0612 16:01:59.898419       7 warnings.go:110] "Warning: cluster.x-k8s.io/v1beta1 Cluster is deprecated; use cluster.x-k8s.io/v1beta2 Cluster"
2026-06-12T16:07:55.914034262Z I0612 16:07:55.913868       7 warnings.go:110] "Warning: v1 Endpoints is deprecated in v1.33+; use discovery.k8s.io/v1 EndpointSlice"
2026-06-12T16:08:36.915857546Z I0612 16:08:36.915739       7 warnings.go:110] "Warning: cluster.x-k8s.io/v1beta1 Machine is deprecated; use cluster.x-k8s.io/v1beta2 Machine"
2026-06-12T16:09:34.900014277Z I0612 16:09:34.899849       7 warnings.go:110] "Warning: cluster.x-k8s.io/v1beta1 Cluster is deprecated; use cluster.x-k8s.io/v1beta2 Cluster"
2026-06-12T16:15:12.915300661Z I0612 16:15:12.915172       7 warnings.go:110] "Warning: v1 Endpoints is deprecated in v1.33+; use discovery.k8s.io/v1 EndpointSlice"
2026-06-12T16:18:07.917057223Z I0612 16:18:07.916935       7 warnings.go:110] "Warning: cluster.x-k8s.io/v1beta1 Machine is deprecated; use cluster.x-k8s.io/v1beta2 Machine"
2026-06-12T16:18:09.901492112Z I0612 16:18:09.901334       7 warnings.go:110] "Warning: cluster.x-k8s.io/v1beta1 Cluster is deprecated; use cluster.x-k8s.io/v1beta2 Cluster"
2026-06-12T16:23:12.903451946Z I0612 16:23:12.903333       7 warnings.go:110] "Warning: cluster.x-k8s.io/v1beta1 Cluster is deprecated; use cluster.x-k8s.io/v1beta2 Cluster"
2026-06-12T16:24:47.917073469Z I0612 16:24:47.916918       7 warnings.go:110] "Warning: v1 Endpoints is deprecated in v1.33+; use discovery.k8s.io/v1 EndpointSlice"
2026-06-12T16:24:54.918048442Z I0612 16:24:54.917942       7 warnings.go:110] "Warning: cluster.x-k8s.io/v1beta1 Machine is deprecated; use cluster.x-k8s.io/v1beta2 Machine"
2026-06-12T16:30:12.905381967Z I0612 16:30:12.905250       7 warnings.go:110] "Warning: cluster.x-k8s.io/v1beta1 Cluster is deprecated; use cluster.x-k8s.io/v1beta2 Cluster"
2026-06-12T16:30:45.918285257Z I0612 16:30:45.918131       7 warnings.go:110] "Warning: v1 Endpoints is deprecated in v1.33+; use discovery.k8s.io/v1 EndpointSlice"
2026-06-12T16:33:42.919243385Z I0612 16:33:42.919095       7 warnings.go:110] "Warning: cluster.x-k8s.io/v1beta1 Machine is deprecated; use cluster.x-k8s.io/v1beta2 Machine"
2026-06-12T16:37:59.906190539Z I0612 16:37:59.906004       7 warnings.go:110] "Warning: cluster.x-k8s.io/v1beta1 Cluster is deprecated; use cluster.x-k8s.io/v1beta2 Cluster"
2026-06-12T16:39:20.918779560Z I0612 16:39:20.918600       7 warnings.go:110] "Warning: v1 Endpoints is deprecated in v1.33+; use discovery.k8s.io/v1 EndpointSlice"
2026-06-12T16:41:14.919748032Z I0612 16:41:14.919629       7 warnings.go:110] "Warning: cluster.x-k8s.io/v1beta1 Machine is deprecated; use cluster.x-k8s.io/v1beta2 Machine"
2026-06-12T16:47:14.920240787Z I0612 16:47:14.920142       7 warnings.go:110] "Warning: v1 Endpoints is deprecated in v1.33+; use discovery.k8s.io/v1 EndpointSlice"
2026-06-12T16:47:42.907862085Z I0612 16:47:42.907739       7 warnings.go:110] "Warning: cluster.x-k8s.io/v1beta1 Cluster is deprecated; use cluster.x-k8s.io/v1beta2 Cluster"
2026-06-12T16:50:53.921575300Z I0612 16:50:53.921438       7 warnings.go:110] "Warning: cluster.x-k8s.io/v1beta1 Machine is deprecated; use cluster.x-k8s.io/v1beta2 Machine"
2026-06-12T16:53:11.911101523Z I0612 16:53:11.910968       7 warnings.go:110] "Warning: cluster.x-k8s.io/v1beta1 Cluster is deprecated; use cluster.x-k8s.io/v1beta2 Cluster"
2026-06-12T16:53:11.922929416Z I0612 16:53:11.922813       7 warnings.go:110] "Warning: v1 Endpoints is deprecated in v1.33+; use discovery.k8s.io/v1 EndpointSlice"
2026-06-12T16:56:00.924331933Z I0612 16:56:00.924186       7 warnings.go:110] "Warning: cluster.x-k8s.io/v1beta1 Machine is deprecated; use cluster.x-k8s.io/v1beta2 Machine"
2026-06-12T16:59:21.925994971Z I0612 16:59:21.925888       7 warnings.go:110] "Warning: v1 Endpoints is deprecated in v1.33+; use discovery.k8s.io/v1 EndpointSlice"
2026-06-12T17:00:57.913949286Z I0612 17:00:57.913730       7 warnings.go:110] "Warning: cluster.x-k8s.io/v1beta1 Cluster is deprecated; use cluster.x-k8s.io/v1beta2 Cluster"
2026-06-12T17:04:57.926379075Z I0612 17:04:57.926238       7 warnings.go:110] "Warning: cluster.x-k8s.io/v1beta1 Machine is deprecated; use cluster.x-k8s.io/v1beta2 Machine"
2026-06-12T17:09:13.928075282Z I0612 17:09:13.927935       7 warnings.go:110] "Warning: v1 Endpoints is deprecated in v1.33+; use discovery.k8s.io/v1 EndpointSlice"
2026-06-12T17:10:16.916124841Z I0612 17:10:16.915981       7 warnings.go:110] "Warning: cluster.x-k8s.io/v1beta1 Cluster is deprecated; use cluster.x-k8s.io/v1beta2 Cluster"
2026-06-12T17:11:31.928121367Z I0612 17:11:31.927949       7 warnings.go:110] "Warning: cluster.x-k8s.io/v1beta1 Machine is deprecated; use cluster.x-k8s.io/v1beta2 Machine"
2026-06-12T17:16:48.929096139Z I0612 17:16:48.928917       7 warnings.go:110] "Warning: v1 Endpoints is deprecated in v1.33+; use discovery.k8s.io/v1 EndpointSlice"
2026-06-12T17:17:47.917177438Z I0612 17:17:47.916989       7 warnings.go:110] "Warning: cluster.x-k8s.io/v1beta1 Cluster is deprecated; use cluster.x-k8s.io/v1beta2 Cluster"
2026-06-12T17:20:55.928569459Z I0612 17:20:55.928428       7 warnings.go:110] "Warning: cluster.x-k8s.io/v1beta1 Machine is deprecated; use cluster.x-k8s.io/v1beta2 Machine"
2026-06-12T17:21:53.929906207Z I0612 17:21:53.929759       7 warnings.go:110] "Warning: v1 Endpoints is deprecated in v1.33+; use discovery.k8s.io/v1 EndpointSlice"
2026-06-12T17:24:34.917423712Z I0612 17:24:34.917253       7 warnings.go:110] "Warning: cluster.x-k8s.io/v1beta1 Cluster is deprecated; use cluster.x-k8s.io/v1beta2 Cluster"
2026-06-12T17:26:24.930103121Z I0612 17:26:24.929940       7 warnings.go:110] "Warning: cluster.x-k8s.io/v1beta1 Machine is deprecated; use cluster.x-k8s.io/v1beta2 Machine"
2026-06-12T17:27:14.930843077Z I0612 17:27:14.930699       7 warnings.go:110] "Warning: v1 Endpoints is deprecated in v1.33+; use discovery.k8s.io/v1 EndpointSlice"
2026-06-12T17:33:41.932077824Z I0612 17:33:41.931957       7 warnings.go:110] "Warning: v1 Endpoints is deprecated in v1.33+; use discovery.k8s.io/v1 EndpointSlice"
2026-06-12T17:34:11.918589201Z I0612 17:34:11.918435       7 warnings.go:110] "Warning: cluster.x-k8s.io/v1beta1 Cluster is deprecated; use cluster.x-k8s.io/v1beta2 Cluster"
2026-06-12T17:36:07.931478082Z I0612 17:36:07.931277       7 warnings.go:110] "Warning: cluster.x-k8s.io/v1beta1 Machine is deprecated; use cluster.x-k8s.io/v1beta2 Machine"
2026-06-12T17:40:18.920227011Z I0612 17:40:18.920081       7 warnings.go:110] "Warning: cluster.x-k8s.io/v1beta1 Cluster is deprecated; use cluster.x-k8s.io/v1beta2 Cluster"
2026-06-12T17:41:21.933033087Z I0612 17:41:21.932924       7 warnings.go:110] "Warning: v1 Endpoints is deprecated in v1.33+; use discovery.k8s.io/v1 EndpointSlice"
2026-06-12T17:45:02.932151150Z I0612 17:45:02.931997       7 warnings.go:110] "Warning: cluster.x-k8s.io/v1beta1 Machine is deprecated; use cluster.x-k8s.io/v1beta2 Machine"
2026-06-12T17:47:14.936903712Z I0612 17:47:14.936754       7 warnings.go:110] "Warning: v1 Endpoints is deprecated in v1.33+; use discovery.k8s.io/v1 EndpointSlice"
2026-06-12T17:47:59.923263787Z I0612 17:47:59.923115       7 warnings.go:110] "Warning: cluster.x-k8s.io/v1beta1 Cluster is deprecated; use cluster.x-k8s.io/v1beta2 Cluster"
2026-06-12T17:51:22.938021984Z I0612 17:51:22.937906       7 warnings.go:110] "Warning: cluster.x-k8s.io/v1beta1 Machine is deprecated; use cluster.x-k8s.io/v1beta2 Machine"
2026-06-12T17:55:04.927412521Z I0612 17:55:04.927219       7 warnings.go:110] "Warning: cluster.x-k8s.io/v1beta1 Cluster is deprecated; use cluster.x-k8s.io/v1beta2 Cluster"
2026-06-12T17:56:46.942216612Z I0612 17:56:46.942068       7 warnings.go:110] "Warning: v1 Endpoints is deprecated in v1.33+; use discovery.k8s.io/v1 EndpointSlice"
2026-06-12T18:01:04.929697669Z I0612 18:01:04.929518       7 warnings.go:110] "Warning: cluster.x-k8s.io/v1beta1 Cluster is deprecated; use cluster.x-k8s.io/v1beta2 Cluster"
2026-06-12T18:01:20.941905132Z I0612 18:01:20.941770       7 warnings.go:110] "Warning: cluster.x-k8s.io/v1beta1 Machine is deprecated; use cluster.x-k8s.io/v1beta2 Machine"
2026-06-12T18:06:15.944343215Z I0612 18:06:15.944143       7 warnings.go:110] "Warning: v1 Endpoints is deprecated in v1.33+; use discovery.k8s.io/v1 EndpointSlice"
2026-06-12T18:07:00.931539035Z I0612 18:07:00.931408       7 warnings.go:110] "Warning: cluster.x-k8s.io/v1beta1 Cluster is deprecated; use cluster.x-k8s.io/v1beta2 Cluster"
2026-06-12T18:07:22.943740061Z I0612 18:07:22.943610       7 warnings.go:110] "Warning: cluster.x-k8s.io/v1beta1 Machine is deprecated; use cluster.x-k8s.io/v1beta2 Machine"
2026-06-12T18:12:28.945644778Z I0612 18:12:28.945458       7 warnings.go:110] "Warning: v1 Endpoints is deprecated in v1.33+; use discovery.k8s.io/v1 EndpointSlice"
2026-06-12T18:15:43.945443784Z I0612 18:15:43.945258       7 warnings.go:110] "Warning: cluster.x-k8s.io/v1beta1 Machine is deprecated; use cluster.x-k8s.io/v1beta2 Machine"
2026-06-12T18:16:56.930613463Z I0612 18:16:56.930504       7 warnings.go:110] "Warning: cluster.x-k8s.io/v1beta1 Cluster is deprecated; use cluster.x-k8s.io/v1beta2 Cluster"
2026-06-12T18:21:49.940970518Z I0612 18:21:49.940773       7 warnings.go:110] "Warning: v1 Endpoints is deprecated in v1.33+; use discovery.k8s.io/v1 EndpointSlice"
2026-06-12T18:24:51.940245782Z I0612 18:24:51.940075       7 warnings.go:110] "Warning: cluster.x-k8s.io/v1beta1 Machine is deprecated; use cluster.x-k8s.io/v1beta2 Machine"
2026-06-12T18:25:11.926595811Z I0612 18:25:11.926390       7 warnings.go:110] "Warning: cluster.x-k8s.io/v1beta1 Cluster is deprecated; use cluster.x-k8s.io/v1beta2 Cluster"
2026-06-12T18:29:57.938535253Z I0612 18:29:57.938344       7 warnings.go:110] "Warning: v1 Endpoints is deprecated in v1.33+; use discovery.k8s.io/v1 EndpointSlice"
2026-06-12T18:34:36.944385982Z I0612 18:34:36.944236       7 warnings.go:110] "Warning: cluster.x-k8s.io/v1beta1 Machine is deprecated; use cluster.x-k8s.io/v1beta2 Machine"
2026-06-12T18:34:50.931321803Z I0612 18:34:50.931150       7 warnings.go:110] "Warning: cluster.x-k8s.io/v1beta1 Cluster is deprecated; use cluster.x-k8s.io/v1beta2 Cluster"
2026-06-12T18:38:45.947665039Z I0612 18:38:45.947500       7 warnings.go:110] "Warning: v1 Endpoints is deprecated in v1.33+; use discovery.k8s.io/v1 EndpointSlice"
2026-06-12T18:41:50.950165965Z I0612 18:41:50.949970       7 warnings.go:110] "Warning: cluster.x-k8s.io/v1beta1 Machine is deprecated; use cluster.x-k8s.io/v1beta2 Machine"
2026-06-12T18:44:35.937398069Z I0612 18:44:35.937225       7 warnings.go:110] "Warning: cluster.x-k8s.io/v1beta1 Cluster is deprecated; use cluster.x-k8s.io/v1beta2 Cluster"
2026-06-12T18:48:15.952864163Z I0612 18:48:15.952698       7 warnings.go:110] "Warning: v1 Endpoints is deprecated in v1.33+; use discovery.k8s.io/v1 EndpointSlice"
2026-06-12T18:48:37.953476727Z I0612 18:48:37.953340       7 warnings.go:110] "Warning: cluster.x-k8s.io/v1beta1 Machine is deprecated; use cluster.x-k8s.io/v1beta2 Machine"
2026-06-12T18:51:50.941492344Z I0612 18:51:50.941322       7 warnings.go:110] "Warning: cluster.x-k8s.io/v1beta1 Cluster is deprecated; use cluster.x-k8s.io/v1beta2 Cluster"
2026-06-12T18:53:37.955826154Z I0612 18:53:37.955599       7 warnings.go:110] "Warning: v1 Endpoints is deprecated in v1.33+; use discovery.k8s.io/v1 EndpointSlice"
2026-06-12T18:54:42.956379821Z I0612 18:54:42.956224       7 warnings.go:110] "Warning: cluster.x-k8s.io/v1beta1 Machine is deprecated; use cluster.x-k8s.io/v1beta2 Machine"
2026-06-12T18:59:19.944211043Z I0612 18:59:19.944077       7 warnings.go:110] "Warning: cluster.x-k8s.io/v1beta1 Cluster is deprecated; use cluster.x-k8s.io/v1beta2 Cluster"
2026-06-12T19:01:42.958038862Z I0612 19:01:42.957916       7 warnings.go:110] "Warning: cluster.x-k8s.io/v1beta1 Machine is deprecated; use cluster.x-k8s.io/v1beta2 Machine"
2026-06-12T19:01:48.958887950Z I0612 19:01:48.958689       7 warnings.go:110] "Warning: v1 Endpoints is deprecated in v1.33+; use discovery.k8s.io/v1 EndpointSlice"
2026-06-12T19:06:06.946411781Z I0612 19:06:06.946220       7 warnings.go:110] "Warning: cluster.x-k8s.io/v1beta1 Cluster is deprecated; use cluster.x-k8s.io/v1beta2 Cluster"
2026-06-12T19:06:58.961283767Z I0612 19:06:58.961157       7 warnings.go:110] "Warning: v1 Endpoints is deprecated in v1.33+; use discovery.k8s.io/v1 EndpointSlice"
2026-06-12T19:09:15.959734882Z I0612 19:09:15.959530       7 warnings.go:110] "Warning: cluster.x-k8s.io/v1beta1 Machine is deprecated; use cluster.x-k8s.io/v1beta2 Machine"
2026-06-12T19:11:22.947997917Z I0612 19:11:22.947884       7 warnings.go:110] "Warning: cluster.x-k8s.io/v1beta1 Cluster is deprecated; use cluster.x-k8s.io/v1beta2 Cluster"
2026-06-12T19:13:05.962502505Z I0612 19:13:05.962342       7 warnings.go:110] "Warning: v1 Endpoints is deprecated in v1.33+; use discovery.k8s.io/v1 EndpointSlice"
2026-06-12T19:16:27.959904008Z I0612 19:16:27.959711       7 warnings.go:110] "Warning: cluster.x-k8s.io/v1beta1 Machine is deprecated; use cluster.x-k8s.io/v1beta2 Machine"
2026-06-12T19:18:33.947574905Z I0612 19:18:33.947443       7 warnings.go:110] "Warning: cluster.x-k8s.io/v1beta1 Cluster is deprecated; use cluster.x-k8s.io/v1beta2 Cluster"
2026-06-12T19:21:33.958752621Z I0612 19:21:33.958588       7 warnings.go:110] "Warning: cluster.x-k8s.io/v1beta1 Machine is deprecated; use cluster.x-k8s.io/v1beta2 Machine"
2026-06-12T19:22:12.961077911Z I0612 19:22:12.960882       7 warnings.go:110] "Warning: v1 Endpoints is deprecated in v1.33+; use discovery.k8s.io/v1 EndpointSlice"
2026-06-12T19:25:44.946287369Z I0612 19:25:44.946142       7 warnings.go:110] "Warning: cluster.x-k8s.io/v1beta1 Cluster is deprecated; use cluster.x-k8s.io/v1beta2 Cluster"
2026-06-12T19:27:30.958607935Z I0612 19:27:30.958454       7 warnings.go:110] "Warning: cluster.x-k8s.io/v1beta1 Machine is deprecated; use cluster.x-k8s.io/v1beta2 Machine"
2026-06-12T19:28:40.959732537Z I0612 19:28:40.959607       7 warnings.go:110] "Warning: v1 Endpoints is deprecated in v1.33+; use discovery.k8s.io/v1 EndpointSlice"
2026-06-12T19:32:48.948584427Z I0612 19:32:48.948390       7 warnings.go:110] "Warning: cluster.x-k8s.io/v1beta1 Cluster is deprecated; use cluster.x-k8s.io/v1beta2 Cluster"
2026-06-12T19:34:47.963574665Z I0612 19:34:47.963426       7 warnings.go:110] "Warning: v1 Endpoints is deprecated in v1.33+; use discovery.k8s.io/v1 EndpointSlice"
2026-06-12T19:35:01.961879169Z I0612 19:35:01.961740       7 warnings.go:110] "Warning: cluster.x-k8s.io/v1beta1 Machine is deprecated; use cluster.x-k8s.io/v1beta2 Machine"
2026-06-12T19:40:27.953068523Z I0612 19:40:27.952897       7 warnings.go:110] "Warning: cluster.x-k8s.io/v1beta1 Cluster is deprecated; use cluster.x-k8s.io/v1beta2 Cluster"
2026-06-12T19:41:18.967325790Z I0612 19:41:18.967183       7 warnings.go:110] "Warning: v1 Endpoints is deprecated in v1.33+; use discovery.k8s.io/v1 EndpointSlice"
2026-06-12T19:44:15.965176656Z I0612 19:44:15.965046       7 warnings.go:110] "Warning: cluster.x-k8s.io/v1beta1 Machine is deprecated; use cluster.x-k8s.io/v1beta2 Machine"
2026-06-12T19:46:37.952164885Z I0612 19:46:37.951995       7 warnings.go:110] "Warning: cluster.x-k8s.io/v1beta1 Cluster is deprecated; use cluster.x-k8s.io/v1beta2 Cluster"
2026-06-12T19:50:18.965778549Z I0612 19:50:18.965577       7 warnings.go:110] "Warning: v1 Endpoints is deprecated in v1.33+; use discovery.k8s.io/v1 EndpointSlice"
2026-06-12T19:51:39.952184183Z I0612 19:51:39.951983       7 warnings.go:110] "Warning: cluster.x-k8s.io/v1beta1 Cluster is deprecated; use cluster.x-k8s.io/v1beta2 Cluster"
2026-06-12T19:53:05.961302646Z I0612 19:53:05.961181       7 warnings.go:110] "Warning: cluster.x-k8s.io/v1beta1 Machine is deprecated; use cluster.x-k8s.io/v1beta2 Machine"
2026-06-12T19:55:46.964496203Z I0612 19:55:46.964303       7 warnings.go:110] "Warning: v1 Endpoints is deprecated in v1.33+; use discovery.k8s.io/v1 EndpointSlice"
2026-06-12T19:57:03.951918324Z I0612 19:57:03.951728       7 warnings.go:110] "Warning: cluster.x-k8s.io/v1beta1 Cluster is deprecated; use cluster.x-k8s.io/v1beta2 Cluster"
2026-06-12T20:01:54.961036220Z I0612 20:01:54.960917       7 warnings.go:110] "Warning: cluster.x-k8s.io/v1beta1 Machine is deprecated; use cluster.x-k8s.io/v1beta2 Machine"
2026-06-12T20:03:48.955424706Z I0612 20:03:48.955296       7 warnings.go:110] "Warning: cluster.x-k8s.io/v1beta1 Cluster is deprecated; use cluster.x-k8s.io/v1beta2 Cluster"
2026-06-12T20:05:32.968812574Z I0612 20:05:32.968662       7 warnings.go:110] "Warning: v1 Endpoints is deprecated in v1.33+; use discovery.k8s.io/v1 EndpointSlice"
2026-06-12T20:07:15.966619635Z I0612 20:07:15.966447       7 warnings.go:110] "Warning: cluster.x-k8s.io/v1beta1 Machine is deprecated; use cluster.x-k8s.io/v1beta2 Machine"
2026-06-12T20:08:56.959761440Z I0612 20:08:56.959594       7 warnings.go:110] "Warning: cluster.x-k8s.io/v1beta1 Cluster is deprecated; use cluster.x-k8s.io/v1beta2 Cluster"
2026-06-12T20:11:53.972375990Z I0612 20:11:53.972185       7 warnings.go:110] "Warning: v1 Endpoints is deprecated in v1.33+; use discovery.k8s.io/v1 EndpointSlice"
2026-06-12T20:13:47.970301552Z I0612 20:13:47.970124       7 warnings.go:110] "Warning: cluster.x-k8s.io/v1beta1 Machine is deprecated; use cluster.x-k8s.io/v1beta2 Machine"
2026-06-12T20:17:38.961686473Z I0612 20:17:38.961508       7 warnings.go:110] "Warning: cluster.x-k8s.io/v1beta1 Cluster is deprecated; use cluster.x-k8s.io/v1beta2 Cluster"
2026-06-12T20:18:24.973252027Z I0612 20:18:24.973081       7 warnings.go:110] "Warning: v1 Endpoints is deprecated in v1.33+; use discovery.k8s.io/v1 EndpointSlice"
2026-06-12T20:20:46.971314249Z I0612 20:20:46.971137       7 warnings.go:110] "Warning: cluster.x-k8s.io/v1beta1 Machine is deprecated; use cluster.x-k8s.io/v1beta2 Machine"
2026-06-12T20:24:14.973435614Z I0612 20:24:14.973316       7 warnings.go:110] "Warning: v1 Endpoints is deprecated in v1.33+; use discovery.k8s.io/v1 EndpointSlice"
2026-06-12T20:25:44.961764246Z I0612 20:25:44.961640       7 warnings.go:110] "Warning: cluster.x-k8s.io/v1beta1 Cluster is deprecated; use cluster.x-k8s.io/v1beta2 Cluster"
2026-06-12T20:30:17.970715954Z I0612 20:30:17.970550       7 warnings.go:110] "Warning: cluster.x-k8s.io/v1beta1 Machine is deprecated; use cluster.x-k8s.io/v1beta2 Machine"
2026-06-12T20:33:26.976004684Z I0612 20:33:26.975834       7 warnings.go:110] "Warning: v1 Endpoints is deprecated in v1.33+; use discovery.k8s.io/v1 EndpointSlice"
2026-06-12T20:35:02.964697760Z I0612 20:35:02.964510       7 warnings.go:110] "Warning: cluster.x-k8s.io/v1beta1 Cluster is deprecated; use cluster.x-k8s.io/v1beta2 Cluster"
2026-06-12T20:35:31.975959508Z I0612 20:35:31.975819       7 warnings.go:110] "Warning: cluster.x-k8s.io/v1beta1 Machine is deprecated; use cluster.x-k8s.io/v1beta2 Machine"
2026-06-12T20:40:41.968174744Z I0612 20:40:41.968004       7 warnings.go:110] "Warning: cluster.x-k8s.io/v1beta1 Cluster is deprecated; use cluster.x-k8s.io/v1beta2 Cluster"
2026-06-12T20:41:49.979685204Z I0612 20:41:49.979503       7 warnings.go:110] "Warning: v1 Endpoints is deprecated in v1.33+; use discovery.k8s.io/v1 EndpointSlice"
2026-06-12T20:43:23.979334449Z I0612 20:43:23.979165       7 warnings.go:110] "Warning: cluster.x-k8s.io/v1beta1 Machine is deprecated; use cluster.x-k8s.io/v1beta2 Machine"
2026-06-12T20:46:32.970549446Z I0612 20:46:32.970391       7 warnings.go:110] "Warning: cluster.x-k8s.io/v1beta1 Cluster is deprecated; use cluster.x-k8s.io/v1beta2 Cluster"
2026-06-12T20:48:38.984017608Z I0612 20:48:38.983852       7 warnings.go:110] "Warning: v1 Endpoints is deprecated in v1.33+; use discovery.k8s.io/v1 EndpointSlice"
2026-06-12T20:51:33.973925386Z I0612 20:51:33.973745       7 warnings.go:110] "Warning: cluster.x-k8s.io/v1beta1 Cluster is deprecated; use cluster.x-k8s.io/v1beta2 Cluster"
2026-06-12T20:52:16.983277463Z I0612 20:52:16.983123       7 warnings.go:110] "Warning: cluster.x-k8s.io/v1beta1 Machine is deprecated; use cluster.x-k8s.io/v1beta2 Machine"
2026-06-12T20:56:08.985891025Z I0612 20:56:08.985699       7 warnings.go:110] "Warning: v1 Endpoints is deprecated in v1.33+; use discovery.k8s.io/v1 EndpointSlice"
2026-06-12T20:57:40.984725489Z I0612 20:57:40.984538       7 warnings.go:110] "Warning: cluster.x-k8s.io/v1beta1 Machine is deprecated; use cluster.x-k8s.io/v1beta2 Machine"
2026-06-12T21:01:02.974581088Z I0612 21:01:02.974417       7 warnings.go:110] "Warning: cluster.x-k8s.io/v1beta1 Cluster is deprecated; use cluster.x-k8s.io/v1beta2 Cluster"
2026-06-12T21:03:38.985768543Z I0612 21:03:38.985609       7 warnings.go:110] "Warning: v1 Endpoints is deprecated in v1.33+; use discovery.k8s.io/v1 EndpointSlice"
2026-06-12T21:05:23.985028228Z I0612 21:05:23.984855       7 warnings.go:110] "Warning: cluster.x-k8s.io/v1beta1 Machine is deprecated; use cluster.x-k8s.io/v1beta2 Machine"
2026-06-12T21:07:13.974309959Z I0612 21:07:13.974145       7 warnings.go:110] "Warning: cluster.x-k8s.io/v1beta1 Cluster is deprecated; use cluster.x-k8s.io/v1beta2 Cluster"
2026-06-12T21:13:25.985865966Z I0612 21:13:25.985681       7 warnings.go:110] "Warning: v1 Endpoints is deprecated in v1.33+; use discovery.k8s.io/v1 EndpointSlice"
2026-06-12T21:14:00.974063592Z I0612 21:14:00.973949       7 warnings.go:110] "Warning: cluster.x-k8s.io/v1beta1 Cluster is deprecated; use cluster.x-k8s.io/v1beta2 Cluster"
2026-06-12T21:14:45.984754497Z I0612 21:14:45.984593       7 warnings.go:110] "Warning: cluster.x-k8s.io/v1beta1 Machine is deprecated; use cluster.x-k8s.io/v1beta2 Machine"
2026-06-12T21:19:53.977253191Z I0612 21:19:53.977093       7 warnings.go:110] "Warning: cluster.x-k8s.io/v1beta1 Cluster is deprecated; use cluster.x-k8s.io/v1beta2 Cluster"
2026-06-12T21:20:45.987576927Z I0612 21:20:45.987386       7 warnings.go:110] "Warning: cluster.x-k8s.io/v1beta1 Machine is deprecated; use cluster.x-k8s.io/v1beta2 Machine"
2026-06-12T21:21:05.987760333Z I0612 21:21:05.987612       7 warnings.go:110] "Warning: v1 Endpoints is deprecated in v1.33+; use discovery.k8s.io/v1 EndpointSlice"
2026-06-12T21:27:12.989237180Z I0612 21:27:12.989073       7 warnings.go:110] "Warning: cluster.x-k8s.io/v1beta1 Machine is deprecated; use cluster.x-k8s.io/v1beta2 Machine"
2026-06-12T21:27:53.990080687Z I0612 21:27:53.989906       7 warnings.go:110] "Warning: v1 Endpoints is deprecated in v1.33+; use discovery.k8s.io/v1 EndpointSlice"
2026-06-12T21:29:12.979570988Z I0612 21:29:12.979404       7 warnings.go:110] "Warning: cluster.x-k8s.io/v1beta1 Cluster is deprecated; use cluster.x-k8s.io/v1beta2 Cluster"
2026-06-12T21:34:15.992442292Z I0612 21:34:15.992287       7 warnings.go:110] "Warning: cluster.x-k8s.io/v1beta1 Machine is deprecated; use cluster.x-k8s.io/v1beta2 Machine"
2026-06-12T21:34:46.993569018Z I0612 21:34:46.993399       7 warnings.go:110] "Warning: v1 Endpoints is deprecated in v1.33+; use discovery.k8s.io/v1 EndpointSlice"
2026-06-12T21:36:09.983019969Z I0612 21:36:09.982895       7 warnings.go:110] "Warning: cluster.x-k8s.io/v1beta1 Cluster is deprecated; use cluster.x-k8s.io/v1beta2 Cluster"
2026-06-12T21:40:58.994306895Z I0612 21:40:58.994175       7 warnings.go:110] "Warning: cluster.x-k8s.io/v1beta1 Machine is deprecated; use cluster.x-k8s.io/v1beta2 Machine"
2026-06-12T21:41:34.985556902Z I0612 21:41:34.985368       7 warnings.go:110] "Warning: cluster.x-k8s.io/v1beta1 Cluster is deprecated; use cluster.x-k8s.io/v1beta2 Cluster"
2026-06-12T21:44:09.996254102Z I0612 21:44:09.996117       7 warnings.go:110] "Warning: v1 Endpoints is deprecated in v1.33+; use discovery.k8s.io/v1 EndpointSlice"
2026-06-12T21:47:40.987271085Z I0612 21:47:40.987112       7 warnings.go:110] "Warning: cluster.x-k8s.io/v1beta1 Cluster is deprecated; use cluster.x-k8s.io/v1beta2 Cluster"
2026-06-12T21:48:46.996930825Z I0612 21:48:46.996762       7 warnings.go:110] "Warning: cluster.x-k8s.io/v1beta1 Machine is deprecated; use cluster.x-k8s.io/v1beta2 Machine"
2026-06-12T21:49:33.999091966Z I0612 21:49:33.998904       7 warnings.go:110] "Warning: v1 Endpoints is deprecated in v1.33+; use discovery.k8s.io/v1 EndpointSlice"
2026-06-12T21:55:27.001388645Z I0612 21:55:27.001223       7 warnings.go:110] "Warning: cluster.x-k8s.io/v1beta1 Machine is deprecated; use cluster.x-k8s.io/v1beta2 Machine"
2026-06-12T21:55:33.992137334Z I0612 21:55:33.991964       7 warnings.go:110] "Warning: cluster.x-k8s.io/v1beta1 Cluster is deprecated; use cluster.x-k8s.io/v1beta2 Cluster"
2026-06-12T21:58:10.003842830Z I0612 21:58:10.003674       7 warnings.go:110] "Warning: v1 Endpoints is deprecated in v1.33+; use discovery.k8s.io/v1 EndpointSlice"
2026-06-12T22:02:18.994882317Z I0612 22:02:18.994742       7 warnings.go:110] "Warning: cluster.x-k8s.io/v1beta1 Cluster is deprecated; use cluster.x-k8s.io/v1beta2 Cluster"
2026-06-12T22:04:38.004742669Z I0612 22:04:38.004561       7 warnings.go:110] "Warning: cluster.x-k8s.io/v1beta1 Machine is deprecated; use cluster.x-k8s.io/v1beta2 Machine"
2026-06-12T22:07:28.006842292Z I0612 22:07:28.006697       7 warnings.go:110] "Warning: v1 Endpoints is deprecated in v1.33+; use discovery.k8s.io/v1 EndpointSlice"
2026-06-12T22:09:00.997864211Z I0612 22:09:00.997649       7 warnings.go:110] "Warning: cluster.x-k8s.io/v1beta1 Cluster is deprecated; use cluster.x-k8s.io/v1beta2 Cluster"
2026-06-12T22:10:39.006937807Z I0612 22:10:39.006753       7 warnings.go:110] "Warning: cluster.x-k8s.io/v1beta1 Machine is deprecated; use cluster.x-k8s.io/v1beta2 Machine"
2026-06-12T22:15:05.008918233Z I0612 22:15:05.008759       7 warnings.go:110] "Warning: v1 Endpoints is deprecated in v1.33+; use discovery.k8s.io/v1 EndpointSlice"
2026-06-12T22:18:37.008055360Z I0612 22:18:37.007928       7 warnings.go:110] "Warning: cluster.x-k8s.io/v1beta1 Machine is deprecated; use cluster.x-k8s.io/v1beta2 Machine"
2026-06-12T22:18:50.999118068Z I0612 22:18:50.998918       7 warnings.go:110] "Warning: cluster.x-k8s.io/v1beta1 Cluster is deprecated; use cluster.x-k8s.io/v1beta2 Cluster"
2026-06-12T22:21:37.009478290Z I0612 22:21:37.009333       7 warnings.go:110] "Warning: v1 Endpoints is deprecated in v1.33+; use discovery.k8s.io/v1 EndpointSlice"
2026-06-12T22:24:03.009051145Z I0612 22:24:03.008916       7 warnings.go:110] "Warning: cluster.x-k8s.io/v1beta1 Machine is deprecated; use cluster.x-k8s.io/v1beta2 Machine"
2026-06-12T22:27:03.999173900Z I0612 22:27:03.999019       7 warnings.go:110] "Warning: cluster.x-k8s.io/v1beta1 Cluster is deprecated; use cluster.x-k8s.io/v1beta2 Cluster"
2026-06-12T22:30:20.010457256Z I0612 22:30:20.010321       7 warnings.go:110] "Warning: v1 Endpoints is deprecated in v1.33+; use discovery.k8s.io/v1 EndpointSlice"
2026-06-12T22:32:22.001562634Z I0612 22:32:22.001427       7 warnings.go:110] "Warning: cluster.x-k8s.io/v1beta1 Cluster is deprecated; use cluster.x-k8s.io/v1beta2 Cluster"
2026-06-12T22:32:30.010845928Z I0612 22:32:30.010656       7 warnings.go:110] "Warning: cluster.x-k8s.io/v1beta1 Machine is deprecated; use cluster.x-k8s.io/v1beta2 Machine"
2026-06-12T22:37:41.012412701Z I0612 22:37:41.012229       7 warnings.go:110] "Warning: v1 Endpoints is deprecated in v1.33+; use discovery.k8s.io/v1 EndpointSlice"
2026-06-12T22:40:51.003504776Z I0612 22:40:51.003375       7 warnings.go:110] "Warning: cluster.x-k8s.io/v1beta1 Cluster is deprecated; use cluster.x-k8s.io/v1beta2 Cluster"
2026-06-12T22:41:42.013628700Z I0612 22:41:42.013464       7 warnings.go:110] "Warning: cluster.x-k8s.io/v1beta1 Machine is deprecated; use cluster.x-k8s.io/v1beta2 Machine"
2026-06-12T22:42:46.014280858Z I0612 22:42:46.014163       7 warnings.go:110] "Warning: v1 Endpoints is deprecated in v1.33+; use discovery.k8s.io/v1 EndpointSlice"
2026-06-12T22:47:50.016804192Z I0612 22:47:50.016666       7 warnings.go:110] "Warning: cluster.x-k8s.io/v1beta1 Machine is deprecated; use cluster.x-k8s.io/v1beta2 Machine"
2026-06-12T22:48:24.007218412Z I0612 22:48:24.006940       7 warnings.go:110] "Warning: cluster.x-k8s.io/v1beta1 Cluster is deprecated; use cluster.x-k8s.io/v1beta2 Cluster"
2026-06-12T22:48:48.018584086Z I0612 22:48:48.018433       7 warnings.go:110] "Warning: v1 Endpoints is deprecated in v1.33+; use discovery.k8s.io/v1 EndpointSlice"
2026-06-12T22:53:21.019518905Z I0612 22:53:21.019360       7 warnings.go:110] "Warning: cluster.x-k8s.io/v1beta1 Machine is deprecated; use cluster.x-k8s.io/v1beta2 Machine"
2026-06-12T22:53:53.009861776Z I0612 22:53:53.009728       7 warnings.go:110] "Warning: cluster.x-k8s.io/v1beta1 Cluster is deprecated; use cluster.x-k8s.io/v1beta2 Cluster"
2026-06-12T22:57:03.020469510Z I0612 22:57:03.020337       7 warnings.go:110] "Warning: v1 Endpoints is deprecated in v1.33+; use discovery.k8s.io/v1 EndpointSlice"
2026-06-12T22:58:35.021061575Z I0612 22:58:35.020929       7 warnings.go:110] "Warning: cluster.x-k8s.io/v1beta1 Machine is deprecated; use cluster.x-k8s.io/v1beta2 Machine"
2026-06-12T22:59:04.011421386Z I0612 22:59:04.011247       7 warnings.go:110] "Warning: cluster.x-k8s.io/v1beta1 Cluster is deprecated; use cluster.x-k8s.io/v1beta2 Cluster"
2026-06-12T23:05:07.024335763Z I0612 23:05:07.024183       7 warnings.go:110] "Warning: cluster.x-k8s.io/v1beta1 Machine is deprecated; use cluster.x-k8s.io/v1beta2 Machine"
2026-06-12T23:06:53.024752711Z I0612 23:06:53.024590       7 warnings.go:110] "Warning: v1 Endpoints is deprecated in v1.33+; use discovery.k8s.io/v1 EndpointSlice"
2026-06-12T23:09:03.015287169Z I0612 23:09:03.015105       7 warnings.go:110] "Warning: cluster.x-k8s.io/v1beta1 Cluster is deprecated; use cluster.x-k8s.io/v1beta2 Cluster"
2026-06-12T23:12:17.027017744Z I0612 23:12:17.026843       7 warnings.go:110] "Warning: cluster.x-k8s.io/v1beta1 Machine is deprecated; use cluster.x-k8s.io/v1beta2 Machine"
2026-06-12T23:13:04.027045307Z I0612 23:13:04.026927       7 warnings.go:110] "Warning: v1 Endpoints is deprecated in v1.33+; use discovery.k8s.io/v1 EndpointSlice"
