2026-06-12T10:42:23.097799598Z W0612 10:42:23.097589       1 client_config.go:682] Neither --kubeconfig nor --master was specified.  Using the inClusterConfig.  This might not work.
2026-06-12T10:42:23.322120401Z time="2026-06-12T10:42:23Z" level=info msg="Updating embedded CRD plans.upgrade.cattle.io"
2026-06-12T10:42:23.579959848Z I0612 10:42:23.578624       1 leaderelection.go:258] "Attempting to acquire leader lease..." lock="cattle-system/system-upgrade-controller"
2026-06-12T10:42:23.580150370Z I0612 10:42:23.579410       1 event.go:389] "Event occurred" object="hp-117-tink-system" fieldPath="" kind="Node" apiVersion="" type="Normal" reason="Starting" message="system-upgrade-controller v0.19.1 (5a843e5) starting leader election for cattle-system/system-upgrade-controller"
2026-06-12T10:42:23.598091512Z I0612 10:42:23.597930       1 leaderelection.go:272] "Successfully acquired lease" lock="cattle-system/system-upgrade-controller"
2026-06-12T10:42:23.710833628Z time="2026-06-12T10:42:23Z" level=info msg="Starting /v1, Kind=Node controller"
2026-06-12T10:42:23.710874916Z time="2026-06-12T10:42:23Z" level=info msg="Starting /v1, Kind=Secret controller"
2026-06-12T10:42:23.721267935Z time="2026-06-12T10:42:23Z" level=info msg="Starting batch/v1, Kind=Job controller"
2026-06-12T10:42:23.731850417Z time="2026-06-12T10:42:23Z" level=info msg="Starting upgrade.cattle.io/v1, Kind=Plan controller"
2026-06-12T10:42:23.731868162Z I0612 10:42:23.731728       1 event.go:389] "Event occurred" object="hp-117-tink-system" fieldPath="" kind="Node" apiVersion="" type="Normal" reason="Started" message="system-upgrade-controller v0.19.1 (5a843e5) running as cattle-system/system-upgrade-controller"
2026-06-12T10:42:37.728618500Z I0612 10:42:37.727686       1 event.go:389] "Event occurred" object="cattle-system/sync-additional-ca" fieldPath="" kind="Plan" apiVersion="upgrade.cattle.io/v1" type="Warning" reason="ValidateFailed" message="Failed to validate plan: secrets \"harvester-additional-ca\" not found"
2026-06-12T10:42:37.795779319Z time="2026-06-12T10:42:37Z" level=error msg="error syncing 'cattle-system/sync-additional-ca': handler system-upgrade-controller: secrets \"harvester-additional-ca\" not found, requeuing"
2026-06-12T10:42:37.873096316Z time="2026-06-12T10:42:37Z" level=error msg="error syncing 'cattle-system/sync-additional-ca': handler system-upgrade-controller: secrets \"harvester-additional-ca\" not found, requeuing"
2026-06-12T10:42:37.873135487Z time="2026-06-12T10:42:37Z" level=error msg="error syncing 'cattle-system/sync-additional-ca': handler system-upgrade-controller: secrets \"harvester-additional-ca\" not found, requeuing"
2026-06-12T10:42:37.883531304Z time="2026-06-12T10:42:37Z" level=error msg="error syncing 'cattle-system/sync-additional-ca': handler system-upgrade-controller: secrets \"harvester-additional-ca\" not found, requeuing"
2026-06-12T10:42:37.923898441Z time="2026-06-12T10:42:37Z" level=error msg="error syncing 'cattle-system/sync-additional-ca': handler system-upgrade-controller: secrets \"harvester-additional-ca\" not found, requeuing"
2026-06-12T10:42:38.004773076Z time="2026-06-12T10:42:38Z" level=error msg="error syncing 'cattle-system/sync-additional-ca': handler system-upgrade-controller: secrets \"harvester-additional-ca\" not found, requeuing"
2026-06-12T10:42:38.165342237Z time="2026-06-12T10:42:38Z" level=error msg="error syncing 'cattle-system/sync-additional-ca': handler system-upgrade-controller: secrets \"harvester-additional-ca\" not found, requeuing"
2026-06-12T10:42:38.485930450Z time="2026-06-12T10:42:38Z" level=error msg="error syncing 'cattle-system/sync-additional-ca': handler system-upgrade-controller: secrets \"harvester-additional-ca\" not found, requeuing"
2026-06-12T10:42:39.127587195Z time="2026-06-12T10:42:39Z" level=error msg="error syncing 'cattle-system/sync-additional-ca': handler system-upgrade-controller: secrets \"harvester-additional-ca\" not found, requeuing"
2026-06-12T10:42:40.408048440Z time="2026-06-12T10:42:40Z" level=error msg="error syncing 'cattle-system/sync-additional-ca': handler system-upgrade-controller: secrets \"harvester-additional-ca\" not found, requeuing"
2026-06-12T10:42:42.969170178Z time="2026-06-12T10:42:42Z" level=error msg="error syncing 'cattle-system/sync-additional-ca': handler system-upgrade-controller: secrets \"harvester-additional-ca\" not found, requeuing"
2026-06-12T10:42:48.091742823Z time="2026-06-12T10:42:48Z" level=error msg="error syncing 'cattle-system/sync-additional-ca': handler system-upgrade-controller: secrets \"harvester-additional-ca\" not found, requeuing"
2026-06-12T10:43:08.572195184Z I0612 10:43:08.572080       1 event.go:389] "Event occurred" object="cattle-system/sync-additional-ca" fieldPath="" kind="Plan" apiVersion="upgrade.cattle.io/v1" type="Normal" reason="Validated" message="Plan is valid"
2026-06-12T10:43:08.572219794Z I0612 10:43:08.572119       1 event.go:389] "Event occurred" object="cattle-system/sync-additional-ca" fieldPath="" kind="Plan" apiVersion="upgrade.cattle.io/v1" type="Normal" reason="Resolved" message="Resolved latest version from Spec.Version: v1.1.0"
2026-06-12T10:43:08.584443781Z I0612 10:43:08.584345       1 event.go:389] "Event occurred" object="cattle-system/sync-additional-ca" fieldPath="" kind="Plan" apiVersion="upgrade.cattle.io/v1" type="Normal" reason="SyncJob" message="Jobs synced for version v1.1.0 on Nodes hp-117-tink-system. Hash: 2c27af4f7e139d7c15346edc0adb200edade07eef796ef2c41ef923b"
2026-06-12T10:43:08.619457071Z I0612 10:43:08.619343       1 event.go:389] "Event occurred" object="cattle-system/sync-additional-ca" fieldPath="" kind="Plan" apiVersion="upgrade.cattle.io/v1" type="Normal" reason="SyncJob" message="Jobs synced for version v1.1.0 on Nodes hp-117-tink-system. Hash: 2c27af4f7e139d7c15346edc0adb200edade07eef796ef2c41ef923b"
2026-06-12T10:43:12.489457811Z I0612 10:43:12.489318       1 event.go:389] "Event occurred" object="cattle-system/sync-additional-ca" fieldPath="" kind="Plan" apiVersion="upgrade.cattle.io/v1" type="Normal" reason="JobComplete" message="Job completed on Node hp-117-tink-system"
2026-06-12T10:43:12.512773942Z I0612 10:43:12.512675       1 event.go:389] "Event occurred" object="cattle-system/sync-additional-ca" fieldPath="" kind="Plan" apiVersion="upgrade.cattle.io/v1" type="Normal" reason="Complete" message="Jobs complete for version v1.1.0. Hash: 2c27af4f7e139d7c15346edc0adb200edade07eef796ef2c41ef923b"
2026-06-12T10:44:04.656574136Z I0612 10:44:04.656497       1 event.go:389] "Event occurred" object="cattle-system/sync-additional-ca" fieldPath="" kind="Plan" apiVersion="upgrade.cattle.io/v1" type="Normal" reason="JobComplete" message="Job completed on Node hp-117-tink-system"
2026-06-12T10:45:22.207846412Z I0612 10:45:22.207713       1 event.go:389] "Event occurred" object="cattle-system/system-agent-upgrader" fieldPath="" kind="Plan" apiVersion="upgrade.cattle.io/v1" type="Normal" reason="Validated" message="Plan is valid"
2026-06-12T10:45:22.207874503Z I0612 10:45:22.207748       1 event.go:389] "Event occurred" object="cattle-system/system-agent-upgrader" fieldPath="" kind="Plan" apiVersion="upgrade.cattle.io/v1" type="Normal" reason="Resolved" message="Resolved latest version from Spec.Version: v0.3.16-suc"
2026-06-12T10:45:22.220345046Z I0612 10:45:22.220237       1 event.go:389] "Event occurred" object="cattle-system/system-agent-upgrader" fieldPath="" kind="Plan" apiVersion="upgrade.cattle.io/v1" type="Normal" reason="SyncJob" message="Jobs synced for version v0.3.16-suc on Nodes hp-117-tink-system. Hash: f93baf0cb542ebca496b7007ca85168050d151ac3f821f48486aa99e"
2026-06-12T10:45:22.225967460Z I0612 10:45:22.225880       1 event.go:389] "Event occurred" object="cattle-system/system-agent-upgrader-windows" fieldPath="" kind="Plan" apiVersion="upgrade.cattle.io/v1" type="Normal" reason="Validated" message="Plan is valid"
2026-06-12T10:45:22.226000159Z I0612 10:45:22.225910       1 event.go:389] "Event occurred" object="cattle-system/system-agent-upgrader-windows" fieldPath="" kind="Plan" apiVersion="upgrade.cattle.io/v1" type="Normal" reason="Resolved" message="Resolved latest version from Spec.Version: v0.5.5"
2026-06-12T10:45:22.242973728Z I0612 10:45:22.242878       1 event.go:389] "Event occurred" object="cattle-system/system-agent-upgrader-windows" fieldPath="" kind="Plan" apiVersion="upgrade.cattle.io/v1" type="Normal" reason="Complete" message="Jobs complete for version v0.5.5. Hash: f7b055b756a9e352e500e62ca07d9093c1a595ae17b8934b83e4ea65"
2026-06-12T10:45:22.254715173Z I0612 10:45:22.254629       1 event.go:389] "Event occurred" object="cattle-system/system-agent-upgrader" fieldPath="" kind="Plan" apiVersion="upgrade.cattle.io/v1" type="Normal" reason="SyncJob" message="Jobs synced for version v0.3.16-suc on Nodes hp-117-tink-system. Hash: f93baf0cb542ebca496b7007ca85168050d151ac3f821f48486aa99e"
2026-06-12T10:45:22.288271061Z I0612 10:45:22.288130       1 event.go:389] "Event occurred" object="cattle-system/system-agent-upgrader-windows" fieldPath="" kind="Plan" apiVersion="upgrade.cattle.io/v1" type="Normal" reason="Complete" message="Jobs complete for version v0.5.5. Hash: f7b055b756a9e352e500e62ca07d9093c1a595ae17b8934b83e4ea65"
2026-06-12T10:45:30.700183847Z I0612 10:45:30.700071       1 event.go:389] "Event occurred" object="cattle-system/system-agent-upgrader" fieldPath="" kind="Plan" apiVersion="upgrade.cattle.io/v1" type="Normal" reason="JobComplete" message="Job completed on Node hp-117-tink-system"
2026-06-12T10:45:30.774968740Z I0612 10:45:30.774838       1 event.go:389] "Event occurred" object="cattle-system/system-agent-upgrader" fieldPath="" kind="Plan" apiVersion="upgrade.cattle.io/v1" type="Normal" reason="Complete" message="Jobs complete for version v0.3.16-suc. Hash: f93baf0cb542ebca496b7007ca85168050d151ac3f821f48486aa99e"
2026-06-12T10:45:30.787565900Z I0612 10:45:30.787465       1 event.go:389] "Event occurred" object="cattle-system/system-agent-upgrader" fieldPath="" kind="Plan" apiVersion="upgrade.cattle.io/v1" type="Normal" reason="Complete" message="Jobs complete for version v0.3.16-suc. Hash: f93baf0cb542ebca496b7007ca85168050d151ac3f821f48486aa99e"
2026-06-12T10:47:11.102097684Z I0612 10:47:11.101970       1 event.go:389] "Event occurred" object="cattle-system/sync-additional-ca" fieldPath="" kind="Plan" apiVersion="upgrade.cattle.io/v1" type="Normal" reason="SyncJob" message="Jobs synced for version v1.1.0 on Nodes hp-150-tink-system. Hash: 2c27af4f7e139d7c15346edc0adb200edade07eef796ef2c41ef923b"
2026-06-12T10:47:11.102181839Z I0612 10:47:11.102123       1 event.go:389] "Event occurred" object="cattle-system/system-agent-upgrader" fieldPath="" kind="Plan" apiVersion="upgrade.cattle.io/v1" type="Normal" reason="SyncJob" message="Jobs synced for version v0.3.16-suc on Nodes hp-150-tink-system. Hash: f93baf0cb542ebca496b7007ca85168050d151ac3f821f48486aa99e"
2026-06-12T10:47:12.519128236Z I0612 10:47:12.519008       1 event.go:389] "Event occurred" object="cattle-system/system-agent-upgrader" fieldPath="" kind="Plan" apiVersion="upgrade.cattle.io/v1" type="Normal" reason="SyncJob" message="Jobs synced for version v0.3.16-suc on Nodes hp-150-tink-system,hp-69-tink-system. Hash: f93baf0cb542ebca496b7007ca85168050d151ac3f821f48486aa99e"
2026-06-12T10:47:28.293304699Z I0612 10:47:28.293170       1 event.go:389] "Event occurred" object="cattle-system/system-agent-upgrader" fieldPath="" kind="Plan" apiVersion="upgrade.cattle.io/v1" type="Normal" reason="JobComplete" message="Job completed on Node hp-150-tink-system"
2026-06-12T10:47:28.321169102Z I0612 10:47:28.321049       1 event.go:389] "Event occurred" object="cattle-system/system-agent-upgrader" fieldPath="" kind="Plan" apiVersion="upgrade.cattle.io/v1" type="Normal" reason="SyncJob" message="Jobs synced for version v0.3.16-suc on Nodes hp-69-tink-system. Hash: f93baf0cb542ebca496b7007ca85168050d151ac3f821f48486aa99e"
2026-06-12T10:47:28.665222795Z I0612 10:47:28.665101       1 event.go:389] "Event occurred" object="cattle-system/system-agent-upgrader" fieldPath="" kind="Plan" apiVersion="upgrade.cattle.io/v1" type="Normal" reason="JobComplete" message="Job completed on Node hp-69-tink-system"
2026-06-12T10:47:28.668774740Z I0612 10:47:28.668674       1 event.go:389] "Event occurred" object="cattle-system/system-agent-upgrader" fieldPath="" kind="Plan" apiVersion="upgrade.cattle.io/v1" type="Normal" reason="Complete" message="Jobs complete for version v0.3.16-suc. Hash: f93baf0cb542ebca496b7007ca85168050d151ac3f821f48486aa99e"
2026-06-12T10:47:32.822237355Z I0612 10:47:32.822171       1 event.go:389] "Event occurred" object="cattle-system/sync-additional-ca" fieldPath="" kind="Plan" apiVersion="upgrade.cattle.io/v1" type="Normal" reason="JobComplete" message="Job completed on Node hp-150-tink-system"
2026-06-12T10:47:32.852028694Z I0612 10:47:32.851943       1 event.go:389] "Event occurred" object="cattle-system/sync-additional-ca" fieldPath="" kind="Plan" apiVersion="upgrade.cattle.io/v1" type="Normal" reason="SyncJob" message="Jobs synced for version v1.1.0 on Nodes hp-69-tink-system. Hash: 2c27af4f7e139d7c15346edc0adb200edade07eef796ef2c41ef923b"
2026-06-12T10:47:42.324207652Z I0612 10:47:42.324051       1 event.go:389] "Event occurred" object="cattle-system/sync-additional-ca" fieldPath="" kind="Plan" apiVersion="upgrade.cattle.io/v1" type="Normal" reason="JobComplete" message="Job completed on Node hp-69-tink-system"
2026-06-12T10:47:42.355726667Z I0612 10:47:42.355590       1 event.go:389] "Event occurred" object="cattle-system/sync-additional-ca" fieldPath="" kind="Plan" apiVersion="upgrade.cattle.io/v1" type="Normal" reason="Complete" message="Jobs complete for version v1.1.0. Hash: 2c27af4f7e139d7c15346edc0adb200edade07eef796ef2c41ef923b"
2026-06-12T10:58:12.004816532Z I0612 10:58:12.004660       1 event.go:389] "Event occurred" object="cattle-system/sync-additional-ca" fieldPath="" kind="Plan" apiVersion="upgrade.cattle.io/v1" type="Normal" reason="JobComplete" message="Job completed on Node hp-117-tink-system"
2026-06-12T10:58:12.079307801Z time="2026-06-12T10:58:12Z" level=error msg="error syncing 'cattle-system/apply-sync-additional-ca-on-hp-117-tink-system-with-2c27a-dc313': handler system-upgrade-controller: jobs.batch \"apply-sync-additional-ca-on-hp-117-tink-system-with-2c27a-dc313\" not found, requeuing"
2026-06-12T11:00:30.004188646Z I0612 11:00:30.004044       1 event.go:389] "Event occurred" object="cattle-system/system-agent-upgrader" fieldPath="" kind="Plan" apiVersion="upgrade.cattle.io/v1" type="Normal" reason="JobComplete" message="Job completed on Node hp-117-tink-system"
2026-06-12T11:00:30.071079117Z time="2026-06-12T11:00:30Z" level=error msg="error syncing 'cattle-system/apply-system-agent-upgrader-on-hp-117-tink-system-with-f9-8116e': handler system-upgrade-controller: jobs.batch \"apply-system-agent-upgrader-on-hp-117-tink-system-with-f9-8116e\" not found, requeuing"
2026-06-12T11:00:30.074184732Z I0612 11:00:30.074073       1 event.go:389] "Event occurred" object="cattle-system/system-agent-upgrader" fieldPath="" kind="Plan" apiVersion="upgrade.cattle.io/v1" type="Normal" reason="JobComplete" message="Job completed on Node hp-117-tink-system"
2026-06-12T11:00:30.137277520Z time="2026-06-12T11:00:30Z" level=error msg="error syncing 'cattle-system/apply-system-agent-upgrader-on-hp-117-tink-system-with-f9-8116e': handler system-upgrade-controller: jobs.batch \"apply-system-agent-upgrader-on-hp-117-tink-system-with-f9-8116e\" not found, requeuing"
2026-06-12T11:02:28.004433141Z I0612 11:02:28.004312       1 event.go:389] "Event occurred" object="cattle-system/system-agent-upgrader" fieldPath="" kind="Plan" apiVersion="upgrade.cattle.io/v1" type="Normal" reason="JobComplete" message="Job completed on Node hp-69-tink-system"
2026-06-12T11:02:28.004582665Z I0612 11:02:28.004477       1 event.go:389] "Event occurred" object="cattle-system/system-agent-upgrader" fieldPath="" kind="Plan" apiVersion="upgrade.cattle.io/v1" type="Normal" reason="JobComplete" message="Job completed on Node hp-150-tink-system"
2026-06-12T11:02:28.088342467Z I0612 11:02:28.088233       1 event.go:389] "Event occurred" object="cattle-system/system-agent-upgrader" fieldPath="" kind="Plan" apiVersion="upgrade.cattle.io/v1" type="Normal" reason="JobComplete" message="Job completed on Node hp-150-tink-system"
2026-06-12T11:02:28.090007232Z I0612 11:02:28.089917       1 event.go:389] "Event occurred" object="cattle-system/system-agent-upgrader" fieldPath="" kind="Plan" apiVersion="upgrade.cattle.io/v1" type="Normal" reason="JobComplete" message="Job completed on Node hp-69-tink-system"
2026-06-12T11:02:28.153844817Z time="2026-06-12T11:02:28Z" level=error msg="error syncing 'cattle-system/apply-system-agent-upgrader-on-hp-69-tink-system-with-f93-d0ec3': handler system-upgrade-controller: jobs.batch \"apply-system-agent-upgrader-on-hp-69-tink-system-with-f93-d0ec3\" not found, requeuing"
2026-06-12T11:02:28.154757672Z time="2026-06-12T11:02:28Z" level=error msg="error syncing 'cattle-system/apply-system-agent-upgrader-on-hp-150-tink-system-with-f9-589e4': handler system-upgrade-controller: jobs.batch \"apply-system-agent-upgrader-on-hp-150-tink-system-with-f9-589e4\" not found, requeuing"
2026-06-12T11:02:32.003579088Z I0612 11:02:32.003435       1 event.go:389] "Event occurred" object="cattle-system/sync-additional-ca" fieldPath="" kind="Plan" apiVersion="upgrade.cattle.io/v1" type="Normal" reason="JobComplete" message="Job completed on Node hp-150-tink-system"
2026-06-12T11:02:32.068594728Z time="2026-06-12T11:02:32Z" level=error msg="error syncing 'cattle-system/apply-sync-additional-ca-on-hp-150-tink-system-with-2c27a-58105': handler system-upgrade-controller: jobs.batch \"apply-sync-additional-ca-on-hp-150-tink-system-with-2c27a-58105\" not found, requeuing"
2026-06-12T11:02:42.004124092Z I0612 11:02:42.003990       1 event.go:389] "Event occurred" object="cattle-system/sync-additional-ca" fieldPath="" kind="Plan" apiVersion="upgrade.cattle.io/v1" type="Normal" reason="JobComplete" message="Job completed on Node hp-69-tink-system"
2026-06-12T11:02:42.097752980Z time="2026-06-12T11:02:42Z" level=error msg="error syncing 'cattle-system/apply-sync-additional-ca-on-hp-69-tink-system-with-2c27af-881e9': handler system-upgrade-controller: jobs.batch \"apply-sync-additional-ca-on-hp-69-tink-system-with-2c27af-881e9\" not found, requeuing"
