2026-06-12T10:42:45.347811561Z time="2026-06-12T10:42:45Z" level=info msg="Starting harvester-network-controller version v1.8.1-rc1"
2026-06-12T10:42:45.347840850Z time="2026-06-12T10:42:45Z" level=info msg="Set log level to info"
2026-06-12T10:42:45.347845594Z time="2026-06-12T10:42:45Z" level=info msg="namespace harvester-system threadiness 2 nodeName  helper-image rancher/harvester-network-helper:v1.8.1-rc1"
2026-06-12T10:42:45.347848983Z W0612 10:42:45.347067       1 client_config.go:667] Neither --kubeconfig nor --master was specified.  Using the inClusterConfig.  This might not work.
2026-06-12T10:42:45.348654903Z I0612 10:42:45.348213       1 leaderelection.go:257] attempting to acquire leader lease kube-system/harvester-network-controllers...
2026-06-12T10:42:45.437731844Z I0612 10:42:45.437575       1 leaderelection.go:271] successfully acquired lease kube-system/harvester-network-controllers
2026-06-12T10:42:51.248693276Z time="2026-06-12T10:42:51Z" level=info msg="Do not update the existing CRD NetworkAttachmentDefinition"
2026-06-12T10:42:54.947096156Z time="2026-06-12T10:42:54Z" level=info msg="Starting network.harvesterhci.io/v1beta1, Kind=VlanConfig controller"
2026-06-12T10:42:54.947126587Z time="2026-06-12T10:42:54Z" level=info msg="Starting network.harvesterhci.io/v1beta1, Kind=VlanStatus controller"
2026-06-12T10:42:54.947150063Z time="2026-06-12T10:42:54Z" level=info msg="Starting network.harvesterhci.io/v1beta1, Kind=LinkMonitor controller"
2026-06-12T10:42:54.947169212Z time="2026-06-12T10:42:54Z" level=info msg="Starting /v1, Kind=Node controller"
2026-06-12T10:42:54.948205231Z time="2026-06-12T10:42:54Z" level=info msg="Starting batch/v1, Kind=Job controller"
2026-06-12T10:42:54.948220133Z time="2026-06-12T10:42:54Z" level=info msg="Starting network.harvesterhci.io/v1beta1, Kind=HostNetworkConfig controller"
2026-06-12T10:42:54.948230841Z time="2026-06-12T10:42:54Z" level=info msg="Starting k8s.cni.cncf.io/v1, Kind=NetworkAttachmentDefinition controller"
2026-06-12T10:42:54.948278012Z time="2026-06-12T10:42:54Z" level=info msg="Starting network.harvesterhci.io/v1beta1, Kind=ClusterNetwork controller"
2026-06-12T11:08:07.880310135Z time="2026-06-12T11:08:07Z" level=info msg="nad configuration default/11h06m21s863801-06-12 has been changed: {\"cniVersion\": \"0.3.1\", \"name\": \"11h06m21s863801-06-12\", \"type\": \"bridge\", \"bridge\": \"mgmt-br\", \"promiscMode\": true, \"vlan\": 4000, \"ipam\": {}}"
2026-06-12T11:08:07.899246069Z time="2026-06-12T11:08:07Z" level=info msg="nad configuration default/11h06m21s863801-06-12 has been changed: {\"cniVersion\": \"0.3.1\", \"name\": \"11h06m21s863801-06-12\", \"type\": \"bridge\", \"bridge\": \"mgmt-br\", \"promiscMode\": true, \"vlan\": 4000, \"ipam\": {}}"
2026-06-12T11:08:07.899351832Z time="2026-06-12T11:08:07Z" level=info msg="EnsureJob2GetLayer3NetworkInfo netconf: &{Mode:auto CIDR: Gateway: ServerIPAddr: Connectivity: Outdated:false}"
2026-06-12T11:08:07.911524890Z time="2026-06-12T11:08:07Z" level=info msg="Created nad helper job default11h06m21s863801-06-12-619c368b, dhcpServer , vid 4000"
2026-06-12T11:08:07.911684523Z time="2026-06-12T11:08:07Z" level=info msg="update cn mgmt annotations network.harvesterhci.io/vlan-id-set-str-hash:b090147020e033534635010c4f7eb6fc270d44e5df67ea9e744a8087df9ca106"
2026-06-12T11:08:07.925884802Z time="2026-06-12T11:08:07Z" level=error msg="error syncing 'default/11h06m21s863801-06-12': handler harvester-network-manager-nad-controller: network-attachment-definitions.k8s.cni.cncf.io \"11h06m21s863801-06-12\" not found, requeuing"
2026-06-12T11:21:24.547427202Z time="2026-06-12T11:21:24Z" level=info msg="vlan config hp-69-tink-system has been changed, spec: {Description: ClusterNetwork:cnet-111938 NodeSelector:map[kubernetes.io/hostname:hp-69-tink-system] Uplink:{NICs:[eno50] LinkAttrs:0x1e8c97a7f4a0 BondOptions:0x1e8c97a35b18}}"
2026-06-12T11:21:24.562047300Z time="2026-06-12T11:21:24Z" level=info msg="update cluster network cnet-111938 annotation network.harvesterhci.io/uplink-mtu to 1500"
2026-06-12T11:21:24.589615236Z time="2026-06-12T11:21:24Z" level=info msg="vlan config hp-117-tink-system has been changed, spec: {Description: ClusterNetwork:cnet-111938 NodeSelector:map[kubernetes.io/hostname:hp-117-tink-system] Uplink:{NICs:[eno50] LinkAttrs:0x1e8c97978de0 BondOptions:0x1e8c97a35db8}}"
2026-06-12T11:21:24.591804619Z time="2026-06-12T11:21:24Z" level=info msg="vlan config hp-69-tink-system has been changed, spec: {Description: ClusterNetwork:cnet-111938 NodeSelector:map[kubernetes.io/hostname:hp-69-tink-system] Uplink:{NICs:[eno50] LinkAttrs:0x1e8c9787acc0 BondOptions:0x1e8c975a8798}}"
2026-06-12T11:21:24.645772469Z time="2026-06-12T11:21:24Z" level=info msg="vlan config hp-117-tink-system has been changed, spec: {Description: ClusterNetwork:cnet-111938 NodeSelector:map[kubernetes.io/hostname:hp-117-tink-system] Uplink:{NICs:[eno50] LinkAttrs:0x1e8c9318b1a0 BondOptions:0x1e8c93034450}}"
2026-06-12T11:21:24.646885519Z time="2026-06-12T11:21:24Z" level=info msg="vlan config hp-69-tink-system has been changed, spec: {Description: ClusterNetwork:cnet-111938 NodeSelector:map[kubernetes.io/hostname:hp-69-tink-system] Uplink:{NICs:[eno50] LinkAttrs:0x1e8c9318b770 BondOptions:0x1e8c930348a0}}"
2026-06-12T11:21:24.647949452Z time="2026-06-12T11:21:24Z" level=info msg="vlan config hp-150-tink-system has been changed, spec: {Description: ClusterNetwork:cnet-111938 NodeSelector:map[kubernetes.io/hostname:hp-150-tink-system] Uplink:{NICs:[eno50] LinkAttrs:0x1e8c9787bbf0 BondOptions:0x1e8c975a80f0}}"
2026-06-12T11:21:24.660033186Z time="2026-06-12T11:21:24Z" level=info msg="vlan config hp-117-tink-system has been changed, spec: {Description: ClusterNetwork:cnet-111938 NodeSelector:map[kubernetes.io/hostname:hp-117-tink-system] Uplink:{NICs:[eno50] LinkAttrs:0x1e8c9318b1a0 BondOptions:0x1e8c93034450}}"
2026-06-12T11:21:24.672189350Z time="2026-06-12T11:21:24Z" level=info msg="vlan config hp-117-tink-system has been changed, spec: {Description: ClusterNetwork:cnet-111938 NodeSelector:map[kubernetes.io/hostname:hp-117-tink-system] Uplink:{NICs:[eno50] LinkAttrs:0x1e8c975b4a50 BondOptions:0x1e8c930350b0}}"
2026-06-12T11:21:24.672293236Z time="2026-06-12T11:21:24Z" level=info msg="vlan config hp-150-tink-system has been changed, spec: {Description: ClusterNetwork:cnet-111938 NodeSelector:map[kubernetes.io/hostname:hp-150-tink-system] Uplink:{NICs:[eno50] LinkAttrs:0x1e8c975b4c60 BondOptions:0x1e8c93035260}}"
2026-06-12T11:21:24.677610681Z time="2026-06-12T11:21:24Z" level=info msg="vlan config hp-117-tink-system has been changed, spec: {Description: ClusterNetwork:cnet-111938 NodeSelector:map[kubernetes.io/hostname:hp-117-tink-system] Uplink:{NICs:[eno50] LinkAttrs:0x1e8c975b4a50 BondOptions:0x1e8c930350b0}}"
2026-06-12T11:21:24.719454779Z time="2026-06-12T11:21:24Z" level=info msg="nad configuration default/11h19m38s484147-06-12 has been changed: {\"cniVersion\": \"0.3.1\", \"name\": \"11h19m38s484147-06-12\", \"type\": \"bridge\", \"bridge\": \"cnet-111938-br\", \"promiscMode\": true, \"vlan\": 2011, \"ipam\": {}}"
2026-06-12T11:21:24.745840384Z time="2026-06-12T11:21:24Z" level=info msg="vlan config hp-150-tink-system has been changed, spec: {Description: ClusterNetwork:cnet-111938 NodeSelector:map[kubernetes.io/hostname:hp-150-tink-system] Uplink:{NICs:[eno50] LinkAttrs:0x1e8c975b5830 BondOptions:0x1e8c93035590}}"
2026-06-12T11:21:24.750608775Z time="2026-06-12T11:21:24Z" level=info msg="nad configuration default/11h19m38s484147-06-12 has been changed: {\"cniVersion\": \"0.3.1\", \"name\": \"11h19m38s484147-06-12\", \"type\": \"bridge\", \"bridge\": \"cnet-111938-br\", \"promiscMode\": true, \"vlan\": 2011, \"ipam\": {}}"
2026-06-12T11:21:24.750657587Z time="2026-06-12T11:21:24Z" level=info msg="EnsureJob2GetLayer3NetworkInfo netconf: &{Mode:auto CIDR: Gateway: ServerIPAddr: Connectivity: Outdated:false}"
2026-06-12T11:21:24.769567138Z time="2026-06-12T11:21:24Z" level=info msg="Created nad helper job default11h19m38s484147-06-12-a1786772, dhcpServer , vid 2011"
2026-06-12T11:21:24.769792244Z time="2026-06-12T11:21:24Z" level=info msg="update cn cnet-111938 annotations network.harvesterhci.io/vlan-id-set-str-hash:72d1b5da6eeaf1789df86487da50ad5e9dadb5ffaecb56b6de592aa286c9c1b8"
2026-06-12T11:21:24.923892657Z time="2026-06-12T11:21:24Z" level=info msg="vlan status cnet-111938-hp-150-tink-system-3e10b06d has been changed, node: hp-150-tink-system, clusterNetwork: cnet-111938, vc: hp-150-tink-system"
2026-06-12T11:21:24.936547282Z time="2026-06-12T11:21:24Z" level=info msg="vlan status cnet-111938-hp-117-tink-system-5acf392e has been changed, node: hp-117-tink-system, clusterNetwork: cnet-111938, vc: hp-117-tink-system"
2026-06-12T11:21:25.538123497Z time="2026-06-12T11:21:25Z" level=info msg="nad configuration default/11h19m38s484147-06-12 has been changed: {\"cniVersion\": \"0.3.1\", \"name\": \"11h19m38s484147-06-12\", \"type\": \"bridge\", \"bridge\": \"cnet-111938-br\", \"promiscMode\": true, \"vlan\": 2011, \"ipam\": {}}"
2026-06-12T11:21:25.538143096Z time="2026-06-12T11:21:25Z" level=info msg="EnsureJob2GetLayer3NetworkInfo netconf: &{Mode:auto CIDR: Gateway: ServerIPAddr: Connectivity: Outdated:false}"
2026-06-12T11:21:25.731137140Z time="2026-06-12T11:21:25Z" level=info msg="vlan status cnet-111938-hp-69-tink-system-8d50df77 has been changed, node: hp-69-tink-system, clusterNetwork: cnet-111938, vc: hp-69-tink-system"
2026-06-12T11:21:25.927540747Z time="2026-06-12T11:21:25Z" level=info msg="vlan status cnet-111938-hp-150-tink-system-3e10b06d has been changed, node: hp-150-tink-system, clusterNetwork: cnet-111938, vc: hp-150-tink-system"
2026-06-12T11:21:26.729970105Z time="2026-06-12T11:21:26Z" level=info msg="nad configuration default/11h19m38s484147-06-12 has been changed: {\"cniVersion\": \"0.3.1\", \"name\": \"11h19m38s484147-06-12\", \"type\": \"bridge\", \"bridge\": \"cnet-111938-br\", \"promiscMode\": true, \"vlan\": 2011, \"ipam\": {}}"
2026-06-12T11:21:26.926935851Z time="2026-06-12T11:21:26Z" level=info msg="vlan status cnet-111938-hp-117-tink-system-5acf392e has been changed, node: hp-117-tink-system, clusterNetwork: cnet-111938, vc: hp-117-tink-system"
2026-06-12T11:21:27.338249832Z time="2026-06-12T11:21:27Z" level=info msg="vlan status cnet-111938-hp-69-tink-system-8d50df77 has been changed, node: hp-69-tink-system, clusterNetwork: cnet-111938, vc: hp-69-tink-system"
2026-06-12T11:21:27.534803474Z time="2026-06-12T11:21:27Z" level=info msg="nad configuration default/11h19m38s484147-06-12 has been changed: {\"cniVersion\": \"0.3.1\", \"name\": \"11h19m38s484147-06-12\", \"type\": \"bridge\", \"bridge\": \"cnet-111938-br\", \"promiscMode\": true, \"vlan\": 2011, \"ipam\": {}}"
2026-06-12T11:21:27.731104417Z time="2026-06-12T11:21:27Z" level=info msg="vlan status cnet-111938-hp-150-tink-system-3e10b06d has been changed, node: hp-150-tink-system, clusterNetwork: cnet-111938, vc: hp-150-tink-system"
2026-06-12T11:21:27.731137199Z time="2026-06-12T11:21:27Z" level=info msg="vlan status cnet-111938-hp-117-tink-system-5acf392e has been changed, node: hp-117-tink-system, clusterNetwork: cnet-111938, vc: hp-117-tink-system"
2026-06-12T11:21:28.132402054Z time="2026-06-12T11:21:28Z" level=info msg="vlan status cnet-111938-hp-69-tink-system-8d50df77 has been changed, node: hp-69-tink-system, clusterNetwork: cnet-111938, vc: hp-69-tink-system"
2026-06-12T11:21:28.329805911Z time="2026-06-12T11:21:28Z" level=info msg="nad configuration default/11h19m38s484147-06-12 has been changed: {\"cniVersion\": \"0.3.1\", \"name\": \"11h19m38s484147-06-12\", \"type\": \"bridge\", \"bridge\": \"cnet-111938-br\", \"promiscMode\": true, \"vlan\": 2011, \"ipam\": {}}"
2026-06-12T11:21:28.329840833Z time="2026-06-12T11:21:28Z" level=info msg="EnsureJob2GetLayer3NetworkInfo netconf: &{Mode:auto CIDR:10.115.0.0/21 Gateway:10.115.7.254 ServerIPAddr: Connectivity: Outdated:false}"
2026-06-12T11:21:32.393908709Z time="2026-06-12T11:21:32Z" level=error msg="initialize connectivity of nad default/11h19m38s484147-06-12 failed, error: update nad default/11h19m38s484147-06-12 failed, error: Operation cannot be fulfilled on network-attachment-definitions.k8s.cni.cncf.io \"11h19m38s484147-06-12\": the object has been modified; please apply your changes to the latest version and try again"
2026-06-12T11:21:32.393934285Z time="2026-06-12T11:21:32Z" level=info msg="update cn cnet-111938 annotations network.harvesterhci.io/vlan-id-set-str-hash:e3b0c44298fc1c149afbf4c8996fb92427ae41e4649b934ca495991b7852b855"
2026-06-12T11:21:32.416335770Z time="2026-06-12T11:21:32Z" level=info msg="nad configuration default/11h19m38s484147-06-12 has been removed"
2026-06-12T11:21:32.416351342Z time="2026-06-12T11:21:32Z" level=info msg="Clear nad helper job default11h19m38s484147-06-12-a1786772, vid 2011"
2026-06-12T11:21:33.879834052Z time="2026-06-12T11:21:33Z" level=info msg="nad configuration harvester-system/storagenetwork-dlp8l has been changed: {\"cniVersion\":\"0.3.1\",\"type\":\"bridge\",\"bridge\":\"cnet-111938-br\",\"promiscMode\":true,\"vlan\":2011,\"ipam\":{\"type\":\"whereabouts\",\"range\":\"10.115.0.0/21\"}}"
2026-06-12T11:21:33.913496224Z time="2026-06-12T11:21:33Z" level=info msg="nad configuration harvester-system/storagenetwork-dlp8l has been changed: {\"cniVersion\":\"0.3.1\",\"type\":\"bridge\",\"bridge\":\"cnet-111938-br\",\"promiscMode\":true,\"vlan\":2011,\"ipam\":{\"type\":\"whereabouts\",\"range\":\"10.115.0.0/21\"}}"
2026-06-12T11:21:33.913600348Z time="2026-06-12T11:21:33Z" level=info msg="update cn cnet-111938 annotations network.harvesterhci.io/vlan-id-set-str-hash:72d1b5da6eeaf1789df86487da50ad5e9dadb5ffaecb56b6de592aa286c9c1b8"
2026-06-12T11:21:34.012665605Z time="2026-06-12T11:21:34Z" level=info msg="nad configuration harvester-system/storagenetwork-dlp8l has been changed: {\"cniVersion\":\"0.3.1\",\"type\":\"bridge\",\"bridge\":\"cnet-111938-br\",\"promiscMode\":true,\"vlan\":2011,\"ipam\":{\"type\":\"whereabouts\",\"range\":\"10.115.0.0/21\"}}"
2026-06-12T11:21:34.012689764Z time="2026-06-12T11:21:34Z" level=info msg="nad configuration harvester-system/storagenetwork-dlp8l has been changed: {\"cniVersion\":\"0.3.1\",\"type\":\"bridge\",\"bridge\":\"cnet-111938-br\",\"promiscMode\":true,\"vlan\":2011,\"ipam\":{\"type\":\"whereabouts\",\"range\":\"10.115.0.0/21\"}}"
2026-06-12T11:21:40.824631255Z time="2026-06-12T11:21:40Z" level=info msg="nad configuration harvester-system/storagenetwork-dlp8l has been removed"
2026-06-12T11:21:40.824700384Z time="2026-06-12T11:21:40Z" level=info msg="update cn cnet-111938 annotations network.harvesterhci.io/vlan-id-set-str-hash:e3b0c44298fc1c149afbf4c8996fb92427ae41e4649b934ca495991b7852b855"
2026-06-12T11:21:48.086167639Z time="2026-06-12T11:21:48Z" level=info msg="Cluster network cnet-111938 MTU source vlan config switched from hp-69-tink-system to hp-117-tink-system"
2026-06-12T11:21:48.113980698Z time="2026-06-12T11:21:48Z" level=info msg="Cluster network cnet-111938 MTU source vlan config switched from hp-117-tink-system to hp-150-tink-system"
2026-06-12T11:21:48.114948103Z time="2026-06-12T11:21:48Z" level=error msg="error syncing 'hp-69-tink-system': handler harvester-network-manager-vlanconfig-controller: vlanconfigs.network.harvesterhci.io \"hp-69-tink-system\" not found, requeuing"
2026-06-12T11:21:48.142737305Z time="2026-06-12T11:21:48Z" level=error msg="error syncing 'hp-117-tink-system': handler harvester-network-manager-vlanconfig-controller: vlanconfigs.network.harvesterhci.io \"hp-117-tink-system\" not found, requeuing"
2026-06-12T11:21:48.281065136Z time="2026-06-12T11:21:48Z" level=info msg="Cluster network cnet-111938 MTU source vlan config hp-150-tink-system removed as no remaining vlan config found"
2026-06-12T11:21:49.046527912Z time="2026-06-12T11:21:49Z" level=error msg="error syncing 'hp-150-tink-system': handler harvester-network-manager-vlanconfig-controller: vlanconfigs.network.harvesterhci.io \"hp-150-tink-system\" not found, requeuing"
2026-06-12T11:26:13.800400144Z time="2026-06-12T11:26:13Z" level=info msg="vlan config cnet-eno50 has been changed, spec: {Description: ClusterNetwork:cnet-eno50 NodeSelector:map[] Uplink:{NICs:[eno50] LinkAttrs:0x1e8c936c2f60 BondOptions:0x1e8c97869ab8}}"
2026-06-12T11:26:13.807102196Z time="2026-06-12T11:26:13Z" level=info msg="update cluster network cnet-eno50 annotation network.harvesterhci.io/uplink-mtu to 1500"
2026-06-12T11:26:13.827458760Z time="2026-06-12T11:26:13Z" level=info msg="vlan config cnet-eno50 has been changed, spec: {Description: ClusterNetwork:cnet-eno50 NodeSelector:map[] Uplink:{NICs:[eno50] LinkAttrs:0x1e8c936c3740 BondOptions:0x1e8c97869d88}}"
2026-06-12T11:26:13.829007234Z time="2026-06-12T11:26:13Z" level=info msg="nad configuration default/cnet-eno50-vlan2011 has been changed: {\"cniVersion\": \"0.3.1\", \"name\": \"cnet-eno50-vlan2011\", \"type\": \"bridge\", \"bridge\": \"cnet-eno50-br\", \"promiscMode\": true, \"vlan\": 2011, \"ipam\": {}}"
2026-06-12T11:26:13.843055234Z time="2026-06-12T11:26:13Z" level=info msg="nad configuration default/cnet-eno50-vlan2011 has been changed: {\"cniVersion\": \"0.3.1\", \"name\": \"cnet-eno50-vlan2011\", \"type\": \"bridge\", \"bridge\": \"cnet-eno50-br\", \"promiscMode\": true, \"vlan\": 2011, \"ipam\": {}}"
2026-06-12T11:26:13.843226098Z time="2026-06-12T11:26:13Z" level=info msg="EnsureJob2GetLayer3NetworkInfo netconf: &{Mode:auto CIDR: Gateway: ServerIPAddr: Connectivity: Outdated:false}"
2026-06-12T11:26:13.853277785Z time="2026-06-12T11:26:13Z" level=info msg="Created nad helper job defaultcnet-eno50-vlan2011-1af4f3a9, dhcpServer , vid 2011"
2026-06-12T11:26:13.853489276Z time="2026-06-12T11:26:13Z" level=info msg="update cn cnet-eno50 annotations network.harvesterhci.io/vlan-id-set-str-hash:72d1b5da6eeaf1789df86487da50ad5e9dadb5ffaecb56b6de592aa286c9c1b8"
2026-06-12T11:26:13.883547522Z time="2026-06-12T11:26:13Z" level=info msg="nad configuration default/cnet-eno50-vlan2011 has been changed: {\"cniVersion\": \"0.3.1\", \"name\": \"cnet-eno50-vlan2011\", \"type\": \"bridge\", \"bridge\": \"cnet-eno50-br\", \"promiscMode\": true, \"vlan\": 2011, \"ipam\": {}}"
2026-06-12T11:26:13.883564728Z time="2026-06-12T11:26:13Z" level=info msg="EnsureJob2GetLayer3NetworkInfo netconf: &{Mode:auto CIDR: Gateway: ServerIPAddr: Connectivity: Outdated:false}"
2026-06-12T11:26:13.888784652Z time="2026-06-12T11:26:13Z" level=info msg="Updated nad helper job defaultcnet-eno50-vlan2011-1af4f3a9, dhcpServer , vid 2011"
2026-06-12T11:26:13.894146223Z time="2026-06-12T11:26:13Z" level=info msg="nad configuration default/cnet-eno50-vlan2011 has been changed: {\"cniVersion\": \"0.3.1\", \"name\": \"cnet-eno50-vlan2011\", \"type\": \"bridge\", \"bridge\": \"cnet-eno50-br\", \"promiscMode\": true, \"vlan\": 2011, \"ipam\": {}}"
2026-06-12T11:26:13.894174191Z time="2026-06-12T11:26:13Z" level=info msg="EnsureJob2GetLayer3NetworkInfo netconf: &{Mode:auto CIDR: Gateway: ServerIPAddr: Connectivity: Outdated:false}"
2026-06-12T11:26:13.968538013Z time="2026-06-12T11:26:13Z" level=info msg="Updated nad helper job defaultcnet-eno50-vlan2011-1af4f3a9, dhcpServer , vid 2011"
2026-06-12T11:26:13.968639245Z time="2026-06-12T11:26:13Z" level=info msg="nad configuration default/cnet-eno50-vlan2011 has been changed: {\"cniVersion\": \"0.3.1\", \"name\": \"cnet-eno50-vlan2011\", \"type\": \"bridge\", \"bridge\": \"cnet-eno50-br\", \"promiscMode\": true, \"vlan\": 2011, \"ipam\": {}}"
2026-06-12T11:26:13.968654818Z time="2026-06-12T11:26:13Z" level=info msg="EnsureJob2GetLayer3NetworkInfo netconf: &{Mode:auto CIDR: Gateway: ServerIPAddr: Connectivity: Outdated:false}"
2026-06-12T11:26:14.119366512Z time="2026-06-12T11:26:14Z" level=info msg="vlan status cnet-eno50-hp-150-tink-system-467e3724 has been changed, node: hp-150-tink-system, clusterNetwork: cnet-eno50, vc: cnet-eno50"
2026-06-12T11:26:14.125639082Z time="2026-06-12T11:26:14Z" level=info msg="vlan status cnet-eno50-hp-117-tink-system-22a1be67 has been changed, node: hp-117-tink-system, clusterNetwork: cnet-eno50, vc: cnet-eno50"
2026-06-12T11:26:14.168623638Z time="2026-06-12T11:26:14Z" level=info msg="Updated nad helper job defaultcnet-eno50-vlan2011-1af4f3a9, dhcpServer , vid 2011"
2026-06-12T11:26:14.404730298Z time="2026-06-12T11:26:14Z" level=info msg="vlan config cnet-eno50 has been changed, spec: {Description: ClusterNetwork:cnet-eno50 NodeSelector:map[] Uplink:{NICs:[eno50] LinkAttrs:0x1e8c97b8c630 BondOptions:0x1e8c97ad30f8}}"
2026-06-12T11:26:14.967495491Z time="2026-06-12T11:26:14Z" level=info msg="vlan status cnet-eno50-hp-69-tink-system-e41e343f has been changed, node: hp-69-tink-system, clusterNetwork: cnet-eno50, vc: cnet-eno50"
2026-06-12T11:26:15.167792558Z time="2026-06-12T11:26:15Z" level=info msg="vlan status cnet-eno50-hp-150-tink-system-467e3724 has been changed, node: hp-150-tink-system, clusterNetwork: cnet-eno50, vc: cnet-eno50"
2026-06-12T11:26:15.378763683Z time="2026-06-12T11:26:15Z" level=info msg="nad configuration default/cnet-eno50-vlan2011 has been changed: {\"cniVersion\": \"0.3.1\", \"name\": \"cnet-eno50-vlan2011\", \"type\": \"bridge\", \"bridge\": \"cnet-eno50-br\", \"promiscMode\": true, \"vlan\": 2011, \"ipam\": {}}"
2026-06-12T11:26:15.378787468Z time="2026-06-12T11:26:15Z" level=info msg="EnsureJob2GetLayer3NetworkInfo netconf: &{Mode:auto CIDR: Gateway: ServerIPAddr: Connectivity: Outdated:false}"
2026-06-12T11:26:15.567549432Z time="2026-06-12T11:26:15Z" level=info msg="vlan status cnet-eno50-hp-117-tink-system-22a1be67 has been changed, node: hp-117-tink-system, clusterNetwork: cnet-eno50, vc: cnet-eno50"
2026-06-12T11:26:15.774497456Z time="2026-06-12T11:26:15Z" level=info msg="vlan status cnet-eno50-hp-69-tink-system-e41e343f has been changed, node: hp-69-tink-system, clusterNetwork: cnet-eno50, vc: cnet-eno50"
2026-06-12T11:26:15.969715090Z time="2026-06-12T11:26:15Z" level=info msg="Updated nad helper job defaultcnet-eno50-vlan2011-1af4f3a9, dhcpServer , vid 2011"
2026-06-12T11:26:16.172776243Z time="2026-06-12T11:26:16Z" level=info msg="vlan status cnet-eno50-hp-150-tink-system-467e3724 has been changed, node: hp-150-tink-system, clusterNetwork: cnet-eno50, vc: cnet-eno50"
2026-06-12T11:26:16.172852572Z time="2026-06-12T11:26:16Z" level=info msg="vlan status cnet-eno50-hp-117-tink-system-22a1be67 has been changed, node: hp-117-tink-system, clusterNetwork: cnet-eno50, vc: cnet-eno50"
2026-06-12T11:26:16.370458535Z time="2026-06-12T11:26:16Z" level=info msg="vlan status cnet-eno50-hp-69-tink-system-e41e343f has been changed, node: hp-69-tink-system, clusterNetwork: cnet-eno50, vc: cnet-eno50"
2026-06-12T11:26:16.776187732Z time="2026-06-12T11:26:16Z" level=info msg="nad configuration default/cnet-eno50-vlan2011 has been changed: {\"cniVersion\": \"0.3.1\", \"name\": \"cnet-eno50-vlan2011\", \"type\": \"bridge\", \"bridge\": \"cnet-eno50-br\", \"promiscMode\": true, \"vlan\": 2011, \"ipam\": {}}"
2026-06-12T11:26:16.776223758Z time="2026-06-12T11:26:16Z" level=info msg="EnsureJob2GetLayer3NetworkInfo netconf: &{Mode:auto CIDR:10.115.0.0/21 Gateway:10.115.7.254 ServerIPAddr: Connectivity: Outdated:false}"
2026-06-12T11:26:16.901287263Z time="2026-06-12T11:26:16Z" level=info msg="nad configuration harvester-system/storagenetwork-pxtkx has been changed: {\"cniVersion\":\"0.3.1\",\"type\":\"bridge\",\"bridge\":\"cnet-eno50-br\",\"promiscMode\":true,\"vlan\":2011,\"ipam\":{\"type\":\"whereabouts\",\"range\":\"10.115.0.0/21\"}}"
2026-06-12T11:26:16.920374282Z time="2026-06-12T11:26:16Z" level=info msg="nad configuration harvester-system/storagenetwork-pxtkx has been changed: {\"cniVersion\":\"0.3.1\",\"type\":\"bridge\",\"bridge\":\"cnet-eno50-br\",\"promiscMode\":true,\"vlan\":2011,\"ipam\":{\"type\":\"whereabouts\",\"range\":\"10.115.0.0/21\"}}"
2026-06-12T11:26:16.982349067Z time="2026-06-12T11:26:16Z" level=info msg="nad configuration harvester-system/storagenetwork-pxtkx has been changed: {\"cniVersion\":\"0.3.1\",\"type\":\"bridge\",\"bridge\":\"cnet-eno50-br\",\"promiscMode\":true,\"vlan\":2011,\"ipam\":{\"type\":\"whereabouts\",\"range\":\"10.115.0.0/21\"}}"
2026-06-12T11:26:17.170676732Z time="2026-06-12T11:26:17Z" level=info msg="nad configuration harvester-system/storagenetwork-pxtkx has been changed: {\"cniVersion\":\"0.3.1\",\"type\":\"bridge\",\"bridge\":\"cnet-eno50-br\",\"promiscMode\":true,\"vlan\":2011,\"ipam\":{\"type\":\"whereabouts\",\"range\":\"10.115.0.0/21\"}}"
2026-06-12T11:26:17.175894774Z time="2026-06-12T11:26:17Z" level=info msg="nad configuration harvester-system/storagenetwork-pxtkx has been changed: {\"cniVersion\":\"0.3.1\",\"type\":\"bridge\",\"bridge\":\"cnet-eno50-br\",\"promiscMode\":true,\"vlan\":2011,\"ipam\":{\"type\":\"whereabouts\",\"range\":\"10.115.0.0/21\"}}"
2026-06-12T11:26:20.891697958Z time="2026-06-12T11:26:20Z" level=info msg="initialize connectivity of nad default/cnet-eno50-vlan2011 successfully"
2026-06-12T11:26:20.891862898Z time="2026-06-12T11:26:20Z" level=info msg="nad configuration default/cnet-eno50-vlan2011 has been changed: {\"cniVersion\": \"0.3.1\", \"name\": \"cnet-eno50-vlan2011\", \"type\": \"bridge\", \"bridge\": \"cnet-eno50-br\", \"promiscMode\": true, \"vlan\": 2011, \"ipam\": {}}"
2026-06-12T11:26:20.892049457Z time="2026-06-12T11:26:20Z" level=info msg="EnsureJob2GetLayer3NetworkInfo netconf: &{Mode:auto CIDR:10.115.0.0/21 Gateway:10.115.7.254 ServerIPAddr: Connectivity:true Outdated:false}"
2026-06-12T11:26:59.637251359Z time="2026-06-12T11:26:59Z" level=info msg="nad configuration harvester-system/storagenetwork-pxtkx has been removed"
2026-06-12T11:27:11.882573377Z time="2026-06-12T11:27:11Z" level=info msg="nad configuration default/cnet-eno50-vlan2011 has been removed"
2026-06-12T11:27:11.882602608Z time="2026-06-12T11:27:11Z" level=info msg="Clear nad helper job defaultcnet-eno50-vlan2011-1af4f3a9, vid 2011"
2026-06-12T11:27:11.895516338Z time="2026-06-12T11:27:11Z" level=info msg="update cn cnet-eno50 annotations network.harvesterhci.io/vlan-id-set-str-hash:e3b0c44298fc1c149afbf4c8996fb92427ae41e4649b934ca495991b7852b855"
2026-06-12T11:27:11.923331383Z time="2026-06-12T11:27:11Z" level=info msg="Cluster network cnet-eno50 MTU source vlan config cnet-eno50 removed as no remaining vlan config found"
2026-06-12T12:01:19.868861618Z time="2026-06-12T12:01:19Z" level=info msg="vlan config cnet-eno50 has been changed, spec: {Description: ClusterNetwork:cnet-eno50 NodeSelector:map[] Uplink:{NICs:[eno50] LinkAttrs:0x1e8c933f0a80 BondOptions:0x1e8c97ad3710}}"
2026-06-12T12:01:19.878511968Z time="2026-06-12T12:01:19Z" level=info msg="update cluster network cnet-eno50 annotation network.harvesterhci.io/uplink-mtu to 1500"
2026-06-12T12:01:19.899220649Z time="2026-06-12T12:01:19Z" level=info msg="nad configuration default/vnet-11h54m14s376292-06-12 has been changed: {\"cniVersion\": \"0.3.1\", \"name\": \"vnet-11h54m14s376292-06-12\", \"type\": \"bridge\", \"bridge\": \"cnet-eno50-br\", \"promiscMode\": true, \"vlan\": 2011, \"ipam\": {}}"
2026-06-12T12:01:19.899340456Z time="2026-06-12T12:01:19Z" level=info msg="vlan config cnet-eno50 has been changed, spec: {Description: ClusterNetwork:cnet-eno50 NodeSelector:map[] Uplink:{NICs:[eno50] LinkAttrs:0x1e8c933f1d10 BondOptions:0x1e8c97ad39e0}}"
2026-06-12T12:01:19.916631652Z time="2026-06-12T12:01:19Z" level=info msg="nad configuration default/vnet-11h54m14s376292-06-12 has been changed: {\"cniVersion\": \"0.3.1\", \"name\": \"vnet-11h54m14s376292-06-12\", \"type\": \"bridge\", \"bridge\": \"cnet-eno50-br\", \"promiscMode\": true, \"vlan\": 2011, \"ipam\": {}}"
2026-06-12T12:01:19.916692274Z time="2026-06-12T12:01:19Z" level=info msg="EnsureJob2GetLayer3NetworkInfo netconf: &{Mode:auto CIDR: Gateway: ServerIPAddr: Connectivity: Outdated:false}"
2026-06-12T12:01:19.926735284Z time="2026-06-12T12:01:19Z" level=info msg="Created nad helper job defaultvnet-11h54m14s376292-06-12-41315eca, dhcpServer , vid 2011"
2026-06-12T12:01:19.926862469Z time="2026-06-12T12:01:19Z" level=info msg="update cn cnet-eno50 annotations network.harvesterhci.io/vlan-id-set-str-hash:72d1b5da6eeaf1789df86487da50ad5e9dadb5ffaecb56b6de592aa286c9c1b8"
2026-06-12T12:01:19.955630065Z time="2026-06-12T12:01:19Z" level=info msg="nad configuration default/vnet-11h54m14s376292-06-12 has been changed: {\"cniVersion\": \"0.3.1\", \"name\": \"vnet-11h54m14s376292-06-12\", \"type\": \"bridge\", \"bridge\": \"cnet-eno50-br\", \"promiscMode\": true, \"vlan\": 2011, \"ipam\": {}}"
2026-06-12T12:01:19.955656691Z time="2026-06-12T12:01:19Z" level=info msg="EnsureJob2GetLayer3NetworkInfo netconf: &{Mode:auto CIDR: Gateway: ServerIPAddr: Connectivity: Outdated:false}"
2026-06-12T12:01:19.968952905Z time="2026-06-12T12:01:19Z" level=info msg="Updated nad helper job defaultvnet-11h54m14s376292-06-12-41315eca, dhcpServer , vid 2011"
2026-06-12T12:01:19.984595461Z time="2026-06-12T12:01:19Z" level=info msg="nad configuration default/vnet-11h54m14s376292-06-12 has been changed: {\"cniVersion\": \"0.3.1\", \"name\": \"vnet-11h54m14s376292-06-12\", \"type\": \"bridge\", \"bridge\": \"cnet-eno50-br\", \"promiscMode\": true, \"vlan\": 2011, \"ipam\": {}}"
2026-06-12T12:01:19.984623520Z time="2026-06-12T12:01:19Z" level=info msg="EnsureJob2GetLayer3NetworkInfo netconf: &{Mode:auto CIDR: Gateway: ServerIPAddr: Connectivity: Outdated:false}"
2026-06-12T12:01:20.045302184Z time="2026-06-12T12:01:20Z" level=info msg="Updated nad helper job defaultvnet-11h54m14s376292-06-12-41315eca, dhcpServer , vid 2011"
2026-06-12T12:01:20.045319257Z time="2026-06-12T12:01:20Z" level=info msg="nad configuration default/vnet-11h54m14s376292-06-12 has been changed: {\"cniVersion\": \"0.3.1\", \"name\": \"vnet-11h54m14s376292-06-12\", \"type\": \"bridge\", \"bridge\": \"cnet-eno50-br\", \"promiscMode\": true, \"vlan\": 2011, \"ipam\": {}}"
2026-06-12T12:01:20.045368114Z time="2026-06-12T12:01:20Z" level=info msg="EnsureJob2GetLayer3NetworkInfo netconf: &{Mode:auto CIDR: Gateway: ServerIPAddr: Connectivity: Outdated:false}"
2026-06-12T12:01:20.175355951Z time="2026-06-12T12:01:20Z" level=info msg="vlan status cnet-eno50-hp-150-tink-system-467e3724 has been changed, node: hp-150-tink-system, clusterNetwork: cnet-eno50, vc: cnet-eno50"
2026-06-12T12:01:20.195859676Z time="2026-06-12T12:01:20Z" level=info msg="vlan status cnet-eno50-hp-117-tink-system-22a1be67 has been changed, node: hp-117-tink-system, clusterNetwork: cnet-eno50, vc: cnet-eno50"
2026-06-12T12:01:20.245000650Z time="2026-06-12T12:01:20Z" level=info msg="Updated nad helper job defaultvnet-11h54m14s376292-06-12-41315eca, dhcpServer , vid 2011"
2026-06-12T12:01:20.359495554Z time="2026-06-12T12:01:20Z" level=info msg="vlan config cnet-eno50 has been changed, spec: {Description: ClusterNetwork:cnet-eno50 NodeSelector:map[] Uplink:{NICs:[eno50] LinkAttrs:0x1e8c93810480 BondOptions:0x1e8c98152f48}}"
2026-06-12T12:01:20.843482909Z time="2026-06-12T12:01:20Z" level=info msg="vlan status cnet-eno50-hp-69-tink-system-e41e343f has been changed, node: hp-69-tink-system, clusterNetwork: cnet-eno50, vc: cnet-eno50"
2026-06-12T12:01:21.242916084Z time="2026-06-12T12:01:21Z" level=info msg="vlan status cnet-eno50-hp-150-tink-system-467e3724 has been changed, node: hp-150-tink-system, clusterNetwork: cnet-eno50, vc: cnet-eno50"
2026-06-12T12:01:21.448060419Z time="2026-06-12T12:01:21Z" level=info msg="vlan status cnet-eno50-hp-117-tink-system-22a1be67 has been changed, node: hp-117-tink-system, clusterNetwork: cnet-eno50, vc: cnet-eno50"
2026-06-12T12:01:21.654394159Z time="2026-06-12T12:01:21Z" level=info msg="nad configuration default/vnet-11h54m14s376292-06-12 has been changed: {\"cniVersion\": \"0.3.1\", \"name\": \"vnet-11h54m14s376292-06-12\", \"type\": \"bridge\", \"bridge\": \"cnet-eno50-br\", \"promiscMode\": true, \"vlan\": 2011, \"ipam\": {}}"
2026-06-12T12:01:21.654429970Z time="2026-06-12T12:01:21Z" level=info msg="EnsureJob2GetLayer3NetworkInfo netconf: &{Mode:auto CIDR: Gateway: ServerIPAddr: Connectivity: Outdated:false}"
2026-06-12T12:01:21.848008322Z time="2026-06-12T12:01:21Z" level=info msg="vlan status cnet-eno50-hp-69-tink-system-e41e343f has been changed, node: hp-69-tink-system, clusterNetwork: cnet-eno50, vc: cnet-eno50"
2026-06-12T12:01:22.045941514Z time="2026-06-12T12:01:22Z" level=info msg="vlan status cnet-eno50-hp-150-tink-system-467e3724 has been changed, node: hp-150-tink-system, clusterNetwork: cnet-eno50, vc: cnet-eno50"
2026-06-12T12:01:22.046270593Z time="2026-06-12T12:01:22Z" level=info msg="vlan status cnet-eno50-hp-117-tink-system-22a1be67 has been changed, node: hp-117-tink-system, clusterNetwork: cnet-eno50, vc: cnet-eno50"
2026-06-12T12:01:22.248823798Z time="2026-06-12T12:01:22Z" level=info msg="nad configuration default/vnet-11h54m14s376292-06-12 has been changed: {\"cniVersion\": \"0.3.1\", \"name\": \"vnet-11h54m14s376292-06-12\", \"type\": \"bridge\", \"bridge\": \"cnet-eno50-br\", \"promiscMode\": true, \"vlan\": 2011, \"ipam\": {}}"
2026-06-12T12:01:22.248866085Z time="2026-06-12T12:01:22Z" level=info msg="EnsureJob2GetLayer3NetworkInfo netconf: &{Mode:auto CIDR: Gateway: ServerIPAddr: Connectivity: Outdated:false}"
2026-06-12T12:01:22.450254242Z time="2026-06-12T12:01:22Z" level=info msg="vlan status cnet-eno50-hp-69-tink-system-e41e343f has been changed, node: hp-69-tink-system, clusterNetwork: cnet-eno50, vc: cnet-eno50"
2026-06-12T12:01:22.650658185Z time="2026-06-12T12:01:22Z" level=info msg="Updated nad helper job defaultvnet-11h54m14s376292-06-12-41315eca, dhcpServer , vid 2011"
2026-06-12T12:01:22.650749761Z time="2026-06-12T12:01:22Z" level=info msg="nad configuration default/vnet-11h54m14s376292-06-12 has been changed: {\"cniVersion\": \"0.3.1\", \"name\": \"vnet-11h54m14s376292-06-12\", \"type\": \"bridge\", \"bridge\": \"cnet-eno50-br\", \"promiscMode\": true, \"vlan\": 2011, \"ipam\": {}}"
2026-06-12T12:01:22.650767407Z time="2026-06-12T12:01:22Z" level=info msg="EnsureJob2GetLayer3NetworkInfo netconf: &{Mode:auto CIDR:10.115.0.0/21 Gateway:10.115.7.254 ServerIPAddr: Connectivity: Outdated:false}"
2026-06-12T12:01:26.720025895Z time="2026-06-12T12:01:26Z" level=info msg="initialize connectivity of nad default/vnet-11h54m14s376292-06-12 successfully"
2026-06-12T12:01:26.720301725Z time="2026-06-12T12:01:26Z" level=info msg="nad configuration default/vnet-11h54m14s376292-06-12 has been changed: {\"cniVersion\": \"0.3.1\", \"name\": \"vnet-11h54m14s376292-06-12\", \"type\": \"bridge\", \"bridge\": \"cnet-eno50-br\", \"promiscMode\": true, \"vlan\": 2011, \"ipam\": {}}"
2026-06-12T12:01:26.720335760Z time="2026-06-12T12:01:26Z" level=info msg="EnsureJob2GetLayer3NetworkInfo netconf: &{Mode:auto CIDR:10.115.0.0/21 Gateway:10.115.7.254 ServerIPAddr: Connectivity:true Outdated:false}"
2026-06-12T12:04:31.087472960Z time="2026-06-12T12:04:31Z" level=info msg="nad configuration harvester-system/storagenetwork-mvtz5 has been changed: {\"cniVersion\":\"0.3.1\",\"type\":\"bridge\",\"bridge\":\"cnet-eno50-br\",\"promiscMode\":true,\"vlan\":2011,\"ipam\":{\"type\":\"whereabouts\",\"range\":\"10.115.0.0/21\"}}"
2026-06-12T12:04:31.106953851Z time="2026-06-12T12:04:31Z" level=info msg="nad configuration harvester-system/storagenetwork-mvtz5 has been changed: {\"cniVersion\":\"0.3.1\",\"type\":\"bridge\",\"bridge\":\"cnet-eno50-br\",\"promiscMode\":true,\"vlan\":2011,\"ipam\":{\"type\":\"whereabouts\",\"range\":\"10.115.0.0/21\"}}"
2026-06-12T12:04:31.131825322Z time="2026-06-12T12:04:31Z" level=info msg="nad configuration harvester-system/storagenetwork-mvtz5 has been changed: {\"cniVersion\":\"0.3.1\",\"type\":\"bridge\",\"bridge\":\"cnet-eno50-br\",\"promiscMode\":true,\"vlan\":2011,\"ipam\":{\"type\":\"whereabouts\",\"range\":\"10.115.0.0/21\"}}"
2026-06-12T12:04:31.168102770Z time="2026-06-12T12:04:31Z" level=info msg="nad configuration harvester-system/storagenetwork-mvtz5 has been changed: {\"cniVersion\":\"0.3.1\",\"type\":\"bridge\",\"bridge\":\"cnet-eno50-br\",\"promiscMode\":true,\"vlan\":2011,\"ipam\":{\"type\":\"whereabouts\",\"range\":\"10.115.0.0/21\"}}"
2026-06-12T12:04:31.173269137Z time="2026-06-12T12:04:31Z" level=info msg="nad configuration harvester-system/storagenetwork-mvtz5 has been changed: {\"cniVersion\":\"0.3.1\",\"type\":\"bridge\",\"bridge\":\"cnet-eno50-br\",\"promiscMode\":true,\"vlan\":2011,\"ipam\":{\"type\":\"whereabouts\",\"range\":\"10.115.0.0/21\"}}"
2026-06-12T12:04:37.370574629Z time="2026-06-12T12:04:37Z" level=info msg="nad configuration harvester-system/storagenetwork-mvtz5 has been removed"
2026-06-12T12:07:32.874217015Z time="2026-06-12T12:07:32Z" level=info msg="nad configuration harvester-system/storagenetwork-w2dg2 has been changed: {\"cniVersion\":\"0.3.1\",\"type\":\"bridge\",\"bridge\":\"cnet-eno50-br\",\"promiscMode\":true,\"vlan\":2011,\"ipam\":{\"type\":\"whereabouts\",\"range\":\"10.115.0.0/21\"}}"
2026-06-12T12:07:32.898934495Z time="2026-06-12T12:07:32Z" level=info msg="nad configuration harvester-system/storagenetwork-w2dg2 has been changed: {\"cniVersion\":\"0.3.1\",\"type\":\"bridge\",\"bridge\":\"cnet-eno50-br\",\"promiscMode\":true,\"vlan\":2011,\"ipam\":{\"type\":\"whereabouts\",\"range\":\"10.115.0.0/21\"}}"
2026-06-12T12:07:32.922952761Z time="2026-06-12T12:07:32Z" level=info msg="nad configuration harvester-system/storagenetwork-w2dg2 has been changed: {\"cniVersion\":\"0.3.1\",\"type\":\"bridge\",\"bridge\":\"cnet-eno50-br\",\"promiscMode\":true,\"vlan\":2011,\"ipam\":{\"type\":\"whereabouts\",\"range\":\"10.115.0.0/21\"}}"
2026-06-12T12:07:32.950199419Z time="2026-06-12T12:07:32Z" level=info msg="nad configuration harvester-system/storagenetwork-w2dg2 has been changed: {\"cniVersion\":\"0.3.1\",\"type\":\"bridge\",\"bridge\":\"cnet-eno50-br\",\"promiscMode\":true,\"vlan\":2011,\"ipam\":{\"type\":\"whereabouts\",\"range\":\"10.115.0.0/21\"}}"
2026-06-12T12:07:32.955444962Z time="2026-06-12T12:07:32Z" level=info msg="nad configuration harvester-system/storagenetwork-w2dg2 has been changed: {\"cniVersion\":\"0.3.1\",\"type\":\"bridge\",\"bridge\":\"cnet-eno50-br\",\"promiscMode\":true,\"vlan\":2011,\"ipam\":{\"type\":\"whereabouts\",\"range\":\"10.115.0.0/21\"}}"
2026-06-12T12:07:51.508970585Z time="2026-06-12T12:07:51Z" level=info msg="nad configuration harvester-system/storagenetwork-w2dg2 has been removed"
2026-06-12T12:08:10.154843082Z time="2026-06-12T12:08:10Z" level=info msg="nad configuration default/vnet-11h54m14s376292-06-12 has been removed"
2026-06-12T12:08:10.154868180Z time="2026-06-12T12:08:10Z" level=info msg="Clear nad helper job defaultvnet-11h54m14s376292-06-12-41315eca, vid 2011"
2026-06-12T12:08:10.164148494Z time="2026-06-12T12:08:10Z" level=info msg="update cn cnet-eno50 annotations network.harvesterhci.io/vlan-id-set-str-hash:e3b0c44298fc1c149afbf4c8996fb92427ae41e4649b934ca495991b7852b855"
2026-06-12T12:08:10.192357497Z time="2026-06-12T12:08:10Z" level=info msg="Cluster network cnet-eno50 MTU source vlan config cnet-eno50 removed as no remaining vlan config found"
2026-06-12T12:57:45.508124258Z time="2026-06-12T12:57:45Z" level=info msg="nad configuration default/bogus-net-2 has been changed: {\"cniVersion\": \"0.3.1\", \"name\": \"bogus-net-2\", \"type\": \"bridge\", \"bridge\": \"mgmt-br\", \"promiscMode\": true, \"vlan\": 2, \"ipam\": {}}"
2026-06-12T12:57:45.525664663Z time="2026-06-12T12:57:45Z" level=info msg="nad configuration default/bogus-net-2 has been changed: {\"cniVersion\": \"0.3.1\", \"name\": \"bogus-net-2\", \"type\": \"bridge\", \"bridge\": \"mgmt-br\", \"promiscMode\": true, \"vlan\": 2, \"ipam\": {}}"
2026-06-12T12:57:45.525834920Z time="2026-06-12T12:57:45Z" level=info msg="EnsureJob2GetLayer3NetworkInfo netconf: &{Mode:auto CIDR: Gateway: ServerIPAddr: Connectivity: Outdated:false}"
2026-06-12T12:57:45.535752885Z time="2026-06-12T12:57:45Z" level=info msg="Created nad helper job defaultbogus-net-2-4344cfca, dhcpServer , vid 2"
2026-06-12T12:57:45.535870633Z time="2026-06-12T12:57:45Z" level=info msg="update cn mgmt annotations network.harvesterhci.io/vlan-id-set-str-hash:d4735e3a265e16eee03f59718b9b5d03019c07d8b6c51f90da3a666eec13ab35"
2026-06-12T12:57:45.569092545Z time="2026-06-12T12:57:45Z" level=info msg="nad configuration default/bogus-net-2 has been changed: {\"cniVersion\": \"0.3.1\", \"name\": \"bogus-net-2\", \"type\": \"bridge\", \"bridge\": \"mgmt-br\", \"promiscMode\": true, \"vlan\": 2, \"ipam\": {}}"
2026-06-12T12:57:45.569167793Z time="2026-06-12T12:57:45Z" level=info msg="EnsureJob2GetLayer3NetworkInfo netconf: &{Mode:auto CIDR: Gateway: ServerIPAddr: Connectivity: Outdated:false}"
2026-06-12T12:57:45.581239185Z time="2026-06-12T12:57:45Z" level=info msg="nad configuration default/bogus-net-2 has been changed: {\"cniVersion\": \"0.3.1\", \"name\": \"bogus-net-2\", \"type\": \"bridge\", \"bridge\": \"mgmt-br\", \"promiscMode\": true, \"vlan\": 2, \"ipam\": {}}"
2026-06-12T12:57:45.581257044Z time="2026-06-12T12:57:45Z" level=info msg="EnsureJob2GetLayer3NetworkInfo netconf: &{Mode:auto CIDR: Gateway: ServerIPAddr: Connectivity: Outdated:false}"
2026-06-12T12:57:45.623010873Z time="2026-06-12T12:57:45Z" level=info msg="nad configuration default/bogus-net-2 has been changed: {\"cniVersion\": \"0.3.1\", \"name\": \"bogus-net-2\", \"type\": \"bridge\", \"bridge\": \"mgmt-br\", \"promiscMode\": true, \"vlan\": 2, \"ipam\": {}}"
2026-06-12T12:57:45.623037123Z time="2026-06-12T12:57:45Z" level=info msg="EnsureJob2GetLayer3NetworkInfo netconf: &{Mode:auto CIDR: Gateway: ServerIPAddr: Connectivity: Outdated:false}"
2026-06-12T12:57:45.628093204Z time="2026-06-12T12:57:45Z" level=info msg="Updated nad helper job defaultbogus-net-2-4344cfca, dhcpServer , vid 2"
2026-06-12T12:57:45.633914116Z time="2026-06-12T12:57:45Z" level=info msg="nad configuration default/bogus-net-2 has been changed: {\"cniVersion\": \"0.3.1\", \"name\": \"bogus-net-2\", \"type\": \"bridge\", \"bridge\": \"mgmt-br\", \"promiscMode\": true, \"vlan\": 2, \"ipam\": {}}"
2026-06-12T12:57:45.633968241Z time="2026-06-12T12:57:45Z" level=info msg="EnsureJob2GetLayer3NetworkInfo netconf: &{Mode:auto CIDR: Gateway: ServerIPAddr: Connectivity: Outdated:false}"
2026-06-12T12:57:45.639112567Z time="2026-06-12T12:57:45Z" level=info msg="Updated nad helper job defaultbogus-net-2-4344cfca, dhcpServer , vid 2"
2026-06-12T12:58:23.188412828Z time="2026-06-12T12:58:23Z" level=info msg="nad configuration default/bogus-net-2 has been changed: {\"cniVersion\": \"0.3.1\", \"name\": \"bogus-net-2\", \"type\": \"bridge\", \"bridge\": \"mgmt-br\", \"promiscMode\": true, \"vlan\": 2, \"ipam\": {}}"
2026-06-12T12:58:23.188489691Z time="2026-06-12T12:58:23Z" level=info msg="EnsureJob2GetLayer3NetworkInfo netconf: &{Mode:auto CIDR: Gateway: ServerIPAddr: Connectivity:DHCP failed Outdated:false}"
2026-06-12T12:58:23.195041812Z time="2026-06-12T12:58:23Z" level=info msg="Updated nad helper job defaultbogus-net-2-4344cfca, dhcpServer , vid 2"
2026-06-12T13:12:37.372944888Z time="2026-06-12T13:12:37Z" level=info msg="nad configuration default/bogus-net-2 has been removed"
2026-06-12T13:12:37.372965774Z time="2026-06-12T13:12:37Z" level=info msg="Clear nad helper job defaultbogus-net-2-4344cfca, vid 2"
2026-06-12T13:12:37.384773323Z time="2026-06-12T13:12:37Z" level=info msg="update cn mgmt annotations network.harvesterhci.io/vlan-id-set-str-hash:e3b0c44298fc1c149afbf4c8996fb92427ae41e4649b934ca495991b7852b855"
2026-06-12T15:00:22.787958462Z time="2026-06-12T15:00:22Z" level=info msg="vlan config hp-69-tink-system has been changed, spec: {Description: ClusterNetwork:cnet-145836 NodeSelector:map[kubernetes.io/hostname:hp-69-tink-system] Uplink:{NICs:[eno50] LinkAttrs:0x1e8c9796dd70 BondOptions:0x1e8c9326c828}}"
2026-06-12T15:00:22.805532548Z time="2026-06-12T15:00:22Z" level=info msg="update cluster network cnet-145836 annotation network.harvesterhci.io/uplink-mtu to 1500"
2026-06-12T15:00:22.807478476Z time="2026-06-12T15:00:22Z" level=info msg="vlan config hp-117-tink-system has been changed, spec: {Description: ClusterNetwork:cnet-145836 NodeSelector:map[kubernetes.io/hostname:hp-117-tink-system] Uplink:{NICs:[eno50] LinkAttrs:0x1e8c978d79b0 BondOptions:0x1e8c9326cac8}}"
2026-06-12T15:00:22.832603665Z time="2026-06-12T15:00:22Z" level=info msg="vlan config hp-150-tink-system has been changed, spec: {Description: ClusterNetwork:cnet-145836 NodeSelector:map[kubernetes.io/hostname:hp-150-tink-system] Uplink:{NICs:[eno50] LinkAttrs:0x1e8c93780f00 BondOptions:0x1e8c93035b90}}"
2026-06-12T15:00:22.852290176Z time="2026-06-12T15:00:22Z" level=info msg="vlan config hp-117-tink-system has been changed, spec: {Description: ClusterNetwork:cnet-145836 NodeSelector:map[kubernetes.io/hostname:hp-117-tink-system] Uplink:{NICs:[eno50] LinkAttrs:0x1e8c93780d20 BondOptions:0x1e8c93035ae8}}"
2026-06-12T15:00:22.852304946Z time="2026-06-12T15:00:22Z" level=info msg="vlan config hp-69-tink-system has been changed, spec: {Description: ClusterNetwork:cnet-145836 NodeSelector:map[kubernetes.io/hostname:hp-69-tink-system] Uplink:{NICs:[eno50] LinkAttrs:0x1e8c978546c0 BondOptions:0x1e8c9326cc60}}"
2026-06-12T15:00:22.864577147Z time="2026-06-12T15:00:22Z" level=info msg="nad configuration default/14h58m36s577421-06-12 has been changed: {\"cniVersion\": \"0.3.1\", \"name\": \"14h58m36s577421-06-12\", \"type\": \"bridge\", \"bridge\": \"cnet-145836-br\", \"promiscMode\": true, \"vlan\": 2011, \"ipam\": {}}"
2026-06-12T15:00:22.878162825Z time="2026-06-12T15:00:22Z" level=info msg="vlan config hp-69-tink-system has been changed, spec: {Description: ClusterNetwork:cnet-145836 NodeSelector:map[kubernetes.io/hostname:hp-69-tink-system] Uplink:{NICs:[eno50] LinkAttrs:0x1e8c978546c0 BondOptions:0x1e8c9326cc60}}"
2026-06-12T15:00:22.880836855Z time="2026-06-12T15:00:22Z" level=info msg="vlan config hp-117-tink-system has been changed, spec: {Description: ClusterNetwork:cnet-145836 NodeSelector:map[kubernetes.io/hostname:hp-117-tink-system] Uplink:{NICs:[eno50] LinkAttrs:0x1e8c930feb10 BondOptions:0x1e8c92f2a3c0}}"
2026-06-12T15:00:22.880858878Z time="2026-06-12T15:00:22Z" level=info msg="vlan config hp-150-tink-system has been changed, spec: {Description: ClusterNetwork:cnet-145836 NodeSelector:map[kubernetes.io/hostname:hp-150-tink-system] Uplink:{NICs:[eno50] LinkAttrs:0x1e8c93781980 BondOptions:0x1e8c93035db8}}"
2026-06-12T15:00:22.882959465Z time="2026-06-12T15:00:22Z" level=info msg="nad configuration default/14h58m36s577421-06-12 has been changed: {\"cniVersion\": \"0.3.1\", \"name\": \"14h58m36s577421-06-12\", \"type\": \"bridge\", \"bridge\": \"cnet-145836-br\", \"promiscMode\": true, \"vlan\": 2011, \"ipam\": {}}"
2026-06-12T15:00:22.882992005Z time="2026-06-12T15:00:22Z" level=info msg="EnsureJob2GetLayer3NetworkInfo netconf: &{Mode:auto CIDR: Gateway: ServerIPAddr: Connectivity: Outdated:false}"
2026-06-12T15:00:22.883850641Z time="2026-06-12T15:00:22Z" level=info msg="vlan config hp-69-tink-system has been changed, spec: {Description: ClusterNetwork:cnet-145836 NodeSelector:map[kubernetes.io/hostname:hp-69-tink-system] Uplink:{NICs:[eno50] LinkAttrs:0x1e8c930fe960 BondOptions:0x1e8c92f2a330}}"
2026-06-12T15:00:22.889444151Z time="2026-06-12T15:00:22Z" level=info msg="vlan config hp-69-tink-system has been changed, spec: {Description: ClusterNetwork:cnet-145836 NodeSelector:map[kubernetes.io/hostname:hp-69-tink-system] Uplink:{NICs:[eno50] LinkAttrs:0x1e8c930fe960 BondOptions:0x1e8c92f2a330}}"
2026-06-12T15:00:22.892868564Z time="2026-06-12T15:00:22Z" level=info msg="vlan config hp-150-tink-system has been changed, spec: {Description: ClusterNetwork:cnet-145836 NodeSelector:map[kubernetes.io/hostname:hp-150-tink-system] Uplink:{NICs:[eno50] LinkAttrs:0x1e8c93781980 BondOptions:0x1e8c93035db8}}"
2026-06-12T15:00:22.974680254Z time="2026-06-12T15:00:22Z" level=info msg="Created nad helper job default14h58m36s577421-06-12-c12584f0, dhcpServer , vid 2011"
2026-06-12T15:00:22.974698791Z time="2026-06-12T15:00:22Z" level=info msg="update cn cnet-145836 annotations network.harvesterhci.io/vlan-id-set-str-hash:72d1b5da6eeaf1789df86487da50ad5e9dadb5ffaecb56b6de592aa286c9c1b8"
2026-06-12T15:00:23.123598897Z time="2026-06-12T15:00:23Z" level=info msg="vlan status cnet-145836-hp-117-tink-system-bc604c62 has been changed, node: hp-117-tink-system, clusterNetwork: cnet-145836, vc: hp-117-tink-system"
2026-06-12T15:00:23.164430567Z time="2026-06-12T15:00:23Z" level=info msg="vlan status cnet-145836-hp-150-tink-system-d8bfc521 has been changed, node: hp-150-tink-system, clusterNetwork: cnet-145836, vc: hp-150-tink-system"
2026-06-12T15:00:23.169015522Z time="2026-06-12T15:00:23Z" level=info msg="vlan config hp-150-tink-system has been changed, spec: {Description: ClusterNetwork:cnet-145836 NodeSelector:map[kubernetes.io/hostname:hp-150-tink-system] Uplink:{NICs:[eno50] LinkAttrs:0x1e8c930ffd70 BondOptions:0x1e8c92f2a720}}"
2026-06-12T15:00:23.174591148Z time="2026-06-12T15:00:23Z" level=info msg="vlan config hp-150-tink-system has been changed, spec: {Description: ClusterNetwork:cnet-145836 NodeSelector:map[kubernetes.io/hostname:hp-150-tink-system] Uplink:{NICs:[eno50] LinkAttrs:0x1e8c930ffd70 BondOptions:0x1e8c92f2a720}}"
2026-06-12T15:00:23.974476306Z time="2026-06-12T15:00:23Z" level=info msg="nad configuration default/14h58m36s577421-06-12 has been changed: {\"cniVersion\": \"0.3.1\", \"name\": \"14h58m36s577421-06-12\", \"type\": \"bridge\", \"bridge\": \"cnet-145836-br\", \"promiscMode\": true, \"vlan\": 2011, \"ipam\": {}}"
2026-06-12T15:00:23.974493944Z time="2026-06-12T15:00:23Z" level=info msg="EnsureJob2GetLayer3NetworkInfo netconf: &{Mode:auto CIDR: Gateway: ServerIPAddr: Connectivity: Outdated:false}"
2026-06-12T15:00:24.165018029Z time="2026-06-12T15:00:24Z" level=info msg="vlan status cnet-145836-hp-69-tink-system-41799238 has been changed, node: hp-69-tink-system, clusterNetwork: cnet-145836, vc: hp-69-tink-system"
2026-06-12T15:00:24.365581390Z time="2026-06-12T15:00:24Z" level=info msg="vlan status cnet-145836-hp-117-tink-system-bc604c62 has been changed, node: hp-117-tink-system, clusterNetwork: cnet-145836, vc: hp-117-tink-system"
2026-06-12T15:00:25.167873827Z time="2026-06-12T15:00:25Z" level=info msg="nad configuration default/14h58m36s577421-06-12 has been changed: {\"cniVersion\": \"0.3.1\", \"name\": \"14h58m36s577421-06-12\", \"type\": \"bridge\", \"bridge\": \"cnet-145836-br\", \"promiscMode\": true, \"vlan\": 2011, \"ipam\": {}}"
2026-06-12T15:00:25.369665379Z time="2026-06-12T15:00:25Z" level=info msg="vlan status cnet-145836-hp-150-tink-system-d8bfc521 has been changed, node: hp-150-tink-system, clusterNetwork: cnet-145836, vc: hp-150-tink-system"
2026-06-12T15:00:25.771403015Z time="2026-06-12T15:00:25Z" level=info msg="vlan status cnet-145836-hp-69-tink-system-41799238 has been changed, node: hp-69-tink-system, clusterNetwork: cnet-145836, vc: hp-69-tink-system"
2026-06-12T15:00:25.771771941Z time="2026-06-12T15:00:25Z" level=info msg="vlan status cnet-145836-hp-117-tink-system-bc604c62 has been changed, node: hp-117-tink-system, clusterNetwork: cnet-145836, vc: hp-117-tink-system"
2026-06-12T15:00:25.781639130Z time="2026-06-12T15:00:25Z" level=info msg="vlan status cnet-145836-hp-117-tink-system-bc604c62 has been changed, node: hp-117-tink-system, clusterNetwork: cnet-145836, vc: hp-117-tink-system"
2026-06-12T15:00:25.973999968Z time="2026-06-12T15:00:25Z" level=info msg="nad configuration default/14h58m36s577421-06-12 has been changed: {\"cniVersion\": \"0.3.1\", \"name\": \"14h58m36s577421-06-12\", \"type\": \"bridge\", \"bridge\": \"cnet-145836-br\", \"promiscMode\": true, \"vlan\": 2011, \"ipam\": {}}"
2026-06-12T15:00:25.974030428Z time="2026-06-12T15:00:25Z" level=info msg="EnsureJob2GetLayer3NetworkInfo netconf: &{Mode:auto CIDR:10.115.0.0/21 Gateway:10.115.7.254 ServerIPAddr: Connectivity: Outdated:false}"
2026-06-12T15:00:26.171990608Z time="2026-06-12T15:00:26Z" level=info msg="vlan status cnet-145836-hp-150-tink-system-d8bfc521 has been changed, node: hp-150-tink-system, clusterNetwork: cnet-145836, vc: hp-150-tink-system"
2026-06-12T15:00:30.032789672Z time="2026-06-12T15:00:30Z" level=info msg="initialize connectivity of nad default/14h58m36s577421-06-12 successfully"
2026-06-12T15:00:30.032819811Z time="2026-06-12T15:00:30Z" level=info msg="nad configuration default/14h58m36s577421-06-12 has been changed: {\"cniVersion\": \"0.3.1\", \"name\": \"14h58m36s577421-06-12\", \"type\": \"bridge\", \"bridge\": \"cnet-145836-br\", \"promiscMode\": true, \"vlan\": 2011, \"ipam\": {}}"
2026-06-12T15:00:30.032832933Z time="2026-06-12T15:00:30Z" level=info msg="EnsureJob2GetLayer3NetworkInfo netconf: &{Mode:auto CIDR:10.115.0.0/21 Gateway:10.115.7.254 ServerIPAddr: Connectivity: Outdated:false}"
2026-06-12T15:00:34.141152616Z time="2026-06-12T15:00:34Z" level=error msg="initialize connectivity of nad default/14h58m36s577421-06-12 failed, error: update nad default/14h58m36s577421-06-12 failed, error: Operation cannot be fulfilled on network-attachment-definitions.k8s.cni.cncf.io \"14h58m36s577421-06-12\": the object has been modified; please apply your changes to the latest version and try again"
2026-06-12T15:00:34.141181901Z time="2026-06-12T15:00:34Z" level=info msg="nad configuration default/14h58m36s577421-06-12 has been changed: {\"cniVersion\": \"0.3.1\", \"name\": \"14h58m36s577421-06-12\", \"type\": \"bridge\", \"bridge\": \"cnet-145836-br\", \"promiscMode\": true, \"vlan\": 2011, \"ipam\": {}}"
2026-06-12T15:00:34.141202558Z time="2026-06-12T15:00:34Z" level=info msg="EnsureJob2GetLayer3NetworkInfo netconf: &{Mode:auto CIDR:10.115.0.0/21 Gateway:10.115.7.254 ServerIPAddr: Connectivity:true Outdated:false}"
2026-06-12T15:09:23.852708767Z time="2026-06-12T15:09:23Z" level=info msg="nad configuration default/14h58m36s577421-06-12 has been removed"
2026-06-12T15:09:23.852723842Z time="2026-06-12T15:09:23Z" level=info msg="Clear nad helper job default14h58m36s577421-06-12-c12584f0, vid 2011"
2026-06-12T15:09:23.863510030Z time="2026-06-12T15:09:23Z" level=info msg="update cn cnet-145836 annotations network.harvesterhci.io/vlan-id-set-str-hash:e3b0c44298fc1c149afbf4c8996fb92427ae41e4649b934ca495991b7852b855"
2026-06-12T15:09:26.924451543Z time="2026-06-12T15:09:26Z" level=info msg="Cluster network cnet-145836 MTU source vlan config switched from hp-69-tink-system to hp-117-tink-system"
2026-06-12T15:09:27.022491634Z time="2026-06-12T15:09:27Z" level=error msg="error syncing 'hp-69-tink-system': handler harvester-network-manager-vlanconfig-controller: vlanconfigs.network.harvesterhci.io \"hp-69-tink-system\" not found, requeuing"
2026-06-12T15:09:27.028599530Z time="2026-06-12T15:09:27Z" level=info msg="Cluster network cnet-145836 MTU source vlan config switched from hp-117-tink-system to hp-150-tink-system"
2026-06-12T15:09:27.121338096Z time="2026-06-12T15:09:27Z" level=error msg="error syncing 'hp-117-tink-system': handler harvester-network-manager-vlanconfig-controller: vlanconfigs.network.harvesterhci.io \"hp-117-tink-system\" not found, requeuing"
2026-06-12T15:11:27.133019309Z time="2026-06-12T15:11:27Z" level=info msg="vlan config hp-69-tink-system has been changed, spec: {Description: ClusterNetwork:cnet-150800 NodeSelector:map[kubernetes.io/hostname:hp-69-tink-system] Uplink:{NICs:[eno50] LinkAttrs:0x1e8c932e0270 BondOptions:0x1e8c92f2b170}}"
2026-06-12T15:11:27.144579079Z time="2026-06-12T15:11:27Z" level=info msg="update cluster network cnet-150800 annotation network.harvesterhci.io/uplink-mtu to 1500"
2026-06-12T15:11:27.161877210Z time="2026-06-12T15:11:27Z" level=info msg="vlan config hp-117-tink-system has been changed, spec: {Description: ClusterNetwork:cnet-150800 NodeSelector:map[kubernetes.io/hostname:hp-117-tink-system] Uplink:{NICs:[eno50] LinkAttrs:0x1e8c97ad6030 BondOptions:0x1e8c975a8df8}}"
2026-06-12T15:11:27.164127938Z time="2026-06-12T15:11:27Z" level=info msg="vlan config hp-69-tink-system has been changed, spec: {Description: ClusterNetwork:cnet-150800 NodeSelector:map[kubernetes.io/hostname:hp-69-tink-system] Uplink:{NICs:[eno50] LinkAttrs:0x1e8c97932660 BondOptions:0x1e8c92f2b770}}"
2026-06-12T15:11:27.177160887Z time="2026-06-12T15:11:27Z" level=info msg="vlan config hp-117-tink-system has been changed, spec: {Description: ClusterNetwork:cnet-150800 NodeSelector:map[kubernetes.io/hostname:hp-117-tink-system] Uplink:{NICs:[eno50] LinkAttrs:0x1e8c97ad72f0 BondOptions:0x1e8c975a90e0}}"
2026-06-12T15:11:27.183157114Z time="2026-06-12T15:11:27Z" level=info msg="vlan config hp-69-tink-system has been changed, spec: {Description: ClusterNetwork:cnet-150800 NodeSelector:map[kubernetes.io/hostname:hp-69-tink-system] Uplink:{NICs:[eno50] LinkAttrs:0x1e8c97932660 BondOptions:0x1e8c92f2b770}}"
2026-06-12T15:11:27.183662896Z time="2026-06-12T15:11:27Z" level=info msg="vlan config hp-150-tink-system has been changed, spec: {Description: ClusterNetwork:cnet-150800 NodeSelector:map[kubernetes.io/hostname:hp-150-tink-system] Uplink:{NICs:[eno50] LinkAttrs:0x1e8c978b0780 BondOptions:0x1e8c97868000}}"
2026-06-12T15:11:27.230507148Z time="2026-06-12T15:11:27Z" level=info msg="vlan config hp-69-tink-system has been changed, spec: {Description: ClusterNetwork:cnet-150800 NodeSelector:map[kubernetes.io/hostname:hp-69-tink-system] Uplink:{NICs:[eno50] LinkAttrs:0x1e8c978b05d0 BondOptions:0x1e8c92f2be30}}"
2026-06-12T15:11:27.232533765Z time="2026-06-12T15:11:27Z" level=info msg="nad configuration default/15h08m00s971364-06-12 has been changed: {\"cniVersion\": \"0.3.1\", \"name\": \"15h08m00s971364-06-12\", \"type\": \"bridge\", \"bridge\": \"cnet-150800-br\", \"promiscMode\": true, \"vlan\": 2011, \"ipam\": {}}"
2026-06-12T15:11:27.236492739Z time="2026-06-12T15:11:27Z" level=info msg="vlan config hp-69-tink-system has been changed, spec: {Description: ClusterNetwork:cnet-150800 NodeSelector:map[kubernetes.io/hostname:hp-69-tink-system] Uplink:{NICs:[eno50] LinkAttrs:0x1e8c978b05d0 BondOptions:0x1e8c92f2be30}}"
2026-06-12T15:11:27.239021399Z time="2026-06-12T15:11:27Z" level=info msg="vlan config hp-117-tink-system has been changed, spec: {Description: ClusterNetwork:cnet-150800 NodeSelector:map[kubernetes.io/hostname:hp-117-tink-system] Uplink:{NICs:[eno50] LinkAttrs:0x1e8c9801c000 BondOptions:0x1e8c975a9830}}"
2026-06-12T15:11:27.252525086Z time="2026-06-12T15:11:27Z" level=info msg="vlan config hp-150-tink-system has been changed, spec: {Description: ClusterNetwork:cnet-150800 NodeSelector:map[kubernetes.io/hostname:hp-150-tink-system] Uplink:{NICs:[eno50] LinkAttrs:0x1e8c978b15c0 BondOptions:0x1e8c97868300}}"
2026-06-12T15:11:27.253446447Z time="2026-06-12T15:11:27Z" level=info msg="nad configuration default/15h08m00s971364-06-12 has been changed: {\"cniVersion\": \"0.3.1\", \"name\": \"15h08m00s971364-06-12\", \"type\": \"bridge\", \"bridge\": \"cnet-150800-br\", \"promiscMode\": true, \"vlan\": 2011, \"ipam\": {}}"
2026-06-12T15:11:27.253466196Z time="2026-06-12T15:11:27Z" level=info msg="EnsureJob2GetLayer3NetworkInfo netconf: &{Mode:auto CIDR: Gateway: ServerIPAddr: Connectivity: Outdated:false}"
2026-06-12T15:11:27.267894029Z time="2026-06-12T15:11:27Z" level=info msg="vlan config hp-150-tink-system has been changed, spec: {Description: ClusterNetwork:cnet-150800 NodeSelector:map[kubernetes.io/hostname:hp-150-tink-system] Uplink:{NICs:[eno50] LinkAttrs:0x1e8c978b15c0 BondOptions:0x1e8c97868300}}"
2026-06-12T15:11:27.323044900Z time="2026-06-12T15:11:27Z" level=info msg="Created nad helper job default15h08m00s971364-06-12-13008ecc, dhcpServer , vid 2011"
2026-06-12T15:11:27.323067793Z time="2026-06-12T15:11:27Z" level=info msg="update cn cnet-150800 annotations network.harvesterhci.io/vlan-id-set-str-hash:72d1b5da6eeaf1789df86487da50ad5e9dadb5ffaecb56b6de592aa286c9c1b8"
2026-06-12T15:11:27.503272520Z time="2026-06-12T15:11:27Z" level=info msg="vlan status cnet-150800-hp-150-tink-system-3d88f477 has been changed, node: hp-150-tink-system, clusterNetwork: cnet-150800, vc: hp-150-tink-system"
2026-06-12T15:11:27.519268434Z time="2026-06-12T15:11:27Z" level=info msg="vlan config hp-150-tink-system has been changed, spec: {Description: ClusterNetwork:cnet-150800 NodeSelector:map[kubernetes.io/hostname:hp-150-tink-system] Uplink:{NICs:[eno50] LinkAttrs:0x1e8c975b46f0 BondOptions:0x1e8c97868a98}}"
2026-06-12T15:11:27.524552349Z time="2026-06-12T15:11:27Z" level=info msg="vlan config hp-150-tink-system has been changed, spec: {Description: ClusterNetwork:cnet-150800 NodeSelector:map[kubernetes.io/hostname:hp-150-tink-system] Uplink:{NICs:[eno50] LinkAttrs:0x1e8c975b46f0 BondOptions:0x1e8c97868a98}}"
2026-06-12T15:11:27.603696303Z time="2026-06-12T15:11:27Z" level=info msg="vlan status cnet-150800-hp-117-tink-system-59577d34 has been changed, node: hp-117-tink-system, clusterNetwork: cnet-150800, vc: hp-117-tink-system"
2026-06-12T15:11:28.327763899Z time="2026-06-12T15:11:28Z" level=info msg="nad configuration default/15h08m00s971364-06-12 has been changed: {\"cniVersion\": \"0.3.1\", \"name\": \"15h08m00s971364-06-12\", \"type\": \"bridge\", \"bridge\": \"cnet-150800-br\", \"promiscMode\": true, \"vlan\": 2011, \"ipam\": {}}"
2026-06-12T15:11:28.327812350Z time="2026-06-12T15:11:28Z" level=info msg="EnsureJob2GetLayer3NetworkInfo netconf: &{Mode:auto CIDR: Gateway: ServerIPAddr: Connectivity: Outdated:false}"
2026-06-12T15:11:28.517078451Z time="2026-06-12T15:11:28Z" level=info msg="vlan status cnet-150800-hp-69-tink-system-a3f6c9f5 has been changed, node: hp-69-tink-system, clusterNetwork: cnet-150800, vc: hp-69-tink-system"
2026-06-12T15:11:28.717333685Z time="2026-06-12T15:11:28Z" level=info msg="vlan status cnet-150800-hp-150-tink-system-3d88f477 has been changed, node: hp-150-tink-system, clusterNetwork: cnet-150800, vc: hp-150-tink-system"
2026-06-12T15:11:29.520437521Z time="2026-06-12T15:11:29Z" level=info msg="nad configuration default/15h08m00s971364-06-12 has been changed: {\"cniVersion\": \"0.3.1\", \"name\": \"15h08m00s971364-06-12\", \"type\": \"bridge\", \"bridge\": \"cnet-150800-br\", \"promiscMode\": true, \"vlan\": 2011, \"ipam\": {}}"
2026-06-12T15:11:29.724248780Z time="2026-06-12T15:11:29Z" level=info msg="vlan status cnet-150800-hp-117-tink-system-59577d34 has been changed, node: hp-117-tink-system, clusterNetwork: cnet-150800, vc: hp-117-tink-system"
2026-06-12T15:11:30.123932872Z time="2026-06-12T15:11:30Z" level=info msg="vlan status cnet-150800-hp-69-tink-system-a3f6c9f5 has been changed, node: hp-69-tink-system, clusterNetwork: cnet-150800, vc: hp-69-tink-system"
2026-06-12T15:11:30.123955947Z time="2026-06-12T15:11:30Z" level=info msg="vlan status cnet-150800-hp-150-tink-system-3d88f477 has been changed, node: hp-150-tink-system, clusterNetwork: cnet-150800, vc: hp-150-tink-system"
2026-06-12T15:11:30.134183675Z time="2026-06-12T15:11:30Z" level=info msg="vlan status cnet-150800-hp-150-tink-system-3d88f477 has been changed, node: hp-150-tink-system, clusterNetwork: cnet-150800, vc: hp-150-tink-system"
2026-06-12T15:11:30.339406023Z time="2026-06-12T15:11:30Z" level=info msg="nad configuration default/15h08m00s971364-06-12 has been changed: {\"cniVersion\": \"0.3.1\", \"name\": \"15h08m00s971364-06-12\", \"type\": \"bridge\", \"bridge\": \"cnet-150800-br\", \"promiscMode\": true, \"vlan\": 2011, \"ipam\": {}}"
2026-06-12T15:11:30.339449393Z time="2026-06-12T15:11:30Z" level=info msg="EnsureJob2GetLayer3NetworkInfo netconf: &{Mode:auto CIDR:10.115.0.0/21 Gateway:10.115.7.254 ServerIPAddr: Connectivity: Outdated:false}"
2026-06-12T15:11:30.523901193Z time="2026-06-12T15:11:30Z" level=info msg="vlan status cnet-150800-hp-117-tink-system-59577d34 has been changed, node: hp-117-tink-system, clusterNetwork: cnet-150800, vc: hp-117-tink-system"
2026-06-12T15:11:34.447852955Z time="2026-06-12T15:11:34Z" level=info msg="initialize connectivity of nad default/15h08m00s971364-06-12 successfully"
2026-06-12T15:11:34.448185463Z time="2026-06-12T15:11:34Z" level=info msg="nad configuration default/15h08m00s971364-06-12 has been changed: {\"cniVersion\": \"0.3.1\", \"name\": \"15h08m00s971364-06-12\", \"type\": \"bridge\", \"bridge\": \"cnet-150800-br\", \"promiscMode\": true, \"vlan\": 2011, \"ipam\": {}}"
2026-06-12T15:11:34.448217742Z time="2026-06-12T15:11:34Z" level=info msg="EnsureJob2GetLayer3NetworkInfo netconf: &{Mode:auto CIDR:10.115.0.0/21 Gateway:10.115.7.254 ServerIPAddr: Connectivity:true Outdated:false}"
2026-06-12T15:27:33.455204007Z time="2026-06-12T15:27:33Z" level=info msg="nad configuration default/15h08m00s971364-06-12 has been removed"
2026-06-12T15:27:33.455220452Z time="2026-06-12T15:27:33Z" level=info msg="Clear nad helper job default15h08m00s971364-06-12-13008ecc, vid 2011"
2026-06-12T15:27:33.467482066Z time="2026-06-12T15:27:33Z" level=info msg="update cn cnet-150800 annotations network.harvesterhci.io/vlan-id-set-str-hash:e3b0c44298fc1c149afbf4c8996fb92427ae41e4649b934ca495991b7852b855"
2026-06-12T15:27:36.543556028Z time="2026-06-12T15:27:36Z" level=info msg="Cluster network cnet-150800 MTU source vlan config switched from hp-69-tink-system to hp-117-tink-system"
2026-06-12T15:27:36.563945588Z time="2026-06-12T15:27:36Z" level=info msg="Cluster network cnet-150800 MTU source vlan config switched from hp-117-tink-system to hp-150-tink-system"
2026-06-12T15:27:36.581510355Z time="2026-06-12T15:27:36Z" level=error msg="error syncing 'hp-69-tink-system': handler harvester-network-manager-vlanconfig-controller: vlanconfigs.network.harvesterhci.io \"hp-69-tink-system\" not found, requeuing"
2026-06-12T15:27:36.589066599Z time="2026-06-12T15:27:36Z" level=info msg="Cluster network cnet-150800 MTU source vlan config hp-150-tink-system removed as no remaining vlan config found"
2026-06-12T15:27:36.936570165Z time="2026-06-12T15:27:36Z" level=error msg="error syncing 'hp-117-tink-system': handler harvester-network-manager-vlanconfig-controller: vlanconfigs.network.harvesterhci.io \"hp-117-tink-system\" not found, requeuing"
2026-06-12T15:27:37.336716935Z time="2026-06-12T15:27:37Z" level=error msg="error syncing 'hp-150-tink-system': handler harvester-network-manager-vlanconfig-controller: vlanconfigs.network.harvesterhci.io \"hp-150-tink-system\" not found, requeuing"
2026-06-12T15:28:12.467910638Z time="2026-06-12T15:28:12Z" level=info msg="nad configuration default/dhcp-test-net-15h26m26s356466-06-12 has been changed: {\"cniVersion\": \"0.3.1\", \"name\": \"dhcp-test-net-15h26m26s356466-06-12\", \"type\": \"bridge\", \"bridge\": \"mgmt-br\", \"promiscMode\": true, \"vlan\": 0, \"ipam\": {}}"
2026-06-12T15:28:12.488602432Z time="2026-06-12T15:28:12Z" level=info msg="nad configuration default/dhcp-test-net-15h26m26s356466-06-12 has been changed: {\"cniVersion\": \"0.3.1\", \"name\": \"dhcp-test-net-15h26m26s356466-06-12\", \"type\": \"bridge\", \"bridge\": \"mgmt-br\", \"promiscMode\": true, \"vlan\": 0, \"ipam\": {}}"
2026-06-12T15:28:12.498069815Z time="2026-06-12T15:28:12Z" level=info msg="nad configuration default/dhcp-test-net-15h26m26s356466-06-12 has been changed: {\"cniVersion\": \"0.3.1\", \"name\": \"dhcp-test-net-15h26m26s356466-06-12\", \"type\": \"bridge\", \"bridge\": \"mgmt-br\", \"promiscMode\": true, \"vlan\": 0, \"ipam\": {}}"
2026-06-12T15:28:12.503939336Z time="2026-06-12T15:28:12Z" level=info msg="nad configuration default/dhcp-test-net-15h26m26s356466-06-12 has been changed: {\"cniVersion\": \"0.3.1\", \"name\": \"dhcp-test-net-15h26m26s356466-06-12\", \"type\": \"bridge\", \"bridge\": \"mgmt-br\", \"promiscMode\": true, \"vlan\": 0, \"ipam\": {}}"
2026-06-12T15:28:12.509386546Z time="2026-06-12T15:28:12Z" level=info msg="nad configuration default/dhcp-test-net-15h26m26s356466-06-12 has been changed: {\"cniVersion\": \"0.3.1\", \"name\": \"dhcp-test-net-15h26m26s356466-06-12\", \"type\": \"bridge\", \"bridge\": \"mgmt-br\", \"promiscMode\": true, \"vlan\": 0, \"ipam\": {}}"
2026-06-12T15:28:12.691248104Z time="2026-06-12T15:28:12Z" level=info msg="nad configuration default/dhcp-test-net-15h26m26s356466-06-12 has been changed: {\"cniVersion\": \"0.3.1\", \"name\": \"dhcp-test-net-15h26m26s356466-06-12\", \"type\": \"bridge\", \"bridge\": \"mgmt-br\", \"promiscMode\": true, \"vlan\": 0, \"ipam\": {}}"
2026-06-12T15:30:19.567322911Z time="2026-06-12T15:30:19Z" level=info msg="nad configuration default/dhcp-test-net-15h26m26s356466-06-12 has been removed"
