2026-06-12T10:46:11.657017453Z I0612 10:46:11.656770       1 server.go:175] "Starting Kubernetes Scheduler" version="v1.35.5+rke2r1"
2026-06-12T10:46:11.657060940Z I0612 10:46:11.656949       1 server.go:177] "Golang settings" GOGC="" GOMAXPROCS="" GOTRACEBACK=""
2026-06-12T10:46:11.662693511Z I0612 10:46:11.662607       1 requestheader_controller.go:180] Starting RequestHeaderAuthRequestController
2026-06-12T10:46:11.662713278Z I0612 10:46:11.662631       1 shared_informer.go:370] "Waiting for caches to sync"
2026-06-12T10:46:11.662718130Z I0612 10:46:11.662638       1 configmap_cafile_content.go:205] "Starting controller" name="client-ca::kube-system::extension-apiserver-authentication::client-ca-file"
2026-06-12T10:46:11.662731668Z I0612 10:46:11.662675       1 shared_informer.go:370] "Waiting for caches to sync"
2026-06-12T10:46:11.662802278Z I0612 10:46:11.662667       1 configmap_cafile_content.go:205] "Starting controller" name="client-ca::kube-system::extension-apiserver-authentication::requestheader-client-ca-file"
2026-06-12T10:46:11.662814047Z I0612 10:46:11.662711       1 shared_informer.go:370] "Waiting for caches to sync"
2026-06-12T10:46:11.662908788Z I0612 10:46:11.662867       1 dynamic_serving_content.go:135] "Starting controller" name="serving-cert::/var/lib/rancher/rke2/server/tls/kube-scheduler/kube-scheduler.crt::/var/lib/rancher/rke2/server/tls/kube-scheduler/kube-scheduler.key"
2026-06-12T10:46:11.662995720Z I0612 10:46:11.662928       1 secure_serving.go:211] Serving securely on 127.0.0.1:10259
2026-06-12T10:46:11.663005236Z I0612 10:46:11.662964       1 tlsconfig.go:243] "Starting DynamicServingCertificateController"
2026-06-12T10:46:11.762998460Z I0612 10:46:11.762815       1 shared_informer.go:377] "Caches are synced"
2026-06-12T10:46:11.763018265Z I0612 10:46:11.762868       1 shared_informer.go:377] "Caches are synced"
2026-06-12T10:46:11.763033544Z I0612 10:46:11.762934       1 shared_informer.go:377] "Caches are synced"
2026-06-12T10:46:11.763191488Z I0612 10:46:11.763096       1 leaderelection.go:258] "Attempting to acquire leader lease..." lock="kube-system/kube-scheduler"
2026-06-12T10:46:11.774868920Z I0612 10:46:11.774769       1 leaderelection.go:272] "Successfully acquired lease" lock="kube-system/kube-scheduler"
2026-06-12T11:02:36.654292263Z E0612 11:02:36.654160       1 schedule_one.go:182] "Status after running PostFilter plugins for pod" logger="UnhandledError" pod="cattle-monitoring-system/rancher-monitoring-grafana-6f88968b-h5fqk" status="not found"
2026-06-12T11:02:38.936877995Z E0612 11:02:38.936636       1 schedule_one.go:182] "Status after running PostFilter plugins for pod" logger="UnhandledError" pod="cattle-monitoring-system/alertmanager-rancher-monitoring-alertmanager-0" status="not found"
2026-06-12T11:02:38.956411318Z E0612 11:02:38.956300       1 schedule_one.go:182] "Status after running PostFilter plugins for pod" logger="UnhandledError" pod="cattle-monitoring-system/alertmanager-rancher-monitoring-alertmanager-0" status="not found"
2026-06-12T11:02:39.307015510Z E0612 11:02:39.306864       1 schedule_one.go:182] "Status after running PostFilter plugins for pod" logger="UnhandledError" pod="cattle-monitoring-system/prometheus-rancher-monitoring-prometheus-0" status="not found"
2026-06-12T11:02:39.324064666Z E0612 11:02:39.323870       1 schedule_one.go:182] "Status after running PostFilter plugins for pod" logger="UnhandledError" pod="cattle-monitoring-system/prometheus-rancher-monitoring-prometheus-0" status="not found"
2026-06-12T11:02:41.083967879Z E0612 11:02:41.083831       1 schedule_one.go:182] "Status after running PostFilter plugins for pod" logger="UnhandledError" pod="cattle-monitoring-system/rancher-monitoring-grafana-6f88968b-h5fqk" status="not found"
2026-06-12T11:02:41.084096983Z E0612 11:02:41.084019       1 schedule_one.go:182] "Status after running PostFilter plugins for pod" logger="UnhandledError" pod="cattle-monitoring-system/alertmanager-rancher-monitoring-alertmanager-0" status="not found"
2026-06-12T11:02:41.085516663Z E0612 11:02:41.085433       1 schedule_one.go:182] "Status after running PostFilter plugins for pod" logger="UnhandledError" pod="cattle-monitoring-system/prometheus-rancher-monitoring-prometheus-0" status="not found"
2026-06-12T11:02:41.102075071Z E0612 11:02:41.101811       1 schedule_one.go:182] "Status after running PostFilter plugins for pod" logger="UnhandledError" pod="cattle-monitoring-system/rancher-monitoring-grafana-6f88968b-h5fqk" status="not found"
2026-06-12T11:02:41.102297792Z E0612 11:02:41.102183       1 schedule_one.go:182] "Status after running PostFilter plugins for pod" logger="UnhandledError" pod="cattle-monitoring-system/alertmanager-rancher-monitoring-alertmanager-0" status="not found"
2026-06-12T11:02:41.103612354Z E0612 11:02:41.103524       1 schedule_one.go:182] "Status after running PostFilter plugins for pod" logger="UnhandledError" pod="cattle-monitoring-system/prometheus-rancher-monitoring-prometheus-0" status="not found"
2026-06-12T11:02:41.116871426Z E0612 11:02:41.116628       1 schedule_one.go:182] "Status after running PostFilter plugins for pod" logger="UnhandledError" pod="cattle-monitoring-system/rancher-monitoring-grafana-6f88968b-h5fqk" status="not found"
2026-06-12T11:02:41.117875189Z E0612 11:02:41.117803       1 schedule_one.go:182] "Status after running PostFilter plugins for pod" logger="UnhandledError" pod="cattle-monitoring-system/prometheus-rancher-monitoring-prometheus-0" status="not found"
2026-06-12T11:02:41.238035378Z E0612 11:02:41.237937       1 schedule_one.go:182] "Status after running PostFilter plugins for pod" logger="UnhandledError" pod="cattle-monitoring-system/rancher-monitoring-grafana-6f88968b-h5fqk" status="not found"
2026-06-12T11:02:41.238208151Z E0612 11:02:41.238152       1 schedule_one.go:182] "Status after running PostFilter plugins for pod" logger="UnhandledError" pod="cattle-monitoring-system/prometheus-rancher-monitoring-prometheus-0" status="not found"
2026-06-12T11:02:41.471712871Z E0612 11:02:41.471602       1 schedule_one.go:182] "Status after running PostFilter plugins for pod" logger="UnhandledError" pod="cattle-monitoring-system/rancher-monitoring-grafana-6f88968b-h5fqk" status="not found"
2026-06-12T11:02:41.471886599Z E0612 11:02:41.471823       1 schedule_one.go:182] "Status after running PostFilter plugins for pod" logger="UnhandledError" pod="cattle-monitoring-system/prometheus-rancher-monitoring-prometheus-0" status="not found"
2026-06-12T11:02:41.486304346Z E0612 11:02:41.486207       1 schedule_one.go:182] "Status after running PostFilter plugins for pod" logger="UnhandledError" pod="cattle-monitoring-system/rancher-monitoring-grafana-6f88968b-h5fqk" status="not found"
2026-06-12T11:02:41.486454721Z E0612 11:02:41.486407       1 schedule_one.go:182] "Status after running PostFilter plugins for pod" logger="UnhandledError" pod="cattle-monitoring-system/prometheus-rancher-monitoring-prometheus-0" status="not found"
2026-06-12T11:02:41.503843565Z E0612 11:02:41.503753       1 schedule_one.go:182] "Status after running PostFilter plugins for pod" logger="UnhandledError" pod="cattle-monitoring-system/rancher-monitoring-grafana-6f88968b-h5fqk" status="not found"
2026-06-12T11:02:41.621195603Z E0612 11:02:41.621105       1 schedule_one.go:182] "Status after running PostFilter plugins for pod" logger="UnhandledError" pod="cattle-monitoring-system/rancher-monitoring-grafana-6f88968b-h5fqk" status="not found"
2026-06-12T11:02:43.790453358Z E0612 11:02:43.790368       1 schedule_one.go:182] "Status after running PostFilter plugins for pod" logger="UnhandledError" pod="cattle-monitoring-system/rancher-monitoring-grafana-6f88968b-h5fqk" status="not found"
2026-06-12T11:02:45.925826100Z E0612 11:02:45.925732       1 schedule_one.go:182] "Status after running PostFilter plugins for pod" logger="UnhandledError" pod="cattle-monitoring-system/rancher-monitoring-grafana-6f88968b-h5fqk" status="not found"
2026-06-12T11:02:45.936163642Z E0612 11:02:45.936074       1 schedule_one.go:182] "Status after running PostFilter plugins for pod" logger="UnhandledError" pod="cattle-monitoring-system/rancher-monitoring-grafana-6f88968b-h5fqk" status="not found"
2026-06-12T11:50:20.073049429Z E0612 11:50:20.072918       1 schedule_one.go:182] "Status after running PostFilter plugins for pod" logger="UnhandledError" pod="default/virt-launcher-vm-11h37m57s246259-06-12-sljpv" status="not found"
2026-06-12T11:50:21.945543333Z E0612 11:50:21.945393       1 schedule_one.go:182] "Status after running PostFilter plugins for pod" logger="UnhandledError" pod="default/virt-launcher-vm-11h37m57s246259-06-12-sljpv" status="not found"
2026-06-12T11:50:21.956479267Z E0612 11:50:21.956332       1 schedule_one.go:182] "Status after running PostFilter plugins for pod" logger="UnhandledError" pod="default/virt-launcher-vm-11h37m57s246259-06-12-sljpv" status="not found"
2026-06-12T11:56:16.226285913Z E0612 11:56:16.226154       1 schedule_one.go:182] "Status after running PostFilter plugins for pod" logger="UnhandledError" pod="default/virt-launcher-migrate-1-11h54m14s376292-06-12-mcxrt" status="not found"
2026-06-12T11:56:16.248349127Z E0612 11:56:16.248135       1 schedule_one.go:182] "Status after running PostFilter plugins for pod" logger="UnhandledError" pod="default/virt-launcher-migrate-2-11h54m14s376292-06-12-pt47c" status="not found"
2026-06-12T11:56:17.794302956Z E0612 11:56:17.794212       1 schedule_one.go:182] "Status after running PostFilter plugins for pod" logger="UnhandledError" pod="default/virt-launcher-migrate-1-11h54m14s376292-06-12-mcxrt" status="not found"
2026-06-12T11:56:17.794470783Z E0612 11:56:17.794415       1 schedule_one.go:182] "Status after running PostFilter plugins for pod" logger="UnhandledError" pod="default/virt-launcher-migrate-2-11h54m14s376292-06-12-pt47c" status="not found"
2026-06-12T11:56:17.811577742Z E0612 11:56:17.811499       1 schedule_one.go:182] "Status after running PostFilter plugins for pod" logger="UnhandledError" pod="default/virt-launcher-migrate-1-11h54m14s376292-06-12-mcxrt" status="not found"
2026-06-12T11:56:17.811809606Z E0612 11:56:17.811743       1 schedule_one.go:182] "Status after running PostFilter plugins for pod" logger="UnhandledError" pod="default/virt-launcher-migrate-2-11h54m14s376292-06-12-pt47c" status="not found"
2026-06-12T11:56:17.828142932Z E0612 11:56:17.828007       1 schedule_one.go:182] "Status after running PostFilter plugins for pod" logger="UnhandledError" pod="default/virt-launcher-migrate-2-11h54m14s376292-06-12-pt47c" status="not found"
2026-06-12T11:56:17.910517557Z E0612 11:56:17.910420       1 schedule_one.go:182] "Status after running PostFilter plugins for pod" logger="UnhandledError" pod="default/virt-launcher-migrate-2-11h54m14s376292-06-12-pt47c" status="not found"
2026-06-12T11:56:28.932252405Z E0612 11:56:28.932127       1 schedule_one.go:182] "Status after running PostFilter plugins for pod" logger="UnhandledError" pod="default/virt-launcher-migrate-2-11h54m14s376292-06-12-pt47c" status="not found"
2026-06-12T11:56:31.066389157Z E0612 11:56:31.066140       1 schedule_one.go:182] "Status after running PostFilter plugins for pod" logger="UnhandledError" pod="default/virt-launcher-migrate-2-11h54m14s376292-06-12-pt47c" status="not found"
2026-06-12T11:56:31.081549743Z E0612 11:56:31.081459       1 schedule_one.go:182] "Status after running PostFilter plugins for pod" logger="UnhandledError" pod="default/virt-launcher-migrate-2-11h54m14s376292-06-12-pt47c" status="not found"
2026-06-12T11:58:02.334446758Z E0612 11:58:02.334321       1 schedule_one.go:182] "Status after running PostFilter plugins for pod" logger="UnhandledError" pod="default/virt-launcher-11h54m14s376292-06-12-cs265" status="not found"
2026-06-12T11:58:02.352117455Z E0612 11:58:02.351995       1 schedule_one.go:182] "Status after running PostFilter plugins for pod" logger="UnhandledError" pod="default/virt-launcher-11h54m14s376292-06-12-cs265" status="not found"
2026-06-12T11:58:09.382661204Z E0612 11:58:09.382543       1 schedule_one.go:182] "Status after running PostFilter plugins for pod" logger="UnhandledError" pod="default/virt-launcher-11h54m14s376292-06-12-cs265" status="not found"
2026-06-12T11:58:09.397565532Z E0612 11:58:09.397450       1 schedule_one.go:182] "Status after running PostFilter plugins for pod" logger="UnhandledError" pod="default/virt-launcher-11h54m14s376292-06-12-cs265" status="not found"
2026-06-12T11:58:09.409765705Z E0612 11:58:09.409688       1 schedule_one.go:182] "Status after running PostFilter plugins for pod" logger="UnhandledError" pod="default/virt-launcher-11h54m14s376292-06-12-cs265" status="not found"
2026-06-12T11:58:13.931038991Z E0612 11:58:13.930907       1 schedule_one.go:182] "Status after running PostFilter plugins for pod" logger="UnhandledError" pod="default/virt-launcher-11h54m14s376292-06-12-cs265" status="not found"
2026-06-12T11:58:16.063762901Z E0612 11:58:16.063699       1 schedule_one.go:182] "Status after running PostFilter plugins for pod" logger="UnhandledError" pod="default/virt-launcher-11h54m14s376292-06-12-cs265" status="not found"
2026-06-12T11:58:16.074445328Z E0612 11:58:16.074364       1 schedule_one.go:182] "Status after running PostFilter plugins for pod" logger="UnhandledError" pod="default/virt-launcher-11h54m14s376292-06-12-cs265" status="not found"
2026-06-12T11:59:45.687206726Z E0612 11:59:45.687079       1 schedule_one.go:182] "Status after running PostFilter plugins for pod" logger="UnhandledError" pod="default/virt-launcher-11h54m14s376292-06-12-hpgcr" status="not found"
2026-06-12T11:59:47.484711511Z E0612 11:59:47.484601       1 schedule_one.go:182] "Status after running PostFilter plugins for pod" logger="UnhandledError" pod="default/virt-launcher-11h54m14s376292-06-12-hpgcr" status="not found"
2026-06-12T11:59:47.495889205Z E0612 11:59:47.495810       1 schedule_one.go:182] "Status after running PostFilter plugins for pod" logger="UnhandledError" pod="default/virt-launcher-11h54m14s376292-06-12-hpgcr" status="not found"
2026-06-12T11:59:47.511971276Z E0612 11:59:47.511888       1 schedule_one.go:182] "Status after running PostFilter plugins for pod" logger="UnhandledError" pod="default/virt-launcher-11h54m14s376292-06-12-hpgcr" status="not found"
2026-06-12T11:59:47.517959212Z E0612 11:59:47.517773       1 schedule_one.go:182] "Status after running PostFilter plugins for pod" logger="UnhandledError" pod="default/virt-launcher-11h54m14s376292-06-12-hpgcr" status="not found"
2026-06-12T11:59:47.519818959Z E0612 11:59:47.519744       1 schedule_one.go:182] "Status after running PostFilter plugins for pod" logger="UnhandledError" pod="default/virt-launcher-11h54m14s376292-06-12-hpgcr" status="not found"
2026-06-12T11:59:47.523789429Z E0612 11:59:47.523673       1 schedule_one.go:182] "Status after running PostFilter plugins for pod" logger="UnhandledError" pod="default/virt-launcher-11h54m14s376292-06-12-hpgcr" status="not found"
2026-06-12T11:59:47.533708704Z E0612 11:59:47.533619       1 schedule_one.go:182] "Status after running PostFilter plugins for pod" logger="UnhandledError" pod="default/virt-launcher-11h54m14s376292-06-12-hpgcr" status="not found"
2026-06-12T12:01:29.274853575Z E0612 12:01:29.274747       1 schedule_one.go:182] "Status after running PostFilter plugins for pod" logger="UnhandledError" pod="default/virt-launcher-vm-11h54m14s376292-06-12-xslcr" status="not found"
2026-06-12T12:01:43.934633159Z E0612 12:01:43.934499       1 schedule_one.go:182] "Status after running PostFilter plugins for pod" logger="UnhandledError" pod="default/virt-launcher-vm-11h54m14s376292-06-12-xslcr" status="not found"
2026-06-12T12:01:46.065383228Z E0612 12:01:46.065276       1 schedule_one.go:182] "Status after running PostFilter plugins for pod" logger="UnhandledError" pod="default/virt-launcher-vm-11h54m14s376292-06-12-xslcr" status="not found"
2026-06-12T12:01:46.076524482Z E0612 12:01:46.076439       1 schedule_one.go:182] "Status after running PostFilter plugins for pod" logger="UnhandledError" pod="default/virt-launcher-vm-11h54m14s376292-06-12-xslcr" status="not found"
2026-06-12T12:04:47.138100353Z E0612 12:04:47.138005       1 schedule_one.go:182] "Status after running PostFilter plugins for pod" logger="UnhandledError" pod="default/virt-launcher-vm-11h54m14s376292-06-12-rkwj2" status="not found"
2026-06-12T12:04:49.075566259Z E0612 12:04:49.075447       1 schedule_one.go:182] "Status after running PostFilter plugins for pod" logger="UnhandledError" pod="default/virt-launcher-vm-11h54m14s376292-06-12-rkwj2" status="not found"
2026-06-12T12:04:49.085975793Z E0612 12:04:49.085889       1 schedule_one.go:182] "Status after running PostFilter plugins for pod" logger="UnhandledError" pod="default/virt-launcher-vm-11h54m14s376292-06-12-rkwj2" status="not found"
2026-06-12T12:08:52.093554702Z E0612 12:08:52.093408       1 schedule_one.go:182] "Status after running PostFilter plugins for pod" logger="UnhandledError" pod="default/virt-launcher-vm-12h06m47s328335-06-12-wh5q9" status="not found"
2026-06-12T12:08:53.870223060Z E0612 12:08:53.870116       1 schedule_one.go:182] "Status after running PostFilter plugins for pod" logger="UnhandledError" pod="default/virt-launcher-vm-12h06m47s328335-06-12-wh5q9" status="not found"
2026-06-12T12:08:53.885207414Z E0612 12:08:53.885110       1 schedule_one.go:182] "Status after running PostFilter plugins for pod" logger="UnhandledError" pod="default/virt-launcher-vm-12h06m47s328335-06-12-wh5q9" status="not found"
2026-06-12T12:13:36.998094447Z E0612 12:13:36.997991       1 schedule_one.go:182] "Status after running PostFilter plugins for pod" logger="UnhandledError" pod="default/virt-launcher-vm-12h06m47s328335-06-12-xl94t" status="not found"
2026-06-12T12:13:38.560985063Z E0612 12:13:38.560903       1 schedule_one.go:182] "Status after running PostFilter plugins for pod" logger="UnhandledError" pod="default/virt-launcher-vm-12h06m47s328335-06-12-xl94t" status="not found"
2026-06-12T12:13:38.582567907Z E0612 12:13:38.582485       1 schedule_one.go:182] "Status after running PostFilter plugins for pod" logger="UnhandledError" pod="default/virt-launcher-vm-12h06m47s328335-06-12-xl94t" status="not found"
2026-06-12T12:13:38.775315837Z E0612 12:13:38.775211       1 schedule_one.go:182] "Status after running PostFilter plugins for pod" logger="UnhandledError" pod="default/virt-launcher-vm-12h06m47s328335-06-12-xl94t" status="not found"
2026-06-12T12:13:38.804231497Z E0612 12:13:38.804131       1 schedule_one.go:182] "Status after running PostFilter plugins for pod" logger="UnhandledError" pod="default/virt-launcher-vm-12h06m47s328335-06-12-xl94t" status="not found"
2026-06-12T12:13:38.832534762Z E0612 12:13:38.832422       1 schedule_one.go:182] "Status after running PostFilter plugins for pod" logger="UnhandledError" pod="default/virt-launcher-vm-12h06m47s328335-06-12-xl94t" status="not found"
2026-06-12T12:13:38.849658962Z E0612 12:13:38.849550       1 schedule_one.go:182] "Status after running PostFilter plugins for pod" logger="UnhandledError" pod="default/virt-launcher-vm-12h06m47s328335-06-12-xl94t" status="not found"
2026-06-12T12:14:37.982619192Z E0612 12:14:37.982491       1 schedule_one.go:182] "Status after running PostFilter plugins for pod" logger="UnhandledError" pod="default/virt-launcher-vm-12h06m47s328335-06-12-tqtfw" status="not found"
2026-06-12T12:14:39.821976082Z E0612 12:14:39.821848       1 schedule_one.go:182] "Status after running PostFilter plugins for pod" logger="UnhandledError" pod="default/virt-launcher-vm-12h06m47s328335-06-12-tqtfw" status="not found"
2026-06-12T12:14:39.837463323Z E0612 12:14:39.836908       1 schedule_one.go:182] "Status after running PostFilter plugins for pod" logger="UnhandledError" pod="default/virt-launcher-vm-12h06m47s328335-06-12-tqtfw" status="not found"
2026-06-12T12:34:05.955573996Z E0612 12:34:05.955451       1 schedule_one.go:182] "Status after running PostFilter plugins for pod" logger="UnhandledError" pod="default/virt-launcher-vm-12h06m47s328335-06-12-vz7fl" status="not found"
2026-06-12T12:34:06.813909104Z E0612 12:34:06.813807       1 schedule_one.go:182] "Status after running PostFilter plugins for pod" logger="UnhandledError" pod="default/virt-launcher-vm-12h06m47s328335-06-12-vz7fl" status="not found"
2026-06-12T12:34:06.830395260Z E0612 12:34:06.830273       1 schedule_one.go:182] "Status after running PostFilter plugins for pod" logger="UnhandledError" pod="default/virt-launcher-vm-12h06m47s328335-06-12-vz7fl" status="not found"
2026-06-12T12:35:53.379016679Z E0612 12:35:53.378899       1 schedule_one.go:182] "Status after running PostFilter plugins for pod" logger="UnhandledError" pod="default/virt-launcher-vm-12h06m47s328335-06-12-sk5g8" status="not found"
2026-06-12T12:35:54.331483191Z E0612 12:35:54.331386       1 schedule_one.go:182] "Status after running PostFilter plugins for pod" logger="UnhandledError" pod="default/virt-launcher-vm-12h06m47s328335-06-12-sk5g8" status="not found"
2026-06-12T12:35:54.341612778Z E0612 12:35:54.341523       1 schedule_one.go:182] "Status after running PostFilter plugins for pod" logger="UnhandledError" pod="default/virt-launcher-vm-12h06m47s328335-06-12-sk5g8" status="not found"
2026-06-12T12:37:49.081407754Z E0612 12:37:49.081301       1 schedule_one.go:182] "Status after running PostFilter plugins for pod" logger="UnhandledError" pod="default/virt-launcher-stopped-0602701205-vm-12h06m47s328335-06-12-xdx5z" status="not found"
2026-06-12T12:37:50.876474684Z E0612 12:37:50.876371       1 schedule_one.go:182] "Status after running PostFilter plugins for pod" logger="UnhandledError" pod="default/virt-launcher-stopped-0602701205-vm-12h06m47s328335-06-12-xdx5z" status="not found"
2026-06-12T12:37:50.887471171Z E0612 12:37:50.887389       1 schedule_one.go:182] "Status after running PostFilter plugins for pod" logger="UnhandledError" pod="default/virt-launcher-stopped-0602701205-vm-12h06m47s328335-06-12-xdx5z" status="not found"
2026-06-12T12:41:44.674850905Z E0612 12:41:44.674746       1 schedule_one.go:182] "Status after running PostFilter plugins for pod" logger="UnhandledError" pod="default/virt-launcher-cloned-stopped-0602701205-vm-12h06m47s328335tmjwz" status="not found"
2026-06-12T12:41:59.042935782Z E0612 12:41:59.042834       1 schedule_one.go:182] "Status after running PostFilter plugins for pod" logger="UnhandledError" pod="default/virt-launcher-cloned-stopped-0602701205-vm-12h06m47s328335tmjwz" status="not found"
2026-06-12T12:42:01.203773360Z E0612 12:42:01.203676       1 schedule_one.go:182] "Status after running PostFilter plugins for pod" logger="UnhandledError" pod="default/virt-launcher-cloned-stopped-0602701205-vm-12h06m47s328335tmjwz" status="not found"
2026-06-12T12:42:01.215017228Z E0612 12:42:01.214920       1 schedule_one.go:182] "Status after running PostFilter plugins for pod" logger="UnhandledError" pod="default/virt-launcher-cloned-stopped-0602701205-vm-12h06m47s328335tmjwz" status="not found"
2026-06-12T12:44:12.828961816Z E0612 12:44:12.828705       1 schedule_one.go:182] "Status after running PostFilter plugins for pod" logger="UnhandledError" pod="default/virt-launcher-cloned-stopped-0602701205-vm-12h06m47s328335k6f25" status="not found"
2026-06-12T12:44:14.593908588Z E0612 12:44:14.593786       1 schedule_one.go:182] "Status after running PostFilter plugins for pod" logger="UnhandledError" pod="default/virt-launcher-cloned-stopped-0602701205-vm-12h06m47s328335k6f25" status="not found"
2026-06-12T12:44:14.604828804Z E0612 12:44:14.604720       1 schedule_one.go:182] "Status after running PostFilter plugins for pod" logger="UnhandledError" pod="default/virt-launcher-cloned-stopped-0602701205-vm-12h06m47s328335k6f25" status="not found"
2026-06-12T12:46:09.877507708Z E0612 12:46:09.877413       1 schedule_one.go:182] "Status after running PostFilter plugins for pod" logger="UnhandledError" pod="default/virt-launcher-configured-0623223509-vm-12h06m47s328335-06-5b2tp" status="not found"
2026-06-12T12:46:10.592707825Z E0612 12:46:10.592598       1 schedule_one.go:182] "Status after running PostFilter plugins for pod" logger="UnhandledError" pod="default/virt-launcher-configured-0623223509-vm-12h06m47s328335-06-5b2tp" status="not found"
2026-06-12T12:46:10.604169913Z E0612 12:46:10.604068       1 schedule_one.go:182] "Status after running PostFilter plugins for pod" logger="UnhandledError" pod="default/virt-launcher-configured-0623223509-vm-12h06m47s328335-06-5b2tp" status="not found"
2026-06-12T12:46:10.623400172Z E0612 12:46:10.623309       1 schedule_one.go:182] "Status after running PostFilter plugins for pod" logger="UnhandledError" pod="default/virt-launcher-configured-0623223509-vm-12h06m47s328335-06-5b2tp" status="not found"
2026-06-12T12:46:11.418510762Z E0612 12:46:11.418420       1 schedule_one.go:182] "Status after running PostFilter plugins for pod" logger="UnhandledError" pod="default/virt-launcher-configured-0623223509-vm-12h06m47s328335-06-5b2tp" status="not found"
2026-06-12T12:46:11.434924497Z E0612 12:46:11.434838       1 schedule_one.go:182] "Status after running PostFilter plugins for pod" logger="UnhandledError" pod="default/virt-launcher-configured-0623223509-vm-12h06m47s328335-06-5b2tp" status="not found"
2026-06-12T12:46:33.873118524Z E0612 12:46:33.873019       1 schedule_one.go:182] "Status after running PostFilter plugins for pod" logger="UnhandledError" pod="default/virt-launcher-cloned-configured-0623223509-vm-12h06m47s328x9l4t" status="not found"
2026-06-12T12:46:35.761041340Z E0612 12:46:35.760966       1 schedule_one.go:182] "Status after running PostFilter plugins for pod" logger="UnhandledError" pod="default/virt-launcher-cloned-configured-0623223509-vm-12h06m47s328x9l4t" status="not found"
2026-06-12T12:46:35.777996489Z E0612 12:46:35.777890       1 schedule_one.go:182] "Status after running PostFilter plugins for pod" logger="UnhandledError" pod="default/virt-launcher-cloned-configured-0623223509-vm-12h06m47s328x9l4t" status="not found"
2026-06-12T12:49:34.309499201Z E0612 12:49:34.309360       1 schedule_one.go:182] "Status after running PostFilter plugins for pod" logger="UnhandledError" pod="default/virt-launcher-stopped-0645945771-vm-12h06m47s328335-06-12-4l8z7" status="not found"
2026-06-12T12:49:44.054638825Z E0612 12:49:44.054521       1 schedule_one.go:182] "Status after running PostFilter plugins for pod" logger="UnhandledError" pod="default/virt-launcher-stopped-0645945771-vm-12h06m47s328335-06-12-4l8z7" status="not found"
2026-06-12T12:49:44.056244437Z E0612 12:49:44.056133       1 schedule_one.go:182] "Status after running PostFilter plugins for pod" logger="UnhandledError" pod="default/virt-launcher-stopped-0645945771-vm-12h06m47s328335-06-12-4l8z7" status="not found"
2026-06-12T12:49:46.193754368Z E0612 12:49:46.193639       1 schedule_one.go:182] "Status after running PostFilter plugins for pod" logger="UnhandledError" pod="default/virt-launcher-stopped-0645945771-vm-12h06m47s328335-06-12-4l8z7" status="not found"
2026-06-12T12:49:46.199747059Z E0612 12:49:46.199629       1 schedule_one.go:182] "Status after running PostFilter plugins for pod" logger="UnhandledError" pod="default/virt-launcher-stopped-0645945771-vm-12h06m47s328335-06-12-4l8z7" status="not found"
2026-06-12T12:49:46.206037728Z E0612 12:49:46.205953       1 schedule_one.go:182] "Status after running PostFilter plugins for pod" logger="UnhandledError" pod="default/virt-launcher-stopped-0645945771-vm-12h06m47s328335-06-12-4l8z7" status="not found"
2026-06-12T12:49:46.217349864Z E0612 12:49:46.217145       1 schedule_one.go:182] "Status after running PostFilter plugins for pod" logger="UnhandledError" pod="default/virt-launcher-stopped-0645945771-vm-12h06m47s328335-06-12-4l8z7" status="not found"
2026-06-12T12:49:46.226905326Z E0612 12:49:46.226801       1 schedule_one.go:182] "Status after running PostFilter plugins for pod" logger="UnhandledError" pod="default/virt-launcher-stopped-0645945771-vm-12h06m47s328335-06-12-4l8z7" status="not found"
2026-06-12T12:49:46.233325089Z E0612 12:49:46.233242       1 schedule_one.go:182] "Status after running PostFilter plugins for pod" logger="UnhandledError" pod="default/virt-launcher-stopped-0645945771-vm-12h06m47s328335-06-12-4l8z7" status="not found"
2026-06-12T12:49:46.244971642Z E0612 12:49:46.244893       1 schedule_one.go:182] "Status after running PostFilter plugins for pod" logger="UnhandledError" pod="default/virt-launcher-stopped-0645945771-vm-12h06m47s328335-06-12-4l8z7" status="not found"
2026-06-12T12:54:02.599175969Z E0612 12:54:02.599050       1 schedule_one.go:182] "Status after running PostFilter plugins for pod" logger="UnhandledError" pod="default/virt-launcher-stopped-0645945771-vm-12h06m47s328335-06-12-z97jl" status="not found"
2026-06-12T12:54:09.687781634Z E0612 12:54:09.687625       1 schedule_one.go:182] "Status after running PostFilter plugins for pod" logger="UnhandledError" pod="default/virt-launcher-stopped-0645945771-vm-12h06m47s328335-06-12-z97jl" status="not found"
2026-06-12T12:54:09.700077407Z E0612 12:54:09.699986       1 schedule_one.go:182] "Status after running PostFilter plugins for pod" logger="UnhandledError" pod="default/virt-launcher-stopped-0645945771-vm-12h06m47s328335-06-12-z97jl" status="not found"
2026-06-12T12:54:09.713099240Z E0612 12:54:09.713011       1 schedule_one.go:182] "Status after running PostFilter plugins for pod" logger="UnhandledError" pod="default/virt-launcher-stopped-0645945771-vm-12h06m47s328335-06-12-z97jl" status="not found"
2026-06-12T12:54:09.718845803Z E0612 12:54:09.718764       1 schedule_one.go:182] "Status after running PostFilter plugins for pod" logger="UnhandledError" pod="default/virt-launcher-stopped-0645945771-vm-12h06m47s328335-06-12-z97jl" status="not found"
2026-06-12T12:54:09.725108702Z E0612 12:54:09.725000       1 schedule_one.go:182] "Status after running PostFilter plugins for pod" logger="UnhandledError" pod="default/virt-launcher-stopped-0645945771-vm-12h06m47s328335-06-12-z97jl" status="not found"
2026-06-12T12:54:09.739255118Z E0612 12:54:09.739166       1 schedule_one.go:182] "Status after running PostFilter plugins for pod" logger="UnhandledError" pod="default/virt-launcher-stopped-0645945771-vm-12h06m47s328335-06-12-z97jl" status="not found"
2026-06-12T12:54:14.062609125Z E0612 12:54:14.062510       1 schedule_one.go:182] "Status after running PostFilter plugins for pod" logger="UnhandledError" pod="default/virt-launcher-stopped-0645945771-vm-12h06m47s328335-06-12-z97jl" status="not found"
2026-06-12T12:54:16.208586511Z E0612 12:54:16.208474       1 schedule_one.go:182] "Status after running PostFilter plugins for pod" logger="UnhandledError" pod="default/virt-launcher-stopped-0645945771-vm-12h06m47s328335-06-12-z97jl" status="not found"
2026-06-12T12:54:16.219611241Z E0612 12:54:16.219429       1 schedule_one.go:182] "Status after running PostFilter plugins for pod" logger="UnhandledError" pod="default/virt-launcher-stopped-0645945771-vm-12h06m47s328335-06-12-z97jl" status="not found"
2026-06-12T12:55:43.703719943Z E0612 12:55:43.703247       1 schedule_one.go:182] "Status after running PostFilter plugins for pod" logger="UnhandledError" pod="default/virt-launcher-vm-image-vol-12h06m47s328335-06-12-cm662" status="not found"
2026-06-12T12:55:43.816903139Z E0612 12:55:43.816821       1 schedule_one.go:182] "Status after running PostFilter plugins for pod" logger="UnhandledError" pod="default/virt-launcher-vm-image-vol-12h06m47s328335-06-12-cm662" status="not found"
2026-06-12T12:55:45.422063890Z E0612 12:55:45.421955       1 schedule_one.go:182] "Status after running PostFilter plugins for pod" logger="UnhandledError" pod="default/virt-launcher-vm-image-vol-12h06m47s328335-06-12-cm662" status="not found"
2026-06-12T12:55:45.432594830Z E0612 12:55:45.432478       1 schedule_one.go:182] "Status after running PostFilter plugins for pod" logger="UnhandledError" pod="default/virt-launcher-vm-image-vol-12h06m47s328335-06-12-cm662" status="not found"
2026-06-12T12:57:09.376732421Z E0612 12:57:09.376614       1 schedule_one.go:182] "Status after running PostFilter plugins for pod" logger="UnhandledError" pod="default/virt-launcher-cpu-vm-12h06m47s328335-06-12-vdsr9" status="not found"
2026-06-12T12:57:10.543388781Z E0612 12:57:10.543289       1 schedule_one.go:182] "Status after running PostFilter plugins for pod" logger="UnhandledError" pod="default/virt-launcher-cpu-vm-12h06m47s328335-06-12-vdsr9" status="not found"
2026-06-12T12:57:10.560305951Z E0612 12:57:10.560224       1 schedule_one.go:182] "Status after running PostFilter plugins for pod" logger="UnhandledError" pod="default/virt-launcher-cpu-vm-12h06m47s328335-06-12-vdsr9" status="not found"
2026-06-12T12:57:17.917380500Z E0612 12:57:17.917274       1 schedule_one.go:182] "Status after running PostFilter plugins for pod" logger="UnhandledError" pod="default/virt-launcher-mem-vm-12h06m47s328335-06-12-6tllw" status="not found"
2026-06-12T12:57:27.234302960Z E0612 12:57:27.234204       1 schedule_one.go:182] "Status after running PostFilter plugins for pod" logger="UnhandledError" pod="default/virt-launcher-memcpu-vm-12h06m47s328335-06-12-wmvgl" status="not found"
2026-06-12T12:57:28.998167205Z E0612 12:57:28.998082       1 schedule_one.go:182] "Status after running PostFilter plugins for pod" logger="UnhandledError" pod="default/virt-launcher-memcpu-vm-12h06m47s328335-06-12-wmvgl" status="not found"
2026-06-12T12:57:29.008654449Z E0612 12:57:29.008516       1 schedule_one.go:182] "Status after running PostFilter plugins for pod" logger="UnhandledError" pod="default/virt-launcher-memcpu-vm-12h06m47s328335-06-12-wmvgl" status="not found"
2026-06-12T12:57:36.660937912Z E0612 12:57:36.660838       1 schedule_one.go:182] "Status after running PostFilter plugins for pod" logger="UnhandledError" pod="default/virt-launcher-memcpudisk-vm-12h06m47s328335-06-12-7k7cs" status="not found"
2026-06-12T12:57:46.429282570Z E0612 12:57:46.429179       1 schedule_one.go:182] "Status after running PostFilter plugins for pod" logger="UnhandledError" pod="default/virt-launcher-vm-12h06m47s328335-06-12-c28xf" status="not found"
2026-06-12T12:57:59.081283464Z E0612 12:57:59.081195       1 schedule_one.go:182] "Status after running PostFilter plugins for pod" logger="UnhandledError" pod="default/virt-launcher-vm-12h06m47s328335-06-12-c28xf" status="not found"
2026-06-12T12:58:01.128061069Z E0612 12:58:01.127960       1 schedule_one.go:182] "Status after running PostFilter plugins for pod" logger="UnhandledError" pod="default/virt-launcher-vm-12h06m47s328335-06-12-c28xf" status="not found"
2026-06-12T12:58:01.138931622Z E0612 12:58:01.138839       1 schedule_one.go:182] "Status after running PostFilter plugins for pod" logger="UnhandledError" pod="default/virt-launcher-vm-12h06m47s328335-06-12-c28xf" status="not found"
2026-06-12T12:59:52.776134322Z E0612 12:59:52.775995       1 schedule_one.go:182] "Status after running PostFilter plugins for pod" logger="UnhandledError" pod="default/virt-launcher-vm-12h06m47s328335-06-12-4qp74" status="not found"
2026-06-12T12:59:59.077605289Z E0612 12:59:59.077529       1 schedule_one.go:182] "Status after running PostFilter plugins for pod" logger="UnhandledError" pod="default/virt-launcher-vm-12h06m47s328335-06-12-4qp74" status="not found"
2026-06-12T13:00:01.214522391Z E0612 13:00:01.214420       1 schedule_one.go:182] "Status after running PostFilter plugins for pod" logger="UnhandledError" pod="default/virt-launcher-vm-12h06m47s328335-06-12-4qp74" status="not found"
2026-06-12T13:00:01.225441805Z E0612 13:00:01.225353       1 schedule_one.go:182] "Status after running PostFilter plugins for pod" logger="UnhandledError" pod="default/virt-launcher-vm-12h06m47s328335-06-12-4qp74" status="not found"
2026-06-12T13:02:01.417790550Z E0612 13:02:01.417690       1 schedule_one.go:182] "Status after running PostFilter plugins for pod" logger="UnhandledError" pod="default/virt-launcher-stopped-0614463046-vm-12h06m47s328335-06-12-mnstg" status="not found"
2026-06-12T13:02:02.516217198Z E0612 13:02:02.516071       1 schedule_one.go:182] "Status after running PostFilter plugins for pod" logger="UnhandledError" pod="default/virt-launcher-stopped-0614463046-vm-12h06m47s328335-06-12-mnstg" status="not found"
2026-06-12T13:02:02.526612645Z E0612 13:02:02.525926       1 schedule_one.go:182] "Status after running PostFilter plugins for pod" logger="UnhandledError" pod="default/virt-launcher-stopped-0614463046-vm-12h06m47s328335-06-12-mnstg" status="not found"
2026-06-12T13:02:02.545161829Z E0612 13:02:02.545069       1 schedule_one.go:182] "Status after running PostFilter plugins for pod" logger="UnhandledError" pod="default/virt-launcher-stopped-0614463046-vm-12h06m47s328335-06-12-mnstg" status="not found"
2026-06-12T13:02:02.661383866Z E0612 13:02:02.661288       1 schedule_one.go:182] "Status after running PostFilter plugins for pod" logger="UnhandledError" pod="default/virt-launcher-stopped-0614463046-vm-12h06m47s328335-06-12-mnstg" status="not found"
2026-06-12T13:02:02.671790257Z E0612 13:02:02.671728       1 schedule_one.go:182] "Status after running PostFilter plugins for pod" logger="UnhandledError" pod="default/virt-launcher-stopped-0614463046-vm-12h06m47s328335-06-12-mnstg" status="not found"
2026-06-12T13:06:17.658718248Z E0612 13:06:17.658595       1 schedule_one.go:182] "Status after running PostFilter plugins for pod" logger="UnhandledError" pod="default/virt-launcher-vm-12h06m47s328335-06-12-d6cvw" status="not found"
2026-06-12T13:06:19.057865872Z E0612 13:06:19.057736       1 schedule_one.go:182] "Status after running PostFilter plugins for pod" logger="UnhandledError" pod="default/virt-launcher-vm-12h06m47s328335-06-12-d6cvw" status="not found"
2026-06-12T13:06:19.073521903Z E0612 13:06:19.073424       1 schedule_one.go:182] "Status after running PostFilter plugins for pod" logger="UnhandledError" pod="default/virt-launcher-vm-12h06m47s328335-06-12-d6cvw" status="not found"
2026-06-12T13:06:19.089497999Z E0612 13:06:19.089284       1 schedule_one.go:182] "Status after running PostFilter plugins for pod" logger="UnhandledError" pod="default/virt-launcher-vm-12h06m47s328335-06-12-d6cvw" status="not found"
2026-06-12T13:08:10.062698745Z E0612 13:08:10.061151       1 schedule_one.go:182] "Status after running PostFilter plugins for pod" logger="UnhandledError" pod="default/virt-launcher-vm-12h06m47s328335-06-12-disabled-zpstt" status="not found"
2026-06-12T13:08:11.721295342Z E0612 13:08:11.721174       1 schedule_one.go:182] "Status after running PostFilter plugins for pod" logger="UnhandledError" pod="default/virt-launcher-vm-12h06m47s328335-06-12-disabled-zpstt" status="not found"
2026-06-12T13:08:11.732237361Z E0612 13:08:11.732143       1 schedule_one.go:182] "Status after running PostFilter plugins for pod" logger="UnhandledError" pod="default/virt-launcher-vm-12h06m47s328335-06-12-disabled-zpstt" status="not found"
2026-06-12T13:09:16.841908717Z E0612 13:09:16.841799       1 schedule_one.go:182] "Status after running PostFilter plugins for pod" logger="UnhandledError" pod="default/virt-launcher-vm-12h06m47s328335-06-12-modified-xv2mk" status="not found"
2026-06-12T13:09:17.705913954Z E0612 13:09:17.705817       1 schedule_one.go:182] "Status after running PostFilter plugins for pod" logger="UnhandledError" pod="default/virt-launcher-vm-12h06m47s328335-06-12-modified-xv2mk" status="not found"
2026-06-12T13:09:17.719295192Z E0612 13:09:17.719198       1 schedule_one.go:182] "Status after running PostFilter plugins for pod" logger="UnhandledError" pod="default/virt-launcher-vm-12h06m47s328335-06-12-modified-xv2mk" status="not found"
2026-06-12T13:09:17.729268554Z E0612 13:09:17.729200       1 schedule_one.go:182] "Status after running PostFilter plugins for pod" logger="UnhandledError" pod="default/virt-launcher-vm-12h06m47s328335-06-12-modified-xv2mk" status="not found"
2026-06-12T13:09:18.560460939Z E0612 13:09:18.560335       1 schedule_one.go:182] "Status after running PostFilter plugins for pod" logger="UnhandledError" pod="default/virt-launcher-vm-12h06m47s328335-06-12-modified-xv2mk" status="not found"
2026-06-12T13:09:18.575401675Z E0612 13:09:18.575324       1 schedule_one.go:182] "Status after running PostFilter plugins for pod" logger="UnhandledError" pod="default/virt-launcher-vm-12h06m47s328335-06-12-modified-xv2mk" status="not found"
2026-06-12T13:10:14.473306623Z E0612 13:10:14.473211       1 schedule_one.go:182] "Status after running PostFilter plugins for pod" logger="UnhandledError" pod="default/virt-launcher-vm-12h06m47s328335-06-12-modi-ratio-5j4sr" status="not found"
2026-06-12T13:10:16.417289205Z E0612 13:10:16.417198       1 schedule_one.go:182] "Status after running PostFilter plugins for pod" logger="UnhandledError" pod="default/virt-launcher-vm-12h06m47s328335-06-12-modi-ratio-5j4sr" status="not found"
2026-06-12T13:10:16.427630348Z E0612 13:10:16.427547       1 schedule_one.go:182] "Status after running PostFilter plugins for pod" logger="UnhandledError" pod="default/virt-launcher-vm-12h06m47s328335-06-12-modi-ratio-5j4sr" status="not found"
2026-06-12T13:11:15.437093757Z E0612 13:11:15.436959       1 schedule_one.go:182] "Status after running PostFilter plugins for pod" logger="UnhandledError" pod="default/virt-launcher-vm-12h06m47s328335-06-12-disabled-ctj6x" status="not found"
2026-06-12T13:11:22.420856622Z E0612 13:11:22.420711       1 schedule_one.go:182] "Status after running PostFilter plugins for pod" logger="UnhandledError" pod="default/virt-launcher-vm-12h06m47s328335-06-12-disabled-ctj6x" status="not found"
2026-06-12T13:11:22.433765244Z E0612 13:11:22.433466       1 schedule_one.go:182] "Status after running PostFilter plugins for pod" logger="UnhandledError" pod="default/virt-launcher-vm-12h06m47s328335-06-12-disabled-ctj6x" status="not found"
2026-06-12T13:11:22.446556711Z E0612 13:11:22.446488       1 schedule_one.go:182] "Status after running PostFilter plugins for pod" logger="UnhandledError" pod="default/virt-launcher-vm-12h06m47s328335-06-12-disabled-ctj6x" status="not found"
2026-06-12T13:11:29.115893492Z E0612 13:11:29.115811       1 schedule_one.go:182] "Status after running PostFilter plugins for pod" logger="UnhandledError" pod="default/virt-launcher-vm-12h06m47s328335-06-12-disabled-ctj6x" status="not found"
2026-06-12T13:11:31.256404627Z E0612 13:11:31.256301       1 schedule_one.go:182] "Status after running PostFilter plugins for pod" logger="UnhandledError" pod="default/virt-launcher-vm-12h06m47s328335-06-12-disabled-ctj6x" status="not found"
2026-06-12T13:11:31.267104435Z E0612 13:11:31.266901       1 schedule_one.go:182] "Status after running PostFilter plugins for pod" logger="UnhandledError" pod="default/virt-launcher-vm-12h06m47s328335-06-12-disabled-ctj6x" status="not found"
2026-06-12T13:12:54.685377874Z E0612 13:12:54.685201       1 schedule_one.go:182] "Status after running PostFilter plugins for pod" logger="UnhandledError" pod="default/virt-launcher-0608130475-13h10m52s913092-06-12-gzfv6" status="not found"
2026-06-12T13:12:56.447310381Z E0612 13:12:56.447179       1 schedule_one.go:182] "Status after running PostFilter plugins for pod" logger="UnhandledError" pod="default/virt-launcher-0608130475-13h10m52s913092-06-12-gzfv6" status="not found"
2026-06-12T13:12:56.459510834Z E0612 13:12:56.459268       1 schedule_one.go:182] "Status after running PostFilter plugins for pod" logger="UnhandledError" pod="default/virt-launcher-0608130475-13h10m52s913092-06-12-gzfv6" status="not found"
2026-06-12T13:15:24.748693450Z E0612 13:15:24.748572       1 schedule_one.go:182] "Status after running PostFilter plugins for pod" logger="UnhandledError" pod="default/virt-launcher-0638448075-13h10m52s913092-06-12-8sf2x" status="not found"
2026-06-12T13:15:29.125965898Z E0612 13:15:29.125869       1 schedule_one.go:182] "Status after running PostFilter plugins for pod" logger="UnhandledError" pod="default/virt-launcher-0638448075-13h10m52s913092-06-12-8sf2x" status="not found"
2026-06-12T13:15:31.268096879Z E0612 13:15:31.267999       1 schedule_one.go:182] "Status after running PostFilter plugins for pod" logger="UnhandledError" pod="default/virt-launcher-0638448075-13h10m52s913092-06-12-8sf2x" status="not found"
2026-06-12T13:15:31.282718738Z E0612 13:15:31.282601       1 schedule_one.go:182] "Status after running PostFilter plugins for pod" logger="UnhandledError" pod="default/virt-launcher-0638448075-13h10m52s913092-06-12-8sf2x" status="not found"
2026-06-12T13:19:49.428584775Z E0612 13:19:49.428476       1 schedule_one.go:182] "Status after running PostFilter plugins for pod" logger="UnhandledError" pod="default/virt-launcher-nfs-restore-0638448075-13h10m52s913092-06-12hlgjk" status="not found"
2026-06-12T13:19:51.322013442Z E0612 13:19:51.321899       1 schedule_one.go:182] "Status after running PostFilter plugins for pod" logger="UnhandledError" pod="default/virt-launcher-nfs-restore-0638448075-13h10m52s913092-06-12hlgjk" status="not found"
2026-06-12T13:19:51.333908280Z E0612 13:19:51.333724       1 schedule_one.go:182] "Status after running PostFilter plugins for pod" logger="UnhandledError" pod="default/virt-launcher-nfs-restore-0638448075-13h10m52s913092-06-12hlgjk" status="not found"
2026-06-12T13:24:57.401401177Z E0612 13:24:57.401286       1 schedule_one.go:182] "Status after running PostFilter plugins for pod" logger="UnhandledError" pod="default/virt-launcher-0638448075-13h10m52s913092-06-12-mbm7b" status="not found"
2026-06-12T13:24:58.680300881Z E0612 13:24:58.680205       1 schedule_one.go:182] "Status after running PostFilter plugins for pod" logger="UnhandledError" pod="default/virt-launcher-0638448075-13h10m52s913092-06-12-mbm7b" status="not found"
2026-06-12T13:24:58.691020356Z E0612 13:24:58.690940       1 schedule_one.go:182] "Status after running PostFilter plugins for pod" logger="UnhandledError" pod="default/virt-launcher-0638448075-13h10m52s913092-06-12-mbm7b" status="not found"
2026-06-12T13:27:31.077070875Z E0612 13:27:31.076929       1 schedule_one.go:182] "Status after running PostFilter plugins for pod" logger="UnhandledError" pod="default/virt-launcher-0644797003-13h10m52s913092-06-12-cwdg5" status="not found"
2026-06-12T13:27:32.667236464Z E0612 13:27:32.667142       1 schedule_one.go:182] "Status after running PostFilter plugins for pod" logger="UnhandledError" pod="default/virt-launcher-0644797003-13h10m52s913092-06-12-cwdg5" status="not found"
2026-06-12T13:27:32.678380245Z E0612 13:27:32.678266       1 schedule_one.go:182] "Status after running PostFilter plugins for pod" logger="UnhandledError" pod="default/virt-launcher-0644797003-13h10m52s913092-06-12-cwdg5" status="not found"
2026-06-12T13:27:32.696130845Z E0612 13:27:32.696001       1 schedule_one.go:182] "Status after running PostFilter plugins for pod" logger="UnhandledError" pod="default/virt-launcher-0644797003-13h10m52s913092-06-12-cwdg5" status="not found"
2026-06-12T13:27:32.905700904Z E0612 13:27:32.905604       1 schedule_one.go:182] "Status after running PostFilter plugins for pod" logger="UnhandledError" pod="default/virt-launcher-0644797003-13h10m52s913092-06-12-cwdg5" status="not found"
2026-06-12T13:27:32.918010485Z E0612 13:27:32.917919       1 schedule_one.go:182] "Status after running PostFilter plugins for pod" logger="UnhandledError" pod="default/virt-launcher-0644797003-13h10m52s913092-06-12-cwdg5" status="not found"
2026-06-12T13:44:32.586486058Z E0612 13:44:32.586326       1 schedule_one.go:182] "Status after running PostFilter plugins for pod" logger="UnhandledError" pod="default/virt-launcher-0646051609-13h10m52s913092-06-12-td7pm" status="not found"
2026-06-12T13:44:34.323870707Z E0612 13:44:34.323131       1 schedule_one.go:182] "Status after running PostFilter plugins for pod" logger="UnhandledError" pod="default/virt-launcher-0646051609-13h10m52s913092-06-12-td7pm" status="not found"
2026-06-12T13:44:34.332615160Z E0612 13:44:34.332492       1 schedule_one.go:182] "Status after running PostFilter plugins for pod" logger="UnhandledError" pod="default/virt-launcher-0646051609-13h10m52s913092-06-12-td7pm" status="not found"
2026-06-12T14:01:28.642864910Z E0612 14:01:28.642756       1 schedule_one.go:182] "Status after running PostFilter plugins for pod" logger="UnhandledError" pod="default/virt-launcher-0642180314-13h10m52s913092-06-12-sxfl5" status="not found"
2026-06-12T14:01:29.232817299Z E0612 14:01:29.232714       1 schedule_one.go:182] "Status after running PostFilter plugins for pod" logger="UnhandledError" pod="default/virt-launcher-0642180314-13h10m52s913092-06-12-sxfl5" status="not found"
2026-06-12T14:01:31.363889045Z E0612 14:01:31.363714       1 schedule_one.go:182] "Status after running PostFilter plugins for pod" logger="UnhandledError" pod="default/virt-launcher-0642180314-13h10m52s913092-06-12-sxfl5" status="not found"
2026-06-12T14:01:31.381763741Z E0612 14:01:31.381674       1 schedule_one.go:182] "Status after running PostFilter plugins for pod" logger="UnhandledError" pod="default/virt-launcher-0642180314-13h10m52s913092-06-12-sxfl5" status="not found"
2026-06-12T14:15:02.699731867Z E0612 14:15:02.699626       1 schedule_one.go:182] "Status after running PostFilter plugins for pod" logger="UnhandledError" pod="default/virt-launcher-0616291038-13h10m52s913092-06-12-tvdn2" status="not found"
2026-06-12T14:15:04.610401734Z E0612 14:15:04.610232       1 schedule_one.go:182] "Status after running PostFilter plugins for pod" logger="UnhandledError" pod="default/virt-launcher-0616291038-13h10m52s913092-06-12-tvdn2" status="not found"
2026-06-12T14:15:04.620679887Z E0612 14:15:04.620569       1 schedule_one.go:182] "Status after running PostFilter plugins for pod" logger="UnhandledError" pod="default/virt-launcher-0616291038-13h10m52s913092-06-12-tvdn2" status="not found"
2026-06-12T14:23:22.940599590Z E0612 14:23:22.940467       1 schedule_one.go:182] "Status after running PostFilter plugins for pod" logger="UnhandledError" pod="default/virt-launcher-0616291038-13h10m52s913092-06-12-bxs4j" status="not found"
2026-06-12T14:23:24.823749502Z E0612 14:23:24.823631       1 schedule_one.go:182] "Status after running PostFilter plugins for pod" logger="UnhandledError" pod="default/virt-launcher-0616291038-13h10m52s913092-06-12-bxs4j" status="not found"
2026-06-12T14:23:24.834704823Z E0612 14:23:24.834572       1 schedule_one.go:182] "Status after running PostFilter plugins for pod" logger="UnhandledError" pod="default/virt-launcher-0616291038-13h10m52s913092-06-12-bxs4j" status="not found"
2026-06-12T14:34:01.502440155Z E0612 14:34:01.502325       1 schedule_one.go:182] "Status after running PostFilter plugins for pod" logger="UnhandledError" pod="default/virt-launcher-pin-cpu-14h32m00s015305-06-12-vdkkm" status="not found"
2026-06-12T14:34:14.309656836Z E0612 14:34:14.309482       1 schedule_one.go:182] "Status after running PostFilter plugins for pod" logger="UnhandledError" pod="default/virt-launcher-pin-cpu-14h32m00s015305-06-12-vdkkm" status="not found"
2026-06-12T14:34:16.444251420Z E0612 14:34:16.444168       1 schedule_one.go:182] "Status after running PostFilter plugins for pod" logger="UnhandledError" pod="default/virt-launcher-pin-cpu-14h32m00s015305-06-12-vdkkm" status="not found"
2026-06-12T14:34:16.459044051Z E0612 14:34:16.458964       1 schedule_one.go:182] "Status after running PostFilter plugins for pod" logger="UnhandledError" pod="default/virt-launcher-pin-cpu-14h32m00s015305-06-12-vdkkm" status="not found"
2026-06-12T14:39:32.616188052Z E0612 14:39:32.616064       1 schedule_one.go:182] "Status after running PostFilter plugins for pod" logger="UnhandledError" pod="default/virt-launcher-vm-14h37m46s151202-06-12-scj9z" status="not found"
2026-06-12T14:39:44.331937672Z E0612 14:39:44.331848       1 schedule_one.go:182] "Status after running PostFilter plugins for pod" logger="UnhandledError" pod="default/virt-launcher-vm-14h37m46s151202-06-12-scj9z" status="not found"
2026-06-12T14:39:46.473316915Z E0612 14:39:46.473194       1 schedule_one.go:182] "Status after running PostFilter plugins for pod" logger="UnhandledError" pod="default/virt-launcher-vm-14h37m46s151202-06-12-scj9z" status="not found"
2026-06-12T14:39:46.484329303Z E0612 14:39:46.484254       1 schedule_one.go:182] "Status after running PostFilter plugins for pod" logger="UnhandledError" pod="default/virt-launcher-vm-14h37m46s151202-06-12-scj9z" status="not found"
2026-06-12T14:41:19.164370752Z E0612 14:41:19.164244       1 schedule_one.go:182] "Status after running PostFilter plugins for pod" logger="UnhandledError" pod="default/virt-launcher-vm-14h39m17s320839-06-12-svx8h" status="not found"
2026-06-12T14:41:20.728601602Z E0612 14:41:20.728490       1 schedule_one.go:182] "Status after running PostFilter plugins for pod" logger="UnhandledError" pod="default/virt-launcher-vm-14h39m17s320839-06-12-svx8h" status="not found"
2026-06-12T14:41:20.744494848Z E0612 14:41:20.744415       1 schedule_one.go:182] "Status after running PostFilter plugins for pod" logger="UnhandledError" pod="default/virt-launcher-vm-14h39m17s320839-06-12-svx8h" status="not found"
2026-06-12T14:41:20.755714109Z E0612 14:41:20.755548       1 schedule_one.go:182] "Status after running PostFilter plugins for pod" logger="UnhandledError" pod="default/virt-launcher-vm-14h39m17s320839-06-12-svx8h" status="not found"
2026-06-12T14:41:29.340457688Z E0612 14:41:29.340346       1 schedule_one.go:182] "Status after running PostFilter plugins for pod" logger="UnhandledError" pod="default/virt-launcher-vm-14h39m17s320839-06-12-svx8h" status="not found"
2026-06-12T14:41:31.477157042Z E0612 14:41:31.477043       1 schedule_one.go:182] "Status after running PostFilter plugins for pod" logger="UnhandledError" pod="default/virt-launcher-vm-14h39m17s320839-06-12-svx8h" status="not found"
2026-06-12T14:41:31.488245475Z E0612 14:41:31.488126       1 schedule_one.go:182] "Status after running PostFilter plugins for pod" logger="UnhandledError" pod="default/virt-launcher-vm-14h39m17s320839-06-12-svx8h" status="not found"
2026-06-12T14:42:36.116012915Z E0612 14:42:36.115886       1 schedule_one.go:182] "Status after running PostFilter plugins for pod" logger="UnhandledError" pod="default/virt-launcher-vm-14h39m17s320839-06-12-nhmv8" status="not found"
2026-06-12T14:42:37.124860582Z E0612 14:42:37.124790       1 schedule_one.go:182] "Status after running PostFilter plugins for pod" logger="UnhandledError" pod="default/virt-launcher-vm-14h39m17s320839-06-12-nhmv8" status="not found"
2026-06-12T14:42:37.140115497Z E0612 14:42:37.139977       1 schedule_one.go:182] "Status after running PostFilter plugins for pod" logger="UnhandledError" pod="default/virt-launcher-vm-14h39m17s320839-06-12-nhmv8" status="not found"
2026-06-12T14:45:36.285803299Z E0612 14:45:36.285676       1 schedule_one.go:182] "Status after running PostFilter plugins for pod" logger="UnhandledError" pod="default/virt-launcher-0649853190-source-vm-cwhz4" status="not found"
2026-06-12T14:45:44.343999636Z E0612 14:45:44.343872       1 schedule_one.go:182] "Status after running PostFilter plugins for pod" logger="UnhandledError" pod="default/virt-launcher-0649853190-source-vm-cwhz4" status="not found"
2026-06-12T14:45:46.479783985Z E0612 14:45:46.479660       1 schedule_one.go:182] "Status after running PostFilter plugins for pod" logger="UnhandledError" pod="default/virt-launcher-0649853190-source-vm-cwhz4" status="not found"
2026-06-12T14:45:46.490659428Z E0612 14:45:46.490507       1 schedule_one.go:182] "Status after running PostFilter plugins for pod" logger="UnhandledError" pod="default/virt-launcher-0649853190-source-vm-cwhz4" status="not found"
2026-06-12T14:47:16.082421024Z E0612 14:47:16.082322       1 schedule_one.go:182] "Status after running PostFilter plugins for pod" logger="UnhandledError" pod="default/virt-launcher-0629153414-source-vm-lf662" status="not found"
2026-06-12T14:47:17.426501556Z E0612 14:47:17.426401       1 schedule_one.go:182] "Status after running PostFilter plugins for pod" logger="UnhandledError" pod="default/virt-launcher-0629153414-source-vm-lf662" status="not found"
2026-06-12T14:47:17.437096778Z E0612 14:47:17.436999       1 schedule_one.go:182] "Status after running PostFilter plugins for pod" logger="UnhandledError" pod="default/virt-launcher-0629153414-source-vm-lf662" status="not found"
2026-06-12T14:51:16.281364551Z E0612 14:51:16.281219       1 schedule_one.go:182] "Status after running PostFilter plugins for pod" logger="UnhandledError" pod="default/virt-launcher-stopped-0628936362-14h49m13s790479-06-12-rpv8t" status="not found"
2026-06-12T14:51:17.113810276Z E0612 14:51:17.113720       1 schedule_one.go:182] "Status after running PostFilter plugins for pod" logger="UnhandledError" pod="default/virt-launcher-stopped-0628936362-14h49m13s790479-06-12-rpv8t" status="not found"
2026-06-12T14:51:17.129480469Z E0612 14:51:17.129359       1 schedule_one.go:182] "Status after running PostFilter plugins for pod" logger="UnhandledError" pod="default/virt-launcher-stopped-0628936362-14h49m13s790479-06-12-rpv8t" status="not found"
2026-06-12T14:51:17.145143765Z E0612 14:51:17.145008       1 schedule_one.go:182] "Status after running PostFilter plugins for pod" logger="UnhandledError" pod="default/virt-launcher-stopped-0628936362-14h49m13s790479-06-12-rpv8t" status="not found"
2026-06-12T14:57:34.738305827Z E0612 14:57:34.738132       1 schedule_one.go:182] "Status after running PostFilter plugins for pod" logger="UnhandledError" pod="default/virt-launcher-tmpl-stopped-0628936362-14h49m13s790479-06-17rszz" status="not found"
2026-06-12T14:57:44.378582908Z E0612 14:57:44.378419       1 schedule_one.go:182] "Status after running PostFilter plugins for pod" logger="UnhandledError" pod="default/virt-launcher-tmpl-stopped-0628936362-14h49m13s790479-06-17rszz" status="not found"
2026-06-12T14:57:46.515862571Z E0612 14:57:46.515775       1 schedule_one.go:182] "Status after running PostFilter plugins for pod" logger="UnhandledError" pod="default/virt-launcher-tmpl-stopped-0628936362-14h49m13s790479-06-17rszz" status="not found"
2026-06-12T14:57:46.533021905Z E0612 14:57:46.532941       1 schedule_one.go:182] "Status after running PostFilter plugins for pod" logger="UnhandledError" pod="default/virt-launcher-tmpl-stopped-0628936362-14h49m13s790479-06-17rszz" status="not found"
2026-06-12T14:57:46.545749386Z E0612 14:57:46.545595       1 schedule_one.go:182] "Status after running PostFilter plugins for pod" logger="UnhandledError" pod="default/virt-launcher-tmpl-stopped-0628936362-14h49m13s790479-06-17rszz" status="not found"
2026-06-12T15:00:41.420584428Z E0612 15:00:41.420449       1 schedule_one.go:182] "Status after running PostFilter plugins for pod" logger="UnhandledError" pod="default/virt-launcher-0654961709-14h58m36s577421-06-12-fwtjt" status="not found"
2026-06-12T15:00:44.378701465Z E0612 15:00:44.378275       1 schedule_one.go:182] "Status after running PostFilter plugins for pod" logger="UnhandledError" pod="default/virt-launcher-0654961709-14h58m36s577421-06-12-fwtjt" status="not found"
2026-06-12T15:00:46.421383334Z E0612 15:00:46.421256       1 schedule_one.go:182] "Status after running PostFilter plugins for pod" logger="UnhandledError" pod="default/virt-launcher-0654961709-14h58m36s577421-06-12-fwtjt" status="not found"
2026-06-12T15:00:46.432380239Z E0612 15:00:46.432197       1 schedule_one.go:182] "Status after running PostFilter plugins for pod" logger="UnhandledError" pod="default/virt-launcher-0654961709-14h58m36s577421-06-12-fwtjt" status="not found"
2026-06-12T15:06:49.201961939Z E0612 15:06:49.201865       1 schedule_one.go:182] "Status after running PostFilter plugins for pod" logger="UnhandledError" pod="default/virt-launcher-vm1-14h58m36s577421-06-12-scgst" status="not found"
2026-06-12T15:06:49.371792906Z E0612 15:06:49.371675       1 schedule_one.go:182] "Status after running PostFilter plugins for pod" logger="UnhandledError" pod="default/virt-launcher-vm2-14h58m36s577421-06-12-w8rng" status="not found"
2026-06-12T15:06:51.080866300Z E0612 15:06:51.080750       1 schedule_one.go:182] "Status after running PostFilter plugins for pod" logger="UnhandledError" pod="default/virt-launcher-vm1-14h58m36s577421-06-12-scgst" status="not found"
2026-06-12T15:06:51.081031989Z E0612 15:06:51.080955       1 schedule_one.go:182] "Status after running PostFilter plugins for pod" logger="UnhandledError" pod="default/virt-launcher-vm2-14h58m36s577421-06-12-w8rng" status="not found"
2026-06-12T15:06:51.091684320Z E0612 15:06:51.091412       1 schedule_one.go:182] "Status after running PostFilter plugins for pod" logger="UnhandledError" pod="default/virt-launcher-vm1-14h58m36s577421-06-12-scgst" status="not found"
2026-06-12T15:06:51.091705338Z E0612 15:06:51.091575       1 schedule_one.go:182] "Status after running PostFilter plugins for pod" logger="UnhandledError" pod="default/virt-launcher-vm2-14h58m36s577421-06-12-w8rng" status="not found"
2026-06-12T15:06:51.112926161Z E0612 15:06:51.112559       1 schedule_one.go:182] "Status after running PostFilter plugins for pod" logger="UnhandledError" pod="default/virt-launcher-vm1-14h58m36s577421-06-12-scgst" status="not found"
2026-06-12T15:06:51.179481465Z E0612 15:06:51.179389       1 schedule_one.go:182] "Status after running PostFilter plugins for pod" logger="UnhandledError" pod="default/virt-launcher-vm1-14h58m36s577421-06-12-scgst" status="not found"
2026-06-12T15:06:59.401276093Z E0612 15:06:59.401179       1 schedule_one.go:182] "Status after running PostFilter plugins for pod" logger="UnhandledError" pod="default/virt-launcher-vm1-14h58m36s577421-06-12-scgst" status="not found"
2026-06-12T15:07:01.535469911Z E0612 15:07:01.535376       1 schedule_one.go:182] "Status after running PostFilter plugins for pod" logger="UnhandledError" pod="default/virt-launcher-vm1-14h58m36s577421-06-12-scgst" status="not found"
2026-06-12T15:07:01.550835667Z E0612 15:07:01.550759       1 schedule_one.go:182] "Status after running PostFilter plugins for pod" logger="UnhandledError" pod="default/virt-launcher-vm1-14h58m36s577421-06-12-scgst" status="not found"
2026-06-12T15:10:02.439039492Z E0612 15:10:02.438908       1 schedule_one.go:182] "Status after running PostFilter plugins for pod" logger="UnhandledError" pod="default/virt-launcher-15h08m00s971364-06-12-mgmt-hnfp4" status="not found"
2026-06-12T15:10:04.357510689Z E0612 15:10:04.357374       1 schedule_one.go:182] "Status after running PostFilter plugins for pod" logger="UnhandledError" pod="default/virt-launcher-15h08m00s971364-06-12-mgmt-hnfp4" status="not found"
2026-06-12T15:10:04.374583214Z E0612 15:10:04.374465       1 schedule_one.go:182] "Status after running PostFilter plugins for pod" logger="UnhandledError" pod="default/virt-launcher-15h08m00s971364-06-12-mgmt-hnfp4" status="not found"
2026-06-12T15:11:30.678548995Z E0612 15:11:30.678454       1 schedule_one.go:182] "Status after running PostFilter plugins for pod" logger="UnhandledError" pod="default/virt-launcher-15h08m00s971364-06-12-vlan-2tph6" status="not found"
2026-06-12T15:11:44.407586108Z E0612 15:11:44.407467       1 schedule_one.go:182] "Status after running PostFilter plugins for pod" logger="UnhandledError" pod="default/virt-launcher-15h08m00s971364-06-12-vlan-2tph6" status="not found"
2026-06-12T15:11:46.552547018Z E0612 15:11:46.552418       1 schedule_one.go:182] "Status after running PostFilter plugins for pod" logger="UnhandledError" pod="default/virt-launcher-15h08m00s971364-06-12-vlan-2tph6" status="not found"
2026-06-12T15:11:46.569896533Z E0612 15:11:46.569772       1 schedule_one.go:182] "Status after running PostFilter plugins for pod" logger="UnhandledError" pod="default/virt-launcher-15h08m00s971364-06-12-vlan-2tph6" status="not found"
2026-06-12T15:14:13.901419981Z E0612 15:14:13.901311       1 schedule_one.go:182] "Status after running PostFilter plugins for pod" logger="UnhandledError" pod="default/virt-launcher-15h08m00s971364-06-12-reboot-vlan-dgfvv" status="not found"
2026-06-12T15:14:15.734174545Z E0612 15:14:15.734073       1 schedule_one.go:182] "Status after running PostFilter plugins for pod" logger="UnhandledError" pod="default/virt-launcher-15h08m00s971364-06-12-reboot-vlan-dgfvv" status="not found"
2026-06-12T15:14:15.745370633Z E0612 15:14:15.745294       1 schedule_one.go:182] "Status after running PostFilter plugins for pod" logger="UnhandledError" pod="default/virt-launcher-15h08m00s971364-06-12-reboot-vlan-dgfvv" status="not found"
2026-06-12T15:17:22.741742463Z E0612 15:17:22.741594       1 schedule_one.go:182] "Status after running PostFilter plugins for pod" logger="UnhandledError" pod="default/virt-launcher-15h08m00s971364-06-12-mgmt-vlan-bjtwj" status="not found"
2026-06-12T15:17:24.493476825Z E0612 15:17:24.493384       1 schedule_one.go:182] "Status after running PostFilter plugins for pod" logger="UnhandledError" pod="default/virt-launcher-15h08m00s971364-06-12-mgmt-vlan-bjtwj" status="not found"
2026-06-12T15:17:24.509924168Z E0612 15:17:24.509818       1 schedule_one.go:182] "Status after running PostFilter plugins for pod" logger="UnhandledError" pod="default/virt-launcher-15h08m00s971364-06-12-mgmt-vlan-bjtwj" status="not found"
2026-06-12T15:21:37.610938578Z E0612 15:21:37.610465       1 schedule_one.go:182] "Status after running PostFilter plugins for pod" logger="UnhandledError" pod="default/virt-launcher-15h08m00s971364-06-12-vlan-mgmt-mb5wv" status="not found"
2026-06-12T15:21:44.428497656Z E0612 15:21:44.428406       1 schedule_one.go:182] "Status after running PostFilter plugins for pod" logger="UnhandledError" pod="default/virt-launcher-15h08m00s971364-06-12-vlan-mgmt-mb5wv" status="not found"
2026-06-12T15:21:46.566076451Z E0612 15:21:46.565968       1 schedule_one.go:182] "Status after running PostFilter plugins for pod" logger="UnhandledError" pod="default/virt-launcher-15h08m00s971364-06-12-vlan-mgmt-mb5wv" status="not found"
2026-06-12T15:21:46.577279984Z E0612 15:21:46.577197       1 schedule_one.go:182] "Status after running PostFilter plugins for pod" logger="UnhandledError" pod="default/virt-launcher-15h08m00s971364-06-12-vlan-mgmt-mb5wv" status="not found"
2026-06-12T15:24:37.674438830Z E0612 15:24:37.674336       1 schedule_one.go:182] "Status after running PostFilter plugins for pod" logger="UnhandledError" pod="default/virt-launcher-15h08m00s971364-06-12-delete-vlan-k7lcn" status="not found"
2026-06-12T15:24:44.026132094Z E0612 15:24:44.026026       1 schedule_one.go:182] "Status after running PostFilter plugins for pod" logger="UnhandledError" pod="default/virt-launcher-15h08m00s971364-06-12-delete-vlan-k7lcn" status="not found"
2026-06-12T15:24:44.041566641Z E0612 15:24:44.041494       1 schedule_one.go:182] "Status after running PostFilter plugins for pod" logger="UnhandledError" pod="default/virt-launcher-15h08m00s971364-06-12-delete-vlan-k7lcn" status="not found"
2026-06-12T15:24:44.058310055Z E0612 15:24:44.058225       1 schedule_one.go:182] "Status after running PostFilter plugins for pod" logger="UnhandledError" pod="default/virt-launcher-15h08m00s971364-06-12-delete-vlan-k7lcn" status="not found"
2026-06-12T15:24:44.436976694Z E0612 15:24:44.436789       1 schedule_one.go:182] "Status after running PostFilter plugins for pod" logger="UnhandledError" pod="default/virt-launcher-15h08m00s971364-06-12-delete-vlan-k7lcn" status="not found"
2026-06-12T15:24:46.569540193Z E0612 15:24:46.569425       1 schedule_one.go:182] "Status after running PostFilter plugins for pod" logger="UnhandledError" pod="default/virt-launcher-15h08m00s971364-06-12-delete-vlan-k7lcn" status="not found"
2026-06-12T15:24:46.580261906Z E0612 15:24:46.580168       1 schedule_one.go:182] "Status after running PostFilter plugins for pod" logger="UnhandledError" pod="default/virt-launcher-15h08m00s971364-06-12-delete-vlan-k7lcn" status="not found"
2026-06-12T15:28:44.084413475Z E0612 15:28:44.084288       1 schedule_one.go:182] "Status after running PostFilter plugins for pod" logger="UnhandledError" pod="default/virt-launcher-dhcp-test-vm-15h26m26s356466-06-12-2c86l" status="not found"
2026-06-12T15:28:45.776149583Z E0612 15:28:45.776043       1 schedule_one.go:182] "Status after running PostFilter plugins for pod" logger="UnhandledError" pod="default/virt-launcher-dhcp-test-vm-15h26m26s356466-06-12-2c86l" status="not found"
2026-06-12T15:28:45.787396165Z E0612 15:28:45.787305       1 schedule_one.go:182] "Status after running PostFilter plugins for pod" logger="UnhandledError" pod="default/virt-launcher-dhcp-test-vm-15h26m26s356466-06-12-2c86l" status="not found"
